Return-Path: <linux-kernel-owner@vger.kernel.org>
X-Original-To: lists+linux-kernel@lfdr.de
Delivered-To: lists+linux-kernel@lfdr.de
Received: from out1.vger.email (out1.vger.email [IPv6:2620:137:e000::1:20])
	by mail.lfdr.de (Postfix) with ESMTP id 7121D58B4CB
	for <lists+linux-kernel@lfdr.de>; Sat,  6 Aug 2022 11:42:04 +0200 (CEST)
Received: (majordomo@vger.kernel.org) by vger.kernel.org via listexpand
        id S241777AbiHFJl4 (ORCPT <rfc822;lists+linux-kernel@lfdr.de>);
        Sat, 6 Aug 2022 05:41:56 -0400
Received: from lindbergh.monkeyblade.net ([23.128.96.19]:47776 "EHLO
        lindbergh.monkeyblade.net" rhost-flags-OK-OK-OK-OK) by vger.kernel.org
        with ESMTP id S229798AbiHFJlx (ORCPT
        <rfc822;linux-kernel@vger.kernel.org>);
        Sat, 6 Aug 2022 05:41:53 -0400
Received: from ns3.fnarfbargle.com (ns3.fnarfbargle.com [103.4.19.87])
        by lindbergh.monkeyblade.net (Postfix) with ESMTPS id 53C0865C9
        for <linux-kernel@vger.kernel.org>; Sat,  6 Aug 2022 02:41:48 -0700 (PDT)
Received: from [10.8.0.1] (helo=srv.home)
        by ns3.fnarfbargle.com with esmtps (TLS1.3:ECDHE_RSA_AES_256_GCM_SHA384:256)
        (Exim 4.92)
        (envelope-from <lists2009@fnarfbargle.com>)
        id 1oKGJU-0002ed-CI; Sat, 06 Aug 2022 19:41:45 +1000
DKIM-Signature: v=1; a=rsa-sha256; q=dns/txt; c=relaxed/relaxed;
        d=fnarfbargle.com; s=mail; h=Content-Transfer-Encoding:Content-Type:
        In-Reply-To:References:Cc:To:Subject:From:MIME-Version:Date:Message-ID:Sender
        :Reply-To:Content-ID:Content-Description:Resent-Date:Resent-From:
        Resent-Sender:Resent-To:Resent-Cc:Resent-Message-ID:List-Id:List-Help:
        List-Unsubscribe:List-Subscribe:List-Post:List-Owner:List-Archive;
        bh=gjZSigcRsapij8elFNDSd4ZGVvCrdFNU6BRZxwuMlXg=; b=LVay197+G0nTCih1tKkuPuhEtN
        sBmfeSY0ZcVVD5c27q5U74q22hQkQIsXs5TLLaqDku+shRKbjrjuSoUsyK0E3Rug0heGgPSaFLEDO
        HZjD6y8PYf4cGssRvQs8V7BmZaZeW78gi7eIF7VXM3CUvnfKDzANLqrFch9ZfI3QzGcY=;
Message-ID: <42e81a8e-e393-7a69-7339-a020ebb57935@fnarfbargle.com>
Date:   Sat, 6 Aug 2022 17:41:37 +0800
MIME-Version: 1.0
User-Agent: Mozilla/5.0 (X11; Linux x86_64; rv:91.0) Gecko/20100101
 Thunderbird/91.6.1
From:   Brad Campbell <lists2009@fnarfbargle.com>
Subject: Re: Apple Thunderbolt Display chaining
To:     Mika Westerberg <mika.westerberg@linux.intel.com>
Cc:     linux-kernel@vger.kernel.org
References: <YkrqL/wnACNVOpSi@lahna>
 <ae336e2d-8e7c-9167-ab3d-8d642cd4fb2c@fnarfbargle.com>
 <Yk2qMt568oEeTj8H@lahna>
 <49183e52-2e73-b32f-11ad-6036b1040d7c@fnarfbargle.com>
 <Yuz/Q3MTVIhCZU+0@lahna>
 <f5c8b9f0-0d6d-c6db-ae0b-894acb58d078@fnarfbargle.com>
 <Yu0UuOVGeIv/U+jU@lahna>
 <d484d7e5-f1aa-1096-e6fb-bbf16ce28699@fnarfbargle.com>
 <Yu0nWro4xXURbSX6@lahna>
 <87c1a001-ef79-6390-dfe2-06d2850f6e84@fnarfbargle.com>
 <Yu4Gmkous7asng6h@lahna>
Content-Language: en-AU
In-Reply-To: <Yu4Gmkous7asng6h@lahna>
Content-Type: text/plain; charset=UTF-8; format=flowed
Content-Transfer-Encoding: 7bit
X-Spam-Status: No, score=-2.8 required=5.0 tests=BAYES_00,DKIM_SIGNED,
        DKIM_VALID,DKIM_VALID_AU,DKIM_VALID_EF,NICE_REPLY_A,RCVD_IN_DNSWL_LOW,
        SPF_HELO_PASS,SPF_PASS,T_SCC_BODY_TEXT_LINE autolearn=ham
        autolearn_force=no version=3.4.6
X-Spam-Checker-Version: SpamAssassin 3.4.6 (2021-04-09) on
        lindbergh.monkeyblade.net
Precedence: bulk
List-ID: <linux-kernel.vger.kernel.org>
X-Mailing-List: linux-kernel@vger.kernel.org

On 6/8/22 14:13, Mika Westerberg wrote:
> Hi Brad,
> 
> On Fri, Aug 05, 2022 at 10:43:54PM +0800, Brad Campbell wrote:
>> On 5/8/22 22:21, Mika Westerberg wrote:
>>
>>> They are pretty standard so I suspect myself the display side of things.
>>> Not sure if it is possible (I think it is from sysfs /sys/class/drm/*)
>>> to disable the tunneled DP connections and see if that makes it not
>>> hang. Alternatively you can try to comment out the call to
>>> tb_tunnel_dp() from the driver. Let me know if you want me to make hack
>>> patch that does it for you.
>>>
>>
>> I used this :
>>
>> iff --git a/drivers/thunderbolt/tb.c b/drivers/thunderbolt/tb.c
>> index 9a3214fb5038..eae7523af78b 100644
>> --- a/drivers/thunderbolt/tb.c
>> +++ b/drivers/thunderbolt/tb.c
>> @@ -865,7 +865,7 @@ static void tb_tunnel_dp(struct tb *tb)
>>          struct tb_cm *tcm = tb_priv(tb);
>>          struct tb_port *port, *in, *out;
>>          struct tb_tunnel *tunnel;
>> -
>> +       return;
>>          if (!tb_acpi_may_tunnel_dp()) {
>>                  tb_dbg(tb, "DP tunneling disabled, not creating tunnel\n");
>>                  return;
>>
>> I'm now using Linus GIT head. No change in behaviour really.
>>
>> No tunnels were created. None of the TB displays light up in Linux or BIOS. System still locks
>> up on reboot and the first time I attempted to compose this reply it locked up hard before I
>> had a chance to finish it because I attempted to verify the devices were present with an lspci -tv.
>>
>> If I do an lspci -tv after the module load, it locks hard instantly and reproducibly.
> 
> Okay, let's try to deal with one issue at the time so first the hang
> that appears after the OS is booted up. Do you still have the
> "pcie_port_pm=off" in the kernel command line? 

Yes, I still have/had that present.

> The hang that happens
> afterwards sounds exactly like that the runtime PM would kick in but the
> parameter should prevent that from happening. Since you are connecting
> Thunderbolt 1 devices there is really no PM we can do for them at all
> and the TBT driver should block it too.
> 
> Is it possible to narrow this down to a single device connected and then
> get me the full dmesg output (with CONFIG_PCI_DEBUG=y) and output of
> 'sudo lspci -vv'?
> 

I've left in the patch to not set up the DP tunnel and recompiled with CONFIG_PCI_DEBUG=y

The minimum I can use to reproduce the fault is a single Thunderbolt display. The Apple TB->GBe dongle doesn't do it
and I have a TB->USB3+eSATA dongle that won't run on the TB3->TB1 adapter due to insufficient power.

This is captured with serial console. It's a cold boot with a single TB display connected. Boots to desktop and I immediately issue a reboot.

 From -> [   15.337689] xhci_hcd 0000:53:00.3: xHCI Host Controller <- on the second boot, the console output slows to
about 1-2 characters per second (nothing updates on the monitor) and eventually the machine reboots by itself. I don't have reboot on panic set.

[    0.000000] Linux version 5.19.0+ (brad@bkd) (gcc (Debian 10.2.1-6) 10.2.1 20210110, GNU ld (GNU Binutils for Debian) 2.35.2) #55 SMP PREEMPT_DYNAMIC Sat Aug 6 16:55:17 AWST 2022
[    0.000000] Command line: ro root=UUID=c6cf971d-5412-4826-851d-5677ad7997c0 thunderbolt.dyndbg pcie_port_pm=off console=ttyS0,115200 console=tty0 nogpu initrd=\initrd.img-5.19.0+
[    0.000000] x86/fpu: Supporting XSAVE feature 0x001: 'x87 floating point registers'
[    0.000000] x86/fpu: Supporting XSAVE feature 0x002: 'SSE registers'
[    0.000000] x86/fpu: Supporting XSAVE feature 0x004: 'AVX registers'
[    0.000000] x86/fpu: Supporting XSAVE feature 0x200: 'Protection Keys User registers'
[    0.000000] x86/fpu: xstate_offset[2]:  576, xstate_sizes[2]:  256
[    0.000000] x86/fpu: xstate_offset[9]:  832, xstate_sizes[9]:    8
[    0.000000] x86/fpu: Enabled xstate features 0x207, context size is 840 bytes, using 'compacted' format.
[    0.000000] signal: max sigframe size: 3376
[    0.000000] BIOS-provided physical RAM map:
[    0.000000] BIOS-e820: [mem 0x0000000000000000-0x000000000009ffff] usable
[    0.000000] BIOS-e820: [mem 0x00000000000a0000-0x00000000000fffff] reserved
[    0.000000] BIOS-e820: [mem 0x0000000000100000-0x0000000009c3efff] usable
[    0.000000] BIOS-e820: [mem 0x0000000009c3f000-0x0000000009ffffff] reserved
[    0.000000] BIOS-e820: [mem 0x000000000a000000-0x000000000a1fffff] usable
[    0.000000] BIOS-e820: [mem 0x000000000a200000-0x000000000a20cfff] ACPI NVS
[    0.000000] BIOS-e820: [mem 0x000000000a20d000-0x000000000affffff] usable
[    0.000000] BIOS-e820: [mem 0x000000000b000000-0x000000000b01ffff] reserved
[    0.000000] BIOS-e820: [mem 0x000000000b020000-0x000000007a076fff] usable
[    0.000000] BIOS-e820: [mem 0x000000007a077000-0x000000007a077fff] reserved
[    0.000000] BIOS-e820: [mem 0x000000007a078000-0x000000007a098fff] usable
[    0.000000] BIOS-e820: [mem 0x000000007a099000-0x000000007a099fff] reserved
[    0.000000] BIOS-e820: [mem 0x000000007a09a000-0x000000009754cfff] usable
[    0.000000] BIOS-e820: [mem 0x000000009754d000-0x000000009a086fff] reserved
[    0.000000] BIOS-e820: [mem 0x000000009a087000-0x000000009a0ddfff] ACPI data
[    0.000000] BIOS-e820: [mem 0x000000009a0de000-0x000000009bb5bfff] ACPI NVS
[    0.000000] BIOS-e820: [mem 0x000000009bb5c000-0x000000009cdfefff] reserved
[    0.000000] BIOS-e820: [mem 0x000000009cdff000-0x000000009dffffff] usable
[    0.000000] BIOS-e820: [mem 0x000000009e000000-0x000000009fffffff] reserved
[    0.000000] BIOS-e820: [mem 0x00000000f0000000-0x00000000f7ffffff] reserved
[    0.000000] BIOS-e820: [mem 0x00000000fd200000-0x00000000fd2fffff] reserved
[    0.000000] BIOS-e820: [mem 0x00000000fd600000-0x00000000fd6fffff] reserved
[    0.000000] BIOS-e820: [mem 0x00000000fea00000-0x00000000fea0ffff] reserved
[    0.000000] BIOS-e820: [mem 0x00000000feb80000-0x00000000fec01fff] reserved
[    0.000000] BIOS-e820: [mem 0x00000000fec10000-0x00000000fec10fff] reserved
[    0.000000] BIOS-e820: [mem 0x00000000fec30000-0x00000000fec30fff] reserved
[    0.000000] BIOS-e820: [mem 0x00000000fed00000-0x00000000fed00fff] reserved
[    0.000000] BIOS-e820: [mem 0x00000000fed40000-0x00000000fed44fff] reserved
[    0.000000] BIOS-e820: [mem 0x00000000fed80000-0x00000000fed8ffff] reserved
[    0.000000] BIOS-e820: [mem 0x00000000fedc2000-0x00000000fedcffff] reserved
[    0.000000] BIOS-e820: [mem 0x00000000fedd4000-0x00000000fedd5fff] reserved
[    0.000000] BIOS-e820: [mem 0x00000000ff000000-0x00000000ffffffff] reserved
[    0.000000] BIOS-e820: [mem 0x0000000100000000-0x000000083e2fffff] usable
[    0.000000] BIOS-e820: [mem 0x000000083e300000-0x000000085fffffff] reserved
[    0.000000] NX (Execute Disable) protection: active
[    0.000000] extended physical RAM map:
[    0.000000] reserve setup_data: [mem 0x0000000000000000-0x000000000009ffff] usable
[    0.000000] reserve setup_data: [mem 0x00000000000a0000-0x00000000000fffff] reserved
[    0.000000] reserve setup_data: [mem 0x0000000000100000-0x0000000009c3efff] usable
[    0.000000] reserve setup_data: [mem 0x0000000009c3f000-0x0000000009ffffff] reserved
[    0.000000] reserve setup_data: [mem 0x000000000a000000-0x000000000a1fffff] usable
[    0.000000] reserve setup_data: [mem 0x000000000a200000-0x000000000a20cfff] ACPI NVS
[    0.000000] reserve setup_data: [mem 0x000000000a20d000-0x000000000affffff] usable
[    0.000000] reserve setup_data: [mem 0x000000000b000000-0x000000000b01ffff] reserved
[    0.000000] reserve setup_data: [mem 0x000000000b020000-0x000000007a076fff] usable
[    0.000000] reserve setup_data: [mem 0x000000007a077000-0x000000007a077fff] reserved
[    0.000000] reserve setup_data: [mem 0x000000007a078000-0x000000007a098fff] usable
[    0.000000] reserve setup_data: [mem 0x000000007a099000-0x000000007a099fff] reserved
[    0.000000] reserve setup_data: [mem 0x000000007a09a000-0x00000000936f5017] usable
[    0.000000] reserve setup_data: [mem 0x00000000936f5018-0x0000000093702857] usable
[    0.000000] reserve setup_data: [mem 0x0000000093702858-0x0000000093732017] usable
[    0.000000] reserve setup_data: [mem 0x0000000093732018-0x0000000093741057] usable
[    0.000000] reserve setup_data: [mem 0x0000000093741058-0x0000000093cbf017] usable
[    0.000000] reserve setup_data: [mem 0x0000000093cbf018-0x0000000093ccc857] usable
[    0.000000] reserve setup_data: [mem 0x0000000093ccc858-0x000000009754cfff] usable
[    0.000000] reserve setup_data: [mem 0x000000009754d000-0x000000009a086fff] reserved
[    0.000000] reserve setup_data: [mem 0x000000009a087000-0x000000009a0ddfff] ACPI data
[    0.000000] reserve setup_data: [mem 0x000000009a0de000-0x000000009bb5bfff] ACPI NVS
[    0.000000] reserve setup_data: [mem 0x000000009bb5c000-0x000000009cdfefff] reserved
[    0.000000] reserve setup_data: [mem 0x000000009cdff000-0x000000009dffffff] usable
[    0.000000] reserve setup_data: [mem 0x000000009e000000-0x000000009fffffff] reserved
[    0.000000] reserve setup_data: [mem 0x00000000f0000000-0x00000000f7ffffff] reserved
[    0.000000] reserve setup_data: [mem 0x00000000fd200000-0x00000000fd2fffff] reserved
[    0.000000] reserve setup_data: [mem 0x00000000fd600000-0x00000000fd6fffff] reserved
[    0.000000] reserve setup_data: [mem 0x00000000fea00000-0x00000000fea0ffff] reserved
[    0.000000] reserve setup_data: [mem 0x00000000feb80000-0x00000000fec01fff] reserved
[    0.000000] reserve setup_data: [mem 0x00000000fec10000-0x00000000fec10fff] reserved
[    0.000000] reserve setup_data: [mem 0x00000000fec30000-0x00000000fec30fff] reserved
[    0.000000] reserve setup_data: [mem 0x00000000fed00000-0x00000000fed00fff] reserved
[    0.000000] reserve setup_data: [mem 0x00000000fed40000-0x00000000fed44fff] reserved
[    0.000000] reserve setup_data: [mem 0x00000000fed80000-0x00000000fed8ffff] reserved
[    0.000000] reserve setup_data: [mem 0x00000000fedc2000-0x00000000fedcffff] reserved
[    0.000000] reserve setup_data: [mem 0x00000000fedd4000-0x00000000fedd5fff] reserved
[    0.000000] reserve setup_data: [mem 0x00000000ff000000-0x00000000ffffffff] reserved
[    0.000000] reserve setup_data: [mem 0x0000000100000000-0x000000083e2fffff] usable
[    0.000000] reserve setup_data: [mem 0x000000083e300000-0x000000085fffffff] reserved
[    0.000000] efi: EFI v2.70 by American Megatrends
[    0.000000] efi: ACPI=0x9bb45000 ACPI 2.0=0x9bb45014 SMBIOS=0x9cc2b000 SMBIOS 3.0=0x9cc2a000 MEMATTR=0x93ccd018 ESRT=0x96088c18 RNG=0x9cc27498
[    0.000000] efi: seeding entropy pool
[    0.000000] SMBIOS 3.3.0 present.
[    0.000000] DMI: Gigabyte Technology Co., Ltd. B550 VISION D-P/B550 VISION D-P, BIOS F15d 07/20/2022
[    0.000000] last_pfn = 0x83e300 max_arch_pfn = 0x400000000
[    0.000000] x86/PAT: Configuration [0-7]: WB  WC  UC- UC  WB  WP  UC- WT
[    0.000000] last_pfn = 0x9e000 max_arch_pfn = 0x400000000
[    0.000000] esrt: Reserving ESRT space from 0x0000000096088c18 to 0x0000000096088c50.
[    0.000000] Using GB pages for direct mapping
[    0.000000] Secure boot disabled
[    0.000000] RAMDISK: [mem 0x7f171000-0x7fffffff]
[    0.000000] ACPI: Early table checksum verification disabled
[    0.000000] ACPI: RSDP 0x000000009BB45014 000024 (v02 ALASKA)
[    0.000000] ACPI: XSDT 0x000000009BB44728 0000D4 (v01 ALASKA A M I    01072009 AMI  01000013)
[    0.000000] ACPI: FACP 0x000000009A0C5000 000114 (v06 ALASKA A M I    01072009 AMI  00010013)
[    0.000000] ACPI: DSDT 0x000000009A096000 006227 (v02 ALASKA A M I    01072009 INTL 20190509)
[    0.000000] ACPI: FACS 0x000000009AB3F000 000040
[    0.000000] ACPI: SSDT 0x000000009A0D4000 009FFD (v02 GBT    GSWApp   00000001 INTL 20190509)
[    0.000000] ACPI: IVRS 0x000000009A0D3000 0000D0 (v02 AMD    AmdTable 00000001 AMD  00000001)
[    0.000000] ACPI: SSDT 0x000000009A0CB000 0072B0 (v02 AMD    Artic    00000002 MSFT 04000000)
[    0.000000] ACPI: SSDT 0x000000009A0C7000 003D74 (v01 AMD    AMD AOD  00000001 INTL 20190509)
[    0.000000] ACPI: SSDT 0x000000009A0C6000 0001AD (v02 ALASKA CPUSSDT  01072009 AMI  01072009)
[    0.000000] ACPI: FIDT 0x000000009A0BE000 00009C (v01 ALASKA A M I    01072009 AMI  00010013)
[    0.000000] ACPI: MCFG 0x000000009A0BD000 00003C (v01 ALASKA A M I    01072009 MSFT 00010013)
[    0.000000] ACPI: HPET 0x000000009A0BC000 000038 (v01 ALASKA A M I    01072009 AMI  00000005)
[    0.000000] ACPI: FPDT 0x000000009A0BB000 000044 (v01 ALASKA A M I    01072009 AMI  01000013)
[    0.000000] ACPI: VFCT 0x000000009A0AD000 00D884 (v01 ALASKA A M I    00000001 AMD  31504F47)
[    0.000000] ACPI: SSDT 0x000000009A0A9000 003E88 (v02 AMD    AmdTable 00000001 AMD  00000001)
[    0.000000] ACPI: CRAT 0x000000009A0A8000 000B68 (v01 AMD    AmdTable 00000001 AMD  00000001)
[    0.000000] ACPI: CDIT 0x000000009A0A7000 000029 (v01 AMD    AmdTable 00000001 AMD  00000001)
[    0.000000] ACPI: SSDT 0x000000009A0A5000 001486 (v01 AMD    ArticIG2 00000001 INTL 20190509)
[    0.000000] ACPI: SSDT 0x000000009A0A3000 0014FD (v01 AMD    ArticTPX 00000001 INTL 20190509)
[    0.000000] ACPI: SSDT 0x000000009A09F000 0039F7 (v01 AMD    ArticN   00000001 INTL 20190509)
[    0.000000] ACPI: WSMT 0x000000009A09E000 000028 (v01 ALASKA A M I    01072009 AMI  00010013)
[    0.000000] ACPI: APIC 0x000000009A09D000 00015E (v04 ALASKA A M I    01072009 AMI  00010013)
[    0.000000] ACPI: SSDT 0x000000009A0C4000 0008A4 (v01 AMD    ArticPRN 00000001 INTL 20190509)
[    0.000000] ACPI: SSDT 0x000000009A0C2000 00147F (v01 AMD    ArticC   00000001 INTL 20190509)
[    0.000000] ACPI: SSDT 0x000000009A0C1000 0000BF (v01 AMD    AmdTable 00001000 INTL 20190509)
[    0.000000] ACPI: Reserving FACP table memory at [mem 0x9a0c5000-0x9a0c5113]
[    0.000000] ACPI: Reserving DSDT table memory at [mem 0x9a096000-0x9a09c226]
[    0.000000] ACPI: Reserving FACS table memory at [mem 0x9ab3f000-0x9ab3f03f]
[    0.000000] ACPI: Reserving SSDT table memory at [mem 0x9a0d4000-0x9a0ddffc]
[    0.000000] ACPI: Reserving IVRS table memory at [mem 0x9a0d3000-0x9a0d30cf]
[    0.000000] ACPI: Reserving SSDT table memory at [mem 0x9a0cb000-0x9a0d22af]
[    0.000000] ACPI: Reserving SSDT table memory at [mem 0x9a0c7000-0x9a0cad73]
[    0.000000] ACPI: Reserving SSDT table memory at [mem 0x9a0c6000-0x9a0c61ac]
[    0.000000] ACPI: Reserving FIDT table memory at [mem 0x9a0be000-0x9a0be09b]
[    0.000000] ACPI: Reserving MCFG table memory at [mem 0x9a0bd000-0x9a0bd03b]
[    0.000000] ACPI: Reserving HPET table memory at [mem 0x9a0bc000-0x9a0bc037]
[    0.000000] ACPI: Reserving FPDT table memory at [mem 0x9a0bb000-0x9a0bb043]
[    0.000000] ACPI: Reserving VFCT table memory at [mem 0x9a0ad000-0x9a0ba883]
[    0.000000] ACPI: Reserving SSDT table memory at [mem 0x9a0a9000-0x9a0ace87]
[    0.000000] ACPI: Reserving CRAT table memory at [mem 0x9a0a8000-0x9a0a8b67]
[    0.000000] ACPI: Reserving CDIT table memory at [mem 0x9a0a7000-0x9a0a7028]
[    0.000000] ACPI: Reserving SSDT table memory at [mem 0x9a0a5000-0x9a0a6485]
[    0.000000] ACPI: Reserving SSDT table memory at [mem 0x9a0a3000-0x9a0a44fc]
[    0.000000] ACPI: Reserving SSDT table memory at [mem 0x9a09f000-0x9a0a29f6]
[    0.000000] ACPI: Reserving WSMT table memory at [mem 0x9a09e000-0x9a09e027]
[    0.000000] ACPI: Reserving APIC table memory at [mem 0x9a09d000-0x9a09d15d]
[    0.000000] ACPI: Reserving SSDT table memory at [mem 0x9a0c4000-0x9a0c48a3]
[    0.000000] ACPI: Reserving SSDT table memory at [mem 0x9a0c2000-0x9a0c347e]
[    0.000000] ACPI: Reserving SSDT table memory at [mem 0x9a0c1000-0x9a0c10be]
[    0.000000] No NUMA configuration found
[    0.000000] Faking a node at [mem 0x0000000000000000-0x000000083e2fffff]
[    0.000000] NODE_DATA(0) allocated [mem 0x83e2fe000-0x83e2fffff]
[    0.000000] Zone ranges:
[    0.000000]   DMA      [mem 0x0000000000001000-0x0000000000ffffff]
[    0.000000]   DMA32    [mem 0x0000000001000000-0x00000000ffffffff]
[    0.000000]   Normal   [mem 0x0000000100000000-0x000000083e2fffff]
[    0.000000] Movable zone start for each node
[    0.000000] Early memory node ranges
[    0.000000]   node   0: [mem 0x0000000000001000-0x000000000009ffff]
[    0.000000]   node   0: [mem 0x0000000000100000-0x0000000009c3efff]
[    0.000000]   node   0: [mem 0x000000000a000000-0x000000000a1fffff]
[    0.000000]   node   0: [mem 0x000000000a20d000-0x000000000affffff]
[    0.000000]   node   0: [mem 0x000000000b020000-0x000000007a076fff]
[    0.000000]   node   0: [mem 0x000000007a078000-0x000000007a098fff]
[    0.000000]   node   0: [mem 0x000000007a09a000-0x000000009754cfff]
[    0.000000]   node   0: [mem 0x000000009cdff000-0x000000009dffffff]
[    0.000000]   node   0: [mem 0x0000000100000000-0x000000083e2fffff]
[    0.000000] Initmem setup node 0 [mem 0x0000000000001000-0x000000083e2fffff]
[    0.000000] On node 0, zone DMA: 1 pages in unavailable ranges
[    0.000000] On node 0, zone DMA: 96 pages in unavailable ranges
[    0.000000] On node 0, zone DMA32: 961 pages in unavailable ranges
[    0.000000] On node 0, zone DMA32: 13 pages in unavailable ranges
[    0.000000] On node 0, zone DMA32: 32 pages in unavailable ranges
[    0.000000] On node 0, zone DMA32: 1 pages in unavailable ranges
[    0.000000] On node 0, zone DMA32: 1 pages in unavailable ranges
[    0.000000] On node 0, zone DMA32: 22706 pages in unavailable ranges
[    0.000000] On node 0, zone Normal: 8192 pages in unavailable ranges
[    0.000000] On node 0, zone Normal: 7424 pages in unavailable ranges
[    0.000000] ACPI: PM-Timer IO Port: 0x808
[    0.000000] ACPI: LAPIC_NMI (acpi_id[0xff] high edge lint[0x1])
[    0.000000] IOAPIC[0]: apic_id 13, version 33, address 0xfec00000, GSI 0-23
[    0.000000] IOAPIC[1]: apic_id 14, version 33, address 0xfec01000, GSI 24-55
[    0.000000] ACPI: INT_SRC_OVR (bus 0 bus_irq 0 global_irq 2 dfl dfl)
[    0.000000] ACPI: INT_SRC_OVR (bus 0 bus_irq 9 global_irq 9 low level)
[    0.000000] ACPI: Using ACPI (MADT) for SMP configuration information
[    0.000000] ACPI: HPET id: 0x10228201 base: 0xfed00000
[    0.000000] smpboot: 32 Processors exceeds NR_CPUS limit of 16
[    0.000000] smpboot: Allowing 16 CPUs, 4 hotplug CPUs
[    0.000000] [mem 0xa0000000-0xefffffff] available for PCI devices
[    0.000000] clocksource: refined-jiffies: mask: 0xffffffff max_cycles: 0xffffffff, max_idle_ns: 19112604462750000 ns
[    0.000000] setup_percpu: NR_CPUS:16 nr_cpumask_bits:16 nr_cpu_ids:16 nr_node_ids:1
[    0.000000] percpu: Embedded 44 pages/cpu s139880 r8192 d32152 u262144
[    0.000000] Fallback order for Node 0: 0
[    0.000000] Built 1 zonelists, mobility grouping on.  Total pages: 8089540
[    0.000000] Policy zone: Normal
[    0.000000] Kernel command line: ro root=UUID=c6cf971d-5412-4826-851d-5677ad7997c0 thunderbolt.dyndbg pcie_port_pm=off console=ttyS0,115200 console=tty0 nogpu initrd=\initrd.img-5.19.0+
[    0.000000] Unknown kernel command line parameters "nogpu", will be passed to user space.
[    0.000000] Dentry cache hash table entries: 4194304 (order: 13, 33554432 bytes, linear)
[    0.000000] Inode-cache hash table entries: 2097152 (order: 12, 16777216 bytes, linear)
[    0.000000] mem auto-init: stack:off, heap alloc:off, heap free:off
[    0.000000] Memory: 32128216K/32872436K available (8192K kernel code, 2309K rwdata, 1868K rodata, 952K init, 944K bss, 743964K reserved, 0K cma-reserved)
[    0.000000] SLUB: HWalign=64, Order=0-3, MinObjects=0, CPUs=16, Nodes=1
[    0.000000] Dynamic Preempt: voluntary
[    0.000000] rcu: Preemptible hierarchical RCU implementation.
[    0.000000] rcu: 	RCU event tracing is enabled.
[    0.000000] rcu: RCU calculated value of scheduler-enlistment delay is 10 jiffies.
[    0.000000] NR_IRQS: 4352, nr_irqs: 1096, preallocated irqs: 16
[    0.000000] rcu: srcu_init: Setting srcu_struct sizes based on contention.
[    0.000000] Console: colour dummy device 80x25
[    0.000000] printk: console [tty0] enabled
[    0.000000] printk: console [ttyS0] enabled
[    0.000000] ACPI: Core revision 20220331
[    0.000000] clocksource: hpet: mask: 0xffffffff max_cycles: 0xffffffff, max_idle_ns: 133484873504 ns
[    0.000000] APIC: Switch to symmetric I/O mode setup
[    0.000000] Switched APIC routing to physical flat.
[    0.010000] ..TIMER: vector=0x30 apic1=0 pin1=2 apic2=-1 pin2=-1
[    0.070000] tsc: PIT calibration matches HPET. 1 loops
[    0.070000] tsc: Detected 3900.162 MHz processor
[    0.000002] clocksource: tsc-early: mask: 0xffffffffffffffff max_cycles: 0x706fe8311dd, max_idle_ns: 881591200866 ns
[    0.010494] Calibrating delay loop (skipped), value calculated using timer frequency.. 7800.32 BogoMIPS (lpj=39001620)
[    0.020493] pid_max: default: 32768 minimum: 301
[    0.026329] Mount-cache hash table entries: 65536 (order: 7, 524288 bytes, linear)
[    0.030523] Mountpoint-cache hash table entries: 65536 (order: 7, 524288 bytes, linear)
[    0.040576] x86/cpu: User Mode Instruction Prevention (UMIP) activated
[    0.047092] LVT offset 1 assigned for vector 0xf9
[    0.050555] LVT offset 2 assigned for vector 0xf4
[    0.055258] process: using mwait in idle threads
[    0.060493] Last level iTLB entries: 4KB 512, 2MB 512, 4MB 256
[    0.066307] Last level dTLB entries: 4KB 2048, 2MB 2048, 4MB 1024, 1GB 0
[    0.070494] Spectre V1 : Mitigation: usercopy/swapgs barriers and __user pointer sanitization
[    0.080493] Spectre V2 : Kernel not compiled with retpoline; no mitigation available!
[    0.080494] Spectre V2 : Vulnerable
[    0.093975] Spectre V2 : Spectre v2 / SpectreRSB mitigation: Filling RSB on context switch
[    0.100493] Spectre V2 : Enabling Restricted Speculation for firmware calls
[    0.110493] Spectre V2 : mitigation: Enabling conditional Indirect Branch Prediction Barrier
[    0.118899] Spectre V2 : User space: Mitigation: STIBP always-on protection
[    0.120493] Speculative Store Bypass: Mitigation: Speculative Store Bypass disabled via prctl
[    0.130654] Freeing SMP alternatives memory: 24K
[    0.259642] smpboot: CPU0: AMD Ryzen 5 5600G with Radeon Graphics (family: 0x19, model: 0x50, stepping: 0x0)
[    0.260492] Performance Events: Fam17h+ core perfctr, AMD PMU driver.
[    0.260493] ... version:                0
[    0.270493] ... bit width:              48
[    0.274578] ... generic registers:      6
[    0.278571] ... value mask:             0000ffffffffffff
[    0.280493] ... max period:             00007fffffffffff
[    0.285789] ... fixed-purpose events:   0
[    0.290493] ... event mask:             000000000000003f
[    0.295822] rcu: Hierarchical SRCU implementation.
[    0.300493] rcu: 	Max phase no-delay instances is 1000.
[    0.305908] smp: Bringing up secondary CPUs ...
[    0.310550] x86: Booting SMP configuration:
[    0.314719] .... node  #0, CPUs:        #1  #2  #3  #4  #5  #6
[    0.330523] Spectre V2 : Update user space SMT mitigation: STIBP always-on
[    0.340567]   #7  #8  #9 #10 #11
[    0.352640] smp: Brought up 1 node, 12 CPUs
[    0.360494] smpboot: Max logical packages: 3
[    0.364752] smpboot: Total of 12 processors activated (93603.88 BogoMIPS)
[    0.371121] devtmpfs: initialized
[    0.373879] ACPI: PM: Registering ACPI NVS region [mem 0x0a200000-0x0a20cfff] (53248 bytes)
[    0.380494] ACPI: PM: Registering ACPI NVS region [mem 0x9a0de000-0x9bb5bfff] (27779072 bytes)
[    0.390717] clocksource: jiffies: mask: 0xffffffff max_cycles: 0xffffffff, max_idle_ns: 19112604462750000 ns
[    0.400495] futex hash table entries: 4096 (order: 6, 262144 bytes, linear)
[    0.410708] NET: Registered PF_NETLINK/PF_ROUTE protocol family
[    0.416660] thermal_sys: Registered thermal governor 'step_wise'
[    0.416661] thermal_sys: Registered thermal governor 'user_space'
[    0.420504] cpuidle: using governor ladder
[    0.430502] cpuidle: using governor menu
[    0.434418] acpiphp: ACPI Hot Plug PCI Controller Driver version: 0.5
[    0.440510] PCI: MMCONFIG for domain 0000 [bus 00-7f] at [mem 0xf0000000-0xf7ffffff] (base 0xf0000000)
[    0.450494] PCI: MMCONFIG at [mem 0xf0000000-0xf7ffffff] reserved in E820
[    0.457264] PCI: Using configuration type 1 for base access
[    0.460951] ACPI: Added _OSI(Module Device)
[    0.464686] ACPI: Added _OSI(Processor Device)
[    0.470493] ACPI: Added _OSI(3.0 _SCP Extensions)
[    0.475186] ACPI: Added _OSI(Processor Aggregator Device)
[    0.480493] ACPI: Added _OSI(Linux-Dell-Video)
[    0.484924] ACPI: Added _OSI(Linux-Lenovo-NV-HDMI-Audio)
[    0.490493] ACPI: Added _OSI(Linux-HPI-Hybrid-Graphics)
[    0.504626] ACPI: 12 ACPI AML tables successfully acquired and loaded
[    0.511195] ACPI: [Firmware Bug]: BIOS _OSI(Linux) query ignored
[    0.521914] ACPI: Interpreter enabled
[    0.524503] ACPI: PM: (supports S0 S3 S5)
[    0.528499] ACPI: Using IOAPIC for interrupt routing
[    0.530657] PCI: Using host bridge windows from ACPI; if necessary, use "pci=nocrs" and report a bug
[    0.540493] PCI: Using E820 reservations for host bridge windows
[    0.546664] ACPI: Enabled 7 GPEs in block 00 to 1F
[    0.554327] ACPI: PCI Root Bridge [PCI0] (domain 0000 [bus 00-ff])
[    0.560495] acpi PNP0A08:00: _OSC: OS supports [ExtendedConfig ASPM ClockPM Segments MSI HPX-Type3]
[    0.570547] acpi PNP0A08:00: _OSC: OS now controls [PCIeHotplug PME AER PCIeCapability LTR]
[    0.580498] acpi PNP0A08:00: [Firmware Info]: MMCONFIG for domain 0000 [bus 00-7f] only partially covers this bridge
[    0.590609] PCI host bridge to bus 0000:00
[    0.594692] pci_bus 0000:00: root bus resource [io  0x0000-0x03af window]
[    0.600493] pci_bus 0000:00: root bus resource [io  0x03e0-0x0cf7 window]
[    0.610493] pci_bus 0000:00: root bus resource [io  0x03b0-0x03df window]
[    0.617250] pci_bus 0000:00: root bus resource [io  0x0d00-0xffff window]
[    0.620493] pci_bus 0000:00: root bus resource [mem 0x000a0000-0x000dffff window]
[    0.630493] pci_bus 0000:00: root bus resource [mem 0xa0000000-0xefffffff window]
[    0.637941] pci_bus 0000:00: root bus resource [bus 00-ff]
[    0.640502] pci 0000:00:00.0: [1022:1630] type 00 class 0x060000
[    0.650547] pci 0000:00:00.2: [1022:1631] type 00 class 0x080600
[    0.656594] pci 0000:00:01.0: [1022:1632] type 00 class 0x060000
[    0.660533] pci 0000:00:02.0: [1022:1632] type 00 class 0x060000
[    0.666549] pci 0000:00:02.1: [1022:1634] type 01 class 0x060400
[    0.670513] pci 0000:00:02.1: enabling Extended Tags
[    0.675496] pci 0000:00:02.1: PME# supported from D0 D3hot D3cold
[    0.680538] pci 0000:00:02.2: [1022:1634] type 01 class 0x060400
[    0.690541] pci 0000:00:02.2: PME# supported from D0 D3hot D3cold
[    0.696651] pci 0000:00:08.0: [1022:1632] type 00 class 0x060000
[    0.700526] pci 0000:00:08.1: [1022:1635] type 01 class 0x060400
[    0.706523] pci 0000:00:08.1: enabling Extended Tags
[    0.710518] pci 0000:00:08.1: PME# supported from D0 D3hot D3cold
[    0.720549] pci 0000:00:14.0: [1022:790b] type 00 class 0x0c0500
[    0.726623] pci 0000:00:14.3: [1022:790e] type 00 class 0x060100
[    0.730592] pci 0000:00:18.0: [1022:166a] type 00 class 0x060000
[    0.736594] pci 0000:00:18.1: [1022:166b] type 00 class 0x060000
[    0.740508] pci 0000:00:18.2: [1022:166c] type 00 class 0x060000
[    0.750509] pci 0000:00:18.3: [1022:166d] type 00 class 0x060000
[    0.756504] pci 0000:00:18.4: [1022:166e] type 00 class 0x060000
[    0.760508] pci 0000:00:18.5: [1022:166f] type 00 class 0x060000
[    0.766505] pci 0000:00:18.6: [1022:1670] type 00 class 0x060000
[    0.770509] pci 0000:00:18.7: [1022:1671] type 00 class 0x060000
[    0.780553] pci 0000:01:00.0: [1022:43ee] type 00 class 0x0c0330
[    0.786553] pci 0000:01:00.0: reg 0x10: [mem 0xef7a0000-0xef7a7fff 64bit]
[    0.790528] pci 0000:01:00.0: enabling Extended Tags
[    0.795525] pci 0000:01:00.0: PME# supported from D3hot D3cold
[    0.800557] pci 0000:01:00.1: [1022:43eb] type 00 class 0x010601
[    0.810534] pci 0000:01:00.1: reg 0x24: [mem 0xef780000-0xef79ffff]
[    0.816783] pci 0000:01:00.1: reg 0x30: [mem 0xef700000-0xef77ffff pref]
[    0.820498] pci 0000:01:00.1: enabling Extended Tags
[    0.825481] pci 0000:01:00.1: PME# supported from D3hot D3cold
[    0.830540] pci 0000:01:00.2: [1022:43e9] type 01 class 0x060400
[    0.840531] pci 0000:01:00.2: enabling Extended Tags
[    0.845520] pci 0000:01:00.2: PME# supported from D3hot D3cold
[    0.850544] pci 0000:00:02.1: PCI bridge to [bus 01-51]
[    0.855749] pci 0000:00:02.1:   bridge window [io  0xf000-0xffff]
[    0.860494] pci 0000:00:02.1:   bridge window [mem 0xdf000000-0xef7fffff]
[    0.867260] pci 0000:00:02.1:   bridge window [mem 0xa0000000-0xb1ffffff 64bit pref]
[    0.870553] pci 0000:02:00.0: [1022:43ea] type 01 class 0x060400
[    0.880534] pci 0000:02:00.0: enabling Extended Tags
[    0.885529] pci 0000:02:00.0: PME# supported from D3hot D3cold
[    0.890549] pci 0000:02:04.0: [1022:43ea] type 01 class 0x060400
[    0.896574] pci 0000:02:04.0: enabling Extended Tags
[    0.900543] pci 0000:02:04.0: PME# supported from D3hot D3cold
[    0.910547] pci 0000:02:08.0: [1022:43ea] type 01 class 0x060400
[    0.916576] pci 0000:02:08.0: enabling Extended Tags
[    0.920543] pci 0000:02:08.0: PME# supported from D3hot D3cold
[    0.926406] pci 0000:02:09.0: [1022:43ea] type 01 class 0x060400
[    0.930535] pci 0000:02:09.0: enabling Extended Tags
[    0.935536] pci 0000:02:09.0: PME# supported from D3hot D3cold
[    0.940552] pci 0000:01:00.2: PCI bridge to [bus 02-51]
[    0.945758] pci 0000:01:00.2:   bridge window [io  0xf000-0xffff]
[    0.950495] pci 0000:01:00.2:   bridge window [mem 0xdf000000-0xef6fffff]
[    0.960496] pci 0000:01:00.2:   bridge window [mem 0xa0000000-0xb1ffffff 64bit pref]
[    0.970550] pci 0000:03:00.0: [8086:15ea] type 01 class 0x060400
[    0.976598] pci 0000:03:00.0: enabling Extended Tags
[    0.980624] pci 0000:03:00.0: supports D1 D2
[    0.984882] pci 0000:03:00.0: PME# supported from D0 D1 D2 D3hot D3cold
[    0.990583] pci 0000:02:00.0: PCI bridge to [bus 03-4a]
[    0.995796] pci 0000:02:00.0:   bridge window [mem 0xdf000000-0xef1fffff]
[    1.000497] pci 0000:02:00.0:   bridge window [mem 0xa0000000-0xb1ffffff 64bit pref]
[    1.010565] pci 0000:04:00.0: [8086:15ea] type 01 class 0x060400
[    1.016620] pci 0000:04:00.0: enabling Extended Tags
[    1.020627] pci 0000:04:00.0: supports D1 D2
[    1.024884] pci 0000:04:00.0: PME# supported from D0 D1 D2 D3hot D3cold
[    1.030589] pci 0000:04:01.0: [8086:15ea] type 01 class 0x060400
[    1.040562] pci 0000:04:01.0: enabling Extended Tags
[    1.045638] pci 0000:04:01.0: supports D1 D2
[    1.049894] pci 0000:04:01.0: PME# supported from D0 D1 D2 D3hot D3cold
[    1.050588] pci 0000:04:02.0: [8086:15ea] type 01 class 0x060400
[    1.060562] pci 0000:04:02.0: enabling Extended Tags
[    1.065646] pci 0000:04:02.0: supports D1 D2
[    1.070493] pci 0000:04:02.0: PME# supported from D0 D1 D2 D3hot D3cold
[    1.077184] pci 0000:04:04.0: [8086:15ea] type 01 class 0x060400
[    1.080562] pci 0000:04:04.0: enabling Extended Tags
[    1.085643] pci 0000:04:04.0: supports D1 D2
[    1.090493] pci 0000:04:04.0: PME# supported from D0 D1 D2 D3hot D3cold
[    1.100600] pci 0000:03:00.0: PCI bridge to [bus 04-4a]
[    1.105815] pci 0000:03:00.0:   bridge window [mem 0xdf000000-0xef1fffff]
[    1.110499] pci 0000:03:00.0:   bridge window [mem 0xa0000000-0xb1ffffff 64bit pref]
[    1.120572] pci 0000:05:00.0: [8086:15eb] type 00 class 0x088000
[    1.126580] pci 0000:05:00.0: reg 0x10: [mem 0xef100000-0xef13ffff]
[    1.130502] pci 0000:05:00.0: reg 0x14: [mem 0xef140000-0xef140fff]
[    1.136805] pci 0000:05:00.0: enabling Extended Tags
[    1.140625] pci 0000:05:00.0: supports D1 D2
[    1.144884] pci 0000:05:00.0: PME# supported from D0 D1 D2 D3hot D3cold
[    1.150604] pci 0000:04:00.0: PCI bridge to [bus 05]
[    1.155564] pci 0000:04:00.0:   bridge window [mem 0xef100000-0xef1fffff]
[    1.160548] pci 0000:04:01.0: PCI bridge to [bus 06-27]
[    1.170502] pci 0000:04:01.0:   bridge window [mem 0xe7000000-0xeeffffff]
[    1.177265] pci 0000:04:01.0:   bridge window [mem 0xb0000000-0xb1ffffff 64bit pref]
[    1.180577] pci 0000:28:00.0: [8086:15ec] type 00 class 0x0c0330
[    1.190519] pci 0000:28:00.0: reg 0x10: [mem 0xef000000-0xef00ffff]
[    1.196854] pci 0000:28:00.0: enabling Extended Tags
[    1.200642] pci 0000:28:00.0: supports D1 D2
[    1.204900] pci 0000:28:00.0: PME# supported from D0 D1 D2 D3hot D3cold
[    1.210552] pci 0000:28:00.0: 8.000 Gb/s available PCIe bandwidth, limited by 2.5 GT/s PCIe x4 link at 0000:04:02.0 (capable of 31.504 Gb/s with 8.0 GT/s PCIe x4 link)
[    1.220549] pci 0000:04:02.0: PCI bridge to [bus 28]
[    1.230502] pci 0000:04:02.0:   bridge window [mem 0xef000000-0xef0fffff]
[    1.240548] pci 0000:04:04.0: PCI bridge to [bus 29-4a]
[    1.245763] pci 0000:04:04.0:   bridge window [mem 0xdf000000-0xe6ffffff]
[    1.250499] pci 0000:04:04.0:   bridge window [mem 0xa0000000-0xa1ffffff 64bit pref]
[    1.260578] pci 0000:4b:00.0: [2646:2262] type 00 class 0x010802
[    1.266591] pci 0000:4b:00.0: reg 0x10: [mem 0xef600000-0xef603fff 64bit]
[    1.270712] pci 0000:02:04.0: PCI bridge to [bus 4b]
[    1.275668] pci 0000:02:04.0:   bridge window [mem 0xef600000-0xef6fffff]
[    1.280558] pci 0000:4c:00.0: [1b21:1806] type 01 class 0x060400
[    1.290562] pci 0000:4c:00.0: enabling Extended Tags
[    1.295622] pci 0000:4c:00.0: PME# supported from D0 D3hot D3cold
[    1.300533] pci 0000:4c:00.0: 4.000 Gb/s available PCIe bandwidth, limited by 5.0 GT/s PCIe x1 link at 0000:02:08.0 (capable of 15.752 Gb/s with 8.0 GT/s PCIe x2 link)
[    1.310543] pci 0000:02:08.0: PCI bridge to [bus 4c-50]
[    1.320497] pci 0000:02:08.0:   bridge window [io  0xf000-0xffff]
[    1.326567] pci 0000:02:08.0:   bridge window [mem 0xef500000-0xef5fffff]
[    1.330558] pci 0000:4d:00.0: [1b21:1806] type 01 class 0x060400
[    1.340564] pci 0000:4d:00.0: enabling Extended Tags
[    1.345618] pci 0000:4d:00.0: PME# supported from D0 D3hot D3cold
[    1.350588] pci 0000:4d:06.0: [1b21:1806] type 01 class 0x060400
[    1.356647] pci 0000:4d:06.0: enabling Extended Tags
[    1.360600] pci 0000:4d:06.0: PME# supported from D0 D3hot D3cold
[    1.370579] pci 0000:4d:0e.0: [1b21:1806] type 01 class 0x060400
[    1.376630] pci 0000:4d:0e.0: enabling Extended Tags
[    1.380600] pci 0000:4d:0e.0: PME# supported from D0 D3hot D3cold
[    1.386754] pci 0000:4c:00.0: PCI bridge to [bus 4d-50]
[    1.390499] pci 0000:4c:00.0:   bridge window [io  0xf000-0xffff]
[    1.396569] pci 0000:4c:00.0:   bridge window [mem 0xef500000-0xef5fffff]
[    1.400568] pci 0000:4e:00.0: [10ec:8125] type 00 class 0x020000
[    1.410522] pci 0000:4e:00.0: reg 0x10: [io  0xf000-0xf0ff]
[    1.416117] pci 0000:4e:00.0: reg 0x18: [mem 0xef500000-0xef50ffff 64bit]
[    1.420517] pci 0000:4e:00.0: reg 0x20: [mem 0xef510000-0xef513fff 64bit]
[    1.430678] pci 0000:4e:00.0: supports D1 D2
[    1.434935] pci 0000:4e:00.0: PME# supported from D0 D1 D2 D3hot D3cold
[    1.440642] pci 0000:4d:00.0: PCI bridge to [bus 4e]
[    1.445598] pci 0000:4d:00.0:   bridge window [io  0xf000-0xffff]
[    1.450496] pci 0000:4d:00.0:   bridge window [mem 0xef500000-0xef5fffff]
[    1.460543] pci 0000:4d:06.0: PCI bridge to [bus 4f]
[    1.465547] pci 0000:4d:0e.0: PCI bridge to [bus 50]
[    1.470601] pci 0000:51:00.0: [8086:15f3] type 00 class 0x020000
[    1.476608] pci 0000:51:00.0: reg 0x10: [mem 0xef300000-0xef3fffff]
[    1.480527] pci 0000:51:00.0: reg 0x1c: [mem 0xef400000-0xef403fff]
[    1.486917] pci 0000:51:00.0: PME# supported from D0 D3hot D3cold
[    1.490588] pci 0000:02:09.0: PCI bridge to [bus 51]
[    1.500498] pci 0000:02:09.0:   bridge window [mem 0xef300000-0xef4fffff]
[    1.507338] pci 0000:52:00.0: [c0a9:540a] type 00 class 0x010802
[    1.510535] pci 0000:52:00.0: reg 0x10: [mem 0xefd00000-0xefd03fff 64bit]
[    1.520663] pci 0000:00:02.2: PCI bridge to [bus 52]
[    1.525613] pci 0000:00:02.2:   bridge window [mem 0xefd00000-0xefdfffff]
[    1.530530] pci 0000:53:00.0: [1002:1638] type 00 class 0x030000
[    1.536525] pci 0000:53:00.0: reg 0x10: [mem 0xc0000000-0xcfffffff 64bit pref]
[    1.540498] pci 0000:53:00.0: reg 0x18: [mem 0xd0000000-0xd01fffff 64bit pref]
[    1.550496] pci 0000:53:00.0: reg 0x20: [io  0xe000-0xe0ff]
[    1.556052] pci 0000:53:00.0: reg 0x24: [mem 0xefc00000-0xefc7ffff]
[    1.560499] pci 0000:53:00.0: enabling Extended Tags
[    1.565453] pci 0000:53:00.0: BAR 0: assigned to efifb
[    1.570527] pci 0000:53:00.0: PME# supported from D1 D2 D3hot D3cold
[    1.580505] pci 0000:53:00.0: 126.016 Gb/s available PCIe bandwidth, limited by 8.0 GT/s PCIe x16 link at 0000:00:08.1 (capable of 252.048 Gb/s with 16.0 GT/s PCIe x16 link)
[    1.590521] pci 0000:53:00.1: [1002:1637] type 00 class 0x040300
[    1.600498] pci 0000:53:00.1: reg 0x10: [mem 0xefc88000-0xefc8bfff]
[    1.606756] pci 0000:53:00.1: enabling Extended Tags
[    1.610517] pci 0000:53:00.1: PME# supported from D1 D2 D3hot D3cold
[    1.616884] pci 0000:53:00.2: [1022:15df] type 00 class 0x108000
[    1.620503] pci 0000:53:00.2: reg 0x18: [mem 0xefb00000-0xefbfffff]
[    1.630501] pci 0000:53:00.2: reg 0x24: [mem 0xefc8c000-0xefc8dfff]
[    1.636745] pci 0000:53:00.2: enabling Extended Tags
[    1.640550] pci 0000:53:00.3: [1022:1639] type 00 class 0x0c0330
[    1.646539] pci 0000:53:00.3: reg 0x10: [mem 0xefa00000-0xefafffff 64bit]
[    1.650513] pci 0000:53:00.3: enabling Extended Tags
[    1.660519] pci 0000:53:00.3: PME# supported from D0 D3hot D3cold
[    1.666626] pci 0000:53:00.4: [1022:1639] type 00 class 0x0c0330
[    1.670501] pci 0000:53:00.4: reg 0x10: [mem 0xef900000-0xef9fffff 64bit]
[    1.677285] pci 0000:53:00.4: enabling Extended Tags
[    1.680519] pci 0000:53:00.4: PME# supported from D0 D3hot D3cold
[    1.690529] pci 0000:53:00.6: [1022:15e3] type 00 class 0x040300
[    1.696521] pci 0000:53:00.6: reg 0x10: [mem 0xefc80000-0xefc87fff]
[    1.700511] pci 0000:53:00.6: enabling Extended Tags
[    1.705485] pci 0000:53:00.6: PME# supported from D0 D3hot D3cold
[    1.710541] pci 0000:00:08.1: PCI bridge to [bus 53]
[    1.715489] pci 0000:00:08.1:   bridge window [io  0xe000-0xefff]
[    1.720494] pci 0000:00:08.1:   bridge window [mem 0xef900000-0xefcfffff]
[    1.730494] pci 0000:00:08.1:   bridge window [mem 0xc0000000-0xd01fffff 64bit pref]
[    1.738466] ACPI: PCI: Interrupt link LNKA configured for IRQ 0
[    1.740518] ACPI: PCI: Interrupt link LNKB configured for IRQ 0
[    1.750513] ACPI: PCI: Interrupt link LNKC configured for IRQ 0
[    1.756437] ACPI: PCI: Interrupt link LNKD configured for IRQ 0
[    1.760516] ACPI: PCI: Interrupt link LNKE configured for IRQ 0
[    1.766431] ACPI: PCI: Interrupt link LNKF configured for IRQ 0
[    1.770512] ACPI: PCI: Interrupt link LNKG configured for IRQ 0
[    1.780512] ACPI: PCI: Interrupt link LNKH configured for IRQ 0
[    1.786753] SCSI subsystem initialized
[    1.790518] Registered efivars operations
[    1.794561] PCI: Using ACPI for IRQ routing
[    1.804855] pci 0000:53:00.0: vgaarb: setting as boot VGA device
[    1.806479] pci 0000:53:00.0: vgaarb: bridge control possible
[    1.810492] pci 0000:53:00.0: vgaarb: VGA device added: decodes=io+mem,owns=none,locks=none
[    1.810494] vgaarb: loaded
[    1.813203] hpet0: at MMIO 0xfed00000, IRQs 2, 8, 0
[    1.820494] hpet0: 3 comparators, 32-bit 14.318180 MHz counter
[    1.828336] clocksource: Switched to clocksource tsc-early
[    1.828336] VFS: Disk quotas dquot_6.6.0
[    1.829891] VFS: Dquot-cache hash table entries: 512 (order 0, 4096 bytes)
[    1.836758] pnp: PnP ACPI init
[    1.839839] system 00:00: [mem 0xf0000000-0xf7ffffff] has been reserved
[    1.846453] system 00:01: [mem 0x840000000-0x85fffffff window] has been reserved
[    1.853917] system 00:03: [io  0x0a00-0x0a2f] has been reserved
[    1.859819] system 00:03: [io  0x0a30-0x0a3f] has been reserved
[    1.865720] system 00:03: [io  0x0a40-0x0a4f] has been reserved
[    1.871623] system 00:03: [mem 0xfe000000-0xfe00ffff] has been reserved
[    1.878455] system 00:05: [io  0x04d0-0x04d1] has been reserved
[    1.884356] system 00:05: [io  0x040b] has been reserved
[    1.889652] system 00:05: [io  0x04d6] has been reserved
[    1.894941] system 00:05: [io  0x0c00-0x0c01] has been reserved
[    1.900842] system 00:05: [io  0x0c14] has been reserved
[    1.906137] system 00:05: [io  0x0c50-0x0c51] has been reserved
[    1.912031] system 00:05: [io  0x0c52] has been reserved
[    1.917326] system 00:05: [io  0x0c6c] has been reserved
[    1.922622] system 00:05: [io  0x0c6f] has been reserved
[    1.927910] system 00:05: [io  0x0cd8-0x0cdf] has been reserved
[    1.933805] system 00:05: [io  0x0800-0x089f] has been reserved
[    1.939705] system 00:05: [io  0x0b00-0x0b0f] has been reserved
[    1.945600] system 00:05: [io  0x0b20-0x0b3f] has been reserved
[    1.951500] system 00:05: [io  0x0900-0x090f] has been reserved
[    1.957394] system 00:05: [io  0x0910-0x091f] has been reserved
[    1.963296] system 00:05: [mem 0xfec00000-0xfec00fff] could not be reserved
[    1.970231] system 00:05: [mem 0xfec01000-0xfec01fff] could not be reserved
[    1.977164] system 00:05: [mem 0xfedc0000-0xfedc0fff] has been reserved
[    1.983756] system 00:05: [mem 0xfee00000-0xfee00fff] has been reserved
[    1.990345] system 00:05: [mem 0xfed80000-0xfed8ffff] could not be reserved
[    1.997275] system 00:05: [mem 0xfec10000-0xfec10fff] has been reserved
[    2.003874] system 00:05: [mem 0xff000000-0xffffffff] has been reserved
[    2.010735] pnp: PnP ACPI: found 6 devices
[    2.020326] clocksource: acpi_pm: mask: 0xffffff max_cycles: 0xffffff, max_idle_ns: 2085701024 ns
[    2.029179] NET: Registered PF_INET protocol family
[    2.034147] IP idents hash table entries: 262144 (order: 9, 2097152 bytes, linear)
[    2.043518] tcp_listen_portaddr_hash hash table entries: 16384 (order: 6, 262144 bytes, linear)
[    2.052199] Table-perturb hash table entries: 65536 (order: 6, 262144 bytes, linear)
[    2.059916] TCP established hash table entries: 262144 (order: 9, 2097152 bytes, linear)
[    2.068102] TCP bind hash table entries: 65536 (order: 8, 1048576 bytes, linear)
[    2.075522] TCP: Hash tables configured (established 262144 bind 65536)
[    2.082120] UDP hash table entries: 16384 (order: 7, 524288 bytes, linear)
[    2.088999] UDP-Lite hash table entries: 16384 (order: 7, 524288 bytes, linear)
[    2.096328] NET: Registered PF_UNIX/PF_LOCAL protocol family
[    2.101970] pci 0000:04:01.0: bridge window [io  0x1000-0x0fff] to [bus 06-27] add_size 1000
[    2.110370] pci 0000:04:04.0: bridge window [io  0x1000-0x0fff] to [bus 29-4a] add_size 1000
[    2.118777] pci 0000:03:00.0: bridge window [io  0x1000-0x0fff] to [bus 04-4a] add_size 2000
[    2.127178] pci 0000:02:00.0: bridge window [io  0x1000-0x0fff] to [bus 03-4a] add_size 2000
[    2.135589] pci 0000:02:00.0: BAR 7: no space for [io  size 0x2000]
[    2.141832] pci 0000:02:00.0: BAR 7: failed to assign [io  size 0x2000]
[    2.148425] pci 0000:02:00.0: BAR 7: no space for [io  size 0x2000]
[    2.154672] pci 0000:02:00.0: BAR 7: failed to assign [io  size 0x2000]
[    2.161265] pci 0000:03:00.0: BAR 7: no space for [io  size 0x2000]
[    2.167509] pci 0000:03:00.0: BAR 7: failed to assign [io  size 0x2000]
[    2.174093] pci 0000:03:00.0: BAR 7: no space for [io  size 0x2000]
[    2.180342] pci 0000:03:00.0: BAR 7: failed to assign [io  size 0x2000]
[    2.186935] pci 0000:04:01.0: BAR 7: no space for [io  size 0x1000]
[    2.193181] pci 0000:04:01.0: BAR 7: failed to assign [io  size 0x1000]
[    2.199773] pci 0000:04:04.0: BAR 7: no space for [io  size 0x1000]
[    2.206019] pci 0000:04:04.0: BAR 7: failed to assign [io  size 0x1000]
[    2.212613] pci 0000:04:04.0: BAR 7: no space for [io  size 0x1000]
[    2.218860] pci 0000:04:04.0: BAR 7: failed to assign [io  size 0x1000]
[    2.225452] pci 0000:04:01.0: BAR 7: no space for [io  size 0x1000]
[    2.231700] pci 0000:04:01.0: BAR 7: failed to assign [io  size 0x1000]
[    2.238291] pci 0000:04:00.0: PCI bridge to [bus 05]
[    2.243248] pci 0000:04:00.0:   bridge window [mem 0xef100000-0xef1fffff]
[    2.250016] pci 0000:04:01.0: PCI bridge to [bus 06-27]
[    2.255223] pci 0000:04:01.0:   bridge window [mem 0xe7000000-0xeeffffff]
[    2.261985] pci 0000:04:01.0:   bridge window [mem 0xb0000000-0xb1ffffff 64bit pref]
[    2.269706] pci 0000:04:02.0: PCI bridge to [bus 28]
[    2.274654] pci 0000:04:02.0:   bridge window [mem 0xef000000-0xef0fffff]
[    2.281427] pci 0000:04:04.0: PCI bridge to [bus 29-4a]
[    2.286640] pci 0000:04:04.0:   bridge window [mem 0xdf000000-0xe6ffffff]
[    2.293403] pci 0000:04:04.0:   bridge window [mem 0xa0000000-0xa1ffffff 64bit pref]
[    2.301121] pci 0000:03:00.0: PCI bridge to [bus 04-4a]
[    2.306331] pci 0000:03:00.0:   bridge window [mem 0xdf000000-0xef1fffff]
[    2.313094] pci 0000:03:00.0:   bridge window [mem 0xa0000000-0xb1ffffff 64bit pref]
[    2.320817] pci 0000:02:00.0: PCI bridge to [bus 03-4a]
[    2.326020] pci 0000:02:00.0:   bridge window [mem 0xdf000000-0xef1fffff]
[    2.332786] pci 0000:02:00.0:   bridge window [mem 0xa0000000-0xb1ffffff 64bit pref]
[    2.340507] pci 0000:02:04.0: PCI bridge to [bus 4b]
[    2.345452] pci 0000:02:04.0:   bridge window [mem 0xef600000-0xef6fffff]
[    2.352223] pci 0000:4d:00.0: PCI bridge to [bus 4e]
[    2.357170] pci 0000:4d:00.0:   bridge window [io  0xf000-0xffff]
[    2.363248] pci 0000:4d:00.0:   bridge window [mem 0xef500000-0xef5fffff]
[    2.370020] pci 0000:4d:06.0: PCI bridge to [bus 4f]
[    2.374983] pci 0000:4d:0e.0: PCI bridge to [bus 50]
[    2.379942] pci 0000:4c:00.0: PCI bridge to [bus 4d-50]
[    2.385147] pci 0000:4c:00.0:   bridge window [io  0xf000-0xffff]
[    2.391224] pci 0000:4c:00.0:   bridge window [mem 0xef500000-0xef5fffff]
[    2.397992] pci 0000:02:08.0: PCI bridge to [bus 4c-50]
[    2.403198] pci 0000:02:08.0:   bridge window [io  0xf000-0xffff]
[    2.409271] pci 0000:02:08.0:   bridge window [mem 0xef500000-0xef5fffff]
[    2.416043] pci 0000:02:09.0: PCI bridge to [bus 51]
[    2.420990] pci 0000:02:09.0:   bridge window [mem 0xef300000-0xef4fffff]
[    2.427758] pci 0000:01:00.2: PCI bridge to [bus 02-51]
[    2.432964] pci 0000:01:00.2:   bridge window [io  0xf000-0xffff]
[    2.439037] pci 0000:01:00.2:   bridge window [mem 0xdf000000-0xef6fffff]
[    2.445804] pci 0000:01:00.2:   bridge window [mem 0xa0000000-0xb1ffffff 64bit pref]
[    2.453523] pci 0000:00:02.1: PCI bridge to [bus 01-51]
[    2.458728] pci 0000:00:02.1:   bridge window [io  0xf000-0xffff]
[    2.464804] pci 0000:00:02.1:   bridge window [mem 0xdf000000-0xef7fffff]
[    2.471567] pci 0000:00:02.1:   bridge window [mem 0xa0000000-0xb1ffffff 64bit pref]
[    2.479284] pci 0000:00:02.2: PCI bridge to [bus 52]
[    2.484234] pci 0000:00:02.2:   bridge window [mem 0xefd00000-0xefdfffff]
[    2.491002] pci 0000:00:08.1: PCI bridge to [bus 53]
[    2.495950] pci 0000:00:08.1:   bridge window [io  0xe000-0xefff]
[    2.502025] pci 0000:00:08.1:   bridge window [mem 0xef900000-0xefcfffff]
[    2.508790] pci 0000:00:08.1:   bridge window [mem 0xc0000000-0xd01fffff 64bit pref]
[    2.516507] pci_bus 0000:00: resource 4 [io  0x0000-0x03af window]
[    2.522668] pci_bus 0000:00: resource 5 [io  0x03e0-0x0cf7 window]
[    2.528827] pci_bus 0000:00: resource 6 [io  0x03b0-0x03df window]
[    2.534982] pci_bus 0000:00: resource 7 [io  0x0d00-0xffff window]
[    2.541142] pci_bus 0000:00: resource 8 [mem 0x000a0000-0x000dffff window]
[    2.547992] pci_bus 0000:00: resource 9 [mem 0xa0000000-0xefffffff window]
[    2.554837] pci_bus 0000:01: resource 0 [io  0xf000-0xffff]
[    2.560392] pci_bus 0000:01: resource 1 [mem 0xdf000000-0xef7fffff]
[    2.566633] pci_bus 0000:01: resource 2 [mem 0xa0000000-0xb1ffffff 64bit pref]
[    2.573829] pci_bus 0000:02: resource 0 [io  0xf000-0xffff]
[    2.579387] pci_bus 0000:02: resource 1 [mem 0xdf000000-0xef6fffff]
[    2.585634] pci_bus 0000:02: resource 2 [mem 0xa0000000-0xb1ffffff 64bit pref]
[    2.592830] pci_bus 0000:03: resource 1 [mem 0xdf000000-0xef1fffff]
[    2.599068] pci_bus 0000:03: resource 2 [mem 0xa0000000-0xb1ffffff 64bit pref]
[    2.606257] pci_bus 0000:04: resource 1 [mem 0xdf000000-0xef1fffff]
[    2.612495] pci_bus 0000:04: resource 2 [mem 0xa0000000-0xb1ffffff 64bit pref]
[    2.619684] pci_bus 0000:05: resource 1 [mem 0xef100000-0xef1fffff]
[    2.625934] pci_bus 0000:06: resource 1 [mem 0xe7000000-0xeeffffff]
[    2.632179] pci_bus 0000:06: resource 2 [mem 0xb0000000-0xb1ffffff 64bit pref]
[    2.639377] pci_bus 0000:28: resource 1 [mem 0xef000000-0xef0fffff]
[    2.645626] pci_bus 0000:29: resource 1 [mem 0xdf000000-0xe6ffffff]
[    2.651874] pci_bus 0000:29: resource 2 [mem 0xa0000000-0xa1ffffff 64bit pref]
[    2.659070] pci_bus 0000:4b: resource 1 [mem 0xef600000-0xef6fffff]
[    2.665311] pci_bus 0000:4c: resource 0 [io  0xf000-0xffff]
[    2.670867] pci_bus 0000:4c: resource 1 [mem 0xef500000-0xef5fffff]
[    2.677106] pci_bus 0000:4d: resource 0 [io  0xf000-0xffff]
[    2.682653] pci_bus 0000:4d: resource 1 [mem 0xef500000-0xef5fffff]
[    2.688891] pci_bus 0000:4e: resource 0 [io  0xf000-0xffff]
[    2.694440] pci_bus 0000:4e: resource 1 [mem 0xef500000-0xef5fffff]
[    2.700687] pci_bus 0000:51: resource 1 [mem 0xef300000-0xef4fffff]
[    2.706934] pci_bus 0000:52: resource 1 [mem 0xefd00000-0xefdfffff]
[    2.713181] pci_bus 0000:53: resource 0 [io  0xe000-0xefff]
[    2.718736] pci_bus 0000:53: resource 1 [mem 0xef900000-0xefcfffff]
[    2.724984] pci_bus 0000:53: resource 2 [mem 0xc0000000-0xd01fffff 64bit pref]
[    2.732418] pci 0000:53:00.1: D0 power state depends on 0000:53:00.0
[    2.738752] pci 0000:53:00.3: extending delay after power-on from D3hot to 20 msec
[    2.746369] pci 0000:53:00.4: extending delay after power-on from D3hot to 20 msec
[    2.753935] PCI: CLS 64 bytes, default 64
[    2.757934] PCI-DMA: Using software bounce buffering for IO (SWIOTLB)
[    2.757990] Trying to unpack rootfs image as initramfs...
[    2.764355] software IO TLB: mapped [mem 0x000000008d000000-0x0000000091000000] (64MB)
[    2.777623] LVT offset 0 assigned for vector 0x400
[    2.782456] perf: AMD IBS detected (0x000003ff)
[    2.787172] workingset: timestamp_bits=60 max_order=23 bucket_order=0
[    2.796064] Block layer SCSI generic (bsg) driver version 0.4 loaded (major 253)
[    2.803436] io scheduler mq-deadline registered
[    2.808079] pcieport 0000:00:02.1: PME: Signaling with IRQ 27
[    2.813904] pcieport 0000:00:02.2: PME: Signaling with IRQ 28
[    2.819709] pcieport 0000:00:08.1: PME: Signaling with IRQ 29
[    2.826376] pcieport 0000:04:01.0: pciehp: Slot #1 AttnBtn- PwrCtrl- MRL- AttnInd- PwrInd- HotPlug+ Surprise+ Interlock- NoCompl+ IbPresDis- LLActRep+
[    2.840228] pcieport 0000:04:04.0: pciehp: Slot #4 AttnBtn- PwrCtrl- MRL- AttnInd- PwrInd- HotPlug+ Surprise+ Interlock- NoCompl+ IbPresDis- LLActRep+
[    2.854565] Estimated ratio of average max frequency by base frequency (times 1024): 1098
[    2.862728] ACPI: \_SB_.PLTF.C000: Found 3 idle states
[    2.867898] ACPI: \_SB_.PLTF.C002: Found 3 idle states
[    2.874070] Freeing initrd memory: 14908K
[    2.878073] ACPI: \_SB_.PLTF.C004: Found 3 idle states
[    2.883260] ACPI: \_SB_.PLTF.C006: Found 3 idle states
[    2.888433] ACPI: \_SB_.PLTF.C008: Found 3 idle states
[    2.893625] ACPI: \_SB_.PLTF.C00A: Found 3 idle states
[    2.898788] ACPI: \_SB_.PLTF.C001: Found 3 idle states
[    2.903973] ACPI: \_SB_.PLTF.C003: Found 3 idle states
[    2.909167] ACPI: \_SB_.PLTF.C005: Found 3 idle states
[    2.914350] ACPI: \_SB_.PLTF.C007: Found 3 idle states
[    2.919534] ACPI: \_SB_.PLTF.C009: Found 3 idle states
[    2.924726] ACPI: \_SB_.PLTF.C00B: Found 3 idle states
[    2.938277] Serial: 8250/16550 driver, 4 ports, IRQ sharing disabled
[    2.965236] 00:04: ttyS0 at I/O 0x3f8 (irq = 4, base_baud = 115200) is a 16550A
[    2.974007] brd: module loaded
[    2.977200] nvme nvme0: pci function 0000:4b:00.0
[    2.981937] nvme nvme1: pci function 0000:52:00.0
[    2.986703] Intel(R) 2.5G Ethernet Linux Driver
[    2.991233] Copyright(c) 2018 Intel Corporation.
[    2.995907] igc 0000:51:00.0: PCIe PTM not supported by PCIe bus/controller
[    3.002887] nvme nvme0: missing or invalid SUBNQN field.
[    3.010839] nvme nvme0: 15/0/0 default/read/poll queues
[    3.020347]  nvme0n1: p1 p2 p3
[    3.085754] igc 0000:51:00.0: 4.000 Gb/s available PCIe bandwidth (5.0 GT/s PCIe x1 link)
[    3.091454] nvme nvme1: missing or invalid SUBNQN field.
[    3.093909] igc 0000:51:00.0 eth0: MAC: d8:5e:d3:86:cc:c8
[    3.132361] r8169 0000:4e:00.0 eth1: RTL8125B, d8:5e:d3:86:cc:c6, XID 641, IRQ 68
[    3.139824] r8169 0000:4e:00.0 eth1: jumbo features [frames: 9194 bytes, tx checksumming: ko]
[    3.148344] i8042: PNP: No PS/2 controller found.
[    3.151532] nvme nvme1: allocated 128 MiB host memory buffer.
[    3.153066] rtc_cmos 00:02: RTC can wake from S4
[    3.163556] rtc_cmos 00:02: registered as rtc0
[    3.168012] rtc_cmos 00:02: setting system clock to 2022-08-06T09:30:15 UTC (1659778215)
[    3.176083] rtc_cmos 00:02: alarms up to one month, y3k, 114 bytes nvram, hpet irqs
[    3.184432] efifb: probing for efifb
[    3.188002] efifb: framebuffer at 0xc0000000, using 3072k, total 3072k
[    3.194505] efifb: mode is 1024x768x32, linelength=4096, pages=1
[    3.200490] efifb: scrolling: redraw
[    3.204061] efifb: Truecolor: size=8:8:8:8, shift=24:16:8:0
[    3.210108] Console: switching to colour frame buffer device 128x48
[    3.216810] fb0: EFI VGA frame buffer device
[    3.221103] ccp 0000:53:00.2: enabling device (0000 -> 0002)
[    3.236929] ccp 0000:53:00.2: tee enabled
[    3.240932] ccp 0000:53:00.2: psp enabled
[    3.245782] microcode: CPU0: patch_level=0x0a50000d
[    3.250651] microcode: CPU1: patch_level=0x0a50000d
[    3.255822] microcode: CPU2: patch_level=0x0a50000d
[    3.260868] microcode: CPU3: patch_level=0x0a50000d
[    3.265751] microcode: CPU4: patch_level=0x0a50000d
[    3.270822] microcode: CPU5: patch_level=0x0a50000d
[    3.275705] microcode: CPU6: patch_level=0x0a50000d
[    3.280577] microcode: CPU7: patch_level=0x0a50000d
[    3.285825] microcode: CPU8: patch_level=0x0a50000d
[    3.290820] microcode: CPU9: patch_level=0x0a50000d
[    3.295705] microcode: CPU10: patch_level=0x0a50000d
[    3.299750] nvme nvme1: 8/0/0 default/read/poll queues
[    3.300674] microcode: CPU11: patch_level=0x0a50000d
[    3.310746] microcode: Microcode Update Driver: v2.2.
[    3.310748] IPI shorthand broadcast: enabled
[    3.315666] nvme nvme1: Ignoring bogus Namespace Identifiers
[    3.315801] sched_clock: Marking stable (3380000455, -69507036)->(3339218003, -28724584)
[    3.321573]  nvme1n1: p1 p3 p4 p5
[    3.334203] registered taskstats version 1
[    3.341987] Freeing unused kernel image (initmem) memory: 952K
[    3.490756] Write protecting the kernel read-only data: 12288k
[    3.497378] Freeing unused kernel image (text/rodata gap) memory: 2044K
[    3.504561] Freeing unused kernel image (rodata/data gap) memory: 180K
[    3.511294] Run /init as init process
[    3.546751] udevd[941]: starting version 3.2.9
[    3.840516] tsc: Refined TSC clocksource calibration: 3899.998 MHz
[    3.846900] clocksource: tsc: mask: 0xffffffffffffffff max_cycles: 0x706eb38f3d8, max_idle_ns: 881591117856 ns
[    3.857444] clocksource: Switched to clocksource tsc
[    8.570501] random: crng init done
[    8.574788] udevd[943]: starting eudev-3.2.9
[    8.583856] ACPI: \_TZ_.UAD0: Invalid passive threshold
[    8.589440] thermal LNXTHERM:00: registered as thermal_zone0
[    8.595351] ACPI: thermal: Thermal Zone [UAD0] (17 C)
[    8.600751] cryptd: max_cpu_qlen set to 1000
[    8.605807] ACPI Warning: SystemIO range 0x0000000000000B00-0x0000000000000B08 conflicts with OpRegion 0x0000000000000B00-0x0000000000000B0F (\GSA1.SMBI) (20220331/utaddress-204)
[    8.622367] ACPI: OSL: Resource conflict; ACPI support missing from driver?
[    8.629730] AVX2 version of gcm_enc/dec engaged.
[    8.629731] ACPI: bus type USB registered
[    8.638862] usbcore: registered new interface driver usbfs
[    8.644580] usbcore: registered new interface driver hub
[    8.650137] usbcore: registered new device driver usb
[    8.655814] AES CTR mode by8 optimization enabled
[    8.662024] ACPI: bus type thunderbolt registered
[    8.666982] thunderbolt 0000:05:00.0: enabling device (0000 -> 0002)
[    8.667087] ahci 0000:01:00.1: SSS flag set, parallel bus scan disabled
[    8.667516] ahci 0000:01:00.1: AHCI 0001.0301 32 slots 6 ports 6 Gbps 0x3f impl SATA mode
[    8.674002] ahci 0000:01:00.1: flags: 64bit ncq sntf stag pm led clo only pmp pio slum part sxs deso sadm sds apst
[    8.680637] ACPI: bus type drm_connector registered
[    8.681137] scsi host0: ahci
[    8.699773] scsi host1: ahci
[    8.704864] scsi host2: ahci
[    8.705319] scsi host3: ahci
[    8.708428] scsi host4: ahci
[    8.711580] scsi host5: ahci
[    8.714631] ata1: SATA max UDMA/133 abar m131072@0xef780000 port 0xef780100 irq 79
[    8.717735] ata2: SATA max UDMA/133 abar m131072@0xef780000 port 0xef780180 irq 79
[    8.720852] ata3: SATA max UDMA/133 abar m131072@0xef780000 port 0xef780200 irq 79
[    8.723968] ata4: SATA max UDMA/133 abar m131072@0xef780000 port 0xef780280 irq 79
[    8.731762] ata5: SATA max UDMA/133 abar m131072@0xef780000 port 0xef780300 irq 79
[    8.754659] ata6: SATA max UDMA/133 abar m131072@0xef780000 port 0xef780380 irq 79
[    8.770030] xhci_hcd 0000:01:00.0: xHCI Host Controller
[    8.775470] xhci_hcd 0000:01:00.0: new USB bus registered, assigned bus number 1
[    8.838351] xhci_hcd 0000:01:00.0: hcc params 0x0200ef81 hci version 0x110 quirks 0x0000000000000410
[    8.848028] xhci_hcd 0000:01:00.0: xHCI Host Controller
[    8.853481] xhci_hcd 0000:01:00.0: new USB bus registered, assigned bus number 2
[    8.853730] xhci_hcd 0000:01:00.0: Host supports USB 3.1 Enhanced SuperSpeed
[    8.861441] usb usb1: New USB device found, idVendor=1d6b, idProduct=0002, bcdDevice= 5.19
[    8.868581] usb usb1: New USB device strings: Mfr=3, Product=2, SerialNumber=1
[    8.884241] usb usb1: Product: xHCI Host Controller
[    8.889330] usb usb1: Manufacturer: Linux 5.19.0+ xhci-hcd
[    8.895026] usb usb1: SerialNumber: 0000:01:00.0
[    8.899921] hub 1-0:1.0: USB hub found
[    8.903905] hub 1-0:1.0: 10 ports detected
[    8.908375] usb usb2: We don't know the algorithms for LPM for this host, disabling LPM.
[    8.916678] usb usb2: New USB device found, idVendor=1d6b, idProduct=0003, bcdDevice= 5.19
[    8.925137] usb usb2: New USB device strings: Mfr=3, Product=2, SerialNumber=1
[    8.925367] usb usb2: Product: xHCI Host Controller
[    8.937652] usb usb2: Manufacturer: Linux 5.19.0+ xhci-hcd
[    8.937877] usb usb2: SerialNumber: 0000:01:00.0
[    8.943662] hub 2-0:1.0: USB hub found
[    8.948415] hub 2-0:1.0: 4 ports detected
[    8.956476] xhci_hcd 0000:28:00.0: xHCI Host Controller
[    8.961905] xhci_hcd 0000:28:00.0: new USB bus registered, assigned bus number 3
[    8.963340] xhci_hcd 0000:28:00.0: hcc params 0x200077c1 hci version 0x110 quirks 0x0000000200009810
[    8.979057] xhci_hcd 0000:28:00.0: xHCI Host Controller
[    8.979277] xhci_hcd 0000:28:00.0: new USB bus registered, assigned bus number 4
[    8.984697] xhci_hcd 0000:28:00.0: Host supports USB 3.1 Enhanced SuperSpeed
[    8.992297] usb usb3: New USB device found, idVendor=1d6b, idProduct=0002, bcdDevice= 5.19
[    8.999516] usb usb3: New USB device strings: Mfr=3, Product=2, SerialNumber=1
[    9.007965] usb usb3: Product: xHCI Host Controller
[    9.020244] usb usb3: Manufacturer: Linux 5.19.0+ xhci-hcd
[    9.020465] usb usb3: SerialNumber: 0000:28:00.0
[    9.026240] hub 3-0:1.0: USB hub found
[    9.030987] hub 3-0:1.0: 2 ports detected
[    9.038981] usb usb4: New USB device found, idVendor=1d6b, idProduct=0003, bcdDevice= 5.19
[    9.047427] usb usb4: New USB device strings: Mfr=3, Product=2, SerialNumber=1
[    9.047648] usb usb4: Product: xHCI Host Controller
[    9.059922] usb usb4: Manufacturer: Linux 5.19.0+ xhci-hcd
[    9.060146] usb usb4: SerialNumber: 0000:28:00.0
[    9.066077] hub 4-0:1.0: USB hub found
[    9.074414] hub 4-0:1.0: 2 ports detected
[    9.078709] xhci_hcd 0000:53:00.3: xHCI Host Controller
[    9.084145] xhci_hcd 0000:53:00.3: new USB bus registered, assigned bus number 5
[    9.086213] ata1: SATA link down (SStatus 0 SControl 330)
[    9.091827] xhci_hcd 0000:53:00.3: hcc params 0x0268ffe5 hci version 0x110 quirks 0x0000020000000410
[    9.106840] xhci_hcd 0000:53:00.3: xHCI Host Controller
[    9.112305] xhci_hcd 0000:53:00.3: new USB bus registered, assigned bus number 6
[    9.119928] xhci_hcd 0000:53:00.3: Host supports USB 3.1 Enhanced SuperSpeed
[    9.127208] usb usb5: New USB device found, idVendor=1d6b, idProduct=0002, bcdDevice= 5.19
[    9.135713] usb usb5: New USB device strings: Mfr=3, Product=2, SerialNumber=1
[    9.143155] usb usb5: Product: xHCI Host Controller
[    9.148262] usb usb5: Manufacturer: Linux 5.19.0+ xhci-hcd
[    9.153975] usb usb5: SerialNumber: 0000:53:00.3
[    9.158873] hub 5-0:1.0: USB hub found
[    9.162871] hub 5-0:1.0: 4 ports detected
[    9.167179] usb usb6: We don't know the algorithms for LPM for this host, disabling LPM.
[    9.175504] usb usb6: New USB device found, idVendor=1d6b, idProduct=0003, bcdDevice= 5.19
[    9.183982] usb usb6: New USB device strings: Mfr=3, Product=2, SerialNumber=1
[    9.184246] usb usb6: Product: xHCI Host Controller
[    9.191708] usb usb6: Manufacturer: Linux 5.19.0+ xhci-hcd
[    9.196836] usb usb6: SerialNumber: 0000:53:00.3
[    9.202621] hub 6-0:1.0: USB hub found
[    9.207411] hub 6-0:1.0: 2 ports detected
[    9.211386] usb 1-6: new high-speed USB device number 2 using xhci_hcd
[    9.211589] xhci_hcd 0000:53:00.4: xHCI Host Controller
[    9.211592] xhci_hcd 0000:53:00.4: new USB bus registered, assigned bus number 7
[    9.211693] xhci_hcd 0000:53:00.4: hcc params 0x0268ffe5 hci version 0x110 quirks 0x0000020000000410
[    9.211867] xhci_hcd 0000:53:00.4: xHCI Host Controller
[    9.211868] xhci_hcd 0000:53:00.4: new USB bus registered, assigned bus number 8
[    9.211869] xhci_hcd 0000:53:00.4: Host supports USB 3.1 Enhanced SuperSpeed
[    9.211886] usb usb7: New USB device found, idVendor=1d6b, idProduct=0002, bcdDevice= 5.19
[    9.211887] usb usb7: New USB device strings: Mfr=3, Product=2, SerialNumber=1
[    9.211888] usb usb7: Product: xHCI Host Controller
[    9.211888] usb usb7: Manufacturer: Linux 5.19.0+ xhci-hcd
[    9.211889] usb usb7: SerialNumber: 0000:53:00.4
[    9.211941] hub 7-0:1.0: USB hub found
[    9.211948] hub 7-0:1.0: 4 ports detected
[    9.212040] usb usb8: We don't know the algorithms for LPM for this host, disabling LPM.
[    9.212051] usb usb8: New USB device found, idVendor=1d6b, idProduct=0003, bcdDevice= 5.19
[    9.212052] usb usb8: New USB device strings: Mfr=3, Product=2, SerialNumber=1
[    9.212053] usb usb8: Product: xHCI Host Controller
[    9.212053] usb usb8: Manufacturer: Linux 5.19.0+ xhci-hcd
[    9.212054] usb usb8: SerialNumber: 0000:53:00.4
[    9.212099] hub 8-0:1.0: USB hub found
[    9.212105] hub 8-0:1.0: 2 ports detected
[    9.419486] usb 1-6: New USB device found, idVendor=05e3, idProduct=0608, bcdDevice=85.36
[    9.421988] ata2: SATA link down (SStatus 0 SControl 330)
[    9.427902] usb 1-6: New USB device strings: Mfr=0, Product=1, SerialNumber=0
[    9.440917] usb 1-6: Product: USB2.0 Hub
[    9.451474] hub 1-6:1.0: USB hub found
[    9.458456] hub 1-6:1.0: 4 ports detected
[    9.480513] usb 5-2: new high-speed USB device number 2 using xhci_hcd
[    9.520498] usb 7-1: new low-speed USB device number 2 using xhci_hcd
[    9.630514] usb 1-7: new full-speed USB device number 3 using xhci_hcd
[    9.659063] thunderbolt 0-3: new device found, vendor=0x1 device=0x8002
[    9.665922] thunderbolt 0-3: Apple, Inc. Thunderbolt Display
[    9.681353] usb 5-2: New USB device found, idVendor=05e3, idProduct=0610, bcdDevice= 6.54
[    9.689768] usb 5-2: New USB device strings: Mfr=1, Product=2, SerialNumber=0
[    9.697143] usb 5-2: Product: USB2.1 Hub
[    9.701307] usb 5-2: Manufacturer: GenesysLogic
[    9.734994] usb 7-1: New USB device found, idVendor=047d, idProduct=1020, bcdDevice= 1.06
[    9.743410] usb 7-1: New USB device strings: Mfr=0, Product=1, SerialNumber=0
[    9.750788] usb 7-1: Product: Kensington Expert Mouse
[    9.752018] ata3: SATA link down (SStatus 0 SControl 330)
[    9.767771] hub 5-2:1.0: USB hub found
[    9.772224] hub 5-2:1.0: 4 ports detected
[    9.820993] usb 6-2: new SuperSpeed USB device number 2 using xhci_hcd
[    9.855339] usb 6-2: New USB device found, idVendor=05e3, idProduct=0626, bcdDevice= 6.54
[    9.863757] usb 6-2: New USB device strings: Mfr=1, Product=2, SerialNumber=0
[    9.871136] usb 6-2: Product: USB3.1 Hub
[    9.875308] usb 6-2: Manufacturer: GenesysLogic
[    9.912430] hub 6-2:1.0: USB hub found
[    9.916741] hub 6-2:1.0: 4 ports detected
[   10.000421] usb 1-7: New USB device found, idVendor=048d, idProduct=5702, bcdDevice= 0.01
[   10.008832] usb 1-7: New USB device strings: Mfr=1, Product=2, SerialNumber=0
[   10.016190] usb 1-7: Product: ITE Device
[   10.020343] usb 1-7: Manufacturer: ITE Tech. Inc.
[   10.025283] usb 1-6.3: new high-speed USB device number 4 using xhci_hcd
[   10.094140] ata4: SATA link down (SStatus 0 SControl 330)
[   10.130878] usb 5-2.3: new high-speed USB device number 3 using xhci_hcd
[   10.184617] usb 1-6.3: New USB device found, idVendor=2109, idProduct=2812, bcdDevice= b.e0
[   10.193213] usb 1-6.3: New USB device strings: Mfr=1, Product=2, SerialNumber=0
[   10.200753] usb 1-6.3: Product: USB2.0 Hub
[   10.206211] usb 1-6.3: Manufacturer: VIA Labs, Inc.
[   10.219452] hub 1-6.3:1.0: USB hub found
[   10.226436] hub 1-6.3:1.0: 4 ports detected
[   10.310882] usb 1-10: new high-speed USB device number 5 using xhci_hcd
[   10.323099] usb 5-2.3: New USB device found, idVendor=05e3, idProduct=0610, bcdDevice= 6.54
[   10.331683] usb 5-2.3: New USB device strings: Mfr=1, Product=2, SerialNumber=0
[   10.339215] usb 5-2.3: Product: USB2.1 Hub
[   10.343564] usb 5-2.3: Manufacturer: GenesysLogic
[   10.407926] hub 5-2.3:1.0: USB hub found
[   10.410755] usb 6-2.3: new SuperSpeed USB device number 3 using xhci_hcd
[   10.412602] hub 5-2.3:1.0: 4 ports detected
[   10.445583] usb 6-2.3: New USB device found, idVendor=05e3, idProduct=0626, bcdDevice= 6.54
[   10.454178] usb 6-2.3: New USB device strings: Mfr=1, Product=2, SerialNumber=0
[   10.461728] usb 6-2.3: Product: USB3.1 Hub
[   10.466067] usb 6-2.3: Manufacturer: GenesysLogic
[   10.504442] hub 6-2.3:1.0: USB hub found
[   10.508944] hub 6-2.3:1.0: 4 ports detected
[   10.520449] usb 1-10: New USB device found, idVendor=05e3, idProduct=0608, bcdDevice=85.36
[   10.528953] usb 1-10: New USB device strings: Mfr=0, Product=1, SerialNumber=0
[   10.536410] usb 1-10: Product: USB2.0 Hub
[   10.549441] hub 1-10:1.0: USB hub found
[   10.557425] hub 1-10:1.0: 4 ports detected
[   10.610891] usb 1-6.3.2: new high-speed USB device number 6 using xhci_hcd
[   10.787601] usb 1-6.3.2: New USB device found, idVendor=05ac, idProduct=1006, bcdDevice=96.15
[   10.796364] usb 1-6.3.2: New USB device strings: Mfr=1, Product=2, SerialNumber=3
[   10.804076] usb 1-6.3.2: Product: Keyboard Hub
[   10.808750] usb 1-6.3.2: Manufacturer: Apple, Inc.
[   10.813773] usb 1-6.3.2: SerialNumber: 000000000000
[   10.827433] hub 1-6.3.2:1.0: USB hub found
[   10.834417] hub 1-6.3.2:1.0: 3 ports detected
[   10.970731] usb 1-6.3.4: new high-speed USB device number 7 using xhci_hcd
[   11.165614] usb 1-6.3.4: New USB device found, idVendor=0bda, idProduct=8153, bcdDevice=30.00
[   11.174366] usb 1-6.3.4: New USB device strings: Mfr=1, Product=2, SerialNumber=3
[   11.182073] usb 1-6.3.4: Product: USB 10/100/1000 LAN
[   11.187352] usb 1-6.3.4: Manufacturer: Realtek
[   11.192020] usb 1-6.3.4: SerialNumber: F01E341F8303
[   11.200509] ata5: failed to resume link (SControl 0)
[   11.205749] ata5: SATA link down (SStatus 0 SControl 0)
[   11.290733] usb 1-6.3.2.2: new low-speed USB device number 8 using xhci_hcd
[   11.572587] usb 1-6.3.2.2: New USB device found, idVendor=05ac, idProduct=0220, bcdDevice= 0.71
[   11.581527] usb 1-6.3.2.2: New USB device strings: Mfr=1, Product=2, SerialNumber=0
[   11.589409] usb 1-6.3.2.2: Product: Apple Keyboard
[   11.594430] usb 1-6.3.2.2: Manufacturer: Apple, Inc
[   12.310792] ata6: failed to resume link (SControl 0)
[   12.316017] ata6: SATA link down (SStatus 0 SControl 0)
[   12.323496] hid: raw HID events driver (C) Jiri Kosina
[   12.341869] [drm] amdgpu kernel modesetting enabled.
[   12.349630] amdgpu: CRAT table disabled by module option
[   12.355159] amdgpu: Virtual CRAT table created for CPU
[   12.360523] amdgpu: Topology: Add CPU node
[   12.364916] Console: switching to colour dummy device 80x25
[   12.370498] amdgpu 0000:53:00.0: vgaarb: deactivate vga console
[   12.376427] amdgpu 0000:53:00.0: enabling device (0006 -> 0007)
[   12.382349] [drm] initializing kernel modesetting (RENOIR 0x1002:0x1638 0x1458:0xD000 0xC9).
[   12.390763] [drm] register mmio base: 0xEFC00000
[   12.395367] [drm] register mmio size: 524288
[   12.395408] usbcore: registered new interface driver usbhid
[   12.401637] [drm] add ip block number 0 <soc15_common>
[   12.405185] usbhid: USB HID core driver
[   12.410296] [drm] add ip block number 1 <gmc_v9_0>
[   12.418896] [drm] add ip block number 2 <vega10_ih>
[   12.423762] [drm] add ip block number 3 <psp>
[   12.428117] [drm] add ip block number 4 <smu>
[   12.432474] [drm] add ip block number 5 <dm>
[   12.432549] input: Kensington Expert Mouse as /devices/pci0000:00/0000:00:08.1/0000:53:00.4/usb7/7-1/7-1:1.0/0003:047D:1020.0001/input/input0
[   12.436732] [drm] add ip block number 6 <gfx_v9_0>
[   12.436733] [drm] add ip block number 7 <sdma_v4_0>
[   12.436825] hid-generic 0003:047D:1020.0001: input,hidraw0: USB HID v1.11 Mouse [Kensington Expert Mouse] on usb-0000:53:00.4-1/input0
[   12.449377] [drm] add ip block number 8 <vcn_v2_0>
[   12.449378] [drm] add ip block number 9 <jpeg_v2_0>
[   12.450506] amdgpu 0000:53:00.0: amdgpu: Fetched VBIOS from VFCT
[   12.454508] hid-generic 0003:048D:5702.0002: hiddev96,hidraw1: USB HID v1.12 Device [ITE Tech. Inc. ITE Device] on usb-0000:01:00.0-7/input0
[   12.459023] amdgpu: ATOM BIOS: 13-CEZANNE-019
[   12.503625] [drm] VCN decode is enabled in VM mode
[   12.508402] [drm] VCN encode is enabled in VM mode
[   12.513183] [drm] JPEG decode is enabled in VM mode
[   12.518048] amdgpu 0000:53:00.0: amdgpu: Trusted Memory Zone (TMZ) feature enabled
[   12.525595] amdgpu 0000:53:00.0: amdgpu: PCIE atomic ops is not supported
[   12.532367] amdgpu 0000:53:00.0: amdgpu: MODE2 reset
[   12.537742] input: Apple, Inc Apple Keyboard as /devices/pci0000:00/0000:00:02.1/0000:01:00.0/usb1/1-6/1-6.3/1-6.3.2/1-6.3.2.2/1-6.3.2.2:1.0/0003:05AC:0220.0003/input/input1
[   12.538220] [drm] vm size is 262144 GB, 4 levels, block size is 9-bit, fragment size is 9-bit
[   12.561653] amdgpu 0000:53:00.0: amdgpu: VRAM: 512M 0x000000F400000000 - 0x000000F41FFFFFFF (512M used)
[   12.571010] amdgpu 0000:53:00.0: amdgpu: GART: 1024M 0x0000000000000000 - 0x000000003FFFFFFF
[   12.579416] amdgpu 0000:53:00.0: amdgpu: AGP: 267419648M 0x000000F800000000 - 0x0000FFFFFFFFFFFF
[   12.588169] [drm] Detected VRAM RAM=512M, BAR=512M
[   12.592945] [drm] RAM width 128bits DDR4
[   12.596882] [drm] amdgpu: 512M of VRAM memory ready
[   12.601742] [drm] amdgpu: 15733M of GTT memory ready.
[   12.606786] [drm] GART: num cpu pages 262144, num gpu pages 262144
[   12.613061] [drm] PCIE GART of 1024M enabled.
[   12.617403] [drm] PTB located at 0x000000F400A00000
[   12.620926] apple 0003:05AC:0220.0003: input,hidraw2: USB HID v1.11 Keyboard [Apple, Inc Apple Keyboard] on usb-0000:01:00.0-6.3.2.2/input0
[   12.622361] amdgpu 0000:53:00.0: amdgpu: PSP runtime database doesn't exist
[   12.634764] apple 0003:05AC:0220.0004: Fn key not found (Apple Wireless Keyboard clone?), disabling Fn key handling
[   12.641670] amdgpu 0000:53:00.0: amdgpu: PSP runtime database doesn't exist
[   12.641683] input: Apple, Inc Apple Keyboard as /devices/pci0000:00/0000:00:02.1/0000:01:00.0/usb1/1-6/1-6.3/1-6.3.2/1-6.3.2.2/1-6.3.2.2:1.1/0003:05AC:0220.0004/input/input2
[   12.652139] [drm] Loading DMUB firmware via PSP: version=0x0101001F
[   12.681013] [drm] Found VCN firmware Version ENC: 1.17 DEC: 5 VEP: 0 Revision: 2
[   12.688380] amdgpu 0000:53:00.0: amdgpu: Will use PSP to load VCN firmware
[   12.730919] apple 0003:05AC:0220.0004: input,hidraw3: USB HID v1.11 Device [Apple, Inc Apple Keyboard] on usb-0000:01:00.0-6.3.2.2/input1
[   13.411205] [drm] reserve 0x400000 from 0xf41f800000 for PSP TMR
[   13.497303] amdgpu 0000:53:00.0: amdgpu: RAS: optional ras ta ucode is not available
[   13.515593] amdgpu 0000:53:00.0: amdgpu: RAP: optional rap ta ucode is not available
[   13.523303] amdgpu 0000:53:00.0: amdgpu: SECUREDISPLAY: securedisplay ta ucode is not available
[   13.532156] amdgpu 0000:53:00.0: amdgpu: SMU is initialized successfully!
[   13.539141] [drm] Display Core initialized with v3.2.196!
[   13.545072] [drm] DMUB hardware initialized: version=0x0101001F
[   13.598369] [drm] kiq ring mec 2 pipe 1 q 0
[   13.605153] [drm] VCN decode and encode initialized successfully(under DPG Mode).
[   13.612621] [drm] JPEG decode initialized successfully.
[   13.619030] kfd kfd: amdgpu: Allocated 3969056 bytes on gart
[   13.625031] amdgpu: sdma_bitmap: 3
[   13.628437] amdgpu: SRAT table not found
[   13.632349] amdgpu: Virtual CRAT table created for GPU
[   13.637993] amdgpu: Topology: Add dGPU node [0x1638:0x1002]
[   13.643548] kfd kfd: amdgpu: added device 1002:1638
[   13.648573] amdgpu 0000:53:00.0: amdgpu: SE 1, SH per SE 1, CU per SH 8, active_cu_number 7
[   13.656920] amdgpu 0000:53:00.0: amdgpu: ring gfx uses VM inv eng 0 on hub 0
[   13.663939] amdgpu 0000:53:00.0: amdgpu: ring comp_1.0.0 uses VM inv eng 1 on hub 0
[   13.671570] amdgpu 0000:53:00.0: amdgpu: ring comp_1.1.0 uses VM inv eng 4 on hub 0
[   13.679196] amdgpu 0000:53:00.0: amdgpu: ring comp_1.2.0 uses VM inv eng 5 on hub 0
[   13.686826] amdgpu 0000:53:00.0: amdgpu: ring comp_1.3.0 uses VM inv eng 6 on hub 0
[   13.694455] amdgpu 0000:53:00.0: amdgpu: ring comp_1.0.1 uses VM inv eng 7 on hub 0
[   13.702079] amdgpu 0000:53:00.0: amdgpu: ring comp_1.1.1 uses VM inv eng 8 on hub 0
[   13.709707] amdgpu 0000:53:00.0: amdgpu: ring comp_1.2.1 uses VM inv eng 9 on hub 0
[   13.717331] amdgpu 0000:53:00.0: amdgpu: ring comp_1.3.1 uses VM inv eng 10 on hub 0
[   13.725047] amdgpu 0000:53:00.0: amdgpu: ring kiq_2.1.0 uses VM inv eng 11 on hub 0
[   13.732669] amdgpu 0000:53:00.0: amdgpu: ring sdma0 uses VM inv eng 0 on hub 1
[   13.739860] amdgpu 0000:53:00.0: amdgpu: ring vcn_dec uses VM inv eng 1 on hub 1
[   13.747224] amdgpu 0000:53:00.0: amdgpu: ring vcn_enc0 uses VM inv eng 4 on hub 1
[   13.754673] amdgpu 0000:53:00.0: amdgpu: ring vcn_enc1 uses VM inv eng 5 on hub 1
[   13.762133] amdgpu 0000:53:00.0: amdgpu: ring jpeg_dec uses VM inv eng 6 on hub 1
[   13.770841] [drm] Initialized amdgpu 3.48.0 20150101 for 0000:53:00.0 on minor 0
[   13.780823] fbcon: amdgpudrmfb (fb0) is primary device
[   13.780861] [drm] DSC precompute is not needed.
[   13.871193] Console: switching to colour frame buffer device 320x90
[   13.904334] amdgpu 0000:53:00.0: [drm] fb0: amdgpudrmfb frame buffer device
[   14.162570] device-mapper: ioctl: 4.47.0-ioctl (2022-07-28) initialised: dm-devel@redhat.com
[   14.210716] RTL8226B_RTL8221B 2.5Gbps PHY r8169-0-4e00:00: attached PHY driver (mii_bus:phy_addr=r8169-0-4e00:00, irq=MAC)
[   14.500861] r8169 0000:4e:00.0 eth1: Link is Down
[   17.467352] r8169 0000:4e:00.0 eth1: Link is Up - 1Gbps/Full - flow control off
[   19.025128] r8169 0000:4e:00.0 eth1: Link is Down
[   21.550019] EXT4-fs (dm-0): mounted filesystem with ordered data mode. Quota mode: none.
[   21.844074] udevd[1392]: starting version 3.2.9
[   21.882626] udevd[1393]: starting eudev-3.2.9
[   21.899979] input: Power Button as /devices/LNXSYSTM:00/LNXSYBUS:00/PNP0C0C:00/input/input3
[   21.908523] ACPI: button: Power Button [PWRB]
[   21.912941] input: Power Button as /devices/LNXSYSTM:00/LNXPWRBN:00/input/input4
[   21.921036] pcieport 0000:04:04.0: pciehp: Slot(4): Card present
[   21.931567] mousedev: PS/2 mouse device common for all mice
[   21.937655] SVM: TSC scaling supported
[   21.941399] kvm: Nested Virtualization enabled
[   21.945866] SVM: kvm: Nested Paging enabled
[   21.950428] SVM: Virtual VMLOAD VMSAVE supported
[   21.955389] SVM: Virtual GIF supported
[   21.959485] SVM: LBR virtualization supported
[   21.960534] ACPI: button: Power Button [PWRF]
[   21.972892] snd_hda_intel 0000:53:00.1: enabling device (0000 -> 0002)
[   21.979922] snd_hda_intel 0000:53:00.6: enabling device (0000 -> 0002)
[   21.987217] snd_hda_intel 0000:53:00.1: bound 0000:53:00.0 (ops amdgpu_exit [amdgpu])
[   21.987636] input: HD-Audio Generic HDMI/DP,pcm=3 as /devices/pci0000:00/0000:00:08.1/0000:53:00.1/sound/card0/input5
[   21.987661] input: HD-Audio Generic HDMI/DP,pcm=7 as /devices/pci0000:00/0000:00:08.1/0000:53:00.1/sound/card0/input6
[   21.987678] input: HD-Audio Generic HDMI/DP,pcm=8 as /devices/pci0000:00/0000:00:08.1/0000:53:00.1/sound/card0/input7
[   21.987773] input: HD-Audio Generic HDMI/DP,pcm=9 as /devices/pci0000:00/0000:00:08.1/0000:53:00.1/sound/card0/input8
[   22.065703] snd_hda_codec_realtek hdaudioC1D0: autoconfig for ALC1220: line_outs=3 (0x14/0x15/0x16/0x0/0x0) type:line
[   22.065706] snd_hda_codec_realtek hdaudioC1D0:    speaker_outs=0 (0x0/0x0/0x0/0x0/0x0)
[   22.065707] snd_hda_codec_realtek hdaudioC1D0:    hp_outs=1 (0x1b/0x0/0x0/0x0/0x0)
[   22.065708] snd_hda_codec_realtek hdaudioC1D0:    mono: mono_out=0x0
[   22.065708] snd_hda_codec_realtek hdaudioC1D0:    dig-out=0x1e/0x0
[   22.065709] snd_hda_codec_realtek hdaudioC1D0:    inputs:
[   22.065709] snd_hda_codec_realtek hdaudioC1D0:      Front Mic=0x19
[   22.065710] snd_hda_codec_realtek hdaudioC1D0:      Rear Mic=0x18
[   22.065710] snd_hda_codec_realtek hdaudioC1D0:      Line=0x1a
[   22.090152] input: HD-Audio Generic Front Mic as /devices/pci0000:00/0000:00:08.1/0000:53:00.6/sound/card1/input9
[   22.153945] pci 0000:29:00.0: [8086:1513] type 01 class 0x060400
[   22.154045] pci 0000:29:00.0: enabling Extended Tags
[   22.154224] pci 0000:29:00.0: supports D1 D2
[   22.154225] pci 0000:29:00.0: PME# supported from D0 D1 D2 D3hot D3cold
[   22.154393] input: HD-Audio Generic Rear Mic as /devices/pci0000:00/0000:00:08.1/0000:53:00.6/sound/card1/input10
[   22.154408] input: HD-Audio Generic Line as /devices/pci0000:00/0000:00:08.1/0000:53:00.6/sound/card1/input11
[   22.154426] input: HD-Audio Generic Line Out Front as /devices/pci0000:00/0000:00:08.1/0000:53:00.6/sound/card1/input12
[   22.154442] input: HD-Audio Generic Line Out Surround as /devices/pci0000:00/0000:00:08.1/0000:53:00.6/sound/card1/input13
[   22.154456] input: HD-Audio Generic Line Out CLFE as /devices/pci0000:00/0000:00:08.1/0000:53:00.6/sound/card1/input14
[   22.154468] input: HD-Audio Generic Front Headphone as /devices/pci0000:00/0000:00:08.1/0000:53:00.6/sound/card1/input15
[   22.250263] pci 0000:29:00.0: bridge configuration invalid ([bus 00-00]), reconfiguring
[   22.258725] pci 0000:2a:00.0: [8086:1513] type 01 class 0x060400
[   22.265159] pci 0000:2a:00.0: enabling Extended Tags
[   22.270600] pci 0000:2a:00.0: supports D1 D2
[   22.275165] pci 0000:2a:00.0: PME# supported from D0 D1 D2 D3hot D3cold
[   22.282224] pci 0000:2a:01.0: [8086:1513] type 01 class 0x060400
[   22.288629] pci 0000:2a:01.0: enabling Extended Tags
[   22.294061] pci 0000:2a:01.0: supports D1 D2
[   22.298620] pci 0000:2a:01.0: PME# supported from D0 D1 D2 D3hot D3cold
[   22.305660] pci 0000:2a:02.0: [8086:1513] type 01 class 0x060400
[   22.312064] pci 0000:2a:02.0: enabling Extended Tags
[   22.317476] pci 0000:2a:02.0: supports D1 D2
[   22.322031] pci 0000:2a:02.0: PME# supported from D0 D1 D2 D3hot D3cold
[   22.329076] pci 0000:2a:04.0: [8086:1513] type 01 class 0x060400
[   22.335473] pci 0000:2a:04.0: enabling Extended Tags
[   22.340917] pci 0000:2a:04.0: supports D1 D2
[   22.345461] pci 0000:2a:04.0: PME# supported from D0 D1 D2 D3hot D3cold
[   22.352506] pci 0000:2a:05.0: [8086:1513] type 01 class 0x060400
[   22.358904] pci 0000:2a:05.0: enabling Extended Tags
[   22.364316] pci 0000:2a:05.0: supports D1 D2
[   22.368861] pci 0000:2a:05.0: PME# supported from D0 D1 D2 D3hot D3cold
[   22.375927] pci 0000:29:00.0: PCI bridge to [bus 2a-4a]
[   22.381448] pci 0000:29:00.0:   bridge window [io  0x0000-0x0fff]
[   22.387819] pci 0000:29:00.0:   bridge window [mem 0x00000000-0x000fffff]
[   22.394885] pci 0000:29:00.0:   bridge window [mem 0x00000000-0x000fffff 64bit pref]
[   22.402891] pci 0000:2a:00.0: bridge configuration invalid ([bus 00-00]), reconfiguring
[   22.411161] pci 0000:2a:01.0: bridge configuration invalid ([bus 00-00]), reconfiguring
[   22.419431] pci 0000:2a:02.0: bridge configuration invalid ([bus 00-00]), reconfiguring
[   22.427704] pci 0000:2a:04.0: bridge configuration invalid ([bus 00-00]), reconfiguring
[   22.435969] pci 0000:2a:05.0: bridge configuration invalid ([bus 00-00]), reconfiguring
[   22.444377] pci 0000:2b:00.0: [12d8:400c] type 01 class 0x060400
[   22.451027] pci 0000:2b:00.0: supports D1 D2
[   22.455560] pci 0000:2b:00.0: PME# supported from D0 D1 D2 D3hot D3cold
[   22.490794] pci 0000:2a:00.0: PCI bridge to [bus 2b-4a]
[   22.496349] pci 0000:2a:00.0:   bridge window [io  0x0000-0x0fff]
[   22.502717] pci 0000:2a:00.0:   bridge window [mem 0x00000000-0x000fffff]
[   22.509787] pci 0000:2a:00.0:   bridge window [mem 0x00000000-0x000fffff 64bit pref]
[   22.517793] pci 0000:2b:00.0: bridge configuration invalid ([bus 00-00]), reconfiguring
[   22.526288] pci 0000:2c:03.0: [12d8:400c] type 01 class 0x060400
[   22.532888] pci 0000:2c:03.0: supports D1 D2
[   22.537426] pci 0000:2c:03.0: PME# supported from D0 D1 D2 D3hot D3cold
[   22.544507] pci 0000:2b:00.0: PCI bridge to [bus 2c-4a]
[   22.550015] pci 0000:2b:00.0:   bridge window [io  0x0000-0x0fff]
[   22.556378] pci 0000:2b:00.0:   bridge window [mem 0x00000000-0x000fffff]
[   22.563444] pci 0000:2b:00.0:   bridge window [mem 0x00000000-0x000fffff 64bit pref]
[   22.571452] pci 0000:2c:03.0: bridge configuration invalid ([bus 00-00]), reconfiguring
[   22.579909] pci 0000:2d:00.0: [12d8:400e] type 00 class 0x0c0310
[   22.586232] pci 0000:2d:00.0: reg 0x10: [mem 0x00000000-0x00000fff]
[   22.593017] pci 0000:2d:00.0: supports D1 D2
[   22.597552] pci 0000:2d:00.0: PME# supported from D0 D1 D2 D3hot D3cold
[   22.604583] pci 0000:2d:00.1: [12d8:400e] type 00 class 0x0c0310
[   22.610962] pci 0000:2d:00.1: reg 0x10: [mem 0x00000000-0x00000fff]
[   22.611266] ehci_hcd: USB 2.0 'Enhanced' Host Controller (EHCI) Driver
[   22.617748] pci 0000:2d:00.1: supports D1 D2
[   22.628807] pci 0000:2d:00.1: PME# supported from D0 D1 D2 D3hot D3cold
[   22.635813] pci 0000:2d:00.2: [12d8:400f] type 00 class 0x0c0320
[   22.642122] ohci_hcd: USB 1.1 'Open' Host Controller (OHCI) Driver
[   22.642143] pci 0000:2d:00.2: reg 0x10: [mem 0x00000000-0x000000ff]
[   22.655387] pci 0000:2d:00.2: supports D1 D2
[   22.659944] pci 0000:2d:00.2: PME# supported from D0 D1 D2 D3hot D3cold
[   22.667060] ehci-pci: EHCI PCI platform driver
[   22.671786] pci 0000:2c:03.0: PCI bridge to [bus 2d-4a]
[   22.677316] pci 0000:2c:03.0:   bridge window [io  0x0000-0x0fff]
[   22.683694] pci 0000:2c:03.0:   bridge window [mem 0x00000000-0x000fffff]
[   22.690799] ohci-pci: OHCI PCI platform driver
[   22.690799] pci 0000:2c:03.0:   bridge window [mem 0x00000000-0x000fffff 64bit pref]
[   22.703569] pci_bus 0000:2d: busn_res: [bus 2d-4a] end is updated to 2d
[   22.710452] pci_bus 0000:2c: busn_res: [bus 2c-4a] end is updated to 2d
[   22.717331] pci_bus 0000:2b: busn_res: [bus 2b-4a] end is updated to 2d
[   22.724352] pci 0000:2e:00.0: [14e4:16b0] type 00 class 0x020000
[   22.730676] pci 0000:2e:00.0: reg 0x10: [mem 0x00000000-0x0000ffff 64bit pref]
[   22.738186] pci 0000:2e:00.0: reg 0x18: [mem 0x00000000-0x0000ffff 64bit pref]
[   22.745967] pci 0000:2e:00.0: PME# supported from D0 D3hot D3cold
[   22.780769] pci 0000:2a:01.0: PCI bridge to [bus 2e-4a]
[   22.786322] pci 0000:2a:01.0:   bridge window [io  0x0000-0x0fff]
[   22.792685] pci 0000:2a:01.0:   bridge window [mem 0x00000000-0x000fffff]
[   22.799748] pci 0000:2a:01.0:   bridge window [mem 0x00000000-0x000fffff 64bit pref]
[   22.807751] pci_bus 0000:2e: busn_res: [bus 2e-4a] end is updated to 2e
[   22.814790] pci 0000:2f:00.0: [11c1:5901] type 00 class 0x0c0010
[   22.821117] pci 0000:2f:00.0: reg 0x10: [mem 0x00000000-0x00000fff 64bit]
[   22.828472] pci 0000:2f:00.0: supports D1 D2
[   22.833008] pci 0000:2f:00.0: PME# supported from D0 D1 D2 D3hot D3cold
[   22.860798] pci 0000:2a:02.0: PCI bridge to [bus 2f-4a]
[   22.866351] pci 0000:2a:02.0:   bridge window [io  0x0000-0x0fff]
[   22.872714] pci 0000:2a:02.0:   bridge window [mem 0x00000000-0x000fffff]
[   22.879769] pci 0000:2a:02.0:   bridge window [mem 0x00000000-0x000fffff 64bit pref]
[   22.887762] pci_bus 0000:2f: busn_res: [bus 2f-4a] end is updated to 2f
[   22.894784] pci 0000:2a:04.0: PCI bridge to [bus 30-4a]
[   22.900282] pci 0000:2a:04.0:   bridge window [io  0x0000-0x0fff]
[   22.906639] pci 0000:2a:04.0:   bridge window [mem 0x00000000-0x000fffff]
[   22.913710] pci 0000:2a:04.0:   bridge window [mem 0x00000000-0x000fffff 64bit pref]
[   22.921791] pci_bus 0000:30: busn_res: [bus 30-4a] end is updated to 3f
[   22.928758] pci 0000:2a:05.0: PCI bridge to [bus 40-4a]
[   22.934253] pci 0000:2a:05.0:   bridge window [io  0x0000-0x0fff]
[   22.940596] pci 0000:2a:05.0:   bridge window [mem 0x00000000-0x000fffff]
[   22.947645] pci 0000:2a:05.0:   bridge window [mem 0x00000000-0x000fffff 64bit pref]
[   22.955628] pci_bus 0000:40: busn_res: [bus 40-4a] end is updated to 4a
[   22.962495] pci_bus 0000:2a: busn_res: [bus 2a-4a] end is updated to 4a
[   22.969367] pci 0000:2a:04.0: bridge window [mem 0x00100000-0x001fffff 64bit pref] to [bus 30-3f] add_size 100000 add_align 100000
[   22.981336] pci 0000:2a:04.0: bridge window [mem 0x00100000-0x001fffff] to [bus 30-3f] add_size 100000 add_align 100000
[   22.992356] pci 0000:2a:05.0: bridge window [mem 0x00100000-0x001fffff 64bit pref] to [bus 40-4a] add_size 100000 add_align 100000
[   23.004332] pci 0000:2a:05.0: bridge window [mem 0x00100000-0x001fffff] to [bus 40-4a] add_size 100000 add_align 100000
[   23.015357] pci 0000:29:00.0: bridge window [mem 0x00100000-0x005fffff 64bit pref] to [bus 2a-4a] add_size 200000 add_align 100000
[   23.027324] pci 0000:29:00.0: bridge window [mem 0x00100000-0x005fffff] to [bus 2a-4a] add_size 200000 add_align 100000
[   23.038348] pcieport 0000:04:04.0: BAR 7: no space for [io  size 0x5000]
[   23.045307] pcieport 0000:04:04.0: BAR 7: failed to assign [io  size 0x5000]
[   23.052608] pci 0000:29:00.0: BAR 8: assigned [mem 0xdf000000-0xe6ffffff]
[   23.059652] pci 0000:29:00.0: BAR 9: assigned [mem 0xa0000000-0xa1ffffff 64bit pref]
[   23.067643] pci 0000:29:00.0: BAR 7: no space for [io  size 0x5000]
[   23.074166] pci 0000:29:00.0: BAR 7: failed to assign [io  size 0x5000]
[   23.081038] pci 0000:2a:00.0: BAR 8: assigned [mem 0xdf000000-0xdf0fffff]
[   23.088081] pci 0000:2a:00.0: BAR 9: assigned [mem 0xa0000000-0xa00fffff 64bit pref]
[   23.096075] pci 0000:2a:01.0: BAR 8: assigned [mem 0xdf100000-0xdf1fffff]
[   23.103116] pci 0000:2a:01.0: BAR 9: assigned [mem 0xa0100000-0xa01fffff 64bit pref]
[   23.111118] pci 0000:2a:02.0: BAR 8: assigned [mem 0xdf200000-0xdf2fffff]
[   23.118171] pci 0000:2a:02.0: BAR 9: assigned [mem 0xa0200000-0xa02fffff 64bit pref]
[   23.126164] pci 0000:2a:04.0: BAR 8: assigned [mem 0xdf300000-0xe317ffff]
[   23.133214] pci 0000:2a:04.0: BAR 9: assigned [mem 0xa0300000-0xa117ffff 64bit pref]
[   23.141217] pci 0000:2a:05.0: BAR 8: assigned [mem 0xe3200000-0xe6ffffff]
[   23.148269] pci 0000:2a:05.0: BAR 9: assigned [mem 0xa1200000-0xa1ffffff 64bit pref]
[   23.156270] pci 0000:2a:00.0: BAR 7: no space for [io  size 0x1000]
[   23.162804] pci 0000:2a:00.0: BAR 7: failed to assign [io  size 0x1000]
[   23.169680] pci 0000:2a:01.0: BAR 7: no space for [io  size 0x1000]
[   23.176206] pci 0000:2a:01.0: BAR 7: failed to assign [io  size 0x1000]
[   23.183085] pci 0000:2a:02.0: BAR 7: no space for [io  size 0x1000]
[   23.189620] pci 0000:2a:02.0: BAR 7: failed to assign [io  size 0x1000]
[   23.196499] pci 0000:2a:04.0: BAR 7: no space for [io  size 0x1000]
[   23.203033] pci 0000:2a:04.0: BAR 7: failed to assign [io  size 0x1000]
[   23.209910] pci 0000:2a:05.0: BAR 7: no space for [io  size 0x1000]
[   23.216435] pci 0000:2a:05.0: BAR 7: failed to assign [io  size 0x1000]
[   23.223309] pci 0000:2b:00.0: BAR 8: assigned [mem 0xdf000000-0xdf0fffff]
[   23.230360] pci 0000:2b:00.0: BAR 9: assigned [mem 0xa0000000-0xa00fffff 64bit pref]
[   23.238361] pci 0000:2b:00.0: BAR 7: no space for [io  size 0x1000]
[   23.244888] pci 0000:2b:00.0: BAR 7: failed to assign [io  size 0x1000]
[   23.251767] pci 0000:2c:03.0: BAR 8: assigned [mem 0xdf000000-0xdf0fffff]
[   23.258817] pci 0000:2c:03.0: BAR 9: assigned [mem 0xa0000000-0xa00fffff 64bit pref]
[   23.266811] pci 0000:2c:03.0: BAR 7: no space for [io  size 0x1000]
[   23.273336] pci 0000:2c:03.0: BAR 7: failed to assign [io  size 0x1000]
[   23.280207] pci 0000:2d:00.0: BAR 0: assigned [mem 0xdf000000-0xdf000fff]
[   23.287257] pci 0000:2d:00.1: BAR 0: assigned [mem 0xdf001000-0xdf001fff]
[   23.294309] pci 0000:2d:00.2: BAR 0: assigned [mem 0xdf002000-0xdf0020ff]
[   23.301359] pci 0000:2c:03.0: PCI bridge to [bus 2d]
[   23.306600] pci 0000:2c:03.0:   bridge window [mem 0xdf000000-0xdf0fffff]
[   23.313646] pci 0000:2c:03.0:   bridge window [mem 0xa0000000-0xa00fffff 64bit pref]
[   23.321650] pci 0000:2b:00.0: PCI bridge to [bus 2c-2d]
[   23.327142] pci 0000:2b:00.0:   bridge window [mem 0xdf000000-0xdf0fffff]
[   23.334193] pci 0000:2b:00.0:   bridge window [mem 0xa0000000-0xa00fffff 64bit pref]
[   23.342203] pci 0000:2a:00.0: PCI bridge to [bus 2b-2d]
[   23.347692] pci 0000:2a:00.0:   bridge window [mem 0xdf000000-0xdf0fffff]
[   23.354739] pci 0000:2a:00.0:   bridge window [mem 0xa0000000-0xa00fffff 64bit pref]
[   23.362741] pci 0000:2e:00.0: BAR 0: assigned [mem 0xa0100000-0xa010ffff 64bit pref]
[   23.370765] pci 0000:2e:00.0: BAR 2: assigned [mem 0xa0110000-0xa011ffff 64bit pref]
[   23.378779] pci 0000:2a:01.0: PCI bridge to [bus 2e]
[   23.384005] pci 0000:2a:01.0:   bridge window [mem 0xdf100000-0xdf1fffff]
[   23.391046] pci 0000:2a:01.0:   bridge window [mem 0xa0100000-0xa01fffff 64bit pref]
[   23.399046] pci 0000:2f:00.0: BAR 0: assigned [mem 0xdf200000-0xdf200fff 64bit]
[   23.406628] pci 0000:2a:02.0: PCI bridge to [bus 2f]
[   23.411850] pci 0000:2a:02.0:   bridge window [mem 0xdf200000-0xdf2fffff]
[   23.418899] pci 0000:2a:02.0:   bridge window [mem 0xa0200000-0xa02fffff 64bit pref]
[   23.426898] pci 0000:2a:04.0: PCI bridge to [bus 30-3f]
[   23.432380] pci 0000:2a:04.0:   bridge window [mem 0xdf300000-0xe317ffff]
[   23.439420] pci 0000:2a:04.0:   bridge window [mem 0xa0300000-0xa117ffff 64bit pref]
[   23.447422] pci 0000:2a:05.0: PCI bridge to [bus 40-4a]
[   23.452904] pci 0000:2a:05.0:   bridge window [mem 0xe3200000-0xe6ffffff]
[   23.459945] pci 0000:2a:05.0:   bridge window [mem 0xa1200000-0xa1ffffff 64bit pref]
[   23.467946] pci 0000:29:00.0: PCI bridge to [bus 2a-4a]
[   23.473437] pci 0000:29:00.0:   bridge window [mem 0xdf000000-0xe6ffffff]
[   23.480478] pci 0000:29:00.0:   bridge window [mem 0xa0000000-0xa1ffffff 64bit pref]
[   23.488477] pcieport 0000:04:04.0: PCI bridge to [bus 29-4a]
[   23.494398] pcieport 0000:04:04.0:   bridge window [mem 0xdf000000-0xe6ffffff]
[   23.501872] pcieport 0000:04:04.0:   bridge window [mem 0xa0000000-0xa1ffffff 64bit pref]
[   23.510303] pcieport 0000:04:04.0: BAR 7: no space for [io  size 0x5000]
[   23.517251] pcieport 0000:04:04.0: BAR 7: failed to assign [io  size 0x5000]
[   23.524545] pci 0000:29:00.0: BAR 7: no space for [io  size 0x5000]
[   23.531058] pci 0000:29:00.0: BAR 7: failed to assign [io  size 0x5000]
[   23.537928] pci 0000:2a:00.0: BAR 7: no space for [io  size 0x1000]
[   23.544446] pci 0000:2a:00.0: BAR 7: failed to assign [io  size 0x1000]
[   23.551306] pci 0000:2a:01.0: BAR 7: no space for [io  size 0x1000]
[   23.557821] pci 0000:2a:01.0: BAR 7: failed to assign [io  size 0x1000]
[   23.564682] pci 0000:2a:02.0: BAR 7: no space for [io  size 0x1000]
[   23.571199] pci 0000:2a:02.0: BAR 7: failed to assign [io  size 0x1000]
[   23.578069] pci 0000:2a:04.0: BAR 7: no space for [io  size 0x1000]
[   23.584586] pci 0000:2a:04.0: BAR 7: failed to assign [io  size 0x1000]
[   23.591447] pci 0000:2a:05.0: BAR 7: no space for [io  size 0x1000]
[   23.597963] pci 0000:2a:05.0: BAR 7: failed to assign [io  size 0x1000]
[   23.604824] pci 0000:2b:00.0: BAR 7: no space for [io  size 0x1000]
[   23.611341] pci 0000:2b:00.0: BAR 7: failed to assign [io  size 0x1000]
[   23.618201] pci 0000:2c:03.0: BAR 7: no space for [io  size 0x1000]
[   23.624717] pci 0000:2c:03.0: BAR 7: failed to assign [io  size 0x1000]
[   23.631581] pci 0000:2c:03.0: PCI bridge to [bus 2d]
[   23.636811] pci 0000:2c:03.0:   bridge window [mem 0xdf000000-0xdf0fffff]
[   23.643851] pci 0000:2c:03.0:   bridge window [mem 0xa0000000-0xa00fffff 64bit pref]
[   23.651848] pci 0000:2b:00.0: PCI bridge to [bus 2c-2d]
[   23.657383] pci 0000:2b:00.0:   bridge window [mem 0xdf000000-0xdf0fffff]
[   23.664426] pci 0000:2b:00.0:   bridge window [mem 0xa0000000-0xa00fffff 64bit pref]
[   23.672418] pci 0000:2a:00.0: PCI bridge to [bus 2b-2d]
[   23.677888] pci 0000:2a:00.0:   bridge window [mem 0xdf000000-0xdf0fffff]
[   23.684921] pci 0000:2a:00.0:   bridge window [mem 0xa0000000-0xa00fffff 64bit pref]
[   23.692904] pci 0000:2a:01.0: PCI bridge to [bus 2e]
[   23.698120] pci 0000:2a:01.0:   bridge window [mem 0xdf100000-0xdf1fffff]
[   23.705142] pci 0000:2a:01.0:   bridge window [mem 0xa0100000-0xa01fffff 64bit pref]
[   23.713133] pci 0000:2a:02.0: PCI bridge to [bus 2f]
[   23.718349] pci 0000:2a:02.0:   bridge window [mem 0xdf200000-0xdf2fffff]
[   23.725381] pci 0000:2a:02.0:   bridge window [mem 0xa0200000-0xa02fffff 64bit pref]
[   23.733371] pci 0000:2a:04.0: PCI bridge to [bus 30-3f]
[   23.738852] pci 0000:2a:04.0:   bridge window [mem 0xdf300000-0xe317ffff]
[   23.745885] pci 0000:2a:04.0:   bridge window [mem 0xa0300000-0xa117ffff 64bit pref]
[   23.753867] pci 0000:2a:05.0: PCI bridge to [bus 40-4a]
[   23.759343] pci 0000:2a:05.0:   bridge window [mem 0xe3200000-0xe6ffffff]
[   23.766372] pci 0000:2a:05.0:   bridge window [mem 0xa1200000-0xa1ffffff 64bit pref]
[   23.774363] pci 0000:29:00.0: PCI bridge to [bus 2a-4a]
[   23.779837] pci 0000:29:00.0:   bridge window [mem 0xdf000000-0xe6ffffff]
[   23.786870] pci 0000:29:00.0:   bridge window [mem 0xa0000000-0xa1ffffff 64bit pref]
[   23.794861] pcieport 0000:04:04.0: PCI bridge to [bus 29-4a]
[   23.800772] pcieport 0000:04:04.0:   bridge window [mem 0xdf000000-0xe6ffffff]
[   23.808245] pcieport 0000:04:04.0:   bridge window [mem 0xa0000000-0xa1ffffff 64bit pref]
[   23.816688] pcieport 0000:29:00.0: enabling device (0000 -> 0002)
[   23.823360] pcieport 0000:2a:00.0: enabling device (0000 -> 0002)
[   23.829982] pcieport 0000:2a:01.0: enabling device (0000 -> 0002)
[   23.836634] pcieport 0000:2a:02.0: enabling device (0000 -> 0002)
[   23.843260] pcieport 0000:2a:04.0: enabling device (0000 -> 0002)
[   23.849665] pcieport 0000:2a:04.0: pciehp: Slot #4 AttnBtn- PwrCtrl- MRL- AttnInd- PwrInd- HotPlug+ Surprise+ Interlock- NoCompl+ IbPresDis- LLActRep+ (with Cmd Compl erratum)
[   23.865838] pcieport 0000:2a:05.0: enabling device (0000 -> 0002)
[   23.872192] sched: RT throttling activated
[   23.921187] pcieport 0000:2a:05.0: pciehp: Slot #5 AttnBtn- PwrCtrl- MRL- AttnInd- PwrInd- HotPlug+ Surprise+ Interlock- NoCompl+ IbPresDis- LLActRep+ (with Cmd Compl erratum)
[   23.937469] pcieport 0000:2b:00.0: enabling device (0000 -> 0002)
[   23.943922] pcieport 0000:2c:03.0: enabling device (0000 -> 0002)
