Return-Path: <linux-kernel-owner@vger.kernel.org>
X-Original-To: lists+linux-kernel@lfdr.de
Delivered-To: lists+linux-kernel@lfdr.de
Received: from out1.vger.email (out1.vger.email [IPv6:2620:137:e000::1:20])
	by mail.lfdr.de (Postfix) with ESMTP id 477D84EE7DB
	for <lists+linux-kernel@lfdr.de>; Fri,  1 Apr 2022 07:49:15 +0200 (CEST)
Received: (majordomo@vger.kernel.org) by vger.kernel.org via listexpand
        id S245157AbiDAFvB (ORCPT <rfc822;lists+linux-kernel@lfdr.de>);
        Fri, 1 Apr 2022 01:51:01 -0400
Received: from lindbergh.monkeyblade.net ([23.128.96.19]:40936 "EHLO
        lindbergh.monkeyblade.net" rhost-flags-OK-OK-OK-OK) by vger.kernel.org
        with ESMTP id S245146AbiDAFu6 (ORCPT
        <rfc822;linux-kernel@vger.kernel.org>);
        Fri, 1 Apr 2022 01:50:58 -0400
Received: from ns3.fnarfbargle.com (ns3.fnarfbargle.com [103.4.19.87])
        by lindbergh.monkeyblade.net (Postfix) with ESMTPS id 8C87F36B67
        for <linux-kernel@vger.kernel.org>; Thu, 31 Mar 2022 22:49:06 -0700 (PDT)
Received: from [10.8.0.1] (helo=srv.home)
        by ns3.fnarfbargle.com with esmtps (TLS1.3:ECDHE_RSA_AES_256_GCM_SHA384:256)
        (Exim 4.92)
        (envelope-from <lists2009@fnarfbargle.com>)
        id 1naA9e-0005Xj-GL; Fri, 01 Apr 2022 15:49:03 +1000
DKIM-Signature: v=1; a=rsa-sha256; q=dns/txt; c=relaxed/relaxed;
        d=fnarfbargle.com; s=mail; h=Content-Transfer-Encoding:Content-Type:
        In-Reply-To:From:References:Cc:To:Subject:MIME-Version:Date:Message-ID:Sender
        :Reply-To:Content-ID:Content-Description:Resent-Date:Resent-From:
        Resent-Sender:Resent-To:Resent-Cc:Resent-Message-ID:List-Id:List-Help:
        List-Unsubscribe:List-Subscribe:List-Post:List-Owner:List-Archive;
        bh=6Avjcwh5xjeiGheFQklyjFXXQEST2Hk2glKDfGAmmOw=; b=iGn75uyLRYwt3Pfq/2rKHX9Cs6
        BCuA82KE6fd734DrXXW7x9pHqn+CYypUOMgqKok/WZ1PSxHf7OoHJeksBiwQrxXYR3LWwNz0F4K96
        40MRjdn9BGPCJdEC3Pv+HdAmxkDCXLPWe/W82ReWIVqViHv0VpeGs7hmM5yVxUF/XSuI=;
Message-ID: <5dcee6f7-cc8c-e3ce-920c-4ad3f5d77e14@fnarfbargle.com>
Date:   Fri, 1 Apr 2022 13:48:13 +0800
MIME-Version: 1.0
User-Agent: Mozilla/5.0 (X11; Linux x86_64; rv:91.0) Gecko/20100101
 Thunderbird/91.6.1
Subject: Re: Apple Thunderbolt Display chaining
Content-Language: en-AU
To:     Mika Westerberg <mika.westerberg@linux.intel.com>
Cc:     linux-kernel@vger.kernel.org
References: <YkLt+/kJ54fwCYgy@lahna>
 <0249a7da-9237-806b-b267-7911ad40f4a0@fnarfbargle.com>
 <YkMC4XnfIZix6kBn@lahna>
 <b8894440-41b1-edef-dd2d-5bafabc6fb62@fnarfbargle.com>
 <YkQuk7E8AbSEiw59@lahna>
 <b35e4054-4f22-72a2-4313-77299697af7b@fnarfbargle.com>
 <YkRebADER3J9ooPM@lahna>
 <d40f02e5-7274-e834-6e13-82b3dbe11284@fnarfbargle.com>
 <YkRtf2HiXBOWGjna@lahna>
 <eacc22dc-e650-a208-9484-62edd98d5778@fnarfbargle.com>
 <YkXYdcUZ1E18ENle@lahna>
From:   Brad Campbell <lists2009@fnarfbargle.com>
In-Reply-To: <YkXYdcUZ1E18ENle@lahna>
Content-Type: text/plain; charset=UTF-8; format=flowed
Content-Transfer-Encoding: 7bit
Precedence: bulk
List-ID: <linux-kernel.vger.kernel.org>
X-Mailing-List: linux-kernel@vger.kernel.org

G'day Mika,

On 1/4/22 00:36, Mika Westerberg wrote:
> Hi,
> 
> On Thu, Mar 31, 2022 at 05:02:58PM +0800, Brad Campbell wrote:
>> On 30/3/22 22:47, Mika Westerberg wrote:
>>> Hi,
>>>
>>> On Wed, Mar 30, 2022 at 10:24:35PM +0800, Brad Campbell wrote:
>>>> Nope, that did the same thing. I wonder though. I'm testing it on the laptop and that reports :
>>>> [    0.442832] thunderbolt 0000:07:00.0:  Thunderbolt 2 Switch: 8086:156d (Revision: 0, TB Version: 2)
>>>>
>>>> Changing "if (in->sw->generation == 1)" to "if (in->sw->generation == 2)" on the laptop solves that.
>>>
>>> Heh, indeed I forgot that this is Falcon Ridge.
>>>
>>>> I can't test hotplug properly on the iMac due to the radeon training issue.
>>>>
>>>> The laptop still has the issue of a cold boot working in one socket
>>>> and not the other, but hot plug is working correctly.
>>>
>>> Let's try this one next:
>>>
>>> diff --git a/drivers/thunderbolt/tunnel.c b/drivers/thunderbolt/tunnel.c
>>> index a473cc7d9a8d..7150b5bc5403 100644
>>> --- a/drivers/thunderbolt/tunnel.c
>>> +++ b/drivers/thunderbolt/tunnel.c
>>> @@ -865,6 +865,8 @@ struct tb_tunnel *tb_tunnel_alloc_dp(struct tb *tb, struct tb_port *in,
>>>    	struct tb_tunnel *tunnel;
>>>    	struct tb_path **paths;
>>>    	struct tb_path *path;
>>> +	struct tb_port *port;
>>> +	int link_nr;
>>>    
>>
>> On the iMac, it cold boots on either port.
>>
>> On the Laptop it is the same as the previous in that it cold boots on
>> one port and not the other. Hotplug works in all cases I did try
>> (in->sw->generation < 3) just in case, but it didn't change anything
>> on the Laptop.
>>
>> Testing from here down is on the iMac.
>>
>> I've re-tested the original patch and aside from the thunderbolt
>> controller locking up, the radeon doesn't fail clock recovery.
>>
>> Further investigation on the iMac shows we don't see port 11. I added
>> a debug for discovered port.
>>
>> So my next thing is to try and figure out if there is a correlation between which link is paired with which DP source.
>>
>> I've changed link_nr = in->port == 11 ? 1 : 0; to 12 ? 1 : 0; and that boots, but hotplug still fails if the EFI sets up a display first. I've also tried reversing the 1 : 0, but that fails out of the gate.
>>
>> I've just done a test now by booting with the chain disconnected, then
>> plugging it in just before the bootloader loads which prevents the EFI
>> from getting involved.
>>
>> This works (wait until just before bootloader to plug the chain):
>>
>> brad@bkmac:~$ dmesg | egrep '(Tunnel|in->|in use|DP .* available)'
>> [    1.618277] thunderbolt 0000:07:00.0: 0:c: DP IN resource available
>> [    1.618280] thunderbolt 0000:07:00.0: 0:d: DP IN resource available
>> [    1.618403] thunderbolt 0000:07:00.0: 303:b: DP OUT resource available
>> [    1.618529] thunderbolt 0000:07:00.0: 0:c: DP IN available
>> [    1.618656] thunderbolt 0000:07:00.0: 303:b: DP OUT available
>> [    1.618916] thunderbolt 0000:07:00.0: in->port 12
>> [    1.618920] thunderbolt 0000:07:00.0: Tunnel 1
>> [    1.622751] thunderbolt 0000:07:00.0: 3:b: DP OUT resource available
>> [    1.622880] thunderbolt 0000:07:00.0: 0:c: in use
>> [    1.623007] thunderbolt 0000:07:00.0: 0:d: DP IN available
>> [    1.623135] thunderbolt 0000:07:00.0: 303:b: in use
>> [    1.623263] thunderbolt 0000:07:00.0: 3:b: DP OUT available
>> [    1.623399] thunderbolt 0000:07:00.0: in->port 13
>> [    1.623402] thunderbolt 0000:07:00.0: Tunnel 0
>>
>> Both displays are working at this point.
>> Unplug -> Replug
>> [   45.799923] thunderbolt 0000:07:00.0: 0:c: DP IN available
>> [   45.800051] thunderbolt 0000:07:00.0: 0:d: DP IN available
>> [   45.800053] thunderbolt 0000:07:00.0: no suitable DP IN adapter available, not tunneling
>> [   54.606243] thunderbolt 0000:07:00.0: 303:b: DP OUT resource available
>> [   54.606371] thunderbolt 0000:07:00.0: 0:c: DP IN available
>> [   54.606497] thunderbolt 0000:07:00.0: 303:b: DP OUT available
>> [   54.606763] thunderbolt 0000:07:00.0: in->port 12
>> [   54.606768] thunderbolt 0000:07:00.0: Tunnel 1
>> [   54.615067] thunderbolt 0000:07:00.0: 3:b: DP OUT resource available
>> [   54.615176] thunderbolt 0000:07:00.0: 0:c: in use
>> [   54.615309] thunderbolt 0000:07:00.0: 0:d: DP IN available
>> [   54.615434] thunderbolt 0000:07:00.0: 303:b: in use
>> [   54.615561] thunderbolt 0000:07:00.0: 3:b: DP OUT available
>> [   54.615692] thunderbolt 0000:07:00.0: in->port 13
>> [   54.615694] thunderbolt 0000:07:00.0: Tunnel 0
>>
>> Both displays are working
>>
>> This doesn't (standard cold boot):
>>
>> brad@bkmac:~$ dmesg | egrep '(Tunnel|in->|in use|DP .* available)'
>> [    1.611396] thunderbolt 0000:07:00.0: 0:c: DP IN resource available
>> [    1.611399] thunderbolt 0000:07:00.0: 0:d: DP IN resource available
>> [    1.611521] thunderbolt 0000:07:00.0: 303:b: DP OUT resource available
>> [    1.611648] thunderbolt 0000:07:00.0: 0:c: in use
>> [    1.611777] thunderbolt 0000:07:00.0: 0:d: DP IN available
>> [    1.611904] thunderbolt 0000:07:00.0: 303:b: DP OUT available
>> [    1.612162] thunderbolt 0000:07:00.0: in->port 13
>> [    1.612166] thunderbolt 0000:07:00.0: Tunnel 0
>>
>> Both displays are working at this point.
>> Unplug -> Replug
>> [   72.181366] thunderbolt 0000:07:00.0: 0:c: DP IN available
>> [   72.181487] thunderbolt 0000:07:00.0: 0:d: DP IN available
>> [   72.181489] thunderbolt 0000:07:00.0: no suitable DP IN adapter available, not tunneling
>> [   81.369074] thunderbolt 0000:07:00.0: 3:b: DP OUT resource available
>> [   81.369207] thunderbolt 0000:07:00.0: 0:c: DP IN available
>> [   81.369335] thunderbolt 0000:07:00.0: 3:b: DP OUT available
>> [   81.369468] thunderbolt 0000:07:00.0: in->port 12
>> [   81.369471] thunderbolt 0000:07:00.0: Tunnel 1
>> [   81.376542] thunderbolt 0000:07:00.0: 303:b: DP OUT resource available
>> [   81.376669] thunderbolt 0000:07:00.0: 0:c: in use
>> [   81.376797] thunderbolt 0000:07:00.0: 0:d: DP IN available
>> [   81.376925] thunderbolt 0000:07:00.0: 3:b: in use
>> [   81.377058] thunderbolt 0000:07:00.0: 303:b: DP OUT available
>> [   81.377320] thunderbolt 0000:07:00.0: in->port 13
>> [   81.377328] thunderbolt 0000:07:00.0: Tunnel 0
>>
>> First display in the chain fails clock recovery.
> 
> Okay, thanks for testing. I think at this point we need to look a what
> the Apple boot firmware actually configures for these paths. Can you
> drop my previous patch and apply the below? Then on both problematic
> systems boot up with the monitors connected and then send me dmesg.
> 
> If possible do this so that you have the chain connected to each port on
> the system. I'm hoping we find some pattern here ;-)
> 
> diff --git a/drivers/thunderbolt/path.c b/drivers/thunderbolt/path.c
> index 299712accfe9..ee03fd75a472 100644
> --- a/drivers/thunderbolt/path.c
> +++ b/drivers/thunderbolt/path.c
> @@ -166,6 +166,9 @@ struct tb_path *tb_path_discover(struct tb_port *src, int src_hopid,
>   		return NULL;
>   	}
>   
> +	tb_dbg(path->tb, "discovering %s path starting from %llx:%u\n",
> +	       path->name, tb_route(src->sw), src->port);
> +
>   	p = src;
>   	h = src_hopid;
>   
> @@ -198,10 +201,13 @@ struct tb_path *tb_path_discover(struct tb_port *src, int src_hopid,
>   		path->hops[i].out_port = out_port;
>   		path->hops[i].next_hop_index = next_hop;
>   
> +		tb_dump_hop(&path->hops[i], &hop);
> +
>   		h = next_hop;
>   		p = out_port->remote;
>   	}
>   
> +	tb_dbg(path->tb, "path discovery complete\n");
>   	return path;
>   
>   err:
> 

That I can do. I didn't crop or grep as I wasn't sure what might be additionally relevant.
2 machines, 2 ports, 4 cold boots. Each time just the Thnuderbolt displays chained.


MacBookPro - Front port :
[    0.000000] Linux version 5.17.0+ (brad@bklaptop) (gcc (Debian 8.3.0-6) 8.3.0, GNU ld (GNU Binutils for Debian) 2.31.1) #45 SMP PREEMPT_DYNAMIC Fri Apr 1 13:30:02 AWST 2022
[    0.000000] Command line: ro root=UUID=c500d66c-50ec-42a2-a333-eb48d6c9d97b thunderbolt.dyndbg initrd=boot\initrd.img-5.17.0+
[    0.000000] x86/fpu: Supporting XSAVE feature 0x001: 'x87 floating point registers'
[    0.000000] x86/fpu: Supporting XSAVE feature 0x002: 'SSE registers'
[    0.000000] x86/fpu: Supporting XSAVE feature 0x004: 'AVX registers'
[    0.000000] x86/fpu: xstate_offset[2]:  576, xstate_sizes[2]:  256
[    0.000000] x86/fpu: Enabled xstate features 0x7, context size is 832 bytes, using 'standard' format.
[    0.000000] signal: max sigframe size: 1776
[    0.000000] BIOS-provided physical RAM map:
[    0.000000] BIOS-e820: [mem 0x0000000000000000-0x0000000000057fff] usable
[    0.000000] BIOS-e820: [mem 0x0000000000058000-0x0000000000058fff] reserved
[    0.000000] BIOS-e820: [mem 0x0000000000059000-0x000000000008efff] usable
[    0.000000] BIOS-e820: [mem 0x000000000008f000-0x000000000008ffff] reserved
[    0.000000] BIOS-e820: [mem 0x0000000000090000-0x000000000009ffff] usable
[    0.000000] BIOS-e820: [mem 0x00000000000a0000-0x00000000000bffff] reserved
[    0.000000] BIOS-e820: [mem 0x0000000000100000-0x000000008ad0ffff] usable
[    0.000000] BIOS-e820: [mem 0x000000008ad10000-0x000000008ad52fff] ACPI NVS
[    0.000000] BIOS-e820: [mem 0x000000008ad53000-0x000000008ad61fff] usable
[    0.000000] BIOS-e820: [mem 0x000000008ad62000-0x000000008ad8efff] ACPI data
[    0.000000] BIOS-e820: [mem 0x000000008ad8f000-0x000000008ae38fff] usable
[    0.000000] BIOS-e820: [mem 0x000000008ae39000-0x000000008ae8efff] reserved
[    0.000000] BIOS-e820: [mem 0x000000008ae8f000-0x000000008aed1fff] usable
[    0.000000] BIOS-e820: [mem 0x000000008aed2000-0x000000008aefefff] reserved
[    0.000000] BIOS-e820: [mem 0x000000008aeff000-0x000000008af83fff] usable
[    0.000000] BIOS-e820: [mem 0x000000008af84000-0x000000008afeffff] reserved
[    0.000000] BIOS-e820: [mem 0x000000008aff0000-0x000000008affffff] usable
[    0.000000] BIOS-e820: [mem 0x000000008b000000-0x000000008f9fffff] reserved
[    0.000000] BIOS-e820: [mem 0x00000000e00f8000-0x00000000e00f8fff] reserved
[    0.000000] BIOS-e820: [mem 0x00000000fed1c000-0x00000000fed1ffff] reserved
[    0.000000] BIOS-e820: [mem 0x00000000ffe10000-0x00000000ffe3ffff] reserved
[    0.000000] BIOS-e820: [mem 0x0000000100000000-0x000000046f5fffff] usable
[    0.000000] NX (Execute Disable) protection: active
[    0.000000] e820: update [mem 0x73d4c190-0x73d5c1cf] usable ==> usable
[    0.000000] e820: update [mem 0x73d4c190-0x73d5c1cf] usable ==> usable
[    0.000000] e820: update [mem 0x73d6f190-0x73d6fd98] usable ==> usable
[    0.000000] e820: update [mem 0x73d6f190-0x73d6fd98] usable ==> usable
[    0.000000] extended physical RAM map:
[    0.000000] reserve setup_data: [mem 0x0000000000000000-0x0000000000057fff] usable
[    0.000000] reserve setup_data: [mem 0x0000000000058000-0x0000000000058fff] reserved
[    0.000000] reserve setup_data: [mem 0x0000000000059000-0x000000000008efff] usable
[    0.000000] reserve setup_data: [mem 0x000000000008f000-0x000000000008ffff] reserved
[    0.000000] reserve setup_data: [mem 0x0000000000090000-0x000000000009ffff] usable
[    0.000000] reserve setup_data: [mem 0x00000000000a0000-0x00000000000bffff] reserved
[    0.000000] reserve setup_data: [mem 0x0000000000100000-0x0000000073d4c18f] usable
[    0.000000] reserve setup_data: [mem 0x0000000073d4c190-0x0000000073d5c1cf] usable
[    0.000000] reserve setup_data: [mem 0x0000000073d5c1d0-0x0000000073d6f18f] usable
[    0.000000] reserve setup_data: [mem 0x0000000073d6f190-0x0000000073d6fd98] usable
[    0.000000] reserve setup_data: [mem 0x0000000073d6fd99-0x000000008ad0ffff] usable
[    0.000000] reserve setup_data: [mem 0x000000008ad10000-0x000000008ad52fff] ACPI NVS
[    0.000000] reserve setup_data: [mem 0x000000008ad53000-0x000000008ad61fff] usable
[    0.000000] reserve setup_data: [mem 0x000000008ad62000-0x000000008ad8efff] ACPI data
[    0.000000] reserve setup_data: [mem 0x000000008ad8f000-0x000000008ae38fff] usable
[    0.000000] reserve setup_data: [mem 0x000000008ae39000-0x000000008ae8efff] reserved
[    0.000000] reserve setup_data: [mem 0x000000008ae8f000-0x000000008aed1fff] usable
[    0.000000] reserve setup_data: [mem 0x000000008aed2000-0x000000008aefefff] reserved
[    0.000000] reserve setup_data: [mem 0x000000008aeff000-0x000000008af83fff] usable
[    0.000000] reserve setup_data: [mem 0x000000008af84000-0x000000008afeffff] reserved
[    0.000000] reserve setup_data: [mem 0x000000008aff0000-0x000000008affffff] usable
[    0.000000] reserve setup_data: [mem 0x000000008b000000-0x000000008f9fffff] reserved
[    0.000000] reserve setup_data: [mem 0x00000000e00f8000-0x00000000e00f8fff] reserved
[    0.000000] reserve setup_data: [mem 0x00000000fed1c000-0x00000000fed1ffff] reserved
[    0.000000] reserve setup_data: [mem 0x00000000ffe10000-0x00000000ffe3ffff] reserved
[    0.000000] reserve setup_data: [mem 0x0000000100000000-0x000000046f5fffff] usable
[    0.000000] efi: EFI v1.10 by Apple
[    0.000000] efi: ACPI=0x8ad8e000 ACPI 2.0=0x8ad8e014 SMBIOS=0x8ad11000
[    0.000000] SMBIOS 2.4 present.
[    0.000000] DMI: Apple Inc. MacBookPro11,1/Mac-189A3D4F975D5FFC, BIOS 432.60.3.0.0 10/27/2021
[    0.000000] tsc: Fast TSC calibration using PIT
[    0.000000] tsc: Detected 2599.997 MHz processor
[    0.000116] e820: update [mem 0x00000000-0x00000fff] usable ==> reserved
[    0.000119] e820: remove [mem 0x000a0000-0x000fffff] usable
[    0.000127] last_pfn = 0x46f600 max_arch_pfn = 0x400000000
[    0.000214] x86/PAT: Configuration [0-7]: WB  WC  UC- UC  WB  WP  UC- WT
[    0.001095] last_pfn = 0x8b000 max_arch_pfn = 0x400000000
[    0.001143] Using GB pages for direct mapping
[    0.001748] Secure boot disabled
[    0.001749] RAMDISK: [mem 0x7076e000-0x70e90fff]
[    0.001752] ACPI: Early table checksum verification disabled
[    0.001755] ACPI: RSDP 0x000000008AD8E014 000024 (v02 APPLE )
[    0.001759] ACPI: XSDT 0x000000008AD8E1C0 0000A4 (v01 APPLE  Apple00  00000000      01000013)
[    0.001764] ACPI: FACP 0x000000008AD8C000 0000F4 (v05 APPLE  Apple00  00000000 Loki 0000005F)
[    0.001769] ACPI: DSDT 0x000000008AD7F000 007681 (v03 APPLE  MacBookP 00110001 INTL 20100915)
[    0.001773] ACPI: FACS 0x000000008AD18000 000040
[    0.001775] ACPI: FACS 0x000000008AD18000 000040
[    0.001778] ACPI: HPET 0x000000008AD8B000 000038 (v01 APPLE  Apple00  00000001 Loki 0000005F)
[    0.001781] ACPI: APIC 0x000000008AD8A000 0000BC (v02 APPLE  Apple00  00000001 Loki 0000005F)
[    0.001784] ACPI: SBST 0x000000008AD88000 000030 (v01 APPLE  Apple00  00000001 Loki 0000005F)
[    0.001786] ACPI: ECDT 0x000000008AD87000 000053 (v01 APPLE  Apple00  00000001 Loki 0000005F)
[    0.001789] ACPI: SSDT 0x000000008AD7E000 00010B (v01 APPLE  SataAhci 00001000 INTL 20100915)
[    0.001792] ACPI: SSDT 0x000000008AD7D000 000024 (v01 APPLE  SmcDppt  00001000 INTL 20100915)
[    0.001795] ACPI: SSDT 0x000000008AD7A000 000FE9 (v01 APPLE  SDUsbLpt 00001000 INTL 20100915)
[    0.001798] ACPI: SSDT 0x000000008AD76000 000032 (v01 APPLE  SsdtS3   00001000 INTL 20100915)
[    0.001801] ACPI: SSDT 0x000000008AD73000 0028B2 (v01 APPLE  PcieTbt  00001000 INTL 20100915)
[    0.001804] ACPI: SSDT 0x000000008AD66000 0000B8 (v01 APPLE  Sdxc     00001000 INTL 20100915)
[    0.001807] ACPI: SSDT 0x000000008AD65000 0003E0 (v01 APPLE  SaHdaCdc 00001000 INTL 20100915)
[    0.001810] ACPI: SSDT 0x000000008AD64000 000594 (v01 PmRef  Cpu0Ist  00003000 INTL 20100915)
[    0.001813] ACPI: SSDT 0x000000008AD63000 000B83 (v01 PmRef  CpuPm    00003000 INTL 20100915)
[    0.001817] ACPI: DMAR 0x000000008AD62000 000088 (v01 APPLE  HSW      00000001 AAPL 00000001)
[    0.001820] ACPI: MCFG 0x000000008AD89000 00003C (v01 APPLE  Apple00  00000001 Loki 0000005F)
[    0.001822] ACPI: Reserving FACP table memory at [mem 0x8ad8c000-0x8ad8c0f3]
[    0.001824] ACPI: Reserving DSDT table memory at [mem 0x8ad7f000-0x8ad86680]
[    0.001825] ACPI: Reserving FACS table memory at [mem 0x8ad18000-0x8ad1803f]
[    0.001827] ACPI: Reserving FACS table memory at [mem 0x8ad18000-0x8ad1803f]
[    0.001828] ACPI: Reserving HPET table memory at [mem 0x8ad8b000-0x8ad8b037]
[    0.001829] ACPI: Reserving APIC table memory at [mem 0x8ad8a000-0x8ad8a0bb]
[    0.001830] ACPI: Reserving SBST table memory at [mem 0x8ad88000-0x8ad8802f]
[    0.001831] ACPI: Reserving ECDT table memory at [mem 0x8ad87000-0x8ad87052]
[    0.001832] ACPI: Reserving SSDT table memory at [mem 0x8ad7e000-0x8ad7e10a]
[    0.001834] ACPI: Reserving SSDT table memory at [mem 0x8ad7d000-0x8ad7d023]
[    0.001835] ACPI: Reserving SSDT table memory at [mem 0x8ad7a000-0x8ad7afe8]
[    0.001836] ACPI: Reserving SSDT table memory at [mem 0x8ad76000-0x8ad76031]
[    0.001837] ACPI: Reserving SSDT table memory at [mem 0x8ad73000-0x8ad758b1]
[    0.001838] ACPI: Reserving SSDT table memory at [mem 0x8ad66000-0x8ad660b7]
[    0.001839] ACPI: Reserving SSDT table memory at [mem 0x8ad65000-0x8ad653df]
[    0.001841] ACPI: Reserving SSDT table memory at [mem 0x8ad64000-0x8ad64593]
[    0.001842] ACPI: Reserving SSDT table memory at [mem 0x8ad63000-0x8ad63b82]
[    0.001843] ACPI: Reserving DMAR table memory at [mem 0x8ad62000-0x8ad62087]
[    0.001844] ACPI: Reserving MCFG table memory at [mem 0x8ad89000-0x8ad8903b]
[    0.001851] ACPI: DMI detected to setup _OSI("Darwin"): Apple hardware
[    0.001872] Zone ranges:
[    0.001872]   DMA      [mem 0x0000000000001000-0x0000000000ffffff]
[    0.001875]   DMA32    [mem 0x0000000001000000-0x00000000ffffffff]
[    0.001876]   Normal   [mem 0x0000000100000000-0x000000046f5fffff]
[    0.001878] Movable zone start for each node
[    0.001879] Early memory node ranges
[    0.001880]   node   0: [mem 0x0000000000001000-0x0000000000057fff]
[    0.001881]   node   0: [mem 0x0000000000059000-0x000000000008efff]
[    0.001883]   node   0: [mem 0x0000000000090000-0x000000000009ffff]
[    0.001884]   node   0: [mem 0x0000000000100000-0x000000008ad0ffff]
[    0.001885]   node   0: [mem 0x000000008ad53000-0x000000008ad61fff]
[    0.001886]   node   0: [mem 0x000000008ad8f000-0x000000008ae38fff]
[    0.001887]   node   0: [mem 0x000000008ae8f000-0x000000008aed1fff]
[    0.001888]   node   0: [mem 0x000000008aeff000-0x000000008af83fff]
[    0.001889]   node   0: [mem 0x000000008aff0000-0x000000008affffff]
[    0.001890]   node   0: [mem 0x0000000100000000-0x000000046f5fffff]
[    0.001892] Initmem setup node 0 [mem 0x0000000000001000-0x000000046f5fffff]
[    0.001896] On node 0, zone DMA: 1 pages in unavailable ranges
[    0.001898] On node 0, zone DMA: 1 pages in unavailable ranges
[    0.001899] On node 0, zone DMA: 1 pages in unavailable ranges
[    0.001924] On node 0, zone DMA: 96 pages in unavailable ranges
[    0.005692] On node 0, zone DMA32: 67 pages in unavailable ranges
[    0.005697] On node 0, zone DMA32: 45 pages in unavailable ranges
[    0.005700] On node 0, zone DMA32: 86 pages in unavailable ranges
[    0.005702] On node 0, zone DMA32: 45 pages in unavailable ranges
[    0.005704] On node 0, zone DMA32: 108 pages in unavailable ranges
[    0.029854] On node 0, zone Normal: 20480 pages in unavailable ranges
[    0.029882] On node 0, zone Normal: 2560 pages in unavailable ranges
[    0.029890] Reserving Intel graphics memory at [mem 0x8ba00000-0x8f9fffff]
[    0.030010] ACPI: PM-Timer IO Port: 0x1808
[    0.030017] ACPI: LAPIC_NMI (acpi_id[0x01] high edge lint[0x1])
[    0.030019] ACPI: LAPIC_NMI (acpi_id[0x02] high edge lint[0x1])
[    0.030020] ACPI: LAPIC_NMI (acpi_id[0x03] high edge lint[0x1])
[    0.030021] ACPI: LAPIC_NMI (acpi_id[0x04] high edge lint[0x1])
[    0.030022] ACPI: LAPIC_NMI (acpi_id[0x05] high edge lint[0x1])
[    0.030023] ACPI: LAPIC_NMI (acpi_id[0x06] high edge lint[0x1])
[    0.030024] ACPI: LAPIC_NMI (acpi_id[0x07] high edge lint[0x1])
[    0.030025] ACPI: LAPIC_NMI (acpi_id[0x08] high edge lint[0x1])
[    0.030035] IOAPIC[0]: apic_id 2, version 32, address 0xfec00000, GSI 0-39
[    0.030038] ACPI: INT_SRC_OVR (bus 0 bus_irq 0 global_irq 2 dfl dfl)
[    0.030040] ACPI: INT_SRC_OVR (bus 0 bus_irq 9 global_irq 9 high level)
[    0.030044] ACPI: Using ACPI (MADT) for SMP configuration information
[    0.030045] ACPI: HPET id: 0x8086a201 base: 0xfed00000
[    0.030048] TSC deadline timer available
[    0.030050] smpboot: Allowing 4 CPUs, 0 hotplug CPUs
[    0.030070] PM: hibernation: Registered nosave memory: [mem 0x00000000-0x00000fff]
[    0.030073] PM: hibernation: Registered nosave memory: [mem 0x00058000-0x00058fff]
[    0.030075] PM: hibernation: Registered nosave memory: [mem 0x0008f000-0x0008ffff]
[    0.030078] PM: hibernation: Registered nosave memory: [mem 0x000a0000-0x000bffff]
[    0.030079] PM: hibernation: Registered nosave memory: [mem 0x000c0000-0x000fffff]
[    0.030081] PM: hibernation: Registered nosave memory: [mem 0x73d4c000-0x73d4cfff]
[    0.030083] PM: hibernation: Registered nosave memory: [mem 0x73d5c000-0x73d5cfff]
[    0.030085] PM: hibernation: Registered nosave memory: [mem 0x73d6f000-0x73d6ffff]
[    0.030087] PM: hibernation: Registered nosave memory: [mem 0x73d6f000-0x73d6ffff]
[    0.030089] PM: hibernation: Registered nosave memory: [mem 0x8ad10000-0x8ad52fff]
[    0.030091] PM: hibernation: Registered nosave memory: [mem 0x8ad62000-0x8ad8efff]
[    0.030093] PM: hibernation: Registered nosave memory: [mem 0x8ae39000-0x8ae8efff]
[    0.030096] PM: hibernation: Registered nosave memory: [mem 0x8aed2000-0x8aefefff]
[    0.030098] PM: hibernation: Registered nosave memory: [mem 0x8af84000-0x8afeffff]
[    0.030100] PM: hibernation: Registered nosave memory: [mem 0x8b000000-0x8f9fffff]
[    0.030101] PM: hibernation: Registered nosave memory: [mem 0x8fa00000-0xe00f7fff]
[    0.030102] PM: hibernation: Registered nosave memory: [mem 0xe00f8000-0xe00f8fff]
[    0.030103] PM: hibernation: Registered nosave memory: [mem 0xe00f9000-0xfed1bfff]
[    0.030104] PM: hibernation: Registered nosave memory: [mem 0xfed1c000-0xfed1ffff]
[    0.030105] PM: hibernation: Registered nosave memory: [mem 0xfed20000-0xffe0ffff]
[    0.030106] PM: hibernation: Registered nosave memory: [mem 0xffe10000-0xffe3ffff]
[    0.030107] PM: hibernation: Registered nosave memory: [mem 0xffe40000-0xffffffff]
[    0.030109] [mem 0x8fa00000-0xe00f7fff] available for PCI devices
[    0.030113] clocksource: refined-jiffies: mask: 0xffffffff max_cycles: 0xffffffff, max_idle_ns: 19112604462750000 ns
[    0.030119] setup_percpu: NR_CPUS:4 nr_cpumask_bits:4 nr_cpu_ids:4 nr_node_ids:1
[    0.030300] percpu: Embedded 52 pages/cpu s173096 r8192 d31704 u524288
[    0.030309] pcpu-alloc: s173096 r8192 d31704 u524288 alloc=1*2097152
[    0.030311] pcpu-alloc: [0] 0 1 2 3
[    0.030333] Built 1 zonelists, mobility grouping on.  Total pages: 4105486
[    0.030335] Kernel command line: ro root=UUID=c500d66c-50ec-42a2-a333-eb48d6c9d97b thunderbolt.dyndbg initrd=boot\initrd.img-5.17.0+
[    0.031200] Dentry cache hash table entries: 2097152 (order: 12, 16777216 bytes, linear)
[    0.031615] Inode-cache hash table entries: 1048576 (order: 11, 8388608 bytes, linear)
[    0.031655] mem auto-init: stack:off, heap alloc:off, heap free:off
[    0.079682] Memory: 15923600K/16683256K available (10248K kernel code, 2251K rwdata, 2740K rodata, 996K init, 740K bss, 759396K reserved, 0K cma-reserved)
[    0.079713] random: get_random_u64 called from cache_random_seq_create+0x63/0x150 with crng_init=0
[    0.079780] SLUB: HWalign=64, Order=0-3, MinObjects=0, CPUs=4, Nodes=1
[    0.080413] Dynamic Preempt: voluntary
[    0.080438] rcu: Preemptible hierarchical RCU implementation.
[    0.080440] 	Trampoline variant of Tasks RCU enabled.
[    0.080441] rcu: RCU calculated value of scheduler-enlistment delay is 10 jiffies.
[    0.081406] NR_IRQS: 4352, nr_irqs: 728, preallocated irqs: 16
[    0.081630] Console: colour dummy device 80x25
[    0.081958] printk: console [tty0] enabled
[    0.081968] ACPI: Core revision 20211217
[    0.082065] hpet: HPET dysfunctional in PC10. Force disabled.
[    0.082068] APIC: Switch to symmetric I/O mode setup
[    0.082071] DMAR: Host address width 39
[    0.082073] DMAR: DRHD base: 0x000000fed90000 flags: 0x0
[    0.082080] DMAR: dmar0: reg_base_addr fed90000 ver 1:0 cap c0000020660462 ecap f0101a
[    0.082084] DMAR: DRHD base: 0x000000fed91000 flags: 0x1
[    0.082090] DMAR: dmar1: reg_base_addr fed91000 ver 1:0 cap d2008020660462 ecap f010da
[    0.082093] DMAR: RMRR base: 0x0000008b800000 end: 0x0000008f9fffff
[    0.082097] DMAR-IR: IOAPIC id 2 under DRHD base  0xfed91000 IOMMU 1
[    0.082100] DMAR-IR: HPET id 0 under DRHD base 0xfed91000
[    0.082698] DMAR-IR: Enabled IRQ remapping in xapic mode
[    0.083185] clocksource: tsc-early: mask: 0xffffffffffffffff max_cycles: 0x257a391c223, max_idle_ns: 440795220104 ns
[    0.083195] Calibrating delay loop (skipped), value calculated using timer frequency.. 5199.99 BogoMIPS (lpj=25999970)
[    0.083200] pid_max: default: 32768 minimum: 301
[    0.093191] Mount-cache hash table entries: 32768 (order: 6, 262144 bytes, linear)
[    0.093191] Mountpoint-cache hash table entries: 32768 (order: 6, 262144 bytes, linear)
[    0.093191] CPU0: Thermal monitoring enabled (TM1)
[    0.093191] process: using mwait in idle threads
[    0.093191] Last level iTLB entries: 4KB 1024, 2MB 1024, 4MB 1024
[    0.093191] Last level dTLB entries: 4KB 1024, 2MB 1024, 4MB 1024, 1GB 4
[    0.093191] Spectre V1 : Mitigation: usercopy/swapgs barriers and __user pointer sanitization
[    0.093191] Spectre V2 : Kernel not compiled with retpoline; no mitigation available!
[    0.093191] Spectre V2 : Vulnerable
[    0.093191] Spectre V2 : Spectre v2 / SpectreRSB mitigation: Filling RSB on context switch
[    0.093191] Spectre V2 : Enabling Restricted Speculation for firmware calls
[    0.093191] Spectre V2 : mitigation: Enabling conditional Indirect Branch Prediction Barrier
[    0.093191] Spectre V2 : User space: Mitigation: STIBP via prctl
[    0.093191] Speculative Store Bypass: Mitigation: Speculative Store Bypass disabled via prctl
[    0.093191] SRBDS: Mitigation: Microcode
[    0.093191] MDS: Mitigation: Clear CPU buffers
[    0.093191] Freeing SMP alternatives memory: 28K
[    0.093191] smpboot: Estimated ratio of average max frequency by base frequency (times 1024): 1220
[    0.093191] smpboot: CPU0: Intel(R) Core(TM) i5-4278U CPU @ 2.60GHz (family: 0x6, model: 0x45, stepping: 0x1)
[    0.093191] cblist_init_generic: Setting adjustable number of callback queues.
[    0.093191] cblist_init_generic: Setting shift to 2 and lim to 1.
[    0.093191] Performance Events: PEBS fmt2+, Haswell events, 16-deep LBR, full-width counters, Intel PMU driver.
[    0.093191] ... version:                3
[    0.093191] ... bit width:              48
[    0.093191] ... generic registers:      4
[    0.093191] ... value mask:             0000ffffffffffff
[    0.093191] ... max period:             00007fffffffffff
[    0.093191] ... fixed-purpose events:   3
[    0.093191] ... event mask:             000000070000000f
[    0.093191] rcu: Hierarchical SRCU implementation.
[    0.093191] smp: Bringing up secondary CPUs ...
[    0.093191] x86: Booting SMP configuration:
[    0.093191] .... node  #0, CPUs:      #1 #2
[    0.093191] MDS CPU bug present and SMT on, data leak possible. See https://www.kernel.org/doc/html/latest/admin-guide/hw-vuln/mds.html for more details.
[    0.093191]  #3
[    0.093191] smp: Brought up 1 node, 4 CPUs
[    0.093191] smpboot: Max logical packages: 1
[    0.093191] smpboot: Total of 4 processors activated (20799.97 BogoMIPS)
[    0.093191] devtmpfs: initialized
[    0.093191] ACPI: PM: Registering ACPI NVS region [mem 0x8ad10000-0x8ad52fff] (274432 bytes)
[    0.093191] clocksource: jiffies: mask: 0xffffffff max_cycles: 0xffffffff, max_idle_ns: 19112604462750000 ns
[    0.093191] futex hash table entries: 1024 (order: 4, 65536 bytes, linear)
[    0.093191] NET: Registered PF_NETLINK/PF_ROUTE protocol family
[    0.093191] thermal_sys: Registered thermal governor 'step_wise'
[    0.093191] thermal_sys: Registered thermal governor 'user_space'
[    0.093191] cpuidle: using governor ladder
[    0.093191] cpuidle: using governor menu
[    0.093191] acpiphp: ACPI Hot Plug PCI Controller Driver version: 0.5
[    0.093191] PCI: MMCONFIG for domain 0000 [bus 00-9b] at [mem 0xe0000000-0xe9bfffff] (base 0xe0000000)
[    0.093191] PCI: not using MMCONFIG
[    0.093191] PCI: Using configuration type 1 for base access
[    0.093191] core: PMU erratum BJ122, BV98, HSD29 worked around, HT is on
[    0.093191] ENERGY_PERF_BIAS: Set to 'normal', was 'performance'
[    0.093191] cryptd: max_cpu_qlen set to 1000
[    0.093191] ACPI: Disabled all _OSI OS vendors
[    0.093191] ACPI: Added _OSI(Module Device)
[    0.093191] ACPI: Added _OSI(Processor Device)
[    0.093191] ACPI: Added _OSI(3.0 _SCP Extensions)
[    0.093191] ACPI: Added _OSI(Processor Aggregator Device)
[    0.093191] ACPI: Added _OSI(Linux-Dell-Video)
[    0.093191] ACPI: Added _OSI(Linux-Lenovo-NV-HDMI-Audio)
[    0.093191] ACPI: Added _OSI(Linux-HPI-Hybrid-Graphics)
[    0.093191] ACPI: Added _OSI(Darwin)
[    0.094987] ACPI: 10 ACPI AML tables successfully acquired and loaded
[    0.095354] ACPI: EC: EC started
[    0.095356] ACPI: EC: interrupt blocked
[    0.096435] ACPI: EC: EC_CMD/EC_SC=0x66, EC_DATA=0x62
[    0.096439] ACPI: EC: Boot ECDT EC used to handle transactions
[    0.096622] ACPI: BIOS _OSI(Darwin) query honored via DMI
[    0.096936] ACPI: [Firmware Bug]: BIOS _OSI(Linux) query ignored
[    0.096973] ACPI Error: Needed type [Reference], found [Integer] 0000000035db64a3 (20211217/exresop-69)
[    0.096973] ACPI Error: AE_AML_OPERAND_TYPE, While resolving operands for [OpcodeName unavailable] (20211217/dswexec-434)
[    0.096973] ACPI Error: Aborting method \_PR.CPU0._PDC due to previous error (AE_AML_OPERAND_TYPE) (20211217/psparse-531)
[    0.096973] ACPI: Dynamic OEM Table Load:
[    0.096973] ACPI: SSDT 0xFFFFA0DE40AF7800 00067C (v01 PmRef  ApIst    00003000 INTL 20100915)
[    0.096973] ACPI: Dynamic OEM Table Load:
[    0.096973] ACPI: SSDT 0xFFFFA0DE40C8F600 000119 (v01 PmRef  ApCst    00003000 INTL 20100915)
[    0.096973] ACPI: Interpreter enabled
[    0.096973] ACPI: PM: (supports S0 S3 S4 S5)
[    0.096973] ACPI: Using IOAPIC for interrupt routing
[    0.096973] PCI: MMCONFIG for domain 0000 [bus 00-9b] at [mem 0xe0000000-0xe9bfffff] (base 0xe0000000)
[    0.096973] PCI: MMCONFIG at [mem 0xe0000000-0xe9bfffff] reserved in ACPI motherboard resources
[    0.096973] PCI: Using host bridge windows from ACPI; if necessary, use "pci=nocrs" and report a bug
[    0.096973] ACPI: Enabled 4 GPEs in block 00 to 7F
[    0.106802] ACPI: PCI Root Bridge [PCI0] (domain 0000 [bus 00-ff])
[    0.106809] acpi PNP0A08:00: _OSC: OS assumes control of [PCIeHotplug SHPCHotplug AER PCIeCapability LTR DPC]
[    0.106815] acpi PNP0A08:00: [Firmware Info]: MMCONFIG for domain 0000 [bus 00-9b] only partially covers this bridge
[    0.106971] PCI host bridge to bus 0000:00
[    0.106975] pci_bus 0000:00: root bus resource [io  0x0000-0x0cf7 window]
[    0.106978] pci_bus 0000:00: root bus resource [io  0x0d00-0xffff window]
[    0.106981] pci_bus 0000:00: root bus resource [mem 0x000a0000-0x000fffff window]
[    0.106984] pci_bus 0000:00: root bus resource [mem 0x8fa00000-0xfeafffff window]
[    0.106987] pci_bus 0000:00: root bus resource [mem 0xfed40000-0xfed44fff window]
[    0.106990] pci_bus 0000:00: root bus resource [bus 00-ff]
[    0.107001] pci 0000:00:00.0: [8086:0a04] type 00 class 0x060000
[    0.107079] pci 0000:00:02.0: [8086:0a2e] type 00 class 0x030000
[    0.107089] pci 0000:00:02.0: reg 0x10: [mem 0xb0000000-0xb03fffff 64bit]
[    0.107096] pci 0000:00:02.0: reg 0x18: [mem 0xa0000000-0xafffffff 64bit pref]
[    0.107101] pci 0000:00:02.0: reg 0x20: [io  0x2000-0x203f]
[    0.107113] pci 0000:00:02.0: BAR 2: assigned to efifb
[    0.107117] pci 0000:00:02.0: Video device with shadowed ROM at [mem 0x000c0000-0x000dffff]
[    0.107206] pci 0000:00:03.0: [8086:0a0c] type 00 class 0x040300
[    0.107215] pci 0000:00:03.0: reg 0x10: [mem 0xb0c10000-0xb0c13fff 64bit]
[    0.107330] pci 0000:00:14.0: [8086:9c31] type 00 class 0x0c0330
[    0.107346] pci 0000:00:14.0: reg 0x10: [mem 0xb0c00000-0xb0c0ffff 64bit]
[    0.107396] pci 0000:00:14.0: PME# supported from D3hot D3cold
[    0.107578] pci 0000:00:16.0: [8086:9c3a] type 00 class 0x078000
[    0.107597] pci 0000:00:16.0: reg 0x10: [mem 0xb0c2a100-0xb0c2a11f 64bit]
[    0.107657] pci 0000:00:16.0: PME# supported from D0 D3hot D3cold
[    0.107709] pci 0000:00:1b.0: [8086:9c20] type 00 class 0x040300
[    0.107724] pci 0000:00:1b.0: reg 0x10: [mem 0xb0c14000-0xb0c17fff 64bit]
[    0.107785] pci 0000:00:1b.0: PME# supported from D0 D3hot D3cold
[    0.107843] pci 0000:00:1c.0: [8086:9c10] type 01 class 0x060400
[    0.107902] pci 0000:00:1c.0: PME# supported from D0 D3hot D3cold
[    0.107919] pci 0000:00:1c.0: Enabling MPC IRBNCE
[    0.107922] pci 0000:00:1c.0: Intel PCH root port ACS workaround enabled
[    0.108013] pci 0000:00:1c.1: [8086:9c12] type 01 class 0x060400
[    0.108079] pci 0000:00:1c.1: PME# supported from D0 D3hot D3cold
[    0.108096] pci 0000:00:1c.1: Enabling MPC IRBNCE
[    0.108098] pci 0000:00:1c.1: Intel PCH root port ACS workaround enabled
[    0.108189] pci 0000:00:1c.2: [8086:9c14] type 01 class 0x060400
[    0.108255] pci 0000:00:1c.2: PME# supported from D0 D3hot D3cold
[    0.108271] pci 0000:00:1c.2: Enabling MPC IRBNCE
[    0.108274] pci 0000:00:1c.2: Intel PCH root port ACS workaround enabled
[    0.108361] pci 0000:00:1c.4: [8086:9c18] type 01 class 0x060400
[    0.108427] pci 0000:00:1c.4: PME# supported from D0 D3hot D3cold
[    0.108443] pci 0000:00:1c.4: Enabling MPC IRBNCE
[    0.108446] pci 0000:00:1c.4: Intel PCH root port ACS workaround enabled
[    0.108540] pci 0000:00:1c.5: [8086:9c1a] type 01 class 0x060400
[    0.108606] pci 0000:00:1c.5: PME# supported from D0 D3hot D3cold
[    0.108622] pci 0000:00:1c.5: Enabling MPC IRBNCE
[    0.108625] pci 0000:00:1c.5: Intel PCH root port ACS workaround enabled
[    0.108718] pci 0000:00:1f.0: [8086:9c43] type 00 class 0x060100
[    0.108867] pci 0000:00:1f.3: [8086:9c22] type 00 class 0x0c0500
[    0.108882] pci 0000:00:1f.3: reg 0x10: [mem 0xb0c2a000-0xb0c2a0ff 64bit]
[    0.108901] pci 0000:00:1f.3: reg 0x20: [io  0xefa0-0xefbf]
[    0.108983] pci 0000:00:1c.0: PCI bridge to [bus 01]
[    0.109043] pci 0000:02:00.0: [14e4:1570] type 00 class 0x048000
[    0.109066] pci 0000:02:00.0: reg 0x10: [mem 0xb0b00000-0xb0b0ffff 64bit]
[    0.109082] pci 0000:02:00.0: reg 0x18: [mem 0x90000000-0x9fffffff 64bit pref]
[    0.109098] pci 0000:02:00.0: reg 0x20: [mem 0xb0a00000-0xb0afffff 64bit]
[    0.109191] pci 0000:02:00.0: supports D1
[    0.109194] pci 0000:02:00.0: PME# supported from D0 D3hot
[    0.109297] pci 0000:00:1c.1: PCI bridge to [bus 02]
[    0.109302] pci 0000:00:1c.1:   bridge window [mem 0xb0a00000-0xb0bfffff]
[    0.109308] pci 0000:00:1c.1:   bridge window [mem 0x90000000-0x9fffffff 64bit pref]
[    0.109366] pci 0000:03:00.0: [14e4:43ba] type 00 class 0x028000
[    0.109389] pci 0000:03:00.0: reg 0x10: [mem 0xb0800000-0xb0807fff 64bit]
[    0.109404] pci 0000:03:00.0: reg 0x18: [mem 0xb0400000-0xb07fffff 64bit]
[    0.109525] pci 0000:03:00.0: supports D1 D2
[    0.109527] pci 0000:03:00.0: PME# supported from D0 D1 D2 D3hot D3cold
[    0.109668] pci 0000:00:1c.2: PCI bridge to [bus 03]
[    0.109674] pci 0000:00:1c.2:   bridge window [mem 0xb0400000-0xb08fffff]
[    0.109738] pci 0000:05:00.0: [8086:156d] type 01 class 0x060400
[    0.109792] pci 0000:05:00.0: enabling Extended Tags
[    0.109874] pci 0000:05:00.0: supports D1 D2
[    0.109876] pci 0000:05:00.0: PME# supported from D0 D1 D2 D3hot D3cold
[    0.133220] pci 0000:00:1c.4: PCI bridge to [bus 05-6b]
[    0.133226] pci 0000:00:1c.4:   bridge window [io  0x3000-0x5fff]
[    0.133230] pci 0000:00:1c.4:   bridge window [mem 0xb0d00000-0xbd1fffff]
[    0.133235] pci 0000:00:1c.4:   bridge window [mem 0xbd200000-0xc93fffff 64bit pref]
[    0.133339] pci 0000:06:00.0: [8086:156d] type 01 class 0x060400
[    0.133397] pci 0000:06:00.0: enabling Extended Tags
[    0.133481] pci 0000:06:00.0: supports D1 D2
[    0.133483] pci 0000:06:00.0: PME# supported from D0 D1 D2 D3hot D3cold
[    0.133594] pci 0000:06:03.0: [8086:156d] type 01 class 0x060400
[    0.133651] pci 0000:06:03.0: enabling Extended Tags
[    0.133734] pci 0000:06:03.0: supports D1 D2
[    0.133736] pci 0000:06:03.0: PME# supported from D0 D1 D2 D3hot D3cold
[    0.133844] pci 0000:06:04.0: [8086:156d] type 01 class 0x060400
[    0.133894] pci 0000:06:04.0: enabling Extended Tags
[    0.133981] pci 0000:06:04.0: supports D1 D2
[    0.133983] pci 0000:06:04.0: PME# supported from D0 D1 D2 D3hot D3cold
[    0.134086] pci 0000:06:05.0: [8086:156d] type 01 class 0x060400
[    0.134136] pci 0000:06:05.0: enabling Extended Tags
[    0.134222] pci 0000:06:05.0: supports D1 D2
[    0.134224] pci 0000:06:05.0: PME# supported from D0 D1 D2 D3hot D3cold
[    0.134328] pci 0000:06:06.0: [8086:156d] type 01 class 0x060400
[    0.134377] pci 0000:06:06.0: enabling Extended Tags
[    0.134463] pci 0000:06:06.0: supports D1 D2
[    0.134465] pci 0000:06:06.0: PME# supported from D0 D1 D2 D3hot D3cold
[    0.134575] pci 0000:05:00.0: PCI bridge to [bus 06-6b]
[    0.134582] pci 0000:05:00.0:   bridge window [io  0x3000-0x4fff]
[    0.134587] pci 0000:05:00.0:   bridge window [mem 0xb0d00000-0xb91fffff]
[    0.134594] pci 0000:05:00.0:   bridge window [mem 0xbd200000-0xc53fffff 64bit pref]
[    0.134671] pci 0000:07:00.0: [8086:156c] type 00 class 0x088000
[    0.134694] pci 0000:07:00.0: reg 0x10: [mem 0xb0d00000-0xb0d3ffff]
[    0.134708] pci 0000:07:00.0: reg 0x14: [mem 0xb0d40000-0xb0d40fff]
[    0.134774] pci 0000:07:00.0: enabling Extended Tags
[    0.134886] pci 0000:07:00.0: supports D1 D2
[    0.134888] pci 0000:07:00.0: PME# supported from D0 D1 D2 D3hot D3cold
[    0.163228] pci 0000:06:00.0: PCI bridge to [bus 07]
[    0.163240] pci 0000:06:00.0:   bridge window [mem 0xb0d00000-0xb0dfffff]
[    0.163358] pci 0000:08:00.0: [8086:1513] type 01 class 0x060400
[    0.163462] pci 0000:08:00.0: enabling Extended Tags
[    0.163616] pci 0000:08:00.0: supports D1 D2
[    0.163619] pci 0000:08:00.0: PME# supported from D0 D1 D2 D3hot D3cold
[    0.193227] pci 0000:06:03.0: PCI bridge to [bus 08-38]
[    0.193236] pci 0000:06:03.0:   bridge window [io  0x3000-0x3fff]
[    0.193241] pci 0000:06:03.0:   bridge window [mem 0xb0e00000-0xb51fffff]
[    0.193248] pci 0000:06:03.0:   bridge window [mem 0xbd200000-0xc13fffff 64bit pref]
[    0.193339] acpiphp: Slot [1] registered
[    0.193363] acpiphp: Slot [2] registered
[    0.193387] acpiphp: Slot [3] registered
[    0.193410] acpiphp: Slot [4] registered
[    0.193433] acpiphp: Slot [5] registered
[    0.193488] pci 0000:09:00.0: [8086:1513] type 01 class 0x060400
[    0.193597] pci 0000:09:00.0: enabling Extended Tags
[    0.193756] pci 0000:09:00.0: supports D1 D2
[    0.193758] pci 0000:09:00.0: PME# supported from D0 D1 D2 D3hot D3cold
[    0.193930] pci 0000:09:01.0: [8086:1513] type 01 class 0x060400
[    0.194039] pci 0000:09:01.0: enabling Extended Tags
[    0.194197] pci 0000:09:01.0: supports D1 D2
[    0.194199] pci 0000:09:01.0: PME# supported from D0 D1 D2 D3hot D3cold
[    0.194353] pci 0000:09:02.0: [8086:1513] type 01 class 0x060400
[    0.194462] pci 0000:09:02.0: enabling Extended Tags
[    0.194620] pci 0000:09:02.0: supports D1 D2
[    0.194622] pci 0000:09:02.0: PME# supported from D0 D1 D2 D3hot D3cold
[    0.194781] pci 0000:09:04.0: [8086:1513] type 01 class 0x060400
[    0.194890] pci 0000:09:04.0: enabling Extended Tags
[    0.195050] pci 0000:09:04.0: supports D1 D2
[    0.195052] pci 0000:09:04.0: PME# supported from D0 D1 D2 D3hot D3cold
[    0.195225] pci 0000:09:05.0: [8086:1513] type 01 class 0x060400
[    0.195320] pci 0000:09:05.0: enabling Extended Tags
[    0.195480] pci 0000:09:05.0: supports D1 D2
[    0.195482] pci 0000:09:05.0: PME# supported from D0 D1 D2 D3hot D3cold
[    0.195670] pci 0000:08:00.0: PCI bridge to [bus 09-18]
[    0.195688] pci 0000:08:00.0:   bridge window [mem 0xb0e00000-0xb11fffff]
[    0.195700] pci 0000:08:00.0:   bridge window [mem 0xbd200000-0xbd3fffff 64bit pref]
[    0.195792] acpiphp: Slot [1-1] registered
[    0.195850] pci 0000:0a:00.0: [12d8:400c] type 01 class 0x060400
[    0.196205] pci 0000:0a:00.0: supports D1 D2
[    0.196207] pci 0000:0a:00.0: PME# supported from D0 D1 D2 D3hot D3cold
[    0.223234] pci 0000:09:00.0: PCI bridge to [bus 0a-0c]
[    0.223252] pci 0000:09:00.0:   bridge window [mem 0xb1100000-0xb11fffff]
[    0.223425] pci 0000:0b:03.0: [12d8:400c] type 01 class 0x060400
[    0.223734] pci 0000:0b:03.0: supports D1 D2
[    0.223736] pci 0000:0b:03.0: PME# supported from D0 D1 D2 D3hot D3cold
[    0.223930] pci 0000:0a:00.0: PCI bridge to [bus 0b-0c]
[    0.223953] pci 0000:0a:00.0:   bridge window [mem 0xb1100000-0xb11fffff]
[    0.224110] pci 0000:0c:00.0: [12d8:400e] type 00 class 0x0c0310
[    0.224158] pci 0000:0c:00.0: reg 0x10: [mem 0xb1101000-0xb1101fff]
[    0.224446] pci 0000:0c:00.0: supports D1 D2
[    0.224448] pci 0000:0c:00.0: PME# supported from D0 D1 D2 D3hot D3cold
[    0.224597] pci 0000:0c:00.1: [12d8:400e] type 00 class 0x0c0310
[    0.224644] pci 0000:0c:00.1: reg 0x10: [mem 0xb1100000-0xb1100fff]
[    0.224932] pci 0000:0c:00.1: supports D1 D2
[    0.224934] pci 0000:0c:00.1: PME# supported from D0 D1 D2 D3hot D3cold
[    0.225059] pci 0000:0c:00.2: [12d8:400f] type 00 class 0x0c0320
[    0.225106] pci 0000:0c:00.2: reg 0x10: [mem 0xb1102000-0xb11020ff]
[    0.225393] pci 0000:0c:00.2: supports D1 D2
[    0.225395] pci 0000:0c:00.2: PME# supported from D0 D1 D2 D3hot D3cold
[    0.225635] pci 0000:0b:03.0: PCI bridge to [bus 0c]
[    0.225658] pci 0000:0b:03.0:   bridge window [mem 0xb1100000-0xb11fffff]
[    0.225820] pci 0000:0d:00.0: [14e4:16b0] type 00 class 0x020000
[    0.225883] pci 0000:0d:00.0: reg 0x10: [mem 0xbd300000-0xbd30ffff 64bit pref]
[    0.225926] pci 0000:0d:00.0: reg 0x18: [mem 0xbd310000-0xbd31ffff 64bit pref]
[    0.226236] pci 0000:0d:00.0: PME# supported from D0 D3hot D3cold
[    0.253249] pci 0000:09:01.0: PCI bridge to [bus 0d]
[    0.253277] pci 0000:09:01.0:   bridge window [mem 0xbd300000-0xbd3fffff 64bit pref]
[    0.253388] pci 0000:0e:00.0: [11c1:5901] type 00 class 0x0c0010
[    0.253452] pci 0000:0e:00.0: reg 0x10: [mem 0xb1000000-0xb1000fff 64bit]
[    0.253777] pci 0000:0e:00.0: supports D1 D2
[    0.253779] pci 0000:0e:00.0: PME# supported from D0 D1 D2 D3hot D3cold
[    0.283249] pci 0000:09:02.0: PCI bridge to [bus 0e]
[    0.283266] pci 0000:09:02.0:   bridge window [mem 0xb1000000-0xb10fffff]
[    0.283441] pci 0000:0f:00.0: [8086:1513] type 01 class 0x060400
[    0.283599] pci 0000:0f:00.0: enabling Extended Tags
[    0.283835] pci 0000:0f:00.0: supports D1 D2
[    0.283837] pci 0000:0f:00.0: PME# supported from D0 D1 D2 D3hot D3cold
[    0.313239] pci 0000:09:04.0: PCI bridge to [bus 0f-17]
[    0.313257] pci 0000:09:04.0:   bridge window [mem 0xb0e00000-0xb0ffffff]
[    0.313270] pci 0000:09:04.0:   bridge window [mem 0xbd200000-0xbd2fffff 64bit pref]
[    0.313392] acpiphp: Slot [1-2] registered
[    0.313418] acpiphp: Slot [2-1] registered
[    0.313444] acpiphp: Slot [3-1] registered
[    0.313469] acpiphp: Slot [4-1] registered
[    0.313551] pci 0000:10:00.0: [8086:1513] type 01 class 0x060400
[    0.313716] pci 0000:10:00.0: enabling Extended Tags
[    0.313956] pci 0000:10:00.0: supports D1 D2
[    0.313959] pci 0000:10:00.0: PME# supported from D0 D1 D2 D3hot D3cold
[    0.314200] pci 0000:10:01.0: [8086:1513] type 01 class 0x060400
[    0.314365] pci 0000:10:01.0: enabling Extended Tags
[    0.314605] pci 0000:10:01.0: supports D1 D2
[    0.314607] pci 0000:10:01.0: PME# supported from D0 D1 D2 D3hot D3cold
[    0.314831] pci 0000:10:02.0: [8086:1513] type 01 class 0x060400
[    0.314995] pci 0000:10:02.0: enabling Extended Tags
[    0.315235] pci 0000:10:02.0: supports D1 D2
[    0.315237] pci 0000:10:02.0: PME# supported from D0 D1 D2 D3hot D3cold
[    0.315467] pci 0000:10:04.0: [8086:1513] type 01 class 0x060400
[    0.315608] pci 0000:10:04.0: enabling Extended Tags
[    0.315851] pci 0000:10:04.0: supports D1 D2
[    0.315853] pci 0000:10:04.0: PME# supported from D0 D1 D2 D3hot D3cold
[    0.316098] pci 0000:10:05.0: [8086:1513] type 01 class 0x060400
[    0.316240] pci 0000:10:05.0: enabling Extended Tags
[    0.316483] pci 0000:10:05.0: supports D1 D2
[    0.316485] pci 0000:10:05.0: PME# supported from D0 D1 D2 D3hot D3cold
[    0.316757] pci 0000:0f:00.0: PCI bridge to [bus 10-17]
[    0.316782] pci 0000:0f:00.0:   bridge window [mem 0xb0e00000-0xb0ffffff]
[    0.316800] pci 0000:0f:00.0:   bridge window [mem 0xbd200000-0xbd2fffff 64bit pref]
[    0.316917] acpiphp: Slot [1-3] registered
[    0.316995] pci 0000:11:00.0: [12d8:400c] type 01 class 0x060400
[    0.317482] pci 0000:11:00.0: supports D1 D2
[    0.317484] pci 0000:11:00.0: PME# supported from D0 D1 D2 D3hot D3cold
[    0.317767] pci 0000:10:00.0: PCI bridge to [bus 11-13]
[    0.317792] pci 0000:10:00.0:   bridge window [mem 0xb0f00000-0xb0ffffff]
[    0.318026] pci 0000:12:03.0: [12d8:400c] type 01 class 0x060400
[    0.318447] pci 0000:12:03.0: supports D1 D2
[    0.318449] pci 0000:12:03.0: PME# supported from D0 D1 D2 D3hot D3cold
[    0.318704] pci 0000:11:00.0: PCI bridge to [bus 12-13]
[    0.318735] pci 0000:11:00.0:   bridge window [mem 0xb0f00000-0xb0ffffff]
[    0.318947] pci 0000:13:00.0: [12d8:400e] type 00 class 0x0c0310
[    0.319011] pci 0000:13:00.0: reg 0x10: [mem 0xb0f01000-0xb0f01fff]
[    0.319404] pci 0000:13:00.0: supports D1 D2
[    0.319406] pci 0000:13:00.0: PME# supported from D0 D1 D2 D3hot D3cold
[    0.319607] pci 0000:13:00.1: [12d8:400e] type 00 class 0x0c0310
[    0.319671] pci 0000:13:00.1: reg 0x10: [mem 0xb0f00000-0xb0f00fff]
[    0.320064] pci 0000:13:00.1: supports D1 D2
[    0.320067] pci 0000:13:00.1: PME# supported from D0 D1 D2 D3hot D3cold
[    0.320227] pci 0000:13:00.2: [12d8:400f] type 00 class 0x0c0320
[    0.320291] pci 0000:13:00.2: reg 0x10: [mem 0xb0f02000-0xb0f020ff]
[    0.320684] pci 0000:13:00.2: supports D1 D2
[    0.320686] pci 0000:13:00.2: PME# supported from D0 D1 D2 D3hot D3cold
[    0.321021] pci 0000:12:03.0: PCI bridge to [bus 13]
[    0.321051] pci 0000:12:03.0:   bridge window [mem 0xb0f00000-0xb0ffffff]
[    0.321276] pci 0000:14:00.0: [14e4:16b0] type 00 class 0x020000
[    0.321362] pci 0000:14:00.0: reg 0x10: [mem 0xbd200000-0xbd20ffff 64bit pref]
[    0.321419] pci 0000:14:00.0: reg 0x18: [mem 0xbd210000-0xbd21ffff 64bit pref]
[    0.321844] pci 0000:14:00.0: PME# supported from D0 D3hot D3cold
[    0.322161] pci 0000:10:01.0: PCI bridge to [bus 14]
[    0.322201] pci 0000:10:01.0:   bridge window [mem 0xbd200000-0xbd2fffff 64bit pref]
[    0.322355] pci 0000:15:00.0: [11c1:5901] type 00 class 0x0c0010
[    0.322441] pci 0000:15:00.0: reg 0x10: [mem 0xb0e00000-0xb0e00fff 64bit]
[    0.322881] pci 0000:15:00.0: supports D1 D2
[    0.322883] pci 0000:15:00.0: PME# supported from D0 D1 D2 D3hot D3cold
[    0.323176] pci 0000:10:02.0: PCI bridge to [bus 15]
[    0.323201] pci 0000:10:02.0:   bridge window [mem 0xb0e00000-0xb0efffff]
[    0.323340] pci 0000:10:04.0: PCI bridge to [bus 16]
[    0.323473] pci 0000:10:05.0: PCI bridge to [bus 17]
[    0.323675] pci 0000:09:05.0: PCI bridge to [bus 18]
[    0.323824] pci 0000:06:04.0: PCI bridge to [bus 39]
[    0.323894] pci 0000:06:05.0: PCI bridge to [bus 3a-6a]
[    0.323901] pci 0000:06:05.0:   bridge window [io  0x4000-0x4fff]
[    0.323906] pci 0000:06:05.0:   bridge window [mem 0xb5200000-0xb91fffff]
[    0.323914] pci 0000:06:05.0:   bridge window [mem 0xc1400000-0xc53fffff 64bit pref]
[    0.323956] pci 0000:06:06.0: PCI bridge to [bus 6b]
[    0.324055] pci 0000:04:00.0: [1c5c:174a] type 00 class 0x010802
[    0.324080] pci 0000:04:00.0: reg 0x10: [mem 0xb0900000-0xb0903fff 64bit]
[    0.324091] pci 0000:04:00.0: reg 0x18: [mem 0xb0905000-0xb0905fff]
[    0.324102] pci 0000:04:00.0: reg 0x1c: [mem 0xb0904000-0xb0904fff]
[    0.324252] pci 0000:04:00.0: 16.000 Gb/s available PCIe bandwidth, limited by 5.0 GT/s PCIe x4 link at 0000:00:1c.5 (capable of 31.504 Gb/s with 8.0 GT/s PCIe x4 link)
[    0.324456] pci 0000:00:1c.5: PCI bridge to [bus 04]
[    0.324462] pci 0000:00:1c.5:   bridge window [mem 0xb0900000-0xb09fffff]
[    0.324486] pci_bus 0000:00: on NUMA node 0
[    0.325225] ACPI: PCI: Interrupt link LNKA configured for IRQ 0
[    0.325229] ACPI: PCI: Interrupt link LNKA disabled
[    0.325263] ACPI: PCI: Interrupt link LNKB configured for IRQ 0
[    0.325265] ACPI: PCI: Interrupt link LNKB disabled
[    0.325296] ACPI: PCI: Interrupt link LNKC configured for IRQ 0
[    0.325299] ACPI: PCI: Interrupt link LNKC disabled
[    0.325330] ACPI: PCI: Interrupt link LNKD configured for IRQ 0
[    0.325332] ACPI: PCI: Interrupt link LNKD disabled
[    0.325363] ACPI: PCI: Interrupt link LNKE configured for IRQ 0
[    0.325365] ACPI: PCI: Interrupt link LNKE disabled
[    0.325396] ACPI: PCI: Interrupt link LNKF configured for IRQ 0
[    0.325399] ACPI: PCI: Interrupt link LNKF disabled
[    0.325431] ACPI: PCI: Interrupt link LNKG configured for IRQ 0
[    0.325433] ACPI: PCI: Interrupt link LNKG disabled
[    0.325464] ACPI: PCI: Interrupt link LNKH configured for IRQ 0
[    0.325466] ACPI: PCI: Interrupt link LNKH disabled
[    0.325615] ACPI: EC: interrupt unblocked
[    0.325618] ACPI: EC: event unblocked
[    0.325627] ACPI: EC: EC_CMD/EC_SC=0x66, EC_DATA=0x62
[    0.325630] ACPI: EC: GPE=0x4e
[    0.325633] ACPI: \_SB_.PCI0.LPCB.EC__: Boot ECDT EC initialization complete
[    0.325638] ACPI: \_SB_.PCI0.LPCB.EC__: EC: Used to handle transactions and events
[    0.325693] iommu: Default domain type: Translated
[    0.325695] iommu: DMA domain TLB invalidation policy: lazy mode
[    0.325738] SCSI subsystem initialized
[    0.325745] libata version 3.00 loaded.
[    0.325803] Registered efivars operations
[    0.325906] PCI: Using ACPI for IRQ routing
[    0.331085] PCI: pci_cache_line_size set to 64 bytes
[    0.331332] e820: reserve RAM buffer [mem 0x00058000-0x0005ffff]
[    0.331334] e820: reserve RAM buffer [mem 0x0008f000-0x0008ffff]
[    0.331336] e820: reserve RAM buffer [mem 0x73d4c190-0x73ffffff]
[    0.331337] e820: reserve RAM buffer [mem 0x73d6f190-0x73ffffff]
[    0.331338] e820: reserve RAM buffer [mem 0x8ad10000-0x8bffffff]
[    0.331340] e820: reserve RAM buffer [mem 0x8ad62000-0x8bffffff]
[    0.331341] e820: reserve RAM buffer [mem 0x8ae39000-0x8bffffff]
[    0.331343] e820: reserve RAM buffer [mem 0x8aed2000-0x8bffffff]
[    0.331344] e820: reserve RAM buffer [mem 0x8af84000-0x8bffffff]
[    0.331345] e820: reserve RAM buffer [mem 0x8b000000-0x8bffffff]
[    0.331346] e820: reserve RAM buffer [mem 0x46f600000-0x46fffffff]
[    0.331359] pci 0000:00:02.0: vgaarb: setting as boot VGA device
[    0.331359] pci 0000:00:02.0: vgaarb: bridge control possible
[    0.331359] pci 0000:00:02.0: vgaarb: VGA device added: decodes=io+mem,owns=io+mem,locks=none
[    0.331359] vgaarb: loaded
[    0.331359] clocksource: Switched to clocksource tsc-early
[    0.331359] pnp: PnP ACPI init
[    0.331359] system 00:00: [mem 0xfed00000-0xfed03fff] has been reserved
[    0.331359] system 00:01: [io  0xffff] has been reserved
[    0.331359] system 00:01: [io  0x1800-0x187f] has been reserved
[    0.331359] system 00:01: [io  0x0800-0x087f] has been reserved
[    0.331359] system 00:03: [mem 0xfed1c000-0xfed1ffff] has been reserved
[    0.331359] system 00:03: [mem 0xfed10000-0xfed17fff] has been reserved
[    0.331359] system 00:03: [mem 0xfed18000-0xfed18fff] has been reserved
[    0.331359] system 00:03: [mem 0xfed19000-0xfed19fff] has been reserved
[    0.331359] system 00:03: [mem 0xe0000000-0xefffffff] could not be reserved
[    0.331359] system 00:03: [mem 0xfed20000-0xfed3ffff] has been reserved
[    0.331359] system 00:03: [mem 0xfed90000-0xfed93fff] could not be reserved
[    0.331359] system 00:03: [mem 0xfed45000-0xfed8ffff] has been reserved
[    0.331359] system 00:03: [mem 0xff000000-0xffffffff] could not be reserved
[    0.331359] system 00:03: [mem 0xfee00000-0xfeefffff] has been reserved
[    0.331359] system 00:04: [mem 0x20000000-0x201fffff] could not be reserved
[    0.331359] system 00:04: [mem 0x40000000-0x401fffff] could not be reserved
[    0.331359] pnp: PnP ACPI: found 5 devices
[    0.331359] pci 0000:00:02.0: assigning 3 device properties
[    0.331359] pci 0000:07:00.0: assigning 9 device properties
[    0.331359] pci 0000:08:00.0: assigning 3 device properties
[    0.331359] pci 0000:0f:00.0: assigning 3 device properties
[    0.331359] pci 0000:0e:00.0: assigning 2 device properties
[    0.331359] pci 0000:15:00.0: assigning 2 device properties
[    0.331359] pci 0000:00:1b.0: assigning 4 device properties
[    0.335246] clocksource: acpi_pm: mask: 0xffffff max_cycles: 0xffffff, max_idle_ns: 2085701024 ns
[    0.335285] NET: Registered PF_INET protocol family
[    0.335448] IP idents hash table entries: 262144 (order: 9, 2097152 bytes, linear)
[    0.338129] tcp_listen_portaddr_hash hash table entries: 8192 (order: 5, 131072 bytes, linear)
[    0.338166] TCP established hash table entries: 131072 (order: 8, 1048576 bytes, linear)
[    0.338390] TCP bind hash table entries: 65536 (order: 8, 1048576 bytes, linear)
[    0.338533] TCP: Hash tables configured (established 131072 bind 65536)
[    0.338563] UDP hash table entries: 8192 (order: 6, 262144 bytes, linear)
[    0.338607] UDP-Lite hash table entries: 8192 (order: 6, 262144 bytes, linear)
[    0.338677] NET: Registered PF_UNIX/PF_LOCAL protocol family
[    0.338751] RPC: Registered named UNIX socket transport module.
[    0.338755] RPC: Registered udp transport module.
[    0.338759] RPC: Registered tcp transport module.
[    0.338762] RPC: Registered tcp NFSv4.1 backchannel transport module.
[    0.338774] pci 0000:06:00.0: bridge window [io  0x1000-0x0fff] to [bus 07] add_size 1000
[    0.338783] pci 0000:06:00.0: bridge window [mem 0x00100000-0x000fffff 64bit pref] to [bus 07] add_size 200000 add_align 100000
[    0.338797] pci 0000:10:04.0: bridge window [io  0x1000-0x0fff] to [bus 16] add_size 1000
[    0.338804] pci 0000:10:04.0: bridge window [mem 0x00100000-0x000fffff 64bit pref] to [bus 16] add_size 200000 add_align 100000
[    0.338812] pci 0000:10:04.0: bridge window [mem 0x00100000-0x000fffff] to [bus 16] add_size 200000 add_align 100000
[    0.338820] pci 0000:10:05.0: bridge window [io  0x1000-0x0fff] to [bus 17] add_size 1000
[    0.338826] pci 0000:10:05.0: bridge window [mem 0x00100000-0x000fffff 64bit pref] to [bus 17] add_size 200000 add_align 100000
[    0.338834] pci 0000:10:05.0: bridge window [mem 0x00100000-0x000fffff] to [bus 17] add_size 200000 add_align 100000
[    0.338842] pci 0000:0f:00.0: bridge window [io  0x1000-0x0fff] to [bus 10-17] add_size 2000
[    0.338849] pci 0000:09:04.0: bridge window [io  0x1000-0x0fff] to [bus 0f-17] add_size 3000
[    0.338856] pci 0000:09:05.0: bridge window [io  0x1000-0x0fff] to [bus 18] add_size 1000
[    0.338862] pci 0000:09:05.0: bridge window [mem 0x00100000-0x000fffff 64bit pref] to [bus 18] add_size 200000 add_align 100000
[    0.338870] pci 0000:09:05.0: bridge window [mem 0x00100000-0x000fffff] to [bus 18] add_size 200000 add_align 100000
[    0.338879] pci 0000:08:00.0: bridge window [io  0x1000-0x0fff] to [bus 09-18] add_size 4000
[    0.338886] pci 0000:06:04.0: bridge window [io  0x1000-0x0fff] to [bus 39] add_size 1000
[    0.338892] pci 0000:06:04.0: bridge window [mem 0x00100000-0x000fffff 64bit pref] to [bus 39] add_size 200000 add_align 100000
[    0.338900] pci 0000:06:04.0: bridge window [mem 0x00100000-0x000fffff] to [bus 39] add_size 200000 add_align 100000
[    0.338908] pci 0000:06:06.0: bridge window [io  0x1000-0x0fff] to [bus 6b] add_size 1000
[    0.338914] pci 0000:06:06.0: bridge window [mem 0x00100000-0x000fffff 64bit pref] to [bus 6b] add_size 200000 add_align 100000
[    0.338921] pci 0000:06:06.0: bridge window [mem 0x00100000-0x000fffff] to [bus 6b] add_size 200000 add_align 100000
[    0.338934] pci 0000:00:1c.0: PCI bridge to [bus 01]
[    0.338947] pci 0000:00:1c.1: PCI bridge to [bus 02]
[    0.338954] pci 0000:00:1c.1:   bridge window [mem 0xb0a00000-0xb0bfffff]
[    0.338961] pci 0000:00:1c.1:   bridge window [mem 0x90000000-0x9fffffff 64bit pref]
[    0.338971] pci 0000:00:1c.2: PCI bridge to [bus 03]
[    0.338977] pci 0000:00:1c.2:   bridge window [mem 0xb0400000-0xb08fffff]
[    0.338993] pci 0000:06:00.0: BAR 9: no space for [mem size 0x00200000 64bit pref]
[    0.339000] pci 0000:06:00.0: BAR 9: failed to assign [mem size 0x00200000 64bit pref]
[    0.339006] pci 0000:06:04.0: BAR 8: no space for [mem size 0x00200000]
[    0.339011] pci 0000:06:04.0: BAR 8: failed to assign [mem size 0x00200000]
[    0.339017] pci 0000:06:04.0: BAR 9: no space for [mem size 0x00200000 64bit pref]
[    0.339022] pci 0000:06:04.0: BAR 9: failed to assign [mem size 0x00200000 64bit pref]
[    0.339028] pci 0000:06:06.0: BAR 8: no space for [mem size 0x00200000]
[    0.339033] pci 0000:06:06.0: BAR 8: failed to assign [mem size 0x00200000]
[    0.339039] pci 0000:06:06.0: BAR 9: no space for [mem size 0x00200000 64bit pref]
[    0.339045] pci 0000:06:06.0: BAR 9: failed to assign [mem size 0x00200000 64bit pref]
[    0.339051] pci 0000:06:00.0: BAR 7: no space for [io  size 0x1000]
[    0.339056] pci 0000:06:00.0: BAR 7: failed to assign [io  size 0x1000]
[    0.339061] pci 0000:06:04.0: BAR 7: no space for [io  size 0x1000]
[    0.339066] pci 0000:06:04.0: BAR 7: failed to assign [io  size 0x1000]
[    0.339071] pci 0000:06:06.0: BAR 7: no space for [io  size 0x1000]
[    0.339075] pci 0000:06:06.0: BAR 7: failed to assign [io  size 0x1000]
[    0.339082] pci 0000:06:06.0: BAR 8: no space for [mem size 0x00200000]
[    0.339087] pci 0000:06:06.0: BAR 8: failed to assign [mem size 0x00200000]
[    0.339093] pci 0000:06:06.0: BAR 9: no space for [mem size 0x00200000 64bit pref]
[    0.339098] pci 0000:06:06.0: BAR 9: failed to assign [mem size 0x00200000 64bit pref]
[    0.339104] pci 0000:06:06.0: BAR 7: no space for [io  size 0x1000]
[    0.339109] pci 0000:06:06.0: BAR 7: failed to assign [io  size 0x1000]
[    0.339114] pci 0000:06:04.0: BAR 8: no space for [mem size 0x00200000]
[    0.339119] pci 0000:06:04.0: BAR 8: failed to assign [mem size 0x00200000]
[    0.339125] pci 0000:06:04.0: BAR 9: no space for [mem size 0x00200000 64bit pref]
[    0.339131] pci 0000:06:04.0: BAR 9: failed to assign [mem size 0x00200000 64bit pref]
[    0.339137] pci 0000:06:04.0: BAR 7: no space for [io  size 0x1000]
[    0.339141] pci 0000:06:04.0: BAR 7: failed to assign [io  size 0x1000]
[    0.339148] pci 0000:06:00.0: BAR 9: no space for [mem size 0x00200000 64bit pref]
[    0.339153] pci 0000:06:00.0: BAR 9: failed to assign [mem size 0x00200000 64bit pref]
[    0.339159] pci 0000:06:00.0: BAR 7: no space for [io  size 0x1000]
[    0.339164] pci 0000:06:00.0: BAR 7: failed to assign [io  size 0x1000]
[    0.339170] pci 0000:06:00.0: PCI bridge to [bus 07]
[    0.339178] pci 0000:06:00.0:   bridge window [mem 0xb0d00000-0xb0dfffff]
[    0.339192] pci 0000:08:00.0: BAR 7: no space for [io  size 0x4000]
[    0.339197] pci 0000:08:00.0: BAR 7: failed to assign [io  size 0x4000]
[    0.339202] pci 0000:08:00.0: BAR 7: no space for [io  size 0x4000]
[    0.339207] pci 0000:08:00.0: BAR 7: failed to assign [io  size 0x4000]
[    0.339213] pci 0000:09:05.0: BAR 8: no space for [mem size 0x00200000]
[    0.339218] pci 0000:09:05.0: BAR 8: failed to assign [mem size 0x00200000]
[    0.339225] pci 0000:09:05.0: BAR 9: no space for [mem size 0x00200000 64bit pref]
[    0.339230] pci 0000:09:05.0: BAR 9: failed to assign [mem size 0x00200000 64bit pref]
[    0.339236] pci 0000:09:04.0: BAR 7: no space for [io  size 0x3000]
[    0.339241] pci 0000:09:04.0: BAR 7: failed to assign [io  size 0x3000]
[    0.339246] pci 0000:09:05.0: BAR 7: no space for [io  size 0x1000]
[    0.339250] pci 0000:09:05.0: BAR 7: failed to assign [io  size 0x1000]
[    0.339256] pci 0000:09:05.0: BAR 8: no space for [mem size 0x00200000]
[    0.339261] pci 0000:09:05.0: BAR 8: failed to assign [mem size 0x00200000]
[    0.339267] pci 0000:09:05.0: BAR 9: no space for [mem size 0x00200000 64bit pref]
[    0.339273] pci 0000:09:05.0: BAR 9: failed to assign [mem size 0x00200000 64bit pref]
[    0.339278] pci 0000:09:05.0: BAR 7: no space for [io  size 0x1000]
[    0.339283] pci 0000:09:05.0: BAR 7: failed to assign [io  size 0x1000]
[    0.339288] pci 0000:09:04.0: BAR 7: no space for [io  size 0x3000]
[    0.339293] pci 0000:09:04.0: BAR 7: failed to assign [io  size 0x3000]
[    0.339299] pci 0000:0b:03.0: PCI bridge to [bus 0c]
[    0.339314] pci 0000:0b:03.0:   bridge window [mem 0xb1100000-0xb11fffff]
[    0.339340] pci 0000:0a:00.0: PCI bridge to [bus 0b-0c]
[    0.339355] pci 0000:0a:00.0:   bridge window [mem 0xb1100000-0xb11fffff]
[    0.339381] pci 0000:09:00.0: PCI bridge to [bus 0a-0c]
[    0.339393] pci 0000:09:00.0:   bridge window [mem 0xb1100000-0xb11fffff]
[    0.339414] pci 0000:09:01.0: PCI bridge to [bus 0d]
[    0.339431] pci 0000:09:01.0:   bridge window [mem 0xbd300000-0xbd3fffff 64bit pref]
[    0.339447] pci 0000:09:02.0: PCI bridge to [bus 0e]
[    0.339459] pci 0000:09:02.0:   bridge window [mem 0xb1000000-0xb10fffff]
[    0.339480] pci 0000:0f:00.0: BAR 7: no space for [io  size 0x2000]
[    0.339485] pci 0000:0f:00.0: BAR 7: failed to assign [io  size 0x2000]
[    0.339490] pci 0000:0f:00.0: BAR 7: no space for [io  size 0x2000]
[    0.339495] pci 0000:0f:00.0: BAR 7: failed to assign [io  size 0x2000]
[    0.339502] pci 0000:10:04.0: BAR 8: no space for [mem size 0x00200000]
[    0.339507] pci 0000:10:04.0: BAR 8: failed to assign [mem size 0x00200000]
[    0.339513] pci 0000:10:04.0: BAR 9: no space for [mem size 0x00200000 64bit pref]
[    0.339519] pci 0000:10:04.0: BAR 9: failed to assign [mem size 0x00200000 64bit pref]
[    0.339524] pci 0000:10:05.0: BAR 8: no space for [mem size 0x00200000]
[    0.339529] pci 0000:10:05.0: BAR 8: failed to assign [mem size 0x00200000]
[    0.339535] pci 0000:10:05.0: BAR 9: no space for [mem size 0x00200000 64bit pref]
[    0.339541] pci 0000:10:05.0: BAR 9: failed to assign [mem size 0x00200000 64bit pref]
[    0.339546] pci 0000:10:04.0: BAR 7: no space for [io  size 0x1000]
[    0.339551] pci 0000:10:04.0: BAR 7: failed to assign [io  size 0x1000]
[    0.339556] pci 0000:10:05.0: BAR 7: no space for [io  size 0x1000]
[    0.339561] pci 0000:10:05.0: BAR 7: failed to assign [io  size 0x1000]
[    0.339566] pci 0000:10:05.0: BAR 8: no space for [mem size 0x00200000]
[    0.339571] pci 0000:10:05.0: BAR 8: failed to assign [mem size 0x00200000]
[    0.339577] pci 0000:10:05.0: BAR 9: no space for [mem size 0x00200000 64bit pref]
[    0.339583] pci 0000:10:05.0: BAR 9: failed to assign [mem size 0x00200000 64bit pref]
[    0.339589] pci 0000:10:05.0: BAR 7: no space for [io  size 0x1000]
[    0.339593] pci 0000:10:05.0: BAR 7: failed to assign [io  size 0x1000]
[    0.339598] pci 0000:10:04.0: BAR 8: no space for [mem size 0x00200000]
[    0.339603] pci 0000:10:04.0: BAR 8: failed to assign [mem size 0x00200000]
[    0.339609] pci 0000:10:04.0: BAR 9: no space for [mem size 0x00200000 64bit pref]
[    0.339615] pci 0000:10:04.0: BAR 9: failed to assign [mem size 0x00200000 64bit pref]
[    0.339620] pci 0000:10:04.0: BAR 7: no space for [io  size 0x1000]
[    0.339625] pci 0000:10:04.0: BAR 7: failed to assign [io  size 0x1000]
[    0.339631] pci 0000:12:03.0: PCI bridge to [bus 13]
[    0.339649] pci 0000:12:03.0:   bridge window [mem 0xb0f00000-0xb0ffffff]
[    0.339683] pci 0000:11:00.0: PCI bridge to [bus 12-13]
[    0.339702] pci 0000:11:00.0:   bridge window [mem 0xb0f00000-0xb0ffffff]
[    0.339736] pci 0000:10:00.0: PCI bridge to [bus 11-13]
[    0.339752] pci 0000:10:00.0:   bridge window [mem 0xb0f00000-0xb0ffffff]
[    0.339780] pci 0000:10:01.0: PCI bridge to [bus 14]
[    0.339804] pci 0000:10:01.0:   bridge window [mem 0xbd200000-0xbd2fffff 64bit pref]
[    0.339825] pci 0000:10:02.0: PCI bridge to [bus 15]
[    0.339841] pci 0000:10:02.0:   bridge window [mem 0xb0e00000-0xb0efffff]
[    0.339869] pci 0000:10:04.0: PCI bridge to [bus 16]
[    0.339908] pci 0000:10:05.0: PCI bridge to [bus 17]
[    0.339947] pci 0000:0f:00.0: PCI bridge to [bus 10-17]
[    0.339963] pci 0000:0f:00.0:   bridge window [mem 0xb0e00000-0xb0ffffff]
[    0.339976] pci 0000:0f:00.0:   bridge window [mem 0xbd200000-0xbd2fffff 64bit pref]
[    0.339996] pci 0000:09:04.0: PCI bridge to [bus 0f-17]
[    0.340009] pci 0000:09:04.0:   bridge window [mem 0xb0e00000-0xb0ffffff]
[    0.340019] pci 0000:09:04.0:   bridge window [mem 0xbd200000-0xbd2fffff 64bit pref]
[    0.340035] pci 0000:09:05.0: PCI bridge to [bus 18]
[    0.340063] pci 0000:08:00.0: PCI bridge to [bus 09-18]
[    0.340074] pci 0000:08:00.0:   bridge window [mem 0xb0e00000-0xb11fffff]
[    0.340084] pci 0000:08:00.0:   bridge window [mem 0xbd200000-0xbd3fffff 64bit pref]
[    0.340100] pci 0000:06:03.0: PCI bridge to [bus 08-38]
[    0.340106] pci 0000:06:03.0:   bridge window [io  0x3000-0x3fff]
[    0.340115] pci 0000:06:03.0:   bridge window [mem 0xb0e00000-0xb51fffff]
[    0.340122] pci 0000:06:03.0:   bridge window [mem 0xbd200000-0xc13fffff 64bit pref]
[    0.340133] pci 0000:06:04.0: PCI bridge to [bus 39]
[    0.340149] pci 0000:06:05.0: PCI bridge to [bus 3a-6a]
[    0.340155] pci 0000:06:05.0:   bridge window [io  0x4000-0x4fff]
[    0.340164] pci 0000:06:05.0:   bridge window [mem 0xb5200000-0xb91fffff]
[    0.340171] pci 0000:06:05.0:   bridge window [mem 0xc1400000-0xc53fffff 64bit pref]
[    0.340182] pci 0000:06:06.0: PCI bridge to [bus 6b]
[    0.340198] pci 0000:05:00.0: PCI bridge to [bus 06-6b]
[    0.340204] pci 0000:05:00.0:   bridge window [io  0x3000-0x4fff]
[    0.340212] pci 0000:05:00.0:   bridge window [mem 0xb0d00000-0xb91fffff]
[    0.340220] pci 0000:05:00.0:   bridge window [mem 0xbd200000-0xc53fffff 64bit pref]
[    0.340230] pci 0000:00:1c.4: PCI bridge to [bus 05-6b]
[    0.340235] pci 0000:00:1c.4:   bridge window [io  0x3000-0x5fff]
[    0.340242] pci 0000:00:1c.4:   bridge window [mem 0xb0d00000-0xbd1fffff]
[    0.340249] pci 0000:00:1c.4:   bridge window [mem 0xbd200000-0xc93fffff 64bit pref]
[    0.340258] pci 0000:00:1c.5: PCI bridge to [bus 04]
[    0.340265] pci 0000:00:1c.5:   bridge window [mem 0xb0900000-0xb09fffff]
[    0.340275] pci_bus 0000:00: resource 4 [io  0x0000-0x0cf7 window]
[    0.340280] pci_bus 0000:00: resource 5 [io  0x0d00-0xffff window]
[    0.340285] pci_bus 0000:00: resource 6 [mem 0x000a0000-0x000fffff window]
[    0.340291] pci_bus 0000:00: resource 7 [mem 0x8fa00000-0xfeafffff window]
[    0.340296] pci_bus 0000:00: resource 8 [mem 0xfed40000-0xfed44fff window]
[    0.340302] pci_bus 0000:02: resource 1 [mem 0xb0a00000-0xb0bfffff]
[    0.340306] pci_bus 0000:02: resource 2 [mem 0x90000000-0x9fffffff 64bit pref]
[    0.340312] pci_bus 0000:03: resource 1 [mem 0xb0400000-0xb08fffff]
[    0.340317] pci_bus 0000:05: resource 0 [io  0x3000-0x5fff]
[    0.340322] pci_bus 0000:05: resource 1 [mem 0xb0d00000-0xbd1fffff]
[    0.340327] pci_bus 0000:05: resource 2 [mem 0xbd200000-0xc93fffff 64bit pref]
[    0.340333] pci_bus 0000:06: resource 0 [io  0x3000-0x4fff]
[    0.340337] pci_bus 0000:06: resource 1 [mem 0xb0d00000-0xb91fffff]
[    0.340342] pci_bus 0000:06: resource 2 [mem 0xbd200000-0xc53fffff 64bit pref]
[    0.340348] pci_bus 0000:07: resource 1 [mem 0xb0d00000-0xb0dfffff]
[    0.340353] pci_bus 0000:08: resource 0 [io  0x3000-0x3fff]
[    0.340357] pci_bus 0000:08: resource 1 [mem 0xb0e00000-0xb51fffff]
[    0.340362] pci_bus 0000:08: resource 2 [mem 0xbd200000-0xc13fffff 64bit pref]
[    0.340368] pci_bus 0000:09: resource 1 [mem 0xb0e00000-0xb11fffff]
[    0.340373] pci_bus 0000:09: resource 2 [mem 0xbd200000-0xbd3fffff 64bit pref]
[    0.340379] pci_bus 0000:0a: resource 1 [mem 0xb1100000-0xb11fffff]
[    0.340384] pci_bus 0000:0b: resource 1 [mem 0xb1100000-0xb11fffff]
[    0.340389] pci_bus 0000:0c: resource 1 [mem 0xb1100000-0xb11fffff]
[    0.340394] pci_bus 0000:0d: resource 2 [mem 0xbd300000-0xbd3fffff 64bit pref]
[    0.340400] pci_bus 0000:0e: resource 1 [mem 0xb1000000-0xb10fffff]
[    0.340405] pci_bus 0000:0f: resource 1 [mem 0xb0e00000-0xb0ffffff]
[    0.340410] pci_bus 0000:0f: resource 2 [mem 0xbd200000-0xbd2fffff 64bit pref]
[    0.340416] pci_bus 0000:10: resource 1 [mem 0xb0e00000-0xb0ffffff]
[    0.340421] pci_bus 0000:10: resource 2 [mem 0xbd200000-0xbd2fffff 64bit pref]
[    0.340426] pci_bus 0000:11: resource 1 [mem 0xb0f00000-0xb0ffffff]
[    0.340431] pci_bus 0000:12: resource 1 [mem 0xb0f00000-0xb0ffffff]
[    0.340436] pci_bus 0000:13: resource 1 [mem 0xb0f00000-0xb0ffffff]
[    0.340441] pci_bus 0000:14: resource 2 [mem 0xbd200000-0xbd2fffff 64bit pref]
[    0.340447] pci_bus 0000:15: resource 1 [mem 0xb0e00000-0xb0efffff]
[    0.340453] pci_bus 0000:3a: resource 0 [io  0x4000-0x4fff]
[    0.340458] pci_bus 0000:3a: resource 1 [mem 0xb5200000-0xb91fffff]
[    0.340463] pci_bus 0000:3a: resource 2 [mem 0xc1400000-0xc53fffff 64bit pref]
[    0.340469] pci_bus 0000:04: resource 1 [mem 0xb0900000-0xb09fffff]
[    0.340862] pci 0000:05:00.0: CLS mismatch (256 != 128), using 64 bytes
[    0.340890] pci 0000:0c:00.0: MSI is not implemented on this device, disabling it
[    0.340895] pci 0000:0c:00.0: PME# is unreliable, disabling it
[    0.341278] pci 0000:0c:00.1: MSI is not implemented on this device, disabling it
[    0.341284] pci 0000:0c:00.1: PME# is unreliable, disabling it
[    0.341390] pci 0000:0c:00.2: MSI is not implemented on this device, disabling it
[    0.341395] pci 0000:0c:00.2: PME# is unreliable, disabling it
[    0.341460] pci 0000:0c:00.2: EHCI: unrecognized capability 00
[    0.341518] pci 0000:13:00.0: MSI is not implemented on this device, disabling it
[    0.341524] pci 0000:13:00.0: PME# is unreliable, disabling it
[    0.341844] pci 0000:13:00.1: MSI is not implemented on this device, disabling it
[    0.341849] pci 0000:13:00.1: PME# is unreliable, disabling it
[    0.341972] pci 0000:13:00.2: MSI is not implemented on this device, disabling it
[    0.341977] pci 0000:13:00.2: PME# is unreliable, disabling it
[    0.342054] pci 0000:13:00.2: EHCI: unrecognized capability 00
[    0.342134] DMAR: No ATSR found
[    0.342137] DMAR: No SATC found
[    0.342141] DMAR: IOMMU feature pgsel_inv inconsistent
[    0.342143] DMAR: IOMMU feature sc_support inconsistent
[    0.342147] DMAR: IOMMU feature pass_through inconsistent
[    0.342151] DMAR: dmar0: Using Queued invalidation
[    0.342151] Unpacking initramfs...
[    0.342160] DMAR: dmar1: Using Queued invalidation
[    0.438295] pci 0000:00:00.0: Adding to iommu group 0
[    0.438327] pci 0000:00:02.0: Adding to iommu group 1
[    0.438349] pci 0000:00:03.0: Adding to iommu group 2
[    0.438370] pci 0000:00:14.0: Adding to iommu group 3
[    0.438401] pci 0000:00:16.0: Adding to iommu group 4
[    0.438420] pci 0000:00:1b.0: Adding to iommu group 5
[    0.438441] pci 0000:00:1c.0: Adding to iommu group 6
[    0.438461] pci 0000:00:1c.1: Adding to iommu group 7
[    0.438481] pci 0000:00:1c.2: Adding to iommu group 8
[    0.438502] pci 0000:00:1c.4: Adding to iommu group 9
[    0.438522] pci 0000:00:1c.5: Adding to iommu group 10
[    0.438558] pci 0000:00:1f.0: Adding to iommu group 11
[    0.438578] pci 0000:00:1f.3: Adding to iommu group 11
[    0.438597] pci 0000:02:00.0: Adding to iommu group 12
[    0.438617] pci 0000:03:00.0: Adding to iommu group 13
[    0.438637] pci 0000:05:00.0: Adding to iommu group 14
[    0.438658] pci 0000:06:00.0: Adding to iommu group 15
[    0.438678] pci 0000:06:03.0: Adding to iommu group 16
[    0.438699] pci 0000:06:04.0: Adding to iommu group 17
[    0.438719] pci 0000:06:05.0: Adding to iommu group 18
[    0.438740] pci 0000:06:06.0: Adding to iommu group 19
[    0.438749] pci 0000:07:00.0: Adding to iommu group 15
[    0.438758] pci 0000:08:00.0: Adding to iommu group 16
[    0.438767] pci 0000:09:00.0: Adding to iommu group 16
[    0.438776] pci 0000:09:01.0: Adding to iommu group 16
[    0.438786] pci 0000:09:02.0: Adding to iommu group 16
[    0.438794] pci 0000:09:04.0: Adding to iommu group 16
[    0.438803] pci 0000:09:05.0: Adding to iommu group 16
[    0.438813] pci 0000:0a:00.0: Adding to iommu group 16
[    0.438821] pci 0000:0b:03.0: Adding to iommu group 16
[    0.438830] pci 0000:0c:00.0: Adding to iommu group 16
[    0.438838] pci 0000:0c:00.1: Adding to iommu group 16
[    0.438846] pci 0000:0c:00.2: Adding to iommu group 16
[    0.438855] pci 0000:0d:00.0: Adding to iommu group 16
[    0.438863] pci 0000:0e:00.0: Adding to iommu group 16
[    0.438872] pci 0000:0f:00.0: Adding to iommu group 16
[    0.438882] pci 0000:10:00.0: Adding to iommu group 16
[    0.438890] pci 0000:10:01.0: Adding to iommu group 16
[    0.438899] pci 0000:10:02.0: Adding to iommu group 16
[    0.438907] pci 0000:10:04.0: Adding to iommu group 16
[    0.438915] pci 0000:10:05.0: Adding to iommu group 16
[    0.438924] pci 0000:11:00.0: Adding to iommu group 16
[    0.438933] pci 0000:12:03.0: Adding to iommu group 16
[    0.438942] pci 0000:13:00.0: Adding to iommu group 16
[    0.438951] pci 0000:13:00.1: Adding to iommu group 16
[    0.438959] pci 0000:13:00.2: Adding to iommu group 16
[    0.438968] pci 0000:14:00.0: Adding to iommu group 16
[    0.438977] pci 0000:15:00.0: Adding to iommu group 16
[    0.438996] pci 0000:04:00.0: Adding to iommu group 20
[    0.441096] DMAR: Intel(R) Virtualization Technology for Directed I/O
[    0.441102] PCI-DMA: Using software bounce buffering for IO (SWIOTLB)
[    0.441105] software IO TLB: mapped [mem 0x000000006c76e000-0x000000007076e000] (64MB)
[    0.441116] ACPI: bus type thunderbolt registered
[    0.441288] thunderbolt 0000:07:00.0: total paths: 12
[    0.441553] thunderbolt 0000:07:00.0: allocating TX ring 0 of size 10
[    0.441590] thunderbolt 0000:07:00.0: allocating RX ring 0 of size 10
[    0.441613] thunderbolt 0000:07:00.0: control channel created
[    0.441617] thunderbolt 0000:07:00.0: ICM not supported on this controller
[    0.441629] thunderbolt 0000:07:00.0: freeing RX ring 0
[    0.441639] thunderbolt 0000:07:00.0: freeing TX ring 0
[    0.441653] thunderbolt 0000:07:00.0: allocating TX ring 0 of size 10
[    0.441663] thunderbolt 0000:07:00.0: allocating RX ring 0 of size 10
[    0.441674] thunderbolt 0000:07:00.0: control channel created
[    0.441677] thunderbolt 0000:07:00.0: using software connection manager
[    0.441680] thunderbolt 0000:07:00.0: device link creation from 0000:06:00.0 failed
[    0.441727] thunderbolt 0000:07:00.0: created link from 0000:06:03.0
[    0.441744] thunderbolt 0000:07:00.0: created link from 0000:06:04.0
[    0.441760] thunderbolt 0000:07:00.0: created link from 0000:06:05.0
[    0.441776] thunderbolt 0000:07:00.0: created link from 0000:06:06.0
[    0.441921] thunderbolt 0000:07:00.0: NHI initialized, starting thunderbolt
[    0.441923] thunderbolt 0000:07:00.0: control channel starting...
[    0.441925] thunderbolt 0000:07:00.0: starting TX ring 0
[    0.441933] thunderbolt 0000:07:00.0: enabling interrupt at register 0x38200 bit 0 (0x0 -> 0x1)
[    0.441937] thunderbolt 0000:07:00.0: starting RX ring 0
[    0.441944] thunderbolt 0000:07:00.0: enabling interrupt at register 0x38200 bit 12 (0x1 -> 0x1001)
[    0.441949] thunderbolt 0000:07:00.0: security level set to user
[    0.442112] thunderbolt 0000:07:00.0: current switch config:
[    0.442114] thunderbolt 0000:07:00.0:  Thunderbolt 2 Switch: 8086:156d (Revision: 0, TB Version: 2)
[    0.442118] thunderbolt 0000:07:00.0:   Max Port Number: 12
[    0.442120] thunderbolt 0000:07:00.0:   Config:
[    0.442122] thunderbolt 0000:07:00.0:    Upstream Port Number: 5 Depth: 0 Route String: 0x0 Enabled: 1, PlugEventsDelay: 255ms
[    0.442125] thunderbolt 0000:07:00.0:    unknown1: 0x0 unknown4: 0x0
[    0.443932] Freeing initrd memory: 7308K
[    0.554991] thunderbolt 0000:07:00.0: initializing Switch at 0x0 (depth: 0, up port: 5)
[    0.555630] thunderbolt 0000:07:00.0: 0: DROM version: 1
[    0.557037] thunderbolt 0000:07:00.0: 0: uid: 0x1000f0811ee60
[    0.558957] thunderbolt 0000:07:00.0:  Port 1: 8086:156d (Revision: 0, TB Version: 1, Type: Port (0x1))
[    0.558960] thunderbolt 0000:07:00.0:   Max hop id (in/out): 15/15
[    0.558962] thunderbolt 0000:07:00.0:   Max counters: 16
[    0.558963] thunderbolt 0000:07:00.0:   NFC Credits: 0x3c00000
[    0.558964] thunderbolt 0000:07:00.0:   Credits (total/control): 60/2
[    0.560876] thunderbolt 0000:07:00.0:  Port 2: 8086:156d (Revision: 0, TB Version: 1, Type: Port (0x1))
[    0.560878] thunderbolt 0000:07:00.0:   Max hop id (in/out): 15/15
[    0.560879] thunderbolt 0000:07:00.0:   Max counters: 16
[    0.560880] thunderbolt 0000:07:00.0:   NFC Credits: 0x3c00000
[    0.560881] thunderbolt 0000:07:00.0:   Credits (total/control): 60/2
[    0.562795] thunderbolt 0000:07:00.0:  Port 3: 8086:156d (Revision: 0, TB Version: 1, Type: Port (0x1))
[    0.562798] thunderbolt 0000:07:00.0:   Max hop id (in/out): 15/15
[    0.562799] thunderbolt 0000:07:00.0:   Max counters: 16
[    0.562800] thunderbolt 0000:07:00.0:   NFC Credits: 0x3c00000
[    0.562801] thunderbolt 0000:07:00.0:   Credits (total/control): 60/2
[    0.564715] thunderbolt 0000:07:00.0:  Port 4: 8086:156d (Revision: 0, TB Version: 1, Type: Port (0x1))
[    0.564718] thunderbolt 0000:07:00.0:   Max hop id (in/out): 15/15
[    0.564719] thunderbolt 0000:07:00.0:   Max counters: 16
[    0.564720] thunderbolt 0000:07:00.0:   NFC Credits: 0x3c00000
[    0.564721] thunderbolt 0000:07:00.0:   Credits (total/control): 60/2
[    0.565483] thunderbolt 0000:07:00.0:  Port 5: 8086:156d (Revision: 0, TB Version: 1, Type: NHI (0x2))
[    0.565486] thunderbolt 0000:07:00.0:   Max hop id (in/out): 11/11
[    0.565487] thunderbolt 0000:07:00.0:   Max counters: 16
[    0.565488] thunderbolt 0000:07:00.0:   NFC Credits: 0xf00000
[    0.565489] thunderbolt 0000:07:00.0:   Credits (total/control): 15/0
[    0.565739] thunderbolt 0000:07:00.0:  Port 6: 8086:156d (Revision: 0, TB Version: 1, Type: PCIe (0x100101))
[    0.565742] thunderbolt 0000:07:00.0:   Max hop id (in/out): 8/8
[    0.565743] thunderbolt 0000:07:00.0:   Max counters: 2
[    0.565744] thunderbolt 0000:07:00.0:   NFC Credits: 0x700000
[    0.565746] thunderbolt 0000:07:00.0:   Credits (total/control): 7/0
[    0.565996] random: fast init done
[    0.565996] thunderbolt 0000:07:00.0:  Port 7: 8086:156d (Revision: 0, TB Version: 1, Type: PCIe (0x100101))
[    0.566001] thunderbolt 0000:07:00.0:   Max hop id (in/out): 8/8
[    0.566003] thunderbolt 0000:07:00.0:   Max counters: 2
[    0.566005] thunderbolt 0000:07:00.0:   NFC Credits: 0x700000
[    0.566006] thunderbolt 0000:07:00.0:   Credits (total/control): 7/0
[    0.566251] thunderbolt 0000:07:00.0:  Port 8: 8086:156d (Revision: 0, TB Version: 1, Type: PCIe (0x100101))
[    0.566253] thunderbolt 0000:07:00.0:   Max hop id (in/out): 8/8
[    0.566255] thunderbolt 0000:07:00.0:   Max counters: 2
[    0.566256] thunderbolt 0000:07:00.0:   NFC Credits: 0x700000
[    0.566257] thunderbolt 0000:07:00.0:   Credits (total/control): 7/0
[    0.566507] thunderbolt 0000:07:00.0:  Port 9: 8086:156d (Revision: 0, TB Version: 1, Type: PCIe (0x100101))
[    0.566509] thunderbolt 0000:07:00.0:   Max hop id (in/out): 8/8
[    0.566510] thunderbolt 0000:07:00.0:   Max counters: 2
[    0.566511] thunderbolt 0000:07:00.0:   NFC Credits: 0x700000
[    0.566512] thunderbolt 0000:07:00.0:   Credits (total/control): 7/0
[    0.566513] thunderbolt 0000:07:00.0: 0:a: disabled by eeprom
[    0.566763] thunderbolt 0000:07:00.0:  Port 11: 8086:156d (Revision: 0, TB Version: 1, Type: DP/HDMI (0xe0101))
[    0.566765] thunderbolt 0000:07:00.0:   Max hop id (in/out): 9/9
[    0.566767] thunderbolt 0000:07:00.0:   Max counters: 2
[    0.566767] thunderbolt 0000:07:00.0:   NFC Credits: 0xf00000
[    0.566769] thunderbolt 0000:07:00.0:   Credits (total/control): 15/0
[    0.567019] thunderbolt 0000:07:00.0:  Port 12: 8086:156d (Revision: 0, TB Version: 1, Type: DP/HDMI (0xe0101))
[    0.567021] thunderbolt 0000:07:00.0:   Max hop id (in/out): 9/9
[    0.567023] thunderbolt 0000:07:00.0:   Max counters: 2
[    0.567023] thunderbolt 0000:07:00.0:   NFC Credits: 0xf0000b
[    0.567025] thunderbolt 0000:07:00.0:   Credits (total/control): 15/0
[    0.572011] thunderbolt 0000:07:00.0: 0: TMU: current mode: HiFi
[    0.572141] thunderbolt 0000:07:00.0: 0:1: is unplugged (state: 7)
[    0.572267] thunderbolt 0000:07:00.0: 0:3: is connected, link is up (state: 2)
[    0.572523] thunderbolt 0000:07:00.0: current switch config:
[    0.572524] thunderbolt 0000:07:00.0:  Thunderbolt 1 Switch: 8086:1513 (Revision: 2, TB Version: 1)
[    0.572526] thunderbolt 0000:07:00.0:   Max Port Number: 13
[    0.572527] thunderbolt 0000:07:00.0:   Config:
[    0.572528] thunderbolt 0000:07:00.0:    Upstream Port Number: 1 Depth: 1 Route String: 0x3 Enabled: 1, PlugEventsDelay: 255ms
[    0.572530] thunderbolt 0000:07:00.0:    unknown1: 0x0 unknown4: 0x0
[    0.577131] thunderbolt 0000:07:00.0: initializing Switch at 0x3 (depth: 1, up port: 1)
[    0.594537] thunderbolt 0000:07:00.0: 3: reading drom (length: 0x97)
[    1.088194] thunderbolt 0000:07:00.0: 3: DROM version: 1
[    1.089218] thunderbolt 0000:07:00.0: 3: uid: 0x1000100189170
[    1.092162] thunderbolt 0000:07:00.0:  Port 1: 8086:1513 (Revision: 2, TB Version: 1, Type: Port (0x1))
[    1.092164] thunderbolt 0000:07:00.0:   Max hop id (in/out): 63/63
[    1.092165] thunderbolt 0000:07:00.0:   Max counters: 32
[    1.092166] thunderbolt 0000:07:00.0:   NFC Credits: 0x3c00000
[    1.092167] thunderbolt 0000:07:00.0:   Credits (total/control): 60/2
[    1.095105] thunderbolt 0000:07:00.0:  Port 2: 8086:1513 (Revision: 2, TB Version: 1, Type: Port (0x1))
[    1.095107] thunderbolt 0000:07:00.0:   Max hop id (in/out): 63/63
[    1.095108] thunderbolt 0000:07:00.0:   Max counters: 32
[    1.095109] thunderbolt 0000:07:00.0:   NFC Credits: 0x3c0000e
[    1.095110] thunderbolt 0000:07:00.0:   Credits (total/control): 60/2
[    1.098049] thunderbolt 0000:07:00.0:  Port 3: 8086:1513 (Revision: 2, TB Version: 1, Type: Port (0x1))
[    1.098050] thunderbolt 0000:07:00.0:   Max hop id (in/out): 63/63
[    1.098051] thunderbolt 0000:07:00.0:   Max counters: 32
[    1.098052] thunderbolt 0000:07:00.0:   NFC Credits: 0x3c00000
[    1.098053] thunderbolt 0000:07:00.0:   Credits (total/control): 60/2
[    1.100993] thunderbolt 0000:07:00.0:  Port 4: 8086:1513 (Revision: 2, TB Version: 1, Type: Port (0x1))
[    1.100994] thunderbolt 0000:07:00.0:   Max hop id (in/out): 63/63
[    1.100995] thunderbolt 0000:07:00.0:   Max counters: 32
[    1.100996] thunderbolt 0000:07:00.0:   NFC Credits: 0x3c00000
[    1.100997] thunderbolt 0000:07:00.0:   Credits (total/control): 60/2
[    1.100998] thunderbolt 0000:07:00.0: 3:5: disabled by eeprom
[    1.100999] thunderbolt 0000:07:00.0: 3:6: disabled by eeprom
[    1.101888] thunderbolt 0000:07:00.0:  Port 7: 8086:1513 (Revision: 2, TB Version: 1, Type: PCIe (0x100101))
[    1.101890] thunderbolt 0000:07:00.0:   Max hop id (in/out): 8/8
[    1.101891] thunderbolt 0000:07:00.0:   Max counters: 1
[    1.101892] thunderbolt 0000:07:00.0:   NFC Credits: 0x700000
[    1.101893] thunderbolt 0000:07:00.0:   Credits (total/control): 7/0
[    1.102785] thunderbolt 0000:07:00.0:  Port 8: 8086:1513 (Revision: 2, TB Version: 1, Type: PCIe (0x100101))
[    1.102786] thunderbolt 0000:07:00.0:   Max hop id (in/out): 8/8
[    1.102787] thunderbolt 0000:07:00.0:   Max counters: 1
[    1.102788] thunderbolt 0000:07:00.0:   NFC Credits: 0x700000
[    1.102789] thunderbolt 0000:07:00.0:   Credits (total/control): 7/0
[    1.102791] thunderbolt 0000:07:00.0: 3:9: disabled by eeprom
[    1.103681] thunderbolt 0000:07:00.0:  Port 10: 8086:1513 (Revision: 2, TB Version: 1, Type: PCIe (0x100102))
[    1.103683] thunderbolt 0000:07:00.0:   Max hop id (in/out): 8/8
[    1.103684] thunderbolt 0000:07:00.0:   Max counters: 1
[    1.103685] thunderbolt 0000:07:00.0:   NFC Credits: 0x700000
[    1.103686] thunderbolt 0000:07:00.0:   Credits (total/control): 7/0
[    1.104833] thunderbolt 0000:07:00.0:  Port 11: 8086:1513 (Revision: 2, TB Version: 1, Type: DP/HDMI (0xe0102))
[    1.104835] thunderbolt 0000:07:00.0:   Max hop id (in/out): 9/9
[    1.104836] thunderbolt 0000:07:00.0:   Max counters: 2
[    1.104837] thunderbolt 0000:07:00.0:   NFC Credits: 0x700000
[    1.104838] thunderbolt 0000:07:00.0:   Credits (total/control): 7/0
[    1.104839] thunderbolt 0000:07:00.0: 3:c: disabled by eeprom
[    1.104840] thunderbolt 0000:07:00.0: 3:d: disabled by eeprom
[    1.122677] thunderbolt 0000:07:00.0: 3: TMU: current mode: bi-directional, HiFi
[    1.122693] thunderbolt 0-3: new device found, vendor=0x1 device=0x8002
[    1.122697] thunderbolt 0-3: Apple, Inc. Thunderbolt Display
[    1.123189] thunderbolt 0000:07:00.0: 3:3: is connected, link is up (state: 2)
[    1.123445] thunderbolt 0000:07:00.0: current switch config:
[    1.123446] thunderbolt 0000:07:00.0:  Thunderbolt 1 Switch: 8086:1513 (Revision: 2, TB Version: 1)
[    1.123448] thunderbolt 0000:07:00.0:   Max Port Number: 13
[    1.123449] thunderbolt 0000:07:00.0:   Config:
[    1.123450] thunderbolt 0000:07:00.0:    Upstream Port Number: 3 Depth: 2 Route String: 0x303 Enabled: 1, PlugEventsDelay: 255ms
[    1.123452] thunderbolt 0000:07:00.0:    unknown1: 0x0 unknown4: 0x0
[    1.128053] thunderbolt 0000:07:00.0: initializing Switch at 0x303 (depth: 2, up port: 3)
[    1.145459] thunderbolt 0000:07:00.0: 303: reading drom (length: 0x97)
[    1.620944] random: crng init done
[    1.639116] thunderbolt 0000:07:00.0: 303: DROM version: 1
[    1.640140] thunderbolt 0000:07:00.0: 303: uid: 0x100010102a740
[    1.643083] thunderbolt 0000:07:00.0:  Port 1: 8086:1513 (Revision: 2, TB Version: 1, Type: Port (0x1))
[    1.643085] thunderbolt 0000:07:00.0:   Max hop id (in/out): 63/63
[    1.643086] thunderbolt 0000:07:00.0:   Max counters: 32
[    1.643087] thunderbolt 0000:07:00.0:   NFC Credits: 0x3c00000
[    1.643089] thunderbolt 0000:07:00.0:   Credits (total/control): 60/2
[    1.646027] thunderbolt 0000:07:00.0:  Port 2: 8086:1513 (Revision: 2, TB Version: 1, Type: Port (0x1))
[    1.646029] thunderbolt 0000:07:00.0:   Max hop id (in/out): 63/63
[    1.646030] thunderbolt 0000:07:00.0:   Max counters: 32
[    1.646031] thunderbolt 0000:07:00.0:   NFC Credits: 0x3c00000
[    1.646032] thunderbolt 0000:07:00.0:   Credits (total/control): 60/2
[    1.648970] thunderbolt 0000:07:00.0:  Port 3: 8086:1513 (Revision: 2, TB Version: 1, Type: Port (0x1))
[    1.648972] thunderbolt 0000:07:00.0:   Max hop id (in/out): 63/63
[    1.648973] thunderbolt 0000:07:00.0:   Max counters: 32
[    1.648974] thunderbolt 0000:07:00.0:   NFC Credits: 0x3c00000
[    1.648975] thunderbolt 0000:07:00.0:   Credits (total/control): 60/2
[    1.651914] thunderbolt 0000:07:00.0:  Port 4: 8086:1513 (Revision: 2, TB Version: 1, Type: Port (0x1))
[    1.651916] thunderbolt 0000:07:00.0:   Max hop id (in/out): 63/63
[    1.651917] thunderbolt 0000:07:00.0:   Max counters: 32
[    1.651918] thunderbolt 0000:07:00.0:   NFC Credits: 0x3c00000
[    1.651919] thunderbolt 0000:07:00.0:   Credits (total/control): 60/2
[    1.651920] thunderbolt 0000:07:00.0: 303:5: disabled by eeprom
[    1.651921] thunderbolt 0000:07:00.0: 303:6: disabled by eeprom
[    1.652810] thunderbolt 0000:07:00.0:  Port 7: 8086:1513 (Revision: 2, TB Version: 1, Type: PCIe (0x100101))
[    1.652812] thunderbolt 0000:07:00.0:   Max hop id (in/out): 8/8
[    1.652813] thunderbolt 0000:07:00.0:   Max counters: 1
[    1.652814] thunderbolt 0000:07:00.0:   NFC Credits: 0x700000
[    1.652815] thunderbolt 0000:07:00.0:   Credits (total/control): 7/0
[    1.653707] thunderbolt 0000:07:00.0:  Port 8: 8086:1513 (Revision: 2, TB Version: 1, Type: PCIe (0x100101))
[    1.653710] thunderbolt 0000:07:00.0:   Max hop id (in/out): 8/8
[    1.653711] thunderbolt 0000:07:00.0:   Max counters: 1
[    1.653712] thunderbolt 0000:07:00.0:   NFC Credits: 0x700000
[    1.653713] thunderbolt 0000:07:00.0:   Credits (total/control): 7/0
[    1.653714] thunderbolt 0000:07:00.0: 303:9: disabled by eeprom
[    1.654602] thunderbolt 0000:07:00.0:  Port 10: 8086:1513 (Revision: 2, TB Version: 1, Type: PCIe (0x100102))
[    1.654604] thunderbolt 0000:07:00.0:   Max hop id (in/out): 8/8
[    1.654605] thunderbolt 0000:07:00.0:   Max counters: 1
[    1.654606] thunderbolt 0000:07:00.0:   NFC Credits: 0x700000
[    1.654607] thunderbolt 0000:07:00.0:   Credits (total/control): 7/0
[    1.655754] thunderbolt 0000:07:00.0:  Port 11: 8086:1513 (Revision: 2, TB Version: 1, Type: DP/HDMI (0xe0102))
[    1.655756] thunderbolt 0000:07:00.0:   Max hop id (in/out): 9/9
[    1.655757] thunderbolt 0000:07:00.0:   Max counters: 2
[    1.655758] thunderbolt 0000:07:00.0:   NFC Credits: 0x700000
[    1.655759] thunderbolt 0000:07:00.0:   Credits (total/control): 7/0
[    1.655760] thunderbolt 0000:07:00.0: 303:c: disabled by eeprom
[    1.655761] thunderbolt 0000:07:00.0: 303:d: disabled by eeprom
[    1.673562] thunderbolt 0000:07:00.0: 303: TMU: current mode: bi-directional, HiFi
[    1.673577] thunderbolt 0-303: new device found, vendor=0x1 device=0x8002
[    1.673581] thunderbolt 0-303: Apple, Inc. Thunderbolt Display
[    1.673692] thunderbolt 0000:07:00.0: 303:1: is unplugged (state: 7)
[    1.673946] thunderbolt 0000:07:00.0: 303:b: DP adapter HPD set, queuing hotplug
[    1.674586] thunderbolt 0000:07:00.0: discovering PCIe Up path starting from 0:6
[    1.674714] thunderbolt 0000:07:00.0: 0:6:  In HopID: 8 => Out port: 3 Out HopID: 8
[    1.674716] thunderbolt 0000:07:00.0: 0:6:   Weight: 1 Priority: 3 Credits: 7 Drop: 0
[    1.674718] thunderbolt 0000:07:00.0: 0:6:    Counter enabled: 1 Counter index: 0
[    1.674719] thunderbolt 0000:07:00.0: 0:6:   Flow Control (In/Eg): 1/1 Shared Buffer (In/Eg): 0/0
[    1.674721] thunderbolt 0000:07:00.0: 0:6:   Unknown1: 0x0 Unknown2: 0x0 Unknown3: 0x0
[    1.674842] thunderbolt 0000:07:00.0: 3:1:  In HopID: 8 => Out port: 10 Out HopID: 8
[    1.674844] thunderbolt 0000:07:00.0: 3:1:   Weight: 1 Priority: 3 Credits: 16 Drop: 0
[    1.674845] thunderbolt 0000:07:00.0: 3:1:    Counter enabled: 1 Counter index: 0
[    1.674847] thunderbolt 0000:07:00.0: 3:1:   Flow Control (In/Eg): 1/0 Shared Buffer (In/Eg): 0/0
[    1.674848] thunderbolt 0000:07:00.0: 3:1:   Unknown1: 0x0 Unknown2: 0x0 Unknown3: 0x0
[    1.674850] thunderbolt 0000:07:00.0: path discovery complete
[    1.675353] thunderbolt 0000:07:00.0: discovering PCIe Down path starting from 3:10
[    1.675482] thunderbolt 0000:07:00.0: 3:a:  In HopID: 8 => Out port: 1 Out HopID: 8
[    1.675483] thunderbolt 0000:07:00.0: 3:a:   Weight: 1 Priority: 3 Credits: 7 Drop: 0
[    1.675485] thunderbolt 0000:07:00.0: 3:a:    Counter enabled: 1 Counter index: 0
[    1.675486] thunderbolt 0000:07:00.0: 3:a:   Flow Control (In/Eg): 1/1 Shared Buffer (In/Eg): 0/0
[    1.675487] thunderbolt 0000:07:00.0: 3:a:   Unknown1: 0x0 Unknown2: 0x0 Unknown3: 0x0
[    1.675610] thunderbolt 0000:07:00.0: 0:3:  In HopID: 8 => Out port: 6 Out HopID: 8
[    1.675611] thunderbolt 0000:07:00.0: 0:3:   Weight: 1 Priority: 3 Credits: 16 Drop: 0
[    1.675613] thunderbolt 0000:07:00.0: 0:3:    Counter enabled: 1 Counter index: 0
[    1.675614] thunderbolt 0000:07:00.0: 0:3:   Flow Control (In/Eg): 1/0 Shared Buffer (In/Eg): 0/0
[    1.675615] thunderbolt 0000:07:00.0: 0:3:   Unknown1: 0x0 Unknown2: 0x0 Unknown3: 0x0
[    1.675617] thunderbolt 0000:07:00.0: path discovery complete
[    1.675738] thunderbolt 0000:07:00.0: 0:6 <-> 3:a (PCI): discovered
[    1.676634] thunderbolt 0000:07:00.0: discovering Video path starting from 0:12
[    1.676762] thunderbolt 0000:07:00.0: 0:c:  In HopID: 9 => Out port: 4 Out HopID: 8
[    1.676763] thunderbolt 0000:07:00.0: 0:c:   Weight: 1 Priority: 1 Credits: 0 Drop: 0
[    1.676765] thunderbolt 0000:07:00.0: 0:c:    Counter enabled: 1 Counter index: 1
[    1.676766] thunderbolt 0000:07:00.0: 0:c:   Flow Control (In/Eg): 0/0 Shared Buffer (In/Eg): 0/0
[    1.676767] thunderbolt 0000:07:00.0: 0:c:   Unknown1: 0x0 Unknown2: 0x0 Unknown3: 0x0
[    1.676890] thunderbolt 0000:07:00.0: 3:2:  In HopID: 8 => Out port: 11 Out HopID: 9
[    1.676891] thunderbolt 0000:07:00.0: 3:2:   Weight: 1 Priority: 1 Credits: 0 Drop: 0
[    1.676892] thunderbolt 0000:07:00.0: 3:2:    Counter enabled: 1 Counter index: 1
[    1.676894] thunderbolt 0000:07:00.0: 3:2:   Flow Control (In/Eg): 0/0 Shared Buffer (In/Eg): 0/0
[    1.676895] thunderbolt 0000:07:00.0: 3:2:   Unknown1: 0x0 Unknown2: 0x0 Unknown3: 0x0
[    1.676897] thunderbolt 0000:07:00.0: path discovery complete
[    1.677145] thunderbolt 0000:07:00.0: discovering AUX TX path starting from 0:12
[    1.677274] thunderbolt 0000:07:00.0: 0:c:  In HopID: 8 => Out port: 4 Out HopID: 9
[    1.677275] thunderbolt 0000:07:00.0: 0:c:   Weight: 1 Priority: 2 Credits: 4 Drop: 0
[    1.677276] thunderbolt 0000:07:00.0: 0:c:    Counter enabled: 1 Counter index: 0
[    1.677278] thunderbolt 0000:07:00.0: 0:c:   Flow Control (In/Eg): 1/1 Shared Buffer (In/Eg): 0/0
[    1.677279] thunderbolt 0000:07:00.0: 0:c:   Unknown1: 0x0 Unknown2: 0x0 Unknown3: 0x0
[    1.677402] thunderbolt 0000:07:00.0: 3:2:  In HopID: 9 => Out port: 11 Out HopID: 8
[    1.677403] thunderbolt 0000:07:00.0: 3:2:   Weight: 1 Priority: 2 Credits: 1 Drop: 0
[    1.677404] thunderbolt 0000:07:00.0: 3:2:    Counter enabled: 1 Counter index: 0
[    1.677406] thunderbolt 0000:07:00.0: 3:2:   Flow Control (In/Eg): 1/1 Shared Buffer (In/Eg): 0/0
[    1.677407] thunderbolt 0000:07:00.0: 3:2:   Unknown1: 0x0 Unknown2: 0x0 Unknown3: 0x0
[    1.677408] thunderbolt 0000:07:00.0: path discovery complete
[    1.677913] thunderbolt 0000:07:00.0: discovering AUX RX path starting from 3:11
[    1.678042] thunderbolt 0000:07:00.0: 3:b:  In HopID: 8 => Out port: 2 Out HopID: 8
[    1.678043] thunderbolt 0000:07:00.0: 3:b:   Weight: 1 Priority: 2 Credits: 7 Drop: 0
[    1.678044] thunderbolt 0000:07:00.0: 3:b:    Counter enabled: 1 Counter index: 0
[    1.678046] thunderbolt 0000:07:00.0: 3:b:   Flow Control (In/Eg): 1/1 Shared Buffer (In/Eg): 0/0
[    1.678047] thunderbolt 0000:07:00.0: 3:b:   Unknown1: 0x0 Unknown2: 0x0 Unknown3: 0x0
[    1.678170] thunderbolt 0000:07:00.0: 0:4:  In HopID: 8 => Out port: 12 Out HopID: 8
[    1.678171] thunderbolt 0000:07:00.0: 0:4:   Weight: 1 Priority: 2 Credits: 1 Drop: 0
[    1.678172] thunderbolt 0000:07:00.0: 0:4:    Counter enabled: 1 Counter index: 0
[    1.678174] thunderbolt 0000:07:00.0: 0:4:   Flow Control (In/Eg): 1/1 Shared Buffer (In/Eg): 0/0
[    1.678175] thunderbolt 0000:07:00.0: 0:4:   Unknown1: 0x0 Unknown2: 0x0 Unknown3: 0x0
[    1.678176] thunderbolt 0000:07:00.0: path discovery complete
[    1.678425] thunderbolt 0000:07:00.0: 0:c <-> 3:b (DP): discovered
[    1.678809] thunderbolt 0000:07:00.0: discovering PCIe Up path starting from 3:7
[    1.678937] thunderbolt 0000:07:00.0: 3:7:  In HopID: 8 => Out port: 3 Out HopID: 8
[    1.678939] thunderbolt 0000:07:00.0: 3:7:   Weight: 1 Priority: 3 Credits: 7 Drop: 0
[    1.678940] thunderbolt 0000:07:00.0: 3:7:    Counter enabled: 1 Counter index: 0
[    1.678941] thunderbolt 0000:07:00.0: 3:7:   Flow Control (In/Eg): 1/1 Shared Buffer (In/Eg): 0/0
[    1.678943] thunderbolt 0000:07:00.0: 3:7:   Unknown1: 0x0 Unknown2: 0x0 Unknown3: 0x0
[    1.679066] thunderbolt 0000:07:00.0: 303:3:  In HopID: 8 => Out port: 10 Out HopID: 8
[    1.679067] thunderbolt 0000:07:00.0: 303:3:   Weight: 1 Priority: 3 Credits: 16 Drop: 0
[    1.679068] thunderbolt 0000:07:00.0: 303:3:    Counter enabled: 1 Counter index: 0
[    1.679070] thunderbolt 0000:07:00.0: 303:3:   Flow Control (In/Eg): 1/0 Shared Buffer (In/Eg): 0/0
[    1.679071] thunderbolt 0000:07:00.0: 303:3:   Unknown1: 0x0 Unknown2: 0x0 Unknown3: 0x0
[    1.679073] thunderbolt 0000:07:00.0: path discovery complete
[    1.679577] thunderbolt 0000:07:00.0: discovering PCIe Down path starting from 303:10
[    1.679705] thunderbolt 0000:07:00.0: 303:a:  In HopID: 8 => Out port: 3 Out HopID: 8
[    1.679707] thunderbolt 0000:07:00.0: 303:a:   Weight: 1 Priority: 3 Credits: 7 Drop: 0
[    1.679708] thunderbolt 0000:07:00.0: 303:a:    Counter enabled: 1 Counter index: 0
