Return-Path: <linux-kernel-owner@vger.kernel.org>
X-Original-To: lists+linux-kernel@lfdr.de
Delivered-To: lists+linux-kernel@lfdr.de
Received: from out1.vger.email (out1.vger.email [IPv6:2620:137:e000::1:20])
	by mail.lfdr.de (Postfix) with ESMTP id 5DC044EAF07
	for <lists+linux-kernel@lfdr.de>; Tue, 29 Mar 2022 16:06:58 +0200 (CEST)
Received: (majordomo@vger.kernel.org) by vger.kernel.org via listexpand
        id S237738AbiC2OIe (ORCPT <rfc822;lists+linux-kernel@lfdr.de>);
        Tue, 29 Mar 2022 10:08:34 -0400
Received: from lindbergh.monkeyblade.net ([23.128.96.19]:50940 "EHLO
        lindbergh.monkeyblade.net" rhost-flags-OK-OK-OK-OK) by vger.kernel.org
        with ESMTP id S232306AbiC2OIc (ORCPT
        <rfc822;linux-kernel@vger.kernel.org>);
        Tue, 29 Mar 2022 10:08:32 -0400
Received: from ns3.fnarfbargle.com (ns3.fnarfbargle.com [103.4.19.87])
        by lindbergh.monkeyblade.net (Postfix) with ESMTPS id B6DB61C6492
        for <linux-kernel@vger.kernel.org>; Tue, 29 Mar 2022 07:06:44 -0700 (PDT)
Received: from [10.8.0.1] (helo=srv.home)
        by ns3.fnarfbargle.com with esmtps (TLS1.3:ECDHE_RSA_AES_256_GCM_SHA384:256)
        (Exim 4.92)
        (envelope-from <lists2009@fnarfbargle.com>)
        id 1nZCUb-0003i3-1f; Wed, 30 Mar 2022 00:06:41 +1000
DKIM-Signature: v=1; a=rsa-sha256; q=dns/txt; c=relaxed/relaxed;
        d=fnarfbargle.com; s=mail; h=Content-Transfer-Encoding:Content-Type:
        In-Reply-To:References:Cc:To:Subject:From:MIME-Version:Date:Message-ID:Sender
        :Reply-To:Content-ID:Content-Description:Resent-Date:Resent-From:
        Resent-Sender:Resent-To:Resent-Cc:Resent-Message-ID:List-Id:List-Help:
        List-Unsubscribe:List-Subscribe:List-Post:List-Owner:List-Archive;
        bh=UDNbxh51GjBoWAGjj0HnqU5FtqDujNRgM1/hR1z2sWs=; b=uV9XfhnCAURrdCS33HOQoDKtUW
        GPawJ3Y3pZHDSvRxYo7k0abr82r0ywB7SDo11ZYaY+klTLOSPG0SpqTQYYseD6kCYJ1zQw5H+ZuMA
        F87PnlDU8ctOcMBMpET2aOzQWJXGcTvganvl4T7/aYrJQMvH6dlU7q6aH725nwaJwtgY=;
Message-ID: <b8894440-41b1-edef-dd2d-5bafabc6fb62@fnarfbargle.com>
Date:   Tue, 29 Mar 2022 22:06:35 +0800
MIME-Version: 1.0
User-Agent: Mozilla/5.0 (X11; Linux x86_64; rv:91.0) Gecko/20100101
 Thunderbird/91.6.1
From:   Brad Campbell <lists2009@fnarfbargle.com>
Subject: Re: Apple Thunderbolt Display chaining
To:     Mika Westerberg <mika.westerberg@linux.intel.com>
Cc:     linux-kernel@vger.kernel.org
References: <acbb3a86-ea15-47ec-90fa-72fbd94921b1@fnarfbargle.com>
 <YkLt+/kJ54fwCYgy@lahna>
 <0249a7da-9237-806b-b267-7911ad40f4a0@fnarfbargle.com>
 <YkMC4XnfIZix6kBn@lahna>
Content-Language: en-AU
In-Reply-To: <YkMC4XnfIZix6kBn@lahna>
Content-Type: text/plain; charset=UTF-8; format=flowed
Content-Transfer-Encoding: 7bit
X-Spam-Status: No, score=-2.8 required=5.0 tests=BAYES_00,DKIM_SIGNED,
        DKIM_VALID,DKIM_VALID_AU,DKIM_VALID_EF,NICE_REPLY_A,RCVD_IN_DNSWL_LOW,
        SPF_HELO_PASS,SPF_PASS,T_SCC_BODY_TEXT_LINE autolearn=ham
        autolearn_force=no version=3.4.6
X-Spam-Checker-Version: SpamAssassin 3.4.6 (2021-04-09) on
        lindbergh.monkeyblade.net
Precedence: bulk
List-ID: <linux-kernel.vger.kernel.org>
X-Mailing-List: linux-kernel@vger.kernel.org

G'day,

On 29/3/22 21:00, Mika Westerberg wrote:
> Hi,
> 
> On Tue, Mar 29, 2022 at 08:35:49PM +0800, Brad Campbell wrote:
>> On 29/3/22 19:31, Mika Westerberg wrote:
>>> Hi,
>>>
>>> On Tue, Mar 29, 2022 at 07:09:36PM +0800, Brad Campbell wrote:
>>>> G'day Mika,
>>>>
>>>> Back in 2019 you assisted me with an issue on an iMac with a "Light Ridge"
>>>> controller running a pair of Apple 27" Thunderbolt displays. At the time I
>>>> commented they worked when plugged into a port each, however they don't work
>>>> when chained.
>>>>
>>>> Back then things crashed horribly. Now they don't crash, and the PCI devices
>>>> all work but there is an issue with the display.
>>>>
>>>> I'm currently testing on vanilla git-head commit
>>>> ae085d7f9365de7da27ab5c0d16b12d51ea7fca9 (Sunday March 27th). A recent
>>>> kernel with all the "for 5.18" patches.
>>>>
>>>> On both the iMac with the "Light Ridge" controller and a MacBookPro with a
>>>> "Falcon Ridge" controller the result is the same.
>>>>
>>>> Plugged into a port each, they work perfectly.
>>>
>>> Right, this is because both get their own 10Gb/s lane.
>>>
>>>> If I chain them, the first one plugged in works and when the second is
>>>> plugged in it's almost like the link is being starved of bandwidth.
>>>> Graphical displays like a desktop, or a terminal break up, tear or exhibit
>>>> almost white noise/snow on both displays. Solid colours with no gradient
>>>> sometimes displays cleanly until something else is displayed and then it
>>>> breaks up.
>>>
>>> I think this is related to bandwidth management. When you chain two TBT1
>>> devices you end up having a single 10Gb/s lane used for both DisplayPort
>>> tunnels (this is how Linux does it now). There are no hardware mechanism
>>> to negotiate the bandwidth so the first DP tunnel gets dominated over
>>> the second one.
>>>
>>> I'm not entirely sure how macOS handles this. It may be that it uses one
>>> lane for both PCIe and first DP tunnel and the second lane for the
>>> second DP tunnel where as Linux just puts all DP through the second
>>> lane.
>>>
>>> The below completely untested hack patch tries to use different lane for
>>> both tunnels. Can you try it out?
>>>
>>> diff --git a/drivers/thunderbolt/tb.c b/drivers/thunderbolt/tb.c
>>> index cbd0ad85ffb1..6ea4968d3629 100644
>>> --- a/drivers/thunderbolt/tb.c
>>
>> For all forms of hot-plug this works perfectly! Got it in one.
>>
>> I've tried all of the obvious permutations of plug and unplug. Once
>> they are up and running it's all good.
> 
> Okay good to know.
> 
>> Where it falls down is if the machine is booted with the displays
>> plugged in. I've attached the dmesg for that at the end. If I leave
>> the chain unplugged until the kernel has started to boot and then plug
>> it in, it all detects up and runs well.
> 
> Indeed, I did not add this to the "discovery" path yet.
> 
> I wonder what happens if you change this:
> 
> +       tunnel = tb_tunnel_alloc_dp(tb, in, out, available_up, available_down,
> +                                   first ? 0 : 1);
> 
> to this in your tree:
> 
> +       tunnel = tb_tunnel_alloc_dp(tb, in, out, available_up, available_down,
> +                                   first ? 1 : 0);
> 

Here's where it gets all "Apple..y". On the iMac this does the job no matter which
port the chain is plugged into. Boots and displays correctly first time, every time.

It turns out on the laptop, one port works and the other doesn't. Changing the order
simply changes which port works. So I assume the EFI sets up the first display using
the first lane if it's in the first port, and the second if it's in the second.

That means had I managed to perform the first test in the "other port" consistently,
it would have worked there also.

> There are probably other things to consider too but let's check this one
> first.
> 
>> There is an additional issue that I bumped up against on the laptop once, but it's easier to hit on the iMac. This is the relevant bit of dmesg for that.
>> When a (single or chain) display is unplugged, the thunderbolt controller stops seeing plug events. It's effectively dead until rebooted.
>>
.....
>> [  153.039753] thunderbolt 0000:07:00.0: 0:3: got unplug event for disconnected port, ignoring
>>
>> Once it gets to here, nothing I plug in gets detected.
> 
> It is hard to tell what might be wrong here. Apple systems are not
> exactly the most standard ones and it could be that we are simply
> missing some magic step. The
> 
>    [  145.093518] thunderbolt 0000:07:00.0: 0: timeout writing config space 1 to 0x39
> 
> tells that the DP adapter config write fails and we do have a quirk in
> capabilities (cap.c) for some of the TBT1 controllers. Can you share the
> full dmesg from this system so I can check if we cover this controller
> in the quirk?


I'm also seeing DP errors from time to time on one head on re-plug. Once it's dead, it takes a reboot to bring it back. That's another whole kettle of fish. This iMac is possessed.

[   74.513327] [drm:radeon_dp_link_train [radeon]] *ERROR* displayport link status failed
[   74.513409] [drm:radeon_dp_link_train [radeon]] *ERROR* clock recovery failed
[   74.833164] [drm:radeon_dp_link_train [radeon]] *ERROR* displayport link status failed
[   74.833238] [drm:radeon_dp_link_train [radeon]] *ERROR* clock recovery failed

This is a "Boot with nothing plugged in, plug, settle, unplug" on the iMac.

[    0.000000] Linux version 5.17.0+ (brad@bkmac) (gcc (Debian 8.3.0-6) 8.3.0, GNU ld (GNU Binutils for Debian) 2.31.1) #38 SMP PREEMPT_DYNAMIC Tue Mar 29 21:41:20 AWST 2022
[    0.000000] Command line: ro root=UUID=de35d1a6-e0e1-40b0-b46a-3974a04adf4b libata.allow_tpm=1 netconsole=6666@192.168.2.87/eth0,6666@192.168.2.208/dc:a6:32:61:33:da oops=panic panic=10 thunderbolt.dyndbg pci=assign-busses,realloc,hpbussize=0x10,hpmmiosize=128M,hpmmioprefsize=1G initrd=boot\initrd.img-5.17.0+
[    0.000000] x86/fpu: Supporting XSAVE feature 0x001: 'x87 floating point registers'
[    0.000000] x86/fpu: Supporting XSAVE feature 0x002: 'SSE registers'
[    0.000000] x86/fpu: Supporting XSAVE feature 0x004: 'AVX registers'
[    0.000000] x86/fpu: xstate_offset[2]:  576, xstate_sizes[2]:  256
[    0.000000] x86/fpu: Enabled xstate features 0x7, context size is 832 bytes, using 'standard' format.
[    0.000000] signal: max sigframe size: 1776
[    0.000000] reserving inaccessible SNB gfx pages
[    0.000000] BIOS-provided physical RAM map:
[    0.000000] BIOS-e820: [mem 0x0000000000000000-0x000000000008dfff] usable
[    0.000000] BIOS-e820: [mem 0x000000000008e000-0x000000000008ffff] reserved
[    0.000000] BIOS-e820: [mem 0x0000000000090000-0x000000000009ffff] usable
[    0.000000] BIOS-e820: [mem 0x00000000000a0000-0x00000000000bffff] reserved
[    0.000000] BIOS-e820: [mem 0x0000000000100000-0x000000001fffffff] usable
[    0.000000] BIOS-e820: [mem 0x0000000020000000-0x00000000201fffff] reserved
[    0.000000] BIOS-e820: [mem 0x0000000020200000-0x000000003fffffff] usable
[    0.000000] BIOS-e820: [mem 0x0000000040000000-0x00000000401fffff] reserved
[    0.000000] BIOS-e820: [mem 0x0000000040200000-0x000000008ed32fff] usable
[    0.000000] BIOS-e820: [mem 0x000000008ed33000-0x000000008ed5efff] ACPI NVS
[    0.000000] BIOS-e820: [mem 0x000000008ed5f000-0x000000008ed70fff] usable
[    0.000000] BIOS-e820: [mem 0x000000008ed71000-0x000000008ed8efff] ACPI data
[    0.000000] BIOS-e820: [mem 0x000000008ed8f000-0x000000008ee5afff] usable
[    0.000000] BIOS-e820: [mem 0x000000008ee5b000-0x000000008ee8efff] reserved
[    0.000000] BIOS-e820: [mem 0x000000008ee8f000-0x000000008eed6fff] usable
[    0.000000] BIOS-e820: [mem 0x000000008eed7000-0x000000008eefefff] reserved
[    0.000000] BIOS-e820: [mem 0x000000008eeff000-0x000000008efa2fff] usable
[    0.000000] BIOS-e820: [mem 0x000000008efa3000-0x000000008f8fffff] reserved
[    0.000000] BIOS-e820: [mem 0x00000000e00f8000-0x00000000e00f8fff] reserved
[    0.000000] BIOS-e820: [mem 0x00000000fed1c000-0x00000000fed1ffff] reserved
[    0.000000] BIOS-e820: [mem 0x00000000ffed8000-0x00000000ffefffff] reserved
[    0.000000] BIOS-e820: [mem 0x0000000100000000-0x000000086fefffff] usable
[    0.000000] NX (Execute Disable) protection: active
[    0.000000] e820: update [mem 0x899b1018-0x899ccc57] usable ==> usable
[    0.000000] e820: update [mem 0x899b1018-0x899ccc57] usable ==> usable
[    0.000000] e820: update [mem 0x89a4f018-0x89a6033f] usable ==> usable
[    0.000000] e820: update [mem 0x89a4f018-0x89a6033f] usable ==> usable
[    0.000000] extended physical RAM map:
[    0.000000] reserve setup_data: [mem 0x0000000000000000-0x000000000008dfff] usable
[    0.000000] reserve setup_data: [mem 0x000000000008e000-0x000000000008ffff] reserved
[    0.000000] reserve setup_data: [mem 0x0000000000090000-0x000000000009ffff] usable
[    0.000000] reserve setup_data: [mem 0x00000000000a0000-0x00000000000bffff] reserved
[    0.000000] reserve setup_data: [mem 0x0000000000100000-0x000000001fffffff] usable
[    0.000000] reserve setup_data: [mem 0x0000000020000000-0x00000000201fffff] reserved
[    0.000000] reserve setup_data: [mem 0x0000000020200000-0x000000003fffffff] usable
[    0.000000] reserve setup_data: [mem 0x0000000040000000-0x00000000401fffff] reserved
[    0.000000] reserve setup_data: [mem 0x0000000040200000-0x00000000899b1017] usable
[    0.000000] reserve setup_data: [mem 0x00000000899b1018-0x00000000899ccc57] usable
[    0.000000] reserve setup_data: [mem 0x00000000899ccc58-0x0000000089a4f017] usable
[    0.000000] reserve setup_data: [mem 0x0000000089a4f018-0x0000000089a6033f] usable
[    0.000000] reserve setup_data: [mem 0x0000000089a60340-0x000000008ed32fff] usable
[    0.000000] reserve setup_data: [mem 0x000000008ed33000-0x000000008ed5efff] ACPI NVS
[    0.000000] reserve setup_data: [mem 0x000000008ed5f000-0x000000008ed70fff] usable
[    0.000000] reserve setup_data: [mem 0x000000008ed71000-0x000000008ed8efff] ACPI data
[    0.000000] reserve setup_data: [mem 0x000000008ed8f000-0x000000008ee5afff] usable
[    0.000000] reserve setup_data: [mem 0x000000008ee5b000-0x000000008ee8efff] reserved
[    0.000000] reserve setup_data: [mem 0x000000008ee8f000-0x000000008eed6fff] usable
[    0.000000] reserve setup_data: [mem 0x000000008eed7000-0x000000008eefefff] reserved
[    0.000000] reserve setup_data: [mem 0x000000008eeff000-0x000000008efa2fff] usable
[    0.000000] reserve setup_data: [mem 0x000000008efa3000-0x000000008f8fffff] reserved
[    0.000000] reserve setup_data: [mem 0x00000000e00f8000-0x00000000e00f8fff] reserved
[    0.000000] reserve setup_data: [mem 0x00000000fed1c000-0x00000000fed1ffff] reserved
[    0.000000] reserve setup_data: [mem 0x00000000ffed8000-0x00000000ffefffff] reserved
[    0.000000] reserve setup_data: [mem 0x0000000100000000-0x000000086fefffff] usable
[    0.000000] efi: EFI v1.10 by Apple
[    0.000000] efi: ACPI=0x8ed8e000 ACPI 2.0=0x8ed8e014 SMBIOS=0x8ed3b000
[    0.000000] SMBIOS 2.4 present.
[    0.000000] DMI: Apple Inc. iMac12,2/Mac-942B59F58194171B, BIOS 87.0.0.0.0 06/14/2019
[    0.000000] tsc: Fast TSC calibration using PIT
[    0.000000] tsc: Detected 3399.741 MHz processor
[    0.000096] e820: update [mem 0x00000000-0x00000fff] usable ==> reserved
[    0.000098] e820: remove [mem 0x000a0000-0x000fffff] usable
[    0.000104] last_pfn = 0x86ff00 max_arch_pfn = 0x400000000
[    0.000753] x86/PAT: Configuration [0-7]: WB  WC  UC- UC  WB  WP  UC- WT
[    0.001371] last_pfn = 0x8efa3 max_arch_pfn = 0x400000000
[    0.002466] Secure boot disabled
[    0.002467] RAMDISK: [mem 0x7e4ad000-0x7fffffff]
[    0.002471] ACPI: Early table checksum verification disabled
[    0.002474] ACPI: RSDP 0x000000008ED8E014 000024 (v02 APPLE )
[    0.002478] ACPI: XSDT 0x000000008ED8E1C0 0000A4 (v01 APPLE  Apple00  0000F000      01000013)
[    0.002482] ACPI: FACP 0x000000008ED8C000 0000F4 (v04 APPLE  Apple00  0000F000 Loki 0000005F)
[    0.002487] ACPI: DSDT 0x000000008ED81000 0053FB (v01 APPLE  iMac     00210001 INTL 20061109)
[    0.002490] ACPI: FACS 0x000000008ED3E000 000040
[    0.002492] ACPI: FACS 0x000000008ED3E000 000040
[    0.002494] ACPI: HPET 0x000000008ED8B000 000038 (v01 APPLE  Apple00  00000001 Loki 0000005F)
[    0.002497] ACPI: APIC 0x000000008ED8A000 0000BC (v02 APPLE  Apple00  00000001 Loki 0000005F)
[    0.002499] ACPI: SBST 0x000000008ED88000 000030 (v01 APPLE  Apple00  00000001 Loki 0000005F)
[    0.002502] ACPI: ECDT 0x000000008ED87000 000053 (v01 APPLE  Apple00  00000001 Loki 0000005F)
[    0.002505] ACPI: SSDT 0x000000008ED7E000 00020D (v01 APPLE  SataAhci 00001000 INTL 20061109)
[    0.002507] ACPI: SSDT 0x000000008ED7C000 0000B1 (v01 APPLE  SmcDppt  00001000 INTL 20061109)
[    0.002510] ACPI: SSDT 0x000000008ED7A000 000646 (v01 APPLE  UsbNoRmh 00001000 INTL 20061109)
[    0.002512] ACPI: SSDT 0x000000008ED78000 00013D (v01 APPLE  SataPrt1 00001000 INTL 20061109)
[    0.002515] ACPI: SSDT 0x000000008ED77000 0000A0 (v02 APPLE  IGHda    00001000 INTL 20061109)
[    0.002517] ACPI: SSDT 0x000000008ED75000 000032 (v01 APPLE  SsdtS3   00001000 INTL 20061109)
[    0.002520] ACPI: SSDT 0x000000008ED74000 000548 (v01 PmRef  Cpu0Ist  00003000 INTL 20061109)
[    0.002522] ACPI: SSDT 0x000000008ED73000 0009B1 (v01 PmRef  CpuPm    00003000 INTL 20061109)
[    0.002525] ACPI: SSDT 0x000000008ED72000 000315 (v01 PmRef  Cpu0Tst  00003000 INTL 20061109)
[    0.002528] ACPI: SSDT 0x000000008ED71000 00037A (v01 PmRef  ApTst    00003000 INTL 20061109)
[    0.002530] ACPI: MCFG 0x000000008ED89000 00003C (v01 APPLE  Apple00  00000001 Loki 0000005F)
[    0.002532] ACPI: Reserving FACP table memory at [mem 0x8ed8c000-0x8ed8c0f3]
[    0.002534] ACPI: Reserving DSDT table memory at [mem 0x8ed81000-0x8ed863fa]
[    0.002535] ACPI: Reserving FACS table memory at [mem 0x8ed3e000-0x8ed3e03f]
[    0.002536] ACPI: Reserving FACS table memory at [mem 0x8ed3e000-0x8ed3e03f]
[    0.002537] ACPI: Reserving HPET table memory at [mem 0x8ed8b000-0x8ed8b037]
[    0.002538] ACPI: Reserving APIC table memory at [mem 0x8ed8a000-0x8ed8a0bb]
[    0.002539] ACPI: Reserving SBST table memory at [mem 0x8ed88000-0x8ed8802f]
[    0.002540] ACPI: Reserving ECDT table memory at [mem 0x8ed87000-0x8ed87052]
[    0.002541] ACPI: Reserving SSDT table memory at [mem 0x8ed7e000-0x8ed7e20c]
[    0.002542] ACPI: Reserving SSDT table memory at [mem 0x8ed7c000-0x8ed7c0b0]
[    0.002544] ACPI: Reserving SSDT table memory at [mem 0x8ed7a000-0x8ed7a645]
[    0.002545] ACPI: Reserving SSDT table memory at [mem 0x8ed78000-0x8ed7813c]
[    0.002546] ACPI: Reserving SSDT table memory at [mem 0x8ed77000-0x8ed7709f]
[    0.002547] ACPI: Reserving SSDT table memory at [mem 0x8ed75000-0x8ed75031]
[    0.002548] ACPI: Reserving SSDT table memory at [mem 0x8ed74000-0x8ed74547]
[    0.002549] ACPI: Reserving SSDT table memory at [mem 0x8ed73000-0x8ed739b0]
[    0.002550] ACPI: Reserving SSDT table memory at [mem 0x8ed72000-0x8ed72314]
[    0.002551] ACPI: Reserving SSDT table memory at [mem 0x8ed71000-0x8ed71379]
[    0.002552] ACPI: Reserving MCFG table memory at [mem 0x8ed89000-0x8ed8903b]
[    0.002559] ACPI: DMI detected to setup _OSI("Darwin"): Apple hardware
[    0.002585] Zone ranges:
[    0.002586]   DMA      [mem 0x0000000000001000-0x0000000000ffffff]
[    0.002588]   DMA32    [mem 0x0000000001000000-0x00000000ffffffff]
[    0.002589]   Normal   [mem 0x0000000100000000-0x000000086fefffff]
[    0.002590] Movable zone start for each node
[    0.002591] Early memory node ranges
[    0.002592]   node   0: [mem 0x0000000000001000-0x000000000008dfff]
[    0.002593]   node   0: [mem 0x0000000000090000-0x000000000009ffff]
[    0.002594]   node   0: [mem 0x0000000000100000-0x000000001fffffff]
[    0.002595]   node   0: [mem 0x0000000020200000-0x000000003fffffff]
[    0.002596]   node   0: [mem 0x0000000040200000-0x000000008ed32fff]
[    0.002597]   node   0: [mem 0x000000008ed5f000-0x000000008ed70fff]
[    0.002598]   node   0: [mem 0x000000008ed8f000-0x000000008ee5afff]
[    0.002599]   node   0: [mem 0x000000008ee8f000-0x000000008eed6fff]
[    0.002600]   node   0: [mem 0x000000008eeff000-0x000000008efa2fff]
[    0.002601]   node   0: [mem 0x0000000100000000-0x000000086fefffff]
[    0.002604] Initmem setup node 0 [mem 0x0000000000001000-0x000000086fefffff]
[    0.002608] On node 0, zone DMA: 1 pages in unavailable ranges
[    0.002609] On node 0, zone DMA: 2 pages in unavailable ranges
[    0.002628] On node 0, zone DMA: 96 pages in unavailable ranges
[    0.004122] On node 0, zone DMA32: 512 pages in unavailable ranges
[    0.006366] On node 0, zone DMA32: 512 pages in unavailable ranges
[    0.006372] On node 0, zone DMA32: 44 pages in unavailable ranges
[    0.006374] On node 0, zone DMA32: 30 pages in unavailable ranges
[    0.006376] On node 0, zone DMA32: 52 pages in unavailable ranges
[    0.006378] On node 0, zone DMA32: 40 pages in unavailable ranges
[    0.060489] On node 0, zone Normal: 4189 pages in unavailable ranges
[    0.060496] On node 0, zone Normal: 256 pages in unavailable ranges
[    0.060658] ACPI: PM-Timer IO Port: 0x408
[    0.060664] ACPI: LAPIC_NMI (acpi_id[0x01] high edge lint[0x1])
[    0.060666] ACPI: LAPIC_NMI (acpi_id[0x02] high edge lint[0x1])
[    0.060667] ACPI: LAPIC_NMI (acpi_id[0x03] high edge lint[0x1])
[    0.060668] ACPI: LAPIC_NMI (acpi_id[0x04] high edge lint[0x1])
[    0.060669] ACPI: LAPIC_NMI (acpi_id[0x05] high edge lint[0x1])
[    0.060670] ACPI: LAPIC_NMI (acpi_id[0x06] high edge lint[0x1])
[    0.060670] ACPI: LAPIC_NMI (acpi_id[0x07] high edge lint[0x1])
[    0.060671] ACPI: LAPIC_NMI (acpi_id[0x08] high edge lint[0x1])
[    0.060680] IOAPIC[0]: apic_id 2, version 32, address 0xfec00000, GSI 0-23
[    0.060683] ACPI: INT_SRC_OVR (bus 0 bus_irq 0 global_irq 2 dfl dfl)
[    0.060684] ACPI: INT_SRC_OVR (bus 0 bus_irq 9 global_irq 9 high level)
[    0.060688] ACPI: Using ACPI (MADT) for SMP configuration information
[    0.060689] ACPI: HPET id: 0x8086a201 base: 0xfed00000
[    0.060692] TSC deadline timer available
[    0.060693] smpboot: Allowing 8 CPUs, 0 hotplug CPUs
[    0.060714] PM: hibernation: Registered nosave memory: [mem 0x00000000-0x00000fff]
[    0.060716] PM: hibernation: Registered nosave memory: [mem 0x0008e000-0x0008ffff]
[    0.060718] PM: hibernation: Registered nosave memory: [mem 0x000a0000-0x000bffff]
[    0.060719] PM: hibernation: Registered nosave memory: [mem 0x000c0000-0x000fffff]
[    0.060721] PM: hibernation: Registered nosave memory: [mem 0x20000000-0x201fffff]
[    0.060723] PM: hibernation: Registered nosave memory: [mem 0x40000000-0x401fffff]
[    0.060725] PM: hibernation: Registered nosave memory: [mem 0x899b1000-0x899b1fff]
[    0.060726] PM: hibernation: Registered nosave memory: [mem 0x899cc000-0x899ccfff]
[    0.060728] PM: hibernation: Registered nosave memory: [mem 0x89a4f000-0x89a4ffff]
[    0.060730] PM: hibernation: Registered nosave memory: [mem 0x89a60000-0x89a60fff]
[    0.060732] PM: hibernation: Registered nosave memory: [mem 0x8ed33000-0x8ed5efff]
[    0.060734] PM: hibernation: Registered nosave memory: [mem 0x8ed71000-0x8ed8efff]
[    0.060735] PM: hibernation: Registered nosave memory: [mem 0x8ee5b000-0x8ee8efff]
[    0.060737] PM: hibernation: Registered nosave memory: [mem 0x8eed7000-0x8eefefff]
[    0.060739] PM: hibernation: Registered nosave memory: [mem 0x8efa3000-0x8f8fffff]
[    0.060740] PM: hibernation: Registered nosave memory: [mem 0x8f900000-0xe00f7fff]
[    0.060741] PM: hibernation: Registered nosave memory: [mem 0xe00f8000-0xe00f8fff]
[    0.060742] PM: hibernation: Registered nosave memory: [mem 0xe00f9000-0xfed1bfff]
[    0.060743] PM: hibernation: Registered nosave memory: [mem 0xfed1c000-0xfed1ffff]
[    0.060743] PM: hibernation: Registered nosave memory: [mem 0xfed20000-0xffed7fff]
[    0.060744] PM: hibernation: Registered nosave memory: [mem 0xffed8000-0xffefffff]
[    0.060745] PM: hibernation: Registered nosave memory: [mem 0xfff00000-0xffffffff]
[    0.060747] [mem 0x8f900000-0xe00f7fff] available for PCI devices
[    0.060750] clocksource: refined-jiffies: mask: 0xffffffff max_cycles: 0xffffffff, max_idle_ns: 19112604462750000 ns
[    0.063046] setup_percpu: NR_CPUS:8 nr_cpumask_bits:8 nr_cpu_ids:8 nr_node_ids:1
[    0.063213] percpu: Embedded 44 pages/cpu s139880 r8192 d32152 u262144
[    0.063220] pcpu-alloc: s139880 r8192 d32152 u262144 alloc=1*2097152
[    0.063222] pcpu-alloc: [0] 0 1 2 3 4 5 6 7
[    0.063243] Built 1 zonelists, mobility grouping on.  Total pages: 8251733
[    0.063245] Kernel command line: ro root=UUID=de35d1a6-e0e1-40b0-b46a-3974a04adf4b libata.allow_tpm=1 netconsole=6666@192.168.2.87/eth0,6666@192.168.2.208/dc:a6:32:61:33:da oops=panic panic=10 thunderbolt.dyndbg pci=assign-busses,realloc,hpbussize=0x10,hpmmiosize=128M,hpmmioprefsize=1G initrd=boot\initrd.img-5.17.0+
[    0.063305] Unknown kernel command line parameters "netconsole=6666@192.168.2.87/eth0,6666@192.168.2.208/dc:a6:32:61:33:da", will be passed to user space.
[    0.064928] Dentry cache hash table entries: 4194304 (order: 13, 33554432 bytes, linear)
[    0.065750] Inode-cache hash table entries: 2097152 (order: 12, 16777216 bytes, linear)
[    0.065814] mem auto-init: stack:off, heap alloc:off, heap free:off
[    0.152435] Memory: 32777104K/33531496K available (8192K kernel code, 2298K rwdata, 1860K rodata, 956K init, 2628K bss, 754136K reserved, 0K cma-reserved)
[    0.152469] SLUB: HWalign=64, Order=0-3, MinObjects=0, CPUs=8, Nodes=1
[    0.152683] Dynamic Preempt: voluntary
[    0.152706] rcu: Preemptible hierarchical RCU implementation.
[    0.152708] 	Trampoline variant of Tasks RCU enabled.
[    0.152709] rcu: RCU calculated value of scheduler-enlistment delay is 10 jiffies.
[    0.152718] NR_IRQS: 4352, nr_irqs: 488, preallocated irqs: 16
[    0.152909] random: get_random_bytes called from start_kernel+0x443/0x5fb with crng_init=0
[    0.152933] Console: colour dummy device 80x25
[    0.153202] printk: console [tty0] enabled
[    0.153210] ACPI: Core revision 20211217
[    0.153295] clocksource: hpet: mask: 0xffffffff max_cycles: 0xffffffff, max_idle_ns: 133484882848 ns
[    0.153310] APIC: Switch to symmetric I/O mode setup
[    0.153689] ..TIMER: vector=0x30 apic1=0 pin1=2 apic2=-1 pin2=-1
[    0.203313] clocksource: tsc-early: mask: 0xffffffffffffffff max_cycles: 0x31015a3e4e5, max_idle_ns: 440795312435 ns
[    0.203318] Calibrating delay loop (skipped), value calculated using timer frequency.. 6799.48 BogoMIPS (lpj=33997410)
[    0.203322] pid_max: default: 32768 minimum: 301
[    0.207607] Mount-cache hash table entries: 65536 (order: 7, 524288 bytes, linear)
[    0.207671] Mountpoint-cache hash table entries: 65536 (order: 7, 524288 bytes, linear)
[    0.207790] CPU0: Thermal monitoring enabled (TM1)
[    0.207794] process: using mwait in idle threads
[    0.207797] Last level iTLB entries: 4KB 512, 2MB 8, 4MB 8
[    0.207799] Last level dTLB entries: 4KB 512, 2MB 32, 4MB 32, 1GB 0
[    0.207802] Spectre V1 : Mitigation: usercopy/swapgs barriers and __user pointer sanitization
[    0.207805] Spectre V2 : Kernel not compiled with retpoline; no mitigation available!
[    0.207806] Spectre V2 : Vulnerable
[    0.207809] Spectre V2 : Spectre v2 / SpectreRSB mitigation: Filling RSB on context switch
[    0.207811] Spectre V2 : Enabling Restricted Speculation for firmware calls
[    0.207813] Spectre V2 : mitigation: Enabling conditional Indirect Branch Prediction Barrier
[    0.207816] Spectre V2 : User space: Mitigation: STIBP via prctl
[    0.207818] Speculative Store Bypass: Mitigation: Speculative Store Bypass disabled via prctl
[    0.207821] MDS: Mitigation: Clear CPU buffers
[    0.207979] Freeing SMP alternatives memory: 24K
[    0.208248] smpboot: Estimated ratio of average max frequency by base frequency (times 1024): 1054
[    0.208255] smpboot: CPU0: Intel(R) Core(TM) i7-2600 CPU @ 3.40GHz (family: 0x6, model: 0x2a, stepping: 0x7)
[    0.208319] cblist_init_generic: Setting adjustable number of callback queues.
[    0.208324] cblist_init_generic: Setting shift to 3 and lim to 1.
[    0.208334] Performance Events: PEBS fmt1+, SandyBridge events, 16-deep LBR, full-width counters, Intel PMU driver.
[    0.208347] ... version:                3
[    0.208349] ... bit width:              48
[    0.208351] ... generic registers:      4
[    0.208352] ... value mask:             0000ffffffffffff
[    0.208354] ... max period:             00007fffffffffff
[    0.208356] ... fixed-purpose events:   3
[    0.208357] ... event mask:             000000070000000f
[    0.208434] rcu: Hierarchical SRCU implementation.
[    0.208533] smp: Bringing up secondary CPUs ...
[    0.208578] x86: Booting SMP configuration:
[    0.208580] .... node  #0, CPUs:      #1 #2 #3 #4
[    0.216851] MDS CPU bug present and SMT on, data leak possible. See https://www.kernel.org/doc/html/latest/admin-guide/hw-vuln/mds.html for more details.
[    0.216851]  #5 #6 #7
[    0.226647] smp: Brought up 1 node, 8 CPUs
[    0.226647] smpboot: Max logical packages: 1
[    0.226647] smpboot: Total of 8 processors activated (54395.85 BogoMIPS)
[    0.228833] devtmpfs: initialized
[    0.228833] ACPI: PM: Registering ACPI NVS region [mem 0x8ed33000-0x8ed5efff] (180224 bytes)
[    0.228833] clocksource: jiffies: mask: 0xffffffff max_cycles: 0xffffffff, max_idle_ns: 19112604462750000 ns
[    0.228833] futex hash table entries: 2048 (order: 5, 131072 bytes, linear)
[    0.228833] NET: Registered PF_NETLINK/PF_ROUTE protocol family
[    0.228833] thermal_sys: Registered thermal governor 'step_wise'
[    0.228833] thermal_sys: Registered thermal governor 'user_space'
[    0.228833] cpuidle: using governor ladder
[    0.228833] cpuidle: using governor menu
[    0.228833] acpiphp: ACPI Hot Plug PCI Controller Driver version: 0.5
[    0.228833] PCI: MMCONFIG for domain 0000 [bus 00-fb] at [mem 0xe0000000-0xefbfffff] (base 0xe0000000)
[    0.228833] PCI: not using MMCONFIG
[    0.228833] PCI: Using configuration type 1 for base access
[    0.228833] core: PMU erratum BJ122, BV98, HSD29 worked around, HT is on
[    0.233843] ACPI: Disabled all _OSI OS vendors
[    0.233843] ACPI: Added _OSI(Module Device)
[    0.233843] ACPI: Added _OSI(Processor Device)
[    0.233843] ACPI: Added _OSI(3.0 _SCP Extensions)
[    0.233843] ACPI: Added _OSI(Processor Aggregator Device)
[    0.233843] ACPI: Added _OSI(Linux-Dell-Video)
[    0.233843] ACPI: Added _OSI(Linux-Lenovo-NV-HDMI-Audio)
[    0.233843] ACPI: Added _OSI(Linux-HPI-Hybrid-Graphics)
[    0.233843] ACPI: Added _OSI(Darwin)
[    0.235643] ACPI: 11 ACPI AML tables successfully acquired and loaded
[    0.235845] ACPI: EC: EC started
[    0.235847] ACPI: EC: interrupt blocked
[    0.236349] ACPI: EC: EC_CMD/EC_SC=0x66, EC_DATA=0x62
[    0.236351] ACPI: EC: Boot ECDT EC used to handle transactions
[    0.236480] ACPI: BIOS _OSI(Darwin) query honored via DMI
[    0.236612] ACPI: [Firmware Bug]: BIOS _OSI(Linux) query ignored
[    0.236814] ACPI: Dynamic OEM Table Load:
[    0.236821] ACPI: SSDT 0xFFFF888100379800 000781 (v01 PmRef  Cpu0Cst  00003001 INTL 20061109)
[    0.237138] ACPI: Dynamic OEM Table Load:
[    0.237144] ACPI: SSDT 0xFFFF88810036E800 0003A4 (v01 PmRef  ApIst    00003000 INTL 20061109)
[    0.237376] ACPI: Dynamic OEM Table Load:
[    0.237381] ACPI: SSDT 0xFFFF8881000FA600 000119 (v01 PmRef  ApCst    00003000 INTL 20061109)
[    0.238160] ACPI: Interpreter enabled
[    0.238174] ACPI: PM: (supports S0 S3 S4 S5)
[    0.238176] ACPI: Using IOAPIC for interrupt routing
[    0.238194] PCI: MMCONFIG for domain 0000 [bus 00-fb] at [mem 0xe0000000-0xefbfffff] (base 0xe0000000)
[    0.238404] PCI: MMCONFIG at [mem 0xe0000000-0xefbfffff] reserved in ACPI motherboard resources
[    0.238417] PCI: Using host bridge windows from ACPI; if necessary, use "pci=nocrs" and report a bug
[    0.238510] ACPI: Enabled 6 GPEs in block 00 to 3F
[    0.241368] ACPI: PCI Root Bridge [PCI0] (domain 0000 [bus 00-ff])
[    0.241374] acpi PNP0A08:00: _OSC: OS assumes control of [PCIeHotplug SHPCHotplug AER PCIeCapability LTR DPC]
[    0.241379] acpi PNP0A08:00: [Firmware Info]: MMCONFIG for domain 0000 [bus 00-fb] only partially covers this bridge
[    0.241515] PCI host bridge to bus 0000:00
[    0.241518] pci_bus 0000:00: root bus resource [io  0x0000-0x0cf7 window]
[    0.241521] pci_bus 0000:00: root bus resource [io  0x0d00-0xffff window]
[    0.241524] pci_bus 0000:00: root bus resource [mem 0x000a0000-0x000fffff window]
[    0.241527] pci_bus 0000:00: root bus resource [mem 0x8f900000-0xfeafffff window]
[    0.241530] pci_bus 0000:00: root bus resource [mem 0xfed40000-0xfed44fff window]
[    0.241533] pci_bus 0000:00: root bus resource [bus 00-ff]
[    0.241543] pci 0000:00:00.0: [8086:0100] type 00 class 0x060000
[    0.241605] pci 0000:00:01.0: [8086:0101] type 01 class 0x060400
[    0.241633] pci 0000:00:01.0: PME# supported from D0 D3hot D3cold
[    0.241688] pci 0000:00:02.0: [8086:0102] type 00 class 0x038000
[    0.241696] pci 0000:00:02.0: reg 0x10: [mem 0xa8000000-0xa83fffff 64bit]
[    0.241701] pci 0000:00:02.0: reg 0x18: [mem 0xa0000000-0xa7ffffff 64bit pref]
[    0.241706] pci 0000:00:02.0: reg 0x20: [io  0x3000-0x303f]
[    0.241776] pci 0000:00:16.0: [8086:1c3a] type 00 class 0x078000
[    0.241796] pci 0000:00:16.0: reg 0x10: [mem 0xa8907100-0xa890710f 64bit]
[    0.241862] pci 0000:00:16.0: PME# supported from D0 D3hot D3cold
[    0.241908] pci 0000:00:1a.0: [8086:1c2c] type 00 class 0x0c0300
[    0.241946] pci 0000:00:1a.0: reg 0x20: [io  0x3140-0x315f]
[    0.242029] pci 0000:00:1a.7: [8086:1c2d] type 00 class 0x0c0320
[    0.242045] pci 0000:00:1a.7: reg 0x10: [mem 0xa8906c00-0xa8906fff]
[    0.242121] pci 0000:00:1a.7: PME# supported from D0 D3hot D3cold
[    0.242287] pci 0000:00:1b.0: [8086:1c20] type 00 class 0x040300
[    0.242303] pci 0000:00:1b.0: reg 0x10: [mem 0xa8900000-0xa8903fff 64bit]
[    0.242364] pci 0000:00:1b.0: PME# supported from D0 D3hot D3cold
[    0.242422] pci 0000:00:1c.0: [8086:1c10] type 01 class 0x060400
[    0.242501] pci 0000:00:1c.0: PME# supported from D0 D3hot D3cold
[    0.242568] pci 0000:00:1c.1: [8086:1c12] type 01 class 0x060400
[    0.242647] pci 0000:00:1c.1: PME# supported from D0 D3hot D3cold
[    0.243346] pci 0000:00:1c.2: [8086:1c14] type 01 class 0x060400
[    0.243426] pci 0000:00:1c.2: PME# supported from D0 D3hot D3cold
[    0.243491] pci 0000:00:1c.4: [8086:1c18] type 01 class 0x060400
[    0.243570] pci 0000:00:1c.4: PME# supported from D0 D3hot D3cold
[    0.243634] pci 0000:00:1d.0: [8086:1c27] type 00 class 0x0c0300
[    0.243672] pci 0000:00:1d.0: reg 0x20: [io  0x30e0-0x30ff]
[    0.243755] pci 0000:00:1d.7: [8086:1c26] type 00 class 0x0c0320
[    0.243770] pci 0000:00:1d.7: reg 0x10: [mem 0xa8906800-0xa8906bff]
[    0.243846] pci 0000:00:1d.7: PME# supported from D0 D3hot D3cold
[    0.244009] pci 0000:00:1f.0: [8086:1c44] type 00 class 0x060100
[    0.244152] pci 0000:00:1f.2: [8086:1c02] type 00 class 0x010601
[    0.244165] pci 0000:00:1f.2: reg 0x10: [io  0x3168-0x316f]
[    0.244172] pci 0000:00:1f.2: reg 0x14: [io  0x317c-0x317f]
[    0.244180] pci 0000:00:1f.2: reg 0x18: [io  0x3160-0x3167]
[    0.244187] pci 0000:00:1f.2: reg 0x1c: [io  0x3178-0x317b]
[    0.244194] pci 0000:00:1f.2: reg 0x20: [io  0x3060-0x307f]
[    0.244202] pci 0000:00:1f.2: reg 0x24: [mem 0xa8906000-0xa89067ff]
[    0.244236] pci 0000:00:1f.2: PME# supported from D3hot
[    0.244282] pci 0000:00:1f.3: [8086:1c22] type 00 class 0x0c0500
[    0.244297] pci 0000:00:1f.3: reg 0x10: [mem 0xa8907000-0xa89070ff 64bit]
[    0.244312] pci 0000:00:1f.3: reg 0x20: [io  0xefa0-0xefbf]
[    0.244414] pci 0000:01:00.0: [1002:6720] type 00 class 0x030000
[    0.244430] pci 0000:01:00.0: reg 0x10: [mem 0x90000000-0x9fffffff 64bit pref]
[    0.244441] pci 0000:01:00.0: reg 0x18: [mem 0xa8800000-0xa881ffff 64bit]
[    0.244448] pci 0000:01:00.0: reg 0x20: [io  0x2000-0x20ff]
[    0.244461] pci 0000:01:00.0: reg 0x30: [mem 0xa8820000-0xa883ffff pref]
[    0.244468] pci 0000:01:00.0: enabling Extended Tags
[    0.244478] pci 0000:01:00.0: BAR 0: assigned to efifb
[    0.244507] pci 0000:01:00.0: supports D1 D2
[    0.244595] pci 0000:01:00.1: [1002:aa88] type 00 class 0x040300
[    0.244609] pci 0000:01:00.1: reg 0x10: [mem 0xa8840000-0xa8843fff 64bit]
[    0.244634] pci 0000:01:00.1: enabling Extended Tags
[    0.244670] pci 0000:01:00.1: supports D1 D2
[    0.244762] pci 0000:00:01.0: PCI bridge to [bus 01-ff]
[    0.244765] pci 0000:00:01.0:   bridge window [io  0x2000-0x2fff]
[    0.244768] pci 0000:00:01.0:   bridge window [mem 0xa8800000-0xa88fffff]
[    0.244772] pci 0000:00:01.0:   bridge window [mem 0x90000000-0x9fffffff 64bit pref]
[    0.244775] pci_bus 0000:01: busn_res: [bus 01-ff] end is updated to 01
[    0.244848] pci 0000:02:00.0: [14e4:16b4] type 00 class 0x020000
[    0.244882] pci 0000:02:00.0: reg 0x10: [mem 0xa8400000-0xa840ffff 64bit pref]
[    0.244904] pci 0000:02:00.0: reg 0x18: [mem 0xa8410000-0xa841ffff 64bit pref]
[    0.245059] pci 0000:02:00.0: PME# supported from D0 D3hot D3cold
[    0.245173] pci 0000:00:1c.0: PCI bridge to [bus 02-ff]
[    0.245180] pci 0000:00:1c.0:   bridge window [mem 0xa8700000-0xa87fffff]
[    0.245186] pci 0000:00:1c.0:   bridge window [mem 0xa8400000-0xa84fffff 64bit pref]
[    0.245189] pci_bus 0000:02: busn_res: [bus 02-ff] end is updated to 02
[    0.245260] pci 0000:03:00.0: [168c:0030] type 00 class 0x028000
[    0.245291] pci 0000:03:00.0: reg 0x10: [mem 0xa8600000-0xa861ffff 64bit]
[    0.245351] pci 0000:03:00.0: reg 0x30: [mem 0xffff0000-0xffffffff pref]
[    0.245442] pci 0000:03:00.0: supports D1 D2
[    0.245444] pci 0000:03:00.0: PME# supported from D0 D1 D2 D3hot D3cold
[    0.245544] pci 0000:00:1c.1: PCI bridge to [bus 03-ff]
[    0.245550] pci 0000:00:1c.1:   bridge window [mem 0xa8600000-0xa86fffff]
[    0.245557] pci_bus 0000:03: busn_res: [bus 03-ff] end is updated to 03
[    0.245628] pci 0000:04:00.0: [11c1:5901] type 00 class 0x0c0010
[    0.245662] pci 0000:04:00.0: reg 0x10: [mem 0xa8500000-0xa8500fff 64bit]
[    0.245824] pci 0000:04:00.0: supports D1 D2
[    0.245827] pci 0000:04:00.0: PME# supported from D0 D1 D2 D3hot D3cold
[    0.246021] pci 0000:00:1c.2: PCI bridge to [bus 04-ff]
[    0.246028] pci 0000:00:1c.2:   bridge window [mem 0xa8500000-0xa85fffff]
[    0.246034] pci_bus 0000:04: busn_res: [bus 04-ff] end is updated to 04
[    0.246107] pci 0000:05:00.0: [8086:1513] type 01 class 0x060400
[    0.246172] pci 0000:05:00.0: enabling Extended Tags
[    0.246267] pci 0000:05:00.0: supports D1 D2
[    0.246269] pci 0000:05:00.0: PME# supported from D0 D1 D2 D3hot D3cold
[    0.246395] pci 0000:00:1c.4: PCI bridge to [bus 05-ff]
[    0.246400] pci 0000:00:1c.4:   bridge window [io  0x4000-0x4fff]
[    0.246404] pci 0000:00:1c.4:   bridge window [mem 0xa8a00000-0xacefffff]
[    0.246410] pci 0000:00:1c.4:   bridge window [mem 0xacf00000-0xb0efffff 64bit pref]
[    0.246495] acpiphp: Slot [3] registered
[    0.246517] acpiphp: Slot [4] registered
[    0.246558] pci 0000:06:00.0: [8086:1513] type 01 class 0x060400
[    0.246629] pci 0000:06:00.0: enabling Extended Tags
[    0.246729] pci 0000:06:00.0: supports D1 D2
[    0.246731] pci 0000:06:00.0: PME# supported from D0 D1 D2 D3hot D3cold
[    0.246843] pci 0000:06:03.0: [8086:1513] type 01 class 0x060400
[    0.246904] pci 0000:06:03.0: enabling Extended Tags
[    0.247005] pci 0000:06:03.0: supports D1 D2
[    0.247007] pci 0000:06:03.0: PME# supported from D0 D1 D2 D3hot D3cold
[    0.247113] pci 0000:06:04.0: [8086:1513] type 01 class 0x060400
[    0.247173] pci 0000:06:04.0: enabling Extended Tags
[    0.247275] pci 0000:06:04.0: supports D1 D2
[    0.247277] pci 0000:06:04.0: PME# supported from D0 D1 D2 D3hot D3cold
[    0.247384] pci 0000:06:05.0: [8086:1513] type 01 class 0x060400
[    0.247444] pci 0000:06:05.0: enabling Extended Tags
[    0.247546] pci 0000:06:05.0: supports D1 D2
[    0.247548] pci 0000:06:05.0: PME# supported from D0 D1 D2 D3hot D3cold
[    0.247657] pci 0000:06:06.0: [8086:1513] type 01 class 0x060400
[    0.247718] pci 0000:06:06.0: enabling Extended Tags
[    0.247819] pci 0000:06:06.0: supports D1 D2
[    0.247821] pci 0000:06:06.0: PME# supported from D0 D1 D2 D3hot D3cold
[    0.247937] pci 0000:05:00.0: PCI bridge to [bus 06-ff]
[    0.247949] pci 0000:05:00.0:   bridge window [mem 0xa8a00000-0xa8efffff]
[    0.248054] acpiphp: Slot [1] registered
[    0.248095] pci 0000:07:00.0: [8086:1513] type 00 class 0x088000
[    0.248123] pci 0000:07:00.0: reg 0x10: [mem 0xa8a00000-0xa8a3ffff]
[    0.248139] pci 0000:07:00.0: reg 0x14: [mem 0xa8a40000-0xa8a40fff]
[    0.248219] pci 0000:07:00.0: enabling Extended Tags
[    0.248344] pci 0000:07:00.0: supports D1 D2
[    0.248346] pci 0000:07:00.0: PME# supported from D0 D1 D2 D3hot D3cold
[    0.248487] pci 0000:06:00.0: PCI bridge to [bus 07-ff]
[    0.248500] pci 0000:06:00.0:   bridge window [mem 0xa8a00000-0xa8afffff]
[    0.248508] pci_bus 0000:07: busn_res: [bus 07-ff] end is updated to 07
[    0.248565] pci 0000:06:03.0: PCI bridge to [bus 08-ff]
[    0.248577] pci 0000:06:03.0:   bridge window [mem 0xa8b00000-0xa8bfffff]
[    0.248586] pci_bus 0000:08: busn_res: [bus 08-ff] end is updated to 17
[    0.248647] pci 0000:06:04.0: PCI bridge to [bus 18-ff]
[    0.248659] pci 0000:06:04.0:   bridge window [mem 0xa8c00000-0xa8cfffff]
[    0.248668] pci_bus 0000:18: busn_res: [bus 18-ff] end is updated to 27
[    0.248728] pci 0000:06:05.0: PCI bridge to [bus 28-ff]
[    0.248740] pci 0000:06:05.0:   bridge window [mem 0xa8d00000-0xa8dfffff]
[    0.248749] pci_bus 0000:28: busn_res: [bus 28-ff] end is updated to 37
[    0.248805] pci 0000:06:06.0: PCI bridge to [bus 38-ff]
[    0.248817] pci 0000:06:06.0:   bridge window [mem 0xa8e00000-0xa8efffff]
[    0.248826] pci_bus 0000:38: busn_res: [bus 38-ff] end is updated to 47
[    0.248832] pci_bus 0000:06: busn_res: [bus 06-ff] end is updated to 47
[    0.248838] pci_bus 0000:05: busn_res: [bus 05-ff] end is updated to 47
[    0.248842] pci_bus 0000:00: on NUMA node 0
[    0.249094] ACPI: PCI: Interrupt link LNKA configured for IRQ 0
[    0.249097] ACPI: PCI: Interrupt link LNKA disabled
[    0.249128] ACPI: PCI: Interrupt link LNKB configured for IRQ 0
[    0.249131] ACPI: PCI: Interrupt link LNKB disabled
[    0.249160] ACPI: PCI: Interrupt link LNKC configured for IRQ 0
[    0.249162] ACPI: PCI: Interrupt link LNKC disabled
[    0.249191] ACPI: PCI: Interrupt link LNKD configured for IRQ 0
[    0.249193] ACPI: PCI: Interrupt link LNKD disabled
[    0.249221] ACPI: PCI: Interrupt link LNKE configured for IRQ 0
[    0.249224] ACPI: PCI: Interrupt link LNKE disabled
[    0.249252] ACPI: PCI: Interrupt link LNKF configured for IRQ 0
[    0.249254] ACPI: PCI: Interrupt link LNKF disabled
[    0.249282] ACPI: PCI: Interrupt link LNKG configured for IRQ 0
[    0.249284] ACPI: PCI: Interrupt link LNKG disabled
[    0.249312] ACPI: PCI: Interrupt link LNKH configured for IRQ 0
[    0.249315] ACPI: PCI: Interrupt link LNKH disabled
[    0.249400] ACPI: EC: interrupt unblocked
[    0.249402] ACPI: EC: event unblocked
[    0.249407] ACPI: EC: EC_CMD/EC_SC=0x66, EC_DATA=0x62
[    0.249409] ACPI: EC: GPE=0x17
[    0.249410] ACPI: \_SB_.PCI0.LPCB.EC__: Boot ECDT EC initialization complete
[    0.249413] ACPI: \_SB_.PCI0.LPCB.EC__: EC: Used to handle transactions and events
[    0.249469] SCSI subsystem initialized
[    0.249475] libata version 3.00 loaded.
[    0.249475] Registered efivars operations
[    0.249475] PCI: Using ACPI for IRQ routing
[    0.256644] PCI: pci_cache_line_size set to 64 bytes
[    0.256712] e820: reserve RAM buffer [mem 0x0008e000-0x0008ffff]
[    0.256714] e820: reserve RAM buffer [mem 0x899b1018-0x8bffffff]
[    0.256715] e820: reserve RAM buffer [mem 0x89a4f018-0x8bffffff]
[    0.256716] e820: reserve RAM buffer [mem 0x8ed33000-0x8fffffff]
[    0.256717] e820: reserve RAM buffer [mem 0x8ed71000-0x8fffffff]
[    0.256719] e820: reserve RAM buffer [mem 0x8ee5b000-0x8fffffff]
[    0.256720] e820: reserve RAM buffer [mem 0x8eed7000-0x8fffffff]
[    0.256721] e820: reserve RAM buffer [mem 0x8efa3000-0x8fffffff]
[    0.256722] e820: reserve RAM buffer [mem 0x86ff00000-0x86fffffff]
[    0.256731] pci 0000:01:00.0: vgaarb: setting as boot VGA device
[    0.256731] pci 0000:01:00.0: vgaarb: bridge control possible
[    0.256731] pci 0000:01:00.0: vgaarb: VGA device added: decodes=io+mem,owns=none,locks=none
[    0.256731] vgaarb: loaded
[    0.256731] hpet0: at MMIO 0xfed00000, IRQs 2, 8, 0, 0, 0, 0, 0, 0
[    0.256731] hpet0: 8 comparators, 64-bit 14.318180 MHz counter
[    0.256731] clocksource: Switched to clocksource tsc-early
[    0.256731] VFS: Disk quotas dquot_6.6.0
[    0.256731] VFS: Dquot-cache hash table entries: 512 (order 0, 4096 bytes)
[    0.256731] pnp: PnP ACPI init
[    0.256731] system 00:00: [mem 0xfed00000-0xfed003ff] has been reserved
[    0.256731] system 00:01: [io  0x0680-0x069f] has been reserved
[    0.256731] system 00:01: [io  0x1000-0x100f] has been reserved
[    0.256731] system 00:01: [io  0xffff] has been reserved
[    0.256731] system 00:01: [io  0xffff] has been reserved
[    0.256731] system 00:01: [io  0x0400-0x047f] has been reserved
[    0.256731] system 00:01: [io  0x0500-0x057f] has been reserved
[    0.256731] system 00:01: [io  0x164e-0x164f] has been reserved
[    0.256731] system 00:03: [mem 0xfed1c000-0xfed1ffff] has been reserved
[    0.256731] system 00:03: [mem 0xfed10000-0xfed17fff] has been reserved
[    0.256731] system 00:03: [mem 0xfed18000-0xfed18fff] has been reserved
[    0.256731] system 00:03: [mem 0xfed19000-0xfed19fff] has been reserved
[    0.256731] system 00:03: [mem 0xe0000000-0xefffffff] could not be reserved
[    0.256731] system 00:03: [mem 0xfed20000-0xfed3ffff] has been reserved
[    0.256731] system 00:03: [mem 0xfed90000-0xfed93fff] has been reserved
[    0.256731] system 00:03: [mem 0xfed45000-0xfed8ffff] has been reserved
[    0.256731] system 00:03: [mem 0xff000000-0xffffffff] could not be reserved
[    0.256731] system 00:03: [mem 0xfee00000-0xfeefffff] has been reserved
[    0.256760] pnp: PnP ACPI: found 4 devices
[    0.256776] pci 0000:01:00.0: assigning 74 device properties
[    0.256776] pci 0000:04:00.0: assigning 2 device properties
[    0.256776] pci 0000:07:00.0: assigning 3 device properties
[    0.256776] pci 0000:00:1b.0: assigning 4 device properties
[    0.259086] clocksource: acpi_pm: mask: 0xffffff max_cycles: 0xffffff, max_idle_ns: 2085701024 ns
[    0.259108] NET: Registered PF_INET protocol family
[    0.259266] IP idents hash table entries: 262144 (order: 9, 2097152 bytes, linear)
[    0.261123] tcp_listen_portaddr_hash hash table entries: 16384 (order: 6, 262144 bytes, linear)
[    0.261161] TCP established hash table entries: 262144 (order: 9, 2097152 bytes, linear)
[    0.261427] TCP bind hash table entries: 65536 (order: 8, 1048576 bytes, linear)
[    0.261513] TCP: Hash tables configured (established 262144 bind 65536)
[    0.261539] UDP hash table entries: 16384 (order: 7, 524288 bytes, linear)
[    0.261600] UDP-Lite hash table entries: 16384 (order: 7, 524288 bytes, linear)
[    0.261681] NET: Registered PF_UNIX/PF_LOCAL protocol family
[    0.261689] pci 0000:03:00.0: can't claim BAR 6 [mem 0xffff0000-0xffffffff pref]: no compatible bridge window
[    0.261695] pci_bus 0000:00: max bus depth: 3 pci_try_num: 4
[    0.261704] pci 0000:00:01.0: PCI bridge to [bus 01]
[    0.261707] pci 0000:00:01.0:   bridge window [io  0x2000-0x2fff]
[    0.261711] pci 0000:00:01.0:   bridge window [mem 0xa8800000-0xa88fffff]
[    0.261714] pci 0000:00:01.0:   bridge window [mem 0x90000000-0x9fffffff 64bit pref]
[    0.261719] pci 0000:00:1c.0: PCI bridge to [bus 02]
[    0.261724] pci 0000:00:1c.0:   bridge window [mem 0xa8700000-0xa87fffff]
[    0.261728] pci 0000:00:1c.0:   bridge window [mem 0xa8400000-0xa84fffff 64bit pref]
[    0.261736] pci 0000:03:00.0: BAR 6: assigned [mem 0xa8620000-0xa862ffff pref]
[    0.261739] pci 0000:00:1c.1: PCI bridge to [bus 03]
[    0.261744] pci 0000:00:1c.1:   bridge window [mem 0xa8600000-0xa86fffff]
[    0.261752] pci 0000:00:1c.2: PCI bridge to [bus 04]
[    0.261757] pci 0000:00:1c.2:   bridge window [mem 0xa8500000-0xa85fffff]
[    0.261766] pci 0000:05:00.0: BAR 9: no space for [mem size 0x100000000 64bit pref]
[    0.261769] pci 0000:05:00.0: BAR 9: failed to assign [mem size 0x100000000 64bit pref]
[    0.261773] pci 0000:05:00.0: BAR 7: no space for [io  size 0x4000]
[    0.261775] pci 0000:05:00.0: BAR 7: failed to assign [io  size 0x4000]
[    0.261779] pci 0000:06:03.0: BAR 9: no space for [mem size 0x40000000 64bit pref]
[    0.261782] pci 0000:06:03.0: BAR 9: failed to assign [mem size 0x40000000 64bit pref]
[    0.261785] pci 0000:06:04.0: BAR 9: no space for [mem size 0x40000000 64bit pref]
[    0.261788] pci 0000:06:04.0: BAR 9: failed to assign [mem size 0x40000000 64bit pref]
[    0.261791] pci 0000:06:05.0: BAR 9: no space for [mem size 0x40000000 64bit pref]
[    0.261794] pci 0000:06:05.0: BAR 9: failed to assign [mem size 0x40000000 64bit pref]
[    0.261797] pci 0000:06:06.0: BAR 9: no space for [mem size 0x40000000 64bit pref]
[    0.261800] pci 0000:06:06.0: BAR 9: failed to assign [mem size 0x40000000 64bit pref]
[    0.261803] pci 0000:06:03.0: BAR 7: no space for [io  size 0x1000]
[    0.261805] pci 0000:06:03.0: BAR 7: failed to assign [io  size 0x1000]
[    0.261807] pci 0000:06:04.0: BAR 7: no space for [io  size 0x1000]
[    0.261810] pci 0000:06:04.0: BAR 7: failed to assign [io  size 0x1000]
[    0.261812] pci 0000:06:05.0: BAR 7: no space for [io  size 0x1000]
[    0.261814] pci 0000:06:05.0: BAR 7: failed to assign [io  size 0x1000]
[    0.261817] pci 0000:06:06.0: BAR 7: no space for [io  size 0x1000]
[    0.261819] pci 0000:06:06.0: BAR 7: failed to assign [io  size 0x1000]
[    0.261822] pci 0000:06:00.0: PCI bridge to [bus 07]
[    0.261829] pci 0000:06:00.0:   bridge window [mem 0xa8a00000-0xa8afffff]
[    0.261841] pci 0000:06:03.0: PCI bridge to [bus 08-17]
[    0.261847] pci 0000:06:03.0:   bridge window [mem 0xa8b00000-0xa8bfffff]
[    0.261859] pci 0000:06:04.0: PCI bridge to [bus 18-27]
[    0.261866] pci 0000:06:04.0:   bridge window [mem 0xa8c00000-0xa8cfffff]
[    0.261878] pci 0000:06:05.0: PCI bridge to [bus 28-37]
[    0.261885] pci 0000:06:05.0:   bridge window [mem 0xa8d00000-0xa8dfffff]
[    0.261896] pci 0000:06:06.0: PCI bridge to [bus 38-47]
[    0.261903] pci 0000:06:06.0:   bridge window [mem 0xa8e00000-0xa8efffff]
[    0.261915] pci 0000:05:00.0: PCI bridge to [bus 06-47]
[    0.261922] pci 0000:05:00.0:   bridge window [mem 0xa8a00000-0xa8efffff]
[    0.261933] pci 0000:00:1c.4: PCI bridge to [bus 05-47]
[    0.261936] pci 0000:00:1c.4:   bridge window [io  0x4000-0x4fff]
[    0.261941] pci 0000:00:1c.4:   bridge window [mem 0xa8a00000-0xacefffff]
[    0.261945] pci 0000:00:1c.4:   bridge window [mem 0xacf00000-0xb0efffff 64bit pref]
[    0.261952] pci_bus 0000:00: No. 2 try to assign unassigned res
[    0.261957] pci 0000:00:01.0: PCI bridge to [bus 01]
[    0.261959] pci 0000:00:01.0:   bridge window [io  0x2000-0x2fff]
[    0.261962] pci 0000:00:01.0:   bridge window [mem 0xa8800000-0xa88fffff]
[    0.261965] pci 0000:00:01.0:   bridge window [mem 0x90000000-0x9fffffff 64bit pref]
[    0.261969] pci 0000:00:1c.0: PCI bridge to [bus 02]
[    0.261974] pci 0000:00:1c.0:   bridge window [mem 0xa8700000-0xa87fffff]
[    0.261978] pci 0000:00:1c.0:   bridge window [mem 0xa8400000-0xa84fffff 64bit pref]
[    0.261985] pci 0000:00:1c.1: PCI bridge to [bus 03]
[    0.261989] pci 0000:00:1c.1:   bridge window [mem 0xa8600000-0xa86fffff]
[    0.261997] pci 0000:00:1c.2: PCI bridge to [bus 04]
[    0.262002] pci 0000:00:1c.2:   bridge window [mem 0xa8500000-0xa85fffff]
[    0.262010] pci 0000:05:00.0: BAR 9: no space for [mem size 0x100000000 64bit pref]
[    0.262013] pci 0000:05:00.0: BAR 9: failed to assign [mem size 0x100000000 64bit pref]
[    0.262016] pci 0000:05:00.0: BAR 7: no space for [io  size 0x4000]
[    0.262019] pci 0000:05:00.0: BAR 7: failed to assign [io  size 0x4000]
[    0.262022] pci 0000:06:03.0: BAR 9: no space for [mem size 0x40000000 64bit pref]
[    0.262025] pci 0000:06:03.0: BAR 9: failed to assign [mem size 0x40000000 64bit pref]
[    0.262028] pci 0000:06:04.0: BAR 9: no space for [mem size 0x40000000 64bit pref]
[    0.262031] pci 0000:06:04.0: BAR 9: failed to assign [mem size 0x40000000 64bit pref]
[    0.262034] pci 0000:06:05.0: BAR 9: no space for [mem size 0x40000000 64bit pref]
[    0.262036] pci 0000:06:05.0: BAR 9: failed to assign [mem size 0x40000000 64bit pref]
[    0.262039] pci 0000:06:06.0: BAR 9: no space for [mem size 0x40000000 64bit pref]
[    0.262042] pci 0000:06:06.0: BAR 9: failed to assign [mem size 0x40000000 64bit pref]
[    0.262045] pci 0000:06:03.0: BAR 7: no space for [io  size 0x1000]
[    0.262047] pci 0000:06:03.0: BAR 7: failed to assign [io  size 0x1000]
[    0.262050] pci 0000:06:04.0: BAR 7: no space for [io  size 0x1000]
[    0.262052] pci 0000:06:04.0: BAR 7: failed to assign [io  size 0x1000]
[    0.262054] pci 0000:06:05.0: BAR 7: no space for [io  size 0x1000]
[    0.262057] pci 0000:06:05.0: BAR 7: failed to assign [io  size 0x1000]
[    0.262059] pci 0000:06:06.0: BAR 7: no space for [io  size 0x1000]
[    0.262061] pci 0000:06:06.0: BAR 7: failed to assign [io  size 0x1000]
[    0.262064] pci 0000:06:00.0: PCI bridge to [bus 07]
[    0.262071] pci 0000:06:00.0:   bridge window [mem 0xa8a00000-0xa8afffff]
[    0.262083] pci 0000:06:03.0: PCI bridge to [bus 08-17]
[    0.262089] pci 0000:06:03.0:   bridge window [mem 0xa8b00000-0xa8bfffff]
[    0.262101] pci 0000:06:04.0: PCI bridge to [bus 18-27]
[    0.262108] pci 0000:06:04.0:   bridge window [mem 0xa8c00000-0xa8cfffff]
[    0.262120] pci 0000:06:05.0: PCI bridge to [bus 28-37]
[    0.262126] pci 0000:06:05.0:   bridge window [mem 0xa8d00000-0xa8dfffff]
[    0.262138] pci 0000:06:06.0: PCI bridge to [bus 38-47]
[    0.262145] pci 0000:06:06.0:   bridge window [mem 0xa8e00000-0xa8efffff]
[    0.262157] pci 0000:05:00.0: PCI bridge to [bus 06-47]
[    0.262163] pci 0000:05:00.0:   bridge window [mem 0xa8a00000-0xa8efffff]
[    0.262175] pci 0000:00:1c.4: PCI bridge to [bus 05-47]
[    0.262178] pci 0000:00:1c.4:   bridge window [io  0x4000-0x4fff]
[    0.262182] pci 0000:00:1c.4:   bridge window [mem 0xa8a00000-0xacefffff]
[    0.262187] pci 0000:00:1c.4:   bridge window [mem 0xacf00000-0xb0efffff 64bit pref]
[    0.262193] pci_bus 0000:00: No. 3 try to assign unassigned res
[    0.262195] release child resource [mem 0xa8a00000-0xa8a3ffff]
[    0.262196] release child resource [mem 0xa8a40000-0xa8a40fff]
[    0.262197] pci 0000:06:00.0: resource 8 [mem 0xa8a00000-0xa8afffff] released
[    0.262200] pci 0000:06:00.0: PCI bridge to [bus 07]
[    0.262205] pci 0000:06:03.0: resource 8 [mem 0xa8b00000-0xa8bfffff] released
[    0.262207] pci 0000:06:03.0: PCI bridge to [bus 08-17]
[    0.262213] pci 0000:06:04.0: resource 8 [mem 0xa8c00000-0xa8cfffff] released
[    0.262215] pci 0000:06:04.0: PCI bridge to [bus 18-27]
[    0.262220] pci 0000:06:05.0: resource 8 [mem 0xa8d00000-0xa8dfffff] released
[    0.262223] pci 0000:06:05.0: PCI bridge to [bus 28-37]
[    0.262228] pci 0000:06:06.0: resource 8 [mem 0xa8e00000-0xa8efffff] released
[    0.262230] pci 0000:06:06.0: PCI bridge to [bus 38-47]
[    0.262235] pci 0000:05:00.0: resource 8 [mem 0xa8a00000-0xa8efffff] released
[    0.262238] pci 0000:05:00.0: PCI bridge to [bus 06-47]
[    0.262243] pci 0000:00:1c.4: resource 7 [io  0x4000-0x4fff] released
[    0.262246] pci 0000:00:1c.4: PCI bridge to [bus 05-47]
[    0.262252] pci 0000:00:1c.4: resource 9 [mem 0xacf00000-0xb0efffff 64bit pref] released
[    0.262255] pci 0000:00:1c.4: PCI bridge to [bus 05-47]
[    0.262266] pci 0000:00:1c.4: BAR 9: no space for [mem size 0x100000000 64bit pref]
[    0.262270] pci 0000:00:1c.4: BAR 9: failed to assign [mem size 0x100000000 64bit pref]
[    0.262273] pci 0000:00:1c.4: BAR 7: assigned [io  0x4000-0x7fff]
[    0.262276] pci 0000:00:01.0: PCI bridge to [bus 01]
[    0.262278] pci 0000:00:01.0:   bridge window [io  0x2000-0x2fff]
[    0.262281] pci 0000:00:01.0:   bridge window [mem 0xa8800000-0xa88fffff]
[    0.262284] pci 0000:00:01.0:   bridge window [mem 0x90000000-0x9fffffff 64bit pref]
[    0.262288] pci 0000:00:1c.0: PCI bridge to [bus 02]
[    0.262293] pci 0000:00:1c.0:   bridge window [mem 0xa8700000-0xa87fffff]
[    0.262297] pci 0000:00:1c.0:   bridge window [mem 0xa8400000-0xa84fffff 64bit pref]
[    0.262303] pci 0000:00:1c.1: PCI bridge to [bus 03]
[    0.262308] pci 0000:00:1c.1:   bridge window [mem 0xa8600000-0xa86fffff]
[    0.262316] pci 0000:00:1c.2: PCI bridge to [bus 04]
[    0.262320] pci 0000:00:1c.2:   bridge window [mem 0xa8500000-0xa85fffff]
[    0.262329] pci 0000:05:00.0: BAR 8: no space for [mem size 0x20100000]
[    0.262331] pci 0000:05:00.0: BAR 8: failed to assign [mem size 0x20100000]
[    0.262334] pci 0000:05:00.0: BAR 9: no space for [mem size 0x100000000 64bit pref]
[    0.262337] pci 0000:05:00.0: BAR 9: failed to assign [mem size 0x100000000 64bit pref]
[    0.262340] pci 0000:05:00.0: BAR 7: assigned [io  0x4000-0x7fff]
[    0.262343] pci 0000:06:00.0: BAR 8: no space for [mem size 0x00100000]
[    0.262345] pci 0000:06:00.0: BAR 8: failed to assign [mem size 0x00100000]
[    0.262348] pci 0000:06:03.0: BAR 8: no space for [mem size 0x08000000]
[    0.262350] pci 0000:06:03.0: BAR 8: failed to assign [mem size 0x08000000]
[    0.262353] pci 0000:06:03.0: BAR 9: no space for [mem size 0x40000000 64bit pref]
[    0.262356] pci 0000:06:03.0: BAR 9: failed to assign [mem size 0x40000000 64bit pref]
[    0.262358] pci 0000:06:04.0: BAR 8: no space for [mem size 0x08000000]
[    0.262361] pci 0000:06:04.0: BAR 8: failed to assign [mem size 0x08000000]
[    0.262363] pci 0000:06:04.0: BAR 9: no space for [mem size 0x40000000 64bit pref]
[    0.262366] pci 0000:06:04.0: BAR 9: failed to assign [mem size 0x40000000 64bit pref]
[    0.262369] pci 0000:06:05.0: BAR 8: no space for [mem size 0x08000000]
[    0.262371] pci 0000:06:05.0: BAR 8: failed to assign [mem size 0x08000000]
[    0.262374] pci 0000:06:05.0: BAR 9: no space for [mem size 0x40000000 64bit pref]
[    0.262377] pci 0000:06:05.0: BAR 9: failed to assign [mem size 0x40000000 64bit pref]
[    0.262380] pci 0000:06:06.0: BAR 8: no space for [mem size 0x08000000]
[    0.262382] pci 0000:06:06.0: BAR 8: failed to assign [mem size 0x08000000]
[    0.262385] pci 0000:06:06.0: BAR 9: no space for [mem size 0x40000000 64bit pref]
[    0.262387] pci 0000:06:06.0: BAR 9: failed to assign [mem size 0x40000000 64bit pref]
[    0.262390] pci 0000:06:03.0: BAR 7: assigned [io  0x4000-0x4fff]
[    0.262393] pci 0000:06:04.0: BAR 7: assigned [io  0x5000-0x5fff]
[    0.262395] pci 0000:06:05.0: BAR 7: assigned [io  0x6000-0x6fff]
[    0.262398] pci 0000:06:06.0: BAR 7: assigned [io  0x7000-0x7fff]
[    0.262400] pci 0000:07:00.0: BAR 0: no space for [mem size 0x00040000]
[    0.262403] pci 0000:07:00.0: BAR 0: failed to assign [mem size 0x00040000]
[    0.262405] pci 0000:07:00.0: BAR 1: no space for [mem size 0x00001000]
[    0.262408] pci 0000:07:00.0: BAR 1: failed to assign [mem size 0x00001000]
[    0.262410] pci 0000:06:00.0: PCI bridge to [bus 07]
[    0.262426] pci 0000:06:03.0: PCI bridge to [bus 08-17]
[    0.262430] pci 0000:06:03.0:   bridge window [io  0x4000-0x4fff]
[    0.262446] pci 0000:06:04.0: PCI bridge to [bus 18-27]
[    0.262450] pci 0000:06:04.0:   bridge window [io  0x5000-0x5fff]
[    0.262466] pci 0000:06:05.0: PCI bridge to [bus 28-37]
[    0.262470] pci 0000:06:05.0:   bridge window [io  0x6000-0x6fff]
[    0.262486] pci 0000:06:06.0: PCI bridge to [bus 38-47]
[    0.262490] pci 0000:06:06.0:   bridge window [io  0x7000-0x7fff]
[    0.262506] pci 0000:05:00.0: PCI bridge to [bus 06-47]
[    0.262510] pci 0000:05:00.0:   bridge window [io  0x4000-0x7fff]
[    0.262526] pci 0000:00:1c.4: PCI bridge to [bus 05-47]
[    0.262529] pci 0000:00:1c.4:   bridge window [io  0x4000-0x7fff]
[    0.262533] pci 0000:00:1c.4:   bridge window [mem 0xa8a00000-0xacefffff]
[    0.262541] pci_bus 0000:00: No. 4 try to assign unassigned res
[    0.262544] pci 0000:00:1c.4: resource 8 [mem 0xa8a00000-0xacefffff] released
[    0.262547] pci 0000:00:1c.4: PCI bridge to [bus 05-47]
[    0.262551] release child resource [mem 0x90000000-0x9fffffff 64bit pref]
[    0.262552] pci 0000:00:01.0: resource 9 [mem 0x90000000-0x9fffffff 64bit pref] released
[    0.262554] pci 0000:00:01.0: PCI bridge to [bus 01]
[    0.262558] release child resource [mem 0xa8400000-0xa840ffff 64bit pref]
[    0.262559] release child resource [mem 0xa8410000-0xa841ffff 64bit pref]
[    0.262560] pci 0000:00:1c.0: resource 9 [mem 0xa8400000-0xa84fffff 64bit pref] released
[    0.262562] pci 0000:00:1c.0: PCI bridge to [bus 02]
[    0.262569] release child resource [mem 0xa8600000-0xa861ffff 64bit]
[    0.262570] release child resource [mem 0xa8620000-0xa862ffff pref]
[    0.262571] pci 0000:00:1c.1: resource 8 [mem 0xa8600000-0xa86fffff] released
[    0.262573] pci 0000:00:1c.1: PCI bridge to [bus 03]
[    0.262577] release child resource [mem 0xa8500000-0xa8500fff 64bit]
[    0.262578] pci 0000:00:1c.2: resource 8 [mem 0xa8500000-0xa85fffff] released
[    0.262580] pci 0000:00:1c.2: PCI bridge to [bus 04]
[    0.262589] pci 0000:00:01.0: BAR 9: assigned [mem 0x90000000-0x9fffffff 64bit pref]
[    0.262593] pci 0000:00:1c.0: BAR 9: assigned [mem 0x8f900000-0x8f9fffff 64bit pref]
[    0.262596] pci 0000:00:1c.1: BAR 8: assigned [mem 0x8fa00000-0x8fafffff]
[    0.262599] pci 0000:00:1c.2: BAR 8: assigned [mem 0x8fb00000-0x8fbfffff]
[    0.262602] pci 0000:00:1c.4: BAR 8: assigned [mem 0xa8a00000-0xc8afffff]
[    0.262606] pci 0000:00:1c.4: BAR 9: no space for [mem size 0x100000000 64bit pref]
[    0.262609] pci 0000:00:1c.4: BAR 9: failed to assign [mem size 0x100000000 64bit pref]
[    0.262612] pci 0000:01:00.0: BAR 0: assigned [mem 0x90000000-0x9fffffff 64bit pref]
[    0.262621] pci 0000:00:01.0: PCI bridge to [bus 01]
[    0.262623] pci 0000:00:01.0:   bridge window [io  0x2000-0x2fff]
[    0.262626] pci 0000:00:01.0:   bridge window [mem 0xa8800000-0xa88fffff]
[    0.262629] pci 0000:00:01.0:   bridge window [mem 0x90000000-0x9fffffff 64bit pref]
[    0.262633] pci 0000:02:00.0: BAR 0: assigned [mem 0x8f900000-0x8f90ffff 64bit pref]
[    0.262649] pci 0000:02:00.0: BAR 2: assigned [mem 0x8f910000-0x8f91ffff 64bit pref]
[    0.262664] pci 0000:00:1c.0: PCI bridge to [bus 02]
[    0.262669] pci 0000:00:1c.0:   bridge window [mem 0xa8700000-0xa87fffff]
[    0.262673] pci 0000:00:1c.0:   bridge window [mem 0x8f900000-0x8f9fffff 64bit pref]
[    0.262680] pci 0000:03:00.0: BAR 0: assigned [mem 0x8fa00000-0x8fa1ffff 64bit]
[    0.262694] pci 0000:03:00.0: BAR 6: assigned [mem 0x8fa20000-0x8fa2ffff pref]
[    0.262697] pci 0000:00:1c.1: PCI bridge to [bus 03]
[    0.262702] pci 0000:00:1c.1:   bridge window [mem 0x8fa00000-0x8fafffff]
[    0.262710] pci 0000:04:00.0: BAR 0: assigned [mem 0x8fb00000-0x8fb00fff 64bit]
[    0.262725] pci 0000:00:1c.2: PCI bridge to [bus 04]
[    0.262730] pci 0000:00:1c.2:   bridge window [mem 0x8fb00000-0x8fbfffff]
[    0.262738] pci 0000:05:00.0: BAR 8: assigned [mem 0xa8a00000-0xc8afffff]
[    0.262741] pci 0000:05:00.0: BAR 9: no space for [mem size 0x100000000 64bit pref]
[    0.262744] pci 0000:05:00.0: BAR 9: failed to assign [mem size 0x100000000 64bit pref]
[    0.262748] pci 0000:06:00.0: BAR 8: assigned [mem 0xa8a00000-0xa8afffff]
[    0.262750] pci 0000:06:03.0: BAR 8: assigned [mem 0xa8b00000-0xb0afffff]
[    0.262753] pci 0000:06:03.0: BAR 9: no space for [mem size 0x40000000 64bit pref]
[    0.262756] pci 0000:06:03.0: BAR 9: failed to assign [mem size 0x40000000 64bit pref]
[    0.262759] pci 0000:06:04.0: BAR 8: assigned [mem 0xb0b00000-0xb8afffff]
[    0.262761] pci 0000:06:04.0: BAR 9: no space for [mem size 0x40000000 64bit pref]
[    0.262764] pci 0000:06:04.0: BAR 9: failed to assign [mem size 0x40000000 64bit pref]
[    0.262767] pci 0000:06:05.0: BAR 8: assigned [mem 0xb8b00000-0xc0afffff]
[    0.262770] pci 0000:06:05.0: BAR 9: no space for [mem size 0x40000000 64bit pref]
[    0.262773] pci 0000:06:05.0: BAR 9: failed to assign [mem size 0x40000000 64bit pref]
[    0.262776] pci 0000:06:06.0: BAR 8: assigned [mem 0xc0b00000-0xc8afffff]
[    0.262778] pci 0000:06:06.0: BAR 9: no space for [mem size 0x40000000 64bit pref]
[    0.262781] pci 0000:06:06.0: BAR 9: failed to assign [mem size 0x40000000 64bit pref]
[    0.262785] pci 0000:07:00.0: BAR 0: assigned [mem 0xa8a00000-0xa8a3ffff]
[    0.262791] pci 0000:07:00.0: BAR 1: assigned [mem 0xa8a40000-0xa8a40fff]
[    0.262797] pci 0000:06:00.0: PCI bridge to [bus 07]
[    0.262804] pci 0000:06:00.0:   bridge window [mem 0xa8a00000-0xa8afffff]
[    0.262816] pci 0000:06:03.0: PCI bridge to [bus 08-17]
[    0.262820] pci 0000:06:03.0:   bridge window [io  0x4000-0x4fff]
[    0.262826] pci 0000:06:03.0:   bridge window [mem 0xa8b00000-0xb0afffff]
[    0.262838] pci 0000:06:04.0: PCI bridge to [bus 18-27]
[    0.262842] pci 0000:06:04.0:   bridge window [io  0x5000-0x5fff]
[    0.262849] pci 0000:06:04.0:   bridge window [mem 0xb0b00000-0xb8afffff]
[    0.262860] pci 0000:06:05.0: PCI bridge to [bus 28-37]
[    0.262864] pci 0000:06:05.0:   bridge window [io  0x6000-0x6fff]
[    0.262871] pci 0000:06:05.0:   bridge window [mem 0xb8b00000-0xc0afffff]
[    0.262883] pci 0000:06:06.0: PCI bridge to [bus 38-47]
[    0.262886] pci 0000:06:06.0:   bridge window [io  0x7000-0x7fff]
[    0.262893] pci 0000:06:06.0:   bridge window [mem 0xc0b00000-0xc8afffff]
[    0.262905] pci 0000:05:00.0: PCI bridge to [bus 06-47]
[    0.262908] pci 0000:05:00.0:   bridge window [io  0x4000-0x7fff]
[    0.262915] pci 0000:05:00.0:   bridge window [mem 0xa8a00000-0xc8afffff]
[    0.262926] pci 0000:00:1c.4: PCI bridge to [bus 05-47]
[    0.262929] pci 0000:00:1c.4:   bridge window [io  0x4000-0x7fff]
[    0.262934] pci 0000:00:1c.4:   bridge window [mem 0xa8a00000-0xc8afffff]
[    0.262942] pci_bus 0000:00: resource 4 [io  0x0000-0x0cf7 window]
[    0.262945] pci_bus 0000:00: resource 5 [io  0x0d00-0xffff window]
[    0.262947] pci_bus 0000:00: resource 6 [mem 0x000a0000-0x000fffff window]
[    0.262950] pci_bus 0000:00: resource 7 [mem 0x8f900000-0xfeafffff window]
[    0.262953] pci_bus 0000:00: resource 8 [mem 0xfed40000-0xfed44fff window]
[    0.262955] pci_bus 0000:01: resource 0 [io  0x2000-0x2fff]
[    0.262957] pci_bus 0000:01: resource 1 [mem 0xa8800000-0xa88fffff]
[    0.262960] pci_bus 0000:01: resource 2 [mem 0x90000000-0x9fffffff 64bit pref]
[    0.262963] pci_bus 0000:02: resource 1 [mem 0xa8700000-0xa87fffff]
[    0.262965] pci_bus 0000:02: resource 2 [mem 0x8f900000-0x8f9fffff 64bit pref]
[    0.262968] pci_bus 0000:03: resource 1 [mem 0x8fa00000-0x8fafffff]
[    0.262970] pci_bus 0000:04: resource 1 [mem 0x8fb00000-0x8fbfffff]
[    0.262972] pci_bus 0000:05: resource 0 [io  0x4000-0x7fff]
[    0.262975] pci_bus 0000:05: resource 1 [mem 0xa8a00000-0xc8afffff]
[    0.262977] pci_bus 0000:06: resource 0 [io  0x4000-0x7fff]
[    0.262979] pci_bus 0000:06: resource 1 [mem 0xa8a00000-0xc8afffff]
[    0.262982] pci_bus 0000:07: resource 1 [mem 0xa8a00000-0xa8afffff]
[    0.262984] pci_bus 0000:08: resource 0 [io  0x4000-0x4fff]
[    0.262986] pci_bus 0000:08: resource 1 [mem 0xa8b00000-0xb0afffff]
[    0.262988] pci_bus 0000:18: resource 0 [io  0x5000-0x5fff]
[    0.262991] pci_bus 0000:18: resource 1 [mem 0xb0b00000-0xb8afffff]
[    0.262993] pci_bus 0000:28: resource 0 [io  0x6000-0x6fff]
[    0.262995] pci_bus 0000:28: resource 1 [mem 0xb8b00000-0xc0afffff]
[    0.262998] pci_bus 0000:38: resource 0 [io  0x7000-0x7fff]
[    0.263000] pci_bus 0000:38: resource 1 [mem 0xc0b00000-0xc8afffff]
[    0.263430] pci 0000:01:00.1: D0 power state depends on 0000:01:00.0
[    0.263462] PCI: CLS 256 bytes, default 64
[    0.263501] PCI-DMA: Using software bounce buffering for IO (SWIOTLB)
[    0.263504] software IO TLB: mapped [mem 0x0000000083000000-0x0000000087000000] (64MB)
[    0.263511] ACPI: bus type thunderbolt registered
[    0.263531] Trying to unpack rootfs image as initramfs...
[    0.263655] thunderbolt 0000:07:00.0: total paths: 32
[    0.263829] thunderbolt 0000:07:00.0: allocating TX ring 0 of size 10
[    0.263849] thunderbolt 0000:07:00.0: allocating RX ring 0 of size 10
[    0.263861] thunderbolt 0000:07:00.0: control channel created
[    0.263864] thunderbolt 0000:07:00.0: ICM not supported on this controller
[    0.263874] thunderbolt 0000:07:00.0: freeing RX ring 0
[    0.263881] thunderbolt 0000:07:00.0: freeing TX ring 0
[    0.263891] thunderbolt 0000:07:00.0: allocating TX ring 0 of size 10
[    0.263899] thunderbolt 0000:07:00.0: allocating RX ring 0 of size 10
[    0.263907] thunderbolt 0000:07:00.0: control channel created
[    0.263908] thunderbolt 0000:07:00.0: using software connection manager
[    0.263923] thunderbolt 0000:07:00.0: created link from 0000:06:03.0
[    0.263935] thunderbolt 0000:07:00.0: created link from 0000:06:04.0
[    0.263945] thunderbolt 0000:07:00.0: created link from 0000:06:05.0
[    0.263956] thunderbolt 0000:07:00.0: created link from 0000:06:06.0
[    0.264007] thunderbolt 0000:07:00.0: NHI initialized, starting thunderbolt
[    0.264009] thunderbolt 0000:07:00.0: control channel starting...
[    0.264010] thunderbolt 0000:07:00.0: starting TX ring 0
[    0.264018] thunderbolt 0000:07:00.0: enabling interrupt at register 0x38200 bit 0 (0x0 -> 0x1)
[    0.264020] thunderbolt 0000:07:00.0: starting RX ring 0
[    0.264028] thunderbolt 0000:07:00.0: enabling interrupt at register 0x38204 bit 0 (0x0 -> 0x1)
[    0.264031] thunderbolt 0000:07:00.0: security level set to user
[    0.264186] thunderbolt 0000:07:00.0: current switch config:
[    0.264188] thunderbolt 0000:07:00.0:  Thunderbolt 1 Switch: 8086:1513 (Revision: 2, TB Version: 1)
[    0.264190] thunderbolt 0000:07:00.0:   Max Port Number: 13
[    0.264192] thunderbolt 0000:07:00.0:   Config:
[    0.264192] thunderbolt 0000:07:00.0:    Upstream Port Number: 6 Depth: 0 Route String: 0x0 Enabled: 1, PlugEventsDelay: 255ms
[    0.264194] thunderbolt 0000:07:00.0:    unknown1: 0x0 unknown4: 0x0
[    0.268795] thunderbolt 0000:07:00.0: initializing Switch at 0x0 (depth: 0, up port: 6)
[    0.269307] thunderbolt 0000:07:00.0: 0: DROM version: 1
[    0.270842] thunderbolt 0000:07:00.0: 0: uid: 0x1000a13f2da20
[    0.273786] thunderbolt 0000:07:00.0:  Port 1: 8086:1513 (Revision: 2, TB Version: 1, Type: Port (0x1))
[    0.273788] thunderbolt 0000:07:00.0:   Max hop id (in/out): 63/63
[    0.273790] thunderbolt 0000:07:00.0:   Max counters: 32
[    0.273791] thunderbolt 0000:07:00.0:   NFC Credits: 0x3c00000
[    0.273792] thunderbolt 0000:07:00.0:   Credits (total/control): 60/2
[    0.276729] thunderbolt 0000:07:00.0:  Port 2: 8086:1513 (Revision: 2, TB Version: 1, Type: Port (0x1))
[    0.276731] thunderbolt 0000:07:00.0:   Max hop id (in/out): 63/63
[    0.276732] thunderbolt 0000:07:00.0:   Max counters: 32
[    0.276733] thunderbolt 0000:07:00.0:   NFC Credits: 0x3c00000
[    0.276734] thunderbolt 0000:07:00.0:   Credits (total/control): 60/2
[    0.279673] thunderbolt 0000:07:00.0:  Port 3: 8086:1513 (Revision: 2, TB Version: 1, Type: Port (0x1))
[    0.279675] thunderbolt 0000:07:00.0:   Max hop id (in/out): 63/63
[    0.279676] thunderbolt 0000:07:00.0:   Max counters: 32
[    0.279677] thunderbolt 0000:07:00.0:   NFC Credits: 0x3c00000
[    0.279678] thunderbolt 0000:07:00.0:   Credits (total/control): 60/2
[    0.280314] random: fast init done
[    0.282618] thunderbolt 0000:07:00.0:  Port 4: 8086:1513 (Revision: 2, TB Version: 1, Type: Port (0x1))
[    0.282620] thunderbolt 0000:07:00.0:   Max hop id (in/out): 63/63
[    0.282621] thunderbolt 0000:07:00.0:   Max counters: 32
[    0.282622] thunderbolt 0000:07:00.0:   NFC Credits: 0x3c00000
[    0.282622] thunderbolt 0000:07:00.0:   Credits (total/control): 60/2
[    0.282624] thunderbolt 0000:07:00.0: 0:5: disabled by eeprom
[    0.283514] thunderbolt 0000:07:00.0:  Port 6: 8086:1513 (Revision: 2, TB Version: 1, Type: NHI (0x2))
[    0.283516] thunderbolt 0000:07:00.0:   Max hop id (in/out): 31/31
[    0.283517] thunderbolt 0000:07:00.0:   Max counters: 32
[    0.283518] thunderbolt 0000:07:00.0:   NFC Credits: 0x700000
[    0.283519] thunderbolt 0000:07:00.0:   Credits (total/control): 7/0
[    0.284410] thunderbolt 0000:07:00.0:  Port 7: 8086:1513 (Revision: 2, TB Version: 1, Type: PCIe (0x100101))
[    0.284412] thunderbolt 0000:07:00.0:   Max hop id (in/out): 8/8
[    0.284413] thunderbolt 0000:07:00.0:   Max counters: 1
[    0.284414] thunderbolt 0000:07:00.0:   NFC Credits: 0x700000
[    0.284415] thunderbolt 0000:07:00.0:   Credits (total/control): 7/0
[    0.285306] thunderbolt 0000:07:00.0:  Port 8: 8086:1513 (Revision: 2, TB Version: 1, Type: PCIe (0x100101))
[    0.285308] thunderbolt 0000:07:00.0:   Max hop id (in/out): 8/8
[    0.285309] thunderbolt 0000:07:00.0:   Max counters: 1
[    0.285309] thunderbolt 0000:07:00.0:   NFC Credits: 0x700000
[    0.285310] thunderbolt 0000:07:00.0:   Credits (total/control): 7/0
[    0.286202] thunderbolt 0000:07:00.0:  Port 9: 8086:1513 (Revision: 2, TB Version: 1, Type: PCIe (0x100101))
[    0.286204] thunderbolt 0000:07:00.0:   Max hop id (in/out): 8/8
[    0.286205] thunderbolt 0000:07:00.0:   Max counters: 1
[    0.286206] thunderbolt 0000:07:00.0:   NFC Credits: 0x700000
[    0.286206] thunderbolt 0000:07:00.0:   Credits (total/control): 7/0
[    0.287098] thunderbolt 0000:07:00.0:  Port 10: 8086:1513 (Revision: 2, TB Version: 1, Type: PCIe (0x100101))
[    0.287100] thunderbolt 0000:07:00.0:   Max hop id (in/out): 8/8
[    0.287101] thunderbolt 0000:07:00.0:   Max counters: 1
[    0.287102] thunderbolt 0000:07:00.0:   NFC Credits: 0x700000
[    0.287103] thunderbolt 0000:07:00.0:   Credits (total/control): 7/0
[    0.288250] thunderbolt 0000:07:00.0:  Port 11: 8086:1513 (Revision: 2, TB Version: 1, Type: DP/HDMI (0xe0102))
[    0.288252] thunderbolt 0000:07:00.0:   Max hop id (in/out): 9/9
[    0.288253] thunderbolt 0000:07:00.0:   Max counters: 2
[    0.288254] thunderbolt 0000:07:00.0:   NFC Credits: 0x700000
[    0.288255] thunderbolt 0000:07:00.0:   Credits (total/control): 7/0
[    0.289146] thunderbolt 0000:07:00.0:  Port 12: 8086:1513 (Revision: 2, TB Version: 1, Type: DP/HDMI (0xe0101))
[    0.289148] thunderbolt 0000:07:00.0:   Max hop id (in/out): 9/9
[    0.289149] thunderbolt 0000:07:00.0:   Max counters: 2
[    0.289150] thunderbolt 0000:07:00.0:   NFC Credits: 0x700000
[    0.289151] thunderbolt 0000:07:00.0:   Credits (total/control): 7/0
[    0.290042] thunderbolt 0000:07:00.0:  Port 13: 8086:1513 (Revision: 2, TB Version: 1, Type: DP/HDMI (0xe0101))
[    0.290044] thunderbolt 0000:07:00.0:   Max hop id (in/out): 9/9
[    0.290045] thunderbolt 0000:07:00.0:   Max counters: 2
[    0.290046] thunderbolt 0000:07:00.0:   NFC Credits: 0x700000
[    0.290047] thunderbolt 0000:07:00.0:   Credits (total/control): 7/0
[    0.306383] thunderbolt 0000:07:00.0: 0: TMU: current mode: HiFi
[    0.306511] thunderbolt 0000:07:00.0: 0:1: is unplugged (state: 7)
[    0.306638] thunderbolt 0000:07:00.0: 0:3: is unplugged (state: 7)
[    0.307535] thunderbolt 0000:07:00.0: 0:c: DP IN resource available
[    0.307536] thunderbolt 0000:07:00.0: 0:d: DP IN resource available
[    0.307704] RAPL PMU: API unit is 2^-32 Joules, 3 fixed counters, 163840 ms ovfl timer
[    0.307711] RAPL PMU: hw unit of domain pp0-core 2^-16 Joules
[    0.307713] RAPL PMU: hw unit of domain package 2^-16 Joules
[    0.307715] RAPL PMU: hw unit of domain pp1-gpu 2^-16 Joules
[    0.308322] Initialise system trusted keyrings
[    0.308342] workingset: timestamp_bits=62 max_order=23 bucket_order=0
[    0.309043] Key type asymmetric registered
[    0.309046] Asymmetric key parser 'x509' registered
[    0.309057] Block layer SCSI generic (bsg) driver version 0.4 loaded (major 254)
[    0.309888] pcieport 0000:06:03.0: enabling device (0000 -> 0003)
[    0.309973] pcieport 0000:06:03.0: pciehp: Slot #3 AttnBtn- PwrCtrl- MRL- AttnInd- PwrInd- HotPlug+ Surprise+ Interlock- NoCompl+ IbPresDis- LLActRep+ (with Cmd Compl erratum)
[    0.310128] pcieport 0000:06:04.0: enabling device (0000 -> 0003)
[    0.310200] pcieport 0000:06:04.0: pciehp: Slot #4 AttnBtn- PwrCtrl- MRL- AttnInd- PwrInd- HotPlug+ Surprise+ Interlock- NoCompl+ IbPresDis- LLActRep+ (with Cmd Compl erratum)
[    0.310346] pcieport 0000:06:05.0: enabling device (0000 -> 0003)
[    0.310416] pcieport 0000:06:05.0: pciehp: Slot #5 AttnBtn- PwrCtrl- MRL- AttnInd- PwrInd- HotPlug+ Surprise+ Interlock- NoCompl+ IbPresDis- LLActRep+ (with Cmd Compl erratum)
[    0.310558] pcieport 0000:06:06.0: enabling device (0000 -> 0003)
[    0.310626] pcieport 0000:06:06.0: pciehp: Slot #6 AttnBtn- PwrCtrl- MRL- AttnInd- PwrInd- HotPlug+ Surprise+ Interlock- NoCompl+ IbPresDis- LLActRep+ (with Cmd Compl erratum)
[    0.319731] brd: module loaded
[    0.319979] Intel(R) 2.5G Ethernet Linux Driver
[    0.319983] Copyright(c) 2018 Intel Corporation.
[    0.320034] i8042: PNP: No PS/2 controller found.
[    0.320071] mousedev: PS/2 mouse device common for all mice
[    0.320196] intel_pstate: Intel P-state driver initializing
[    0.320314] efifb: probing for efifb
[    0.320331] efifb: framebuffer at 0x90010000, using 14400k, total 14400k
[    0.320333] efifb: mode is 2560x1440x32, linelength=10240, pages=1
[    0.320336] efifb: scrolling: redraw
[    0.320337] efifb: Truecolor: size=8:8:8:8, shift=24:16:8:0
[    0.329847] Console: switching to colour frame buffer device 320x90
[    0.338924] fb0: EFI VGA frame buffer device
[    0.339018] Key type dns_resolver registered
[    0.339081] microcode: sig=0x206a7, pf=0x2, revision=0x2f
[    0.339244] microcode: Microcode Update Driver: v2.2.
[    0.339247] IPI shorthand broadcast: enabled
[    0.339304] sched_clock: Marking stable (338821064, 418411)->(351133395, -11893920)
[    0.339365] registered taskstats version 1
[    0.339390] Loading compiled-in X.509 certificates
[    0.509968] Freeing initrd memory: 27980K
[    0.510364] Freeing unused kernel image (initmem) memory: 956K
[    0.573487] Write protecting the kernel read-only data: 12288k
[    0.574175] Freeing unused kernel image (text/rodata gap) memory: 2044K
[    0.574237] Freeing unused kernel image (rodata/data gap) memory: 188K
[    0.574268] Run /init as init process
[    0.574283]   with arguments:
[    0.574284]     /init
[    0.574285]   with environment:
[    0.574285]     HOME=/
[    0.574286]     TERM=linux
[    0.574287]     netconsole=6666@192.168.2.87/eth0,6666@192.168.2.208/dc:a6:32:61:33:da
[    0.618160] udevd[818]: starting version 3.2.9
[    0.618352] random: udevd: uninitialized urandom read (16 bytes read)
[    0.618397] random: udevd: uninitialized urandom read (16 bytes read)
[    0.618941] udevd[819]: starting eudev-3.2.9
[    0.626378] random: udevd: uninitialized urandom read (16 bytes read)
[    0.633744] ACPI: bus type USB registered
[    0.633793] usbcore: registered new interface driver usbfs
[    0.633827] usbcore: registered new interface driver hub
[    0.633861] usbcore: registered new device driver usb
[    0.635165] ehci_hcd: USB 2.0 'Enhanced' Host Controller (EHCI) Driver
[    0.635198] ACPI: bus type drm_connector registered
[    0.635420] ehci-pci: EHCI PCI platform driver
[    0.635556] ehci-pci 0000:00:1a.7: EHCI Host Controller
[    0.635596] ehci-pci 0000:00:1a.7: new USB bus registered, assigned bus number 1
[    0.635639] ehci-pci 0000:00:1a.7: debug port 2
[    0.635656] uhci_hcd: USB Universal Host Controller Interface driver
[    0.635690] ahci 0000:00:1f.2: version 3.0
[    0.636016] cryptd: max_cpu_qlen set to 1000
[    0.637174] AVX version of gcm_enc/dec engaged.
[    0.637218] AES CTR mode by8 optimization enabled
[    0.639598] ehci-pci 0000:00:1a.7: irq 23, io mem 0xa8906c00
[    0.646071] radeon: unknown parameter 'pm' ignored
[    0.646158] [drm] radeon kernel modesetting enabled.
[    0.646206] checking generic (90010000 e10000) vs hw (90000000 10000000)
[    0.646207] fb0: switching to radeon from EFI VGA
[    0.646304] Console: switching to colour dummy device 80x25
[    0.646358] radeon 0000:01:00.0: vgaarb: deactivate vga console
[    0.646522] [drm] initializing kernel modesetting (BARTS 0x1002:0x6720 0x106B:0x0B00 0x00).
[    0.646527] radeon 0000:01:00.0: vram limit (0) must be a power of 2
[    0.653595] ahci 0000:00:1f.2: AHCI 0001.0300 32 slots 6 ports 6 Gbps 0x7 impl SATA mode
[    0.653706] ahci 0000:00:1f.2: flags: 64bit ncq sntf pm led clo pio slum part ems apst
[    0.663346] ehci-pci 0000:00:1a.7: USB 2.0 started, EHCI 1.00
[    0.663377] usb usb1: New USB device found, idVendor=1d6b, idProduct=0002, bcdDevice= 5.17
[    0.663382] usb usb1: New USB device strings: Mfr=3, Product=2, SerialNumber=1
[    0.663385] usb usb1: Product: EHCI Host Controller
[    0.663387] usb usb1: Manufacturer: Linux 5.17.0+ ehci_hcd
[    0.663389] usb usb1: SerialNumber: 0000:00:1a.7
[    0.663506] hub 1-0:1.0: USB hub found
[    0.663559] hub 1-0:1.0: 6 ports detected
[    0.663772] uhci_hcd 0000:00:1a.0: UHCI Host Controller
[    0.663783] uhci_hcd 0000:00:1a.0: new USB bus registered, assigned bus number 2
[    0.663824] uhci_hcd 0000:00:1a.0: detected 2 ports
[    0.663953] uhci_hcd 0000:00:1a.0: irq 21, io port 0x00003140
[    0.664073] usb usb2: New USB device found, idVendor=1d6b, idProduct=0001, bcdDevice= 5.17
[    0.664078] usb usb2: New USB device strings: Mfr=3, Product=2, SerialNumber=1
[    0.664081] usb usb2: Product: UHCI Host Controller
[    0.664083] usb usb2: Manufacturer: Linux 5.17.0+ uhci_hcd
[    0.664085] usb usb2: SerialNumber: 0000:00:1a.0
[    0.664159] hub 2-0:1.0: USB hub found
[    0.664169] hub 2-0:1.0: 2 ports detected
[    0.664365] ehci-pci 0000:00:1d.7: EHCI Host Controller
[    0.664373] ehci-pci 0000:00:1d.7: new USB bus registered, assigned bus number 3
[    0.664482] ehci-pci 0000:00:1d.7: debug port 2
[    0.668523] ehci-pci 0000:00:1d.7: irq 22, io mem 0xa8906800
[    0.693361] ehci-pci 0000:00:1d.7: USB 2.0 started, EHCI 1.00
[    0.693432] usb usb3: New USB device found, idVendor=1d6b, idProduct=0002, bcdDevice= 5.17
[    0.693437] usb usb3: New USB device strings: Mfr=3, Product=2, SerialNumber=1
[    0.693440] usb usb3: Product: EHCI Host Controller
[    0.693442] usb usb3: Manufacturer: Linux 5.17.0+ ehci_hcd
[    0.693444] usb usb3: SerialNumber: 0000:00:1d.7
[    0.693707] hub 3-0:1.0: USB hub found
[    0.693716] hub 3-0:1.0: 8 ports detected
[    0.694057] uhci_hcd 0000:00:1d.0: UHCI Host Controller
[    0.694066] uhci_hcd 0000:00:1d.0: new USB bus registered, assigned bus number 4
[    0.694102] uhci_hcd 0000:00:1d.0: detected 2 ports
[    0.694225] uhci_hcd 0000:00:1d.0: irq 19, io port 0x000030e0
[    0.694373] usb usb4: New USB device found, idVendor=1d6b, idProduct=0001, bcdDevice= 5.17
[    0.694379] usb usb4: New USB device strings: Mfr=3, Product=2, SerialNumber=1
[    0.694385] usb usb4: Product: UHCI Host Controller
[    0.694388] usb usb4: Manufacturer: Linux 5.17.0+ uhci_hcd
[    0.694392] usb usb4: SerialNumber: 0000:00:1d.0
[    0.694597] hub 4-0:1.0: USB hub found
[    0.694609] hub 4-0:1.0: 2 ports detected
[    0.703534] firewire_ohci 0000:04:00.0: added OHCI v1.10 device as card 0, 8 IR + 8 IT contexts, quirks 0x0, physUB
[    0.714061] scsi host0: ahci
[    0.714248] scsi host1: ahci
[    0.714550] scsi host2: ahci
[    0.714715] scsi host3: ahci
[    0.714828] scsi host4: ahci
[    0.714906] scsi host5: ahci
[    0.714947] ata1: SATA max UDMA/133 abar m2048@0xa8906000 port 0xa8906100 irq 44
[    0.714959] ata2: SATA max UDMA/133 abar m2048@0xa8906000 port 0xa8906180 irq 44
[    0.714970] ata3: SATA max UDMA/133 abar m2048@0xa8906000 port 0xa8906200 irq 44
[    0.714974] ata4: DUMMY
[    0.714977] ata5: DUMMY
[    0.714980] ata6: DUMMY
[    0.948048] ATOM BIOS: Apple
[    0.948194] radeon 0000:01:00.0: VRAM: 1024M 0x0000000000000000 - 0x000000003FFFFFFF (1024M used)
[    0.948198] radeon 0000:01:00.0: GTT: 1024M 0x0000000040000000 - 0x000000007FFFFFFF
[    0.948204] [drm] Detected VRAM RAM=1024M, BAR=256M
[    0.948206] [drm] RAM width 256bits DDR
[    0.948223] [drm] radeon: 1024M of VRAM memory ready
[    0.948225] [drm] radeon: 1024M of GTT memory ready.
[    0.948231] [drm] Loading BARTS Microcode
[    0.948281] [drm] External GPIO thermal controller with fan control
[    0.948295] == power state 0 ==
[    0.948297] 	ui class: none
[    0.948299] 	internal class: boot
[    0.948301] 	caps:
[    0.948302] 	uvd    vclk: 0 dclk: 0
[    0.948304] 		power level 0    sclk: 10000 mclk: 14900 vddc: 900 vddci: 950
[    0.948306] 		power level 1    sclk: 10000 mclk: 14900 vddc: 900 vddci: 950
[    0.948308] 		power level 2    sclk: 10000 mclk: 14900 vddc: 900 vddci: 950
[    0.948309] 	status: c r b
[    0.948312] == power state 1 ==
[    0.948313] 	ui class: performance
[    0.948314] 	internal class: none
[    0.948316] 	caps:
[    0.948317] 	uvd    vclk: 0 dclk: 0
[    0.948318] 		power level 0    sclk: 20000 mclk: 30000 vddc: 950 vddci: 950
[    0.948320] 		power level 1    sclk: 39800 mclk: 90000 vddc: 1000 vddci: 1100
[    0.948322] 		power level 2    sclk: 68000 mclk: 90000 vddc: 1100 vddci: 1100
[    0.948324] 	status:
[    0.948325] == power state 2 ==
[    0.948326] 	ui class: none
[    0.948327] 	internal class: uvd
[    0.948329] 	caps: video
[    0.948330] 	uvd    vclk: 54000 dclk: 40000
[    0.948332] 		power level 0    sclk: 29800 mclk: 90000 vddc: 950 vddci: 1100
[    0.948334] 		power level 1    sclk: 29800 mclk: 90000 vddc: 950 vddci: 1100
[    0.948336] 		power level 2    sclk: 68000 mclk: 90000 vddc: 1100 vddci: 1100
[    0.948337] 	status:
[    0.948339] == power state 3 ==
[    0.948340] 	ui class: none
[    0.948341] 	internal class: uvd_mvc
[    0.948342] 	caps: video
[    0.948344] 	uvd    vclk: 70000 dclk: 56000
[    0.948345] 		power level 0    sclk: 50200 mclk: 90000 vddc: 1050 vddci: 1100
[    0.948347] 		power level 1    sclk: 50200 mclk: 90000 vddc: 1050 vddci: 1100
[    0.948349] 		power level 2    sclk: 68000 mclk: 90000 vddc: 1100 vddci: 1100
[    0.948351] 	status:
[    0.948352] == power state 4 ==
[    0.948353] 	ui class: battery
[    0.948354] 	internal class: none
[    0.948356] 	caps:
[    0.948357] 	uvd    vclk: 0 dclk: 0
[    0.948358] 		power level 0    sclk: 20000 mclk: 30000 vddc: 950 vddci: 950
[    0.948360] 		power level 1    sclk: 20000 mclk: 30000 vddc: 950 vddci: 950
[    0.948362] 		power level 2    sclk: 20000 mclk: 30000 vddc: 950 vddci: 950
[    0.948364] 	status:
[    0.953223] [drm] radeon: dpm initialized
[    0.953276] [drm] GART: num cpu pages 262144, num gpu pages 262144
[    0.953703] [drm] enabling PCIE gen 2 link speeds, disable with radeon.pcie_gen2=0
[    0.965568] [drm] PCIE GART of 1024M enabled (table at 0x0000000000162000).
[    0.965668] radeon 0000:01:00.0: WB enabled
[    0.965671] radeon 0000:01:00.0: fence driver on ring 0 use gpu addr 0x0000000040000c00
[    0.965673] radeon 0000:01:00.0: fence driver on ring 3 use gpu addr 0x0000000040000c0c
[    0.966420] radeon 0000:01:00.0: fence driver on ring 5 use gpu addr 0x0000000000072118
[    0.966936] radeon 0000:01:00.0: radeon: MSI limited to 32-bit
[    0.966985] radeon 0000:01:00.0: radeon: using MSI.
[    0.967014] [drm] radeon: irq initialized.
[    0.983325] usb 3-1: new high-speed USB device number 2 using ehci-pci
[    0.983341] usb 1-1: new high-speed USB device number 2 using ehci-pci
[    0.983379] [drm] ring test on 0 succeeded in 1 usecs
[    0.983391] [drm] ring test on 3 succeeded in 6 usecs
[    1.053339] ata1: SATA link up 6.0 Gbps (SStatus 133 SControl 300)
[    1.053361] ata2: SATA link up 6.0 Gbps (SStatus 133 SControl 300)
[    1.053386] ata3: SATA link up 1.5 Gbps (SStatus 113 SControl 300)
[    1.054986] ata2.00: ACPI cmd ef/10:03:00:00:00:a0(SET FEATURES) filtered out
[    1.055062] ata1.00: ACPI cmd ef/10:03:00:00:00:a0(SET FEATURES) filtered out
[    1.055070] ata2.00: supports DRM functions and may not be fully accessible
[    1.055075] ata2.00: ATA-9: Samsung SSD 850 EVO 500GB, EMT02B6Q, max UDMA/133
[    1.055116] ata1.00: supports DRM functions and may not be fully accessible
[    1.055121] ata1.00: ATA-9: Samsung SSD 850 PRO 256GB, EXM03B6Q, max UDMA/133
[    1.055228] ata3.00: ACPI cmd ef/10:03:00:00:00:a0(SET FEATURES) filtered out
[    1.055234] ata3.00: ATAPI: OPTIARC DVD RW AD-5690H, 4AH5, max UDMA/100
[    1.055695] ata2.00: 976773168 sectors, multi 1: LBA48 NCQ (depth 32), AA
[    1.055745] ata1.00: 500118192 sectors, multi 1: LBA48 NCQ (depth 32), AA
[    1.057329] ata3.00: ACPI cmd ef/10:03:00:00:00:a0(SET FEATURES) filtered out
[    1.057338] ata3.00: configured for UDMA/100
[    1.057661] ata2.00: Features: Trust Dev-Sleep NCQ-sndrcv
[    1.057780] ata1.00: Features: Trust Dev-Sleep NCQ-sndrcv
[    1.057994] ata2.00: ACPI cmd ef/10:03:00:00:00:a0(SET FEATURES) filtered out
[    1.058080] ata1.00: ACPI cmd ef/10:03:00:00:00:a0(SET FEATURES) filtered out
[    1.058087] ata2.00: supports DRM functions and may not be fully accessible
[    1.058116] ata1.00: supports DRM functions and may not be fully accessible
[    1.060745] ata1.00: configured for UDMA/133
[    1.060857] scsi 0:0:0:0: Direct-Access     ATA      Samsung SSD 850  3B6Q PQ: 0 ANSI: 5
[    1.060885] ata2.00: configured for UDMA/133
[    1.061105] scsi 1:0:0:0: Direct-Access     ATA      Samsung SSD 850  2B6Q PQ: 0 ANSI: 5
[    1.062539] scsi 2:0:0:0: CD-ROM            OPTIARC  DVD RW AD-5690H  4AH5 PQ: 0 ANSI: 5
[    1.160524] [drm] ring test on 5 succeeded in 2 usecs
[    1.160536] [drm] UVD initialized successfully.
[    1.160659] [drm] ib test on ring 0 succeeded in 0 usecs
[    1.160764] [drm] ib test on ring 3 succeeded in 0 usecs
[    1.183782] usb 3-1: New USB device found, idVendor=0424, idProduct=2514, bcdDevice= 0.03
[    1.183788] usb 3-1: New USB device strings: Mfr=0, Product=0, SerialNumber=0
[    1.184057] hub 3-1:1.0: USB hub found
[    1.184265] hub 3-1:1.0: 4 ports detected
[    1.213408] firewire_core 0000:04:00.0: created device fw0: GUID a4b197fffe3f2da2, S800
[    1.213418] firewire_core 0000:04:00.0: phy config: new root=ffc0, gap_count=63
[    1.225131] tg3 0000:02:00.0 eth0: Tigon3 [partno(BCM957765) rev 57785100] (PCI Express) MAC address 3c:07:54:14:b2:08
[    1.225138] tg3 0000:02:00.0 eth0: attached PHY is 57765 (10/100/1000Base-T Ethernet) (WireSpeed[1], EEE[1])
[    1.225141] tg3 0000:02:00.0 eth0: RXcsums[1] LinkChgREG[0] MIirq[0] ASF[0] TSOcap[1]
[    1.225145] tg3 0000:02:00.0 eth0: dma_rwctrl[00000001] dma_mask[64-bit]
[    1.353372] tsc: Refined TSC clocksource calibration: 3400.023 MHz
[    1.353390] clocksource: tsc: mask: 0xffffffffffffffff max_cycles: 0x31026473058, max_idle_ns: 440795314252 ns
[    1.353502] clocksource: Switched to clocksource tsc
[    1.354006] usb 1-1: New USB device found, idVendor=0424, idProduct=2514, bcdDevice= 0.03
[    1.354012] usb 1-1: New USB device strings: Mfr=0, Product=0, SerialNumber=0
[    1.354303] hub 1-1:1.0: USB hub found
[    1.354388] hub 1-1:1.0: 3 ports detected
[    1.356445] sd 0:0:0:0: [sda] 500118192 512-byte logical blocks: (256 GB/238 GiB)
[    1.356461] sd 0:0:0:0: [sda] Write Protect is off
[    1.356467] sd 0:0:0:0: [sda] Mode Sense: 00 3a 00 00
[    1.356474] sd 1:0:0:0: [sdb] 976773168 512-byte logical blocks: (500 GB/466 GiB)
[    1.356483] sd 0:0:0:0: [sda] Write cache: enabled, read cache: enabled, doesn't support DPO or FUA
[    1.356485] sd 1:0:0:0: [sdb] Write Protect is off
[    1.356493] sd 1:0:0:0: [sdb] Mode Sense: 00 3a 00 00
[    1.356502] sd 1:0:0:0: [sdb] Write cache: enabled, read cache: enabled, doesn't support DPO or FUA
[    1.358800] sd 1:0:0:0: [sdb] supports TCG Opal
[    1.358804] sd 1:0:0:0: [sdb] Attached SCSI disk
[    1.358939]  sda: sda1 sda2 sda3 sda4 sda5 sda6
[    1.359813] sd 0:0:0:0: [sda] supports TCG Opal
[    1.359817] sd 0:0:0:0: [sda] Attached SCSI disk
[    1.360297] sd 0:0:0:0: Attached scsi generic sg0 type 0
[    1.360324] sd 1:0:0:0: Attached scsi generic sg1 type 0
[    1.360350] sr 2:0:0:0: Attached scsi generic sg2 type 5
[    1.455637] sr 2:0:0:0: [sr0] scsi3-mmc drive: 24x/24x writer cd/rw xa/form2 cdda caddy
[    1.455646] cdrom: Uniform CD-ROM driver Revision: 3.20
[    1.503373] usb 3-1.1: new high-speed USB device number 3 using ehci-pci
[    1.503375] usb 1-2: new high-speed USB device number 3 using ehci-pci
[    1.524492] sr 2:0:0:0: Attached scsi CD-ROM sr0
[    1.659016] usb 3-1.1: New USB device found, idVendor=05ac, idProduct=8403, bcdDevice=98.33
[    1.659022] usb 3-1.1: New USB device strings: Mfr=3, Product=4, SerialNumber=2
[    1.659025] usb 3-1.1: Product: Card Reader
[    1.659027] usb 3-1.1: Manufacturer: Apple
[    1.659029] usb 3-1.1: SerialNumber: 000000009833
[    1.661033] usb-storage 3-1.1:1.0: USB Mass Storage device detected
[    1.661105] scsi host6: usb-storage 3-1.1:1.0
[    1.661177] usbcore: registered new interface driver usb-storage
[    1.661435] usbcore: registered new interface driver uas
[    1.716763] usb 1-2: New USB device found, idVendor=05ac, idProduct=850b, bcdDevice= 7.55
[    1.716769] usb 1-2: New USB device strings: Mfr=1, Product=2, SerialNumber=3
[    1.716772] usb 1-2: Product: FaceTime HD Camera (Built-in)
[    1.716774] usb 1-2: Manufacturer: Apple Inc.
[    1.716776] usb 1-2: SerialNumber: CCGB8K062WDDJRLX
[    1.753372] usb 3-1.2: new low-speed USB device number 4 using ehci-pci
[    1.803371] usb 1-1.1: new full-speed USB device number 4 using ehci-pci
[    1.813527] [drm] ib test on ring 5 succeeded
[    1.883371] [drm] radeon atom DIG backlight initialized
[    1.883382] [drm] Radeon Display Connectors
[    1.883386] [drm] Connector 0:
[    1.883390] [drm]   eDP-1
[    1.883393] [drm]   HPD3
[    1.883396] [drm]   DDC: 0x6450 0x6450 0x6454 0x6454 0x6458 0x6458 0x645c 0x645c
[    1.883402] [drm]   Encoders:
[    1.883405] [drm]     LCD1: INTERNAL_UNIPHY2
[    1.883408] [drm] Connector 1:
[    1.883411] [drm]   DP-1
[    1.883413] [drm]   HPD1
[    1.883416] [drm]   DDC: 0x6430 0x6430 0x6434 0x6434 0x6438 0x6438 0x643c 0x643c
[    1.883422] [drm]   Encoders:
[    1.883425] [drm]     DFP1: INTERNAL_UNIPHY1
[    1.883428] [drm] Connector 2:
[    1.883430] [drm]   DP-2
[    1.883433] [drm]   HPD2
[    1.883435] [drm]   DDC: 0x6440 0x6440 0x6444 0x6444 0x6448 0x6448 0x644c 0x644c
[    1.883441] [drm]   Encoders:
[    1.883444] [drm]     DFP2: INTERNAL_UNIPHY1
[    1.883447] [drm] Connector 3:
[    1.883449] [drm]   DP-3
[    1.883452] [drm]   HPD4
[    1.883454] [drm]   DDC: 0x6460 0x6460 0x6464 0x6464 0x6468 0x6468 0x646c 0x646c
[    1.883460] [drm]   Encoders:
[    1.883462] [drm]     DFP3: INTERNAL_UNIPHY2
[    1.883465] [drm] Connector 4:
[    1.883468] [drm]   DP-4
[    1.883478] [drm]   HPD5
[    1.883479] [drm]   DDC: 0x6470 0x6470 0x6474 0x6474 0x6478 0x6478 0x647c 0x647c
[    1.883481] [drm]   Encoders:
[    1.883483] [drm]     DFP4: INTERNAL_UNIPHY
[    1.883484] [drm] Connector 5:
[    1.883485] [drm]   VGA-1
[    1.883486] [drm]   DDC: 0x64d8 0x64d8 0x64dc 0x64dc 0x64e0 0x64e0 0x64e4 0x64e4
[    1.883488] [drm]   Encoders:
[    1.883489] [drm]     CRT1: INTERNAL_KLDSCP_DAC1
[    1.910390] usb 3-1.2: New USB device found, idVendor=05ac, idProduct=8242, bcdDevice= 0.16
[    1.910396] usb 3-1.2: New USB device strings: Mfr=1, Product=2, SerialNumber=0
[    1.910399] usb 3-1.2: Product: IR Receiver
[    1.910401] usb 3-1.2: Manufacturer: Apple Computer, Inc.
[    1.913641] hid: raw HID events driver (C) Jiri Kosina
[    1.913729] switching from power state:
[    1.913736] 	ui class: none
[    1.913739] 	internal class: boot
[    1.913744] 	caps:
[    1.913746] 	uvd    vclk: 0 dclk: 0
[    1.913749] 		power level 0    sclk: 10000 mclk: 14900 vddc: 900 vddci: 950
[    1.913751] 		power level 1    sclk: 10000 mclk: 14900 vddc: 900 vddci: 950
[    1.913753] 		power level 2    sclk: 10000 mclk: 14900 vddc: 900 vddci: 950
[    1.913755] 	status: c b
[    1.913757] switching to power state:
[    1.913759] 	ui class: performance
[    1.913760] 	internal class: none
[    1.913764] 	caps:
[    1.913767] 	uvd    vclk: 0 dclk: 0
[    1.913770] 		power level 0    sclk: 20000 mclk: 30000 vddc: 950 vddci: 950
[    1.913774] 		power level 1    sclk: 39800 mclk: 90000 vddc: 1000 vddci: 1100
[    1.913776] 		power level 2    sclk: 68000 mclk: 90000 vddc: 1100 vddci: 1100
[    1.913778] 	status: r
[    1.916040] usbcore: registered new interface driver usbhid
[    1.916044] usbhid: USB HID core driver
[    1.916839] input: Apple Computer, Inc. IR Receiver as /devices/pci0000:00/0000:00:1d.7/usb3/3-1/3-1.2/3-1.2:1.0/0003:05AC:8242.0001/input/input0
[    1.955731] usb 1-1.1: New USB device found, idVendor=0a5c, idProduct=4500, bcdDevice= 1.00
[    1.955745] usb 1-1.1: New USB device strings: Mfr=1, Product=2, SerialNumber=0
[    1.955751] usb 1-1.1: Product: BRCM2046 Hub
[    1.955756] usb 1-1.1: Manufacturer: Apple Inc.
[    1.956041] hub 1-1.1:1.0: USB hub found
[    1.956258] hub 1-1.1:1.0: 3 ports detected
[    1.983417] appleir 0003:05AC:8242.0001: input,hiddev96,hidraw0: USB HID v1.11 Device [Apple Computer, Inc. IR Receiver] on usb-0000:00:1d.7-1.2/input0
[    2.003323] usb 3-1.4: new low-speed USB device number 5 using ehci-pci
[    2.053327] usb 1-1.2: new high-speed USB device number 5 using ehci-pci
[    2.159005] usb 3-1.4: New USB device found, idVendor=047d, idProduct=1020, bcdDevice= 1.06
[    2.159010] usb 3-1.4: New USB device strings: Mfr=0, Product=1, SerialNumber=0
[    2.159021] usb 3-1.4: Product: Kensington Expert Mouse
[    2.162134] input: Kensington Expert Mouse as /devices/pci0000:00/0000:00:1d.7/usb3/3-1/3-1.4/3-1.4:1.0/0003:047D:1020.0002/input/input1
[    2.162254] hid-generic 0003:047D:1020.0002: input,hidraw1: USB HID v1.11 Mouse [Kensington Expert Mouse] on usb-0000:00:1d.7-1.4/input0
[    2.212129] usb 1-1.2: New USB device found, idVendor=05ac, idProduct=1006, bcdDevice=96.15
[    2.212135] usb 1-1.2: New USB device strings: Mfr=1, Product=2, SerialNumber=3
[    2.212146] usb 1-1.2: Product: Keyboard Hub
[    2.212149] usb 1-1.2: Manufacturer: Apple, Inc.
[    2.212151] usb 1-1.2: SerialNumber: 000000000000
[    2.212384] hub 1-1.2:1.0: USB hub found
[    2.212475] hub 1-1.2:1.0: 3 ports detected
[    2.303330] usb 1-1.1.1: new full-speed USB device number 6 using ehci-pci
[    2.458041] usb 1-1.1.1: New USB device found, idVendor=05ac, idProduct=8215, bcdDevice= 2.08
[    2.458047] usb 1-1.1.1: New USB device strings: Mfr=1, Product=2, SerialNumber=3
[    2.458050] usb 1-1.1.1: Product: Bluetooth USB Host Controller
[    2.458052] usb 1-1.1.1: Manufacturer: Apple Inc.
[    2.458054] usb 1-1.1.1: SerialNumber: 3451C9ED7F9B
[    2.553327] usb 1-1.2.2: new low-speed USB device number 7 using ehci-pci
[    2.705215] scsi 6:0:0:0: Direct-Access     APPLE    SD Card Reader   1.00 PQ: 0 ANSI: 0
[    2.705422] sd 6:0:0:0: Attached scsi generic sg3 type 0
[    2.706171] sd 6:0:0:0: [sdc] Media removed, stopped polling
[    2.707037] sd 6:0:0:0: [sdc] Attached SCSI removable disk
[    2.710129] usb 1-1.2.2: New USB device found, idVendor=05ac, idProduct=0220, bcdDevice= 0.71
[    2.710135] usb 1-1.2.2: New USB device strings: Mfr=1, Product=2, SerialNumber=0
[    2.710139] usb 1-1.2.2: Product: Apple Keyboard
[    2.710141] usb 1-1.2.2: Manufacturer: Apple, Inc
[    2.716730] input: Apple, Inc Apple Keyboard as /devices/pci0000:00/0000:00:1a.7/usb1/1-1/1-1.2/1-1.2.2/1-1.2.2:1.0/0003:05AC:0220.0003/input/input2
[    2.783446] apple 0003:05AC:0220.0003: input,hidraw2: USB HID v1.11 Keyboard [Apple, Inc Apple Keyboard] on usb-0000:00:1a.7-1.2.2/input0
[    2.783515] apple 0003:05AC:0220.0004: Fn key not found (Apple Wireless Keyboard clone?), disabling Fn key handling
[    2.783538] input: Apple, Inc Apple Keyboard as /devices/pci0000:00/0000:00:1a.7/usb1/1-1/1-1.2/1-1.2.2/1-1.2.2:1.1/0003:05AC:0220.0004/input/input3
[    2.803327] usb 1-1.1.2: new full-speed USB device number 8 using ehci-pci
[    2.853435] apple 0003:05AC:0220.0004: input,hidraw3: USB HID v1.11 Device [Apple, Inc Apple Keyboard] on usb-0000:00:1a.7-1.2.2/input1
[    2.956914] usb 1-1.1.2: New USB device found, idVendor=05ac, idProduct=820a, bcdDevice= 1.00
[    2.956920] usb 1-1.1.2: New USB device strings: Mfr=0, Product=0, SerialNumber=0
