Return-Path: <linux-kernel-owner@vger.kernel.org>
X-Original-To: lists+linux-kernel@lfdr.de
Delivered-To: lists+linux-kernel@lfdr.de
Received: from out1.vger.email (out1.vger.email [IPv6:2620:137:e000::1:20])
	by mail.lfdr.de (Postfix) with ESMTP id 5CE184ED671
	for <lists+linux-kernel@lfdr.de>; Thu, 31 Mar 2022 11:04:29 +0200 (CEST)
Received: (majordomo@vger.kernel.org) by vger.kernel.org via listexpand
        id S233147AbiCaJGI (ORCPT <rfc822;lists+linux-kernel@lfdr.de>);
        Thu, 31 Mar 2022 05:06:08 -0400
Received: from lindbergh.monkeyblade.net ([23.128.96.19]:36246 "EHLO
        lindbergh.monkeyblade.net" rhost-flags-OK-OK-OK-OK) by vger.kernel.org
        with ESMTP id S232196AbiCaJGF (ORCPT
        <rfc822;linux-kernel@vger.kernel.org>);
        Thu, 31 Mar 2022 05:06:05 -0400
Received: from ns3.fnarfbargle.com (ns3.fnarfbargle.com [103.4.19.87])
        by lindbergh.monkeyblade.net (Postfix) with ESMTPS id 7F4EA304
        for <linux-kernel@vger.kernel.org>; Thu, 31 Mar 2022 02:04:11 -0700 (PDT)
Received: from [10.8.0.1] (helo=srv.home)
        by ns3.fnarfbargle.com with esmtps (TLS1.3:ECDHE_RSA_AES_256_GCM_SHA384:256)
        (Exim 4.92)
        (envelope-from <lists2009@fnarfbargle.com>)
        id 1nZqit-0004sl-FE; Thu, 31 Mar 2022 19:04:08 +1000
DKIM-Signature: v=1; a=rsa-sha256; q=dns/txt; c=relaxed/relaxed;
        d=fnarfbargle.com; s=mail; h=Content-Transfer-Encoding:Content-Type:
        In-Reply-To:References:Cc:To:Subject:From:MIME-Version:Date:Message-ID:Sender
        :Reply-To:Content-ID:Content-Description:Resent-Date:Resent-From:
        Resent-Sender:Resent-To:Resent-Cc:Resent-Message-ID:List-Id:List-Help:
        List-Unsubscribe:List-Subscribe:List-Post:List-Owner:List-Archive;
        bh=44uB6JpFT+yZToiTwZEZph2aAC4EHUqeRKfwIHsxCZg=; b=wKMuxXRT+VJFrcPCAeKCyUyMjN
        51x3ylb33tAEXBAfNyJVbt2uZNW9amBij2nBvQfRgzTWm49bQrUxUTBJOqfACu/TSLk7kg5mrr4HN
        EruScKqlBXkULq8lHrAj42qOk4TOvW4uCkJmnEi8p/ckscmibDTSQ2nUbsWmNJlWTzRM=;
Message-ID: <eacc22dc-e650-a208-9484-62edd98d5778@fnarfbargle.com>
Date:   Thu, 31 Mar 2022 17:02:58 +0800
MIME-Version: 1.0
User-Agent: Mozilla/5.0 (X11; Linux x86_64; rv:91.0) Gecko/20100101
 Thunderbird/91.6.1
From:   Brad Campbell <lists2009@fnarfbargle.com>
Subject: Re: Apple Thunderbolt Display chaining
To:     Mika Westerberg <mika.westerberg@linux.intel.com>
Cc:     linux-kernel@vger.kernel.org
References: <acbb3a86-ea15-47ec-90fa-72fbd94921b1@fnarfbargle.com>
 <YkLt+/kJ54fwCYgy@lahna>
 <0249a7da-9237-806b-b267-7911ad40f4a0@fnarfbargle.com>
 <YkMC4XnfIZix6kBn@lahna>
 <b8894440-41b1-edef-dd2d-5bafabc6fb62@fnarfbargle.com>
 <YkQuk7E8AbSEiw59@lahna>
 <b35e4054-4f22-72a2-4313-77299697af7b@fnarfbargle.com>
 <YkRebADER3J9ooPM@lahna>
 <d40f02e5-7274-e834-6e13-82b3dbe11284@fnarfbargle.com>
 <YkRtf2HiXBOWGjna@lahna>
Content-Language: en-US
In-Reply-To: <YkRtf2HiXBOWGjna@lahna>
Content-Type: text/plain; charset=UTF-8
Content-Transfer-Encoding: 7bit
X-Spam-Status: No, score=-2.8 required=5.0 tests=BAYES_00,DKIM_SIGNED,
        DKIM_VALID,DKIM_VALID_AU,DKIM_VALID_EF,NICE_REPLY_A,RCVD_IN_DNSWL_LOW,
        SPF_HELO_PASS,SPF_PASS,T_SCC_BODY_TEXT_LINE autolearn=ham
        autolearn_force=no version=3.4.6
X-Spam-Checker-Version: SpamAssassin 3.4.6 (2021-04-09) on
        lindbergh.monkeyblade.net
Precedence: bulk
List-ID: <linux-kernel.vger.kernel.org>
X-Mailing-List: linux-kernel@vger.kernel.org

On 30/3/22 22:47, Mika Westerberg wrote:
> Hi,
> 
> On Wed, Mar 30, 2022 at 10:24:35PM +0800, Brad Campbell wrote:
>> Nope, that did the same thing. I wonder though. I'm testing it on the laptop and that reports :
>> [    0.442832] thunderbolt 0000:07:00.0:  Thunderbolt 2 Switch: 8086:156d (Revision: 0, TB Version: 2)
>>
>> Changing "if (in->sw->generation == 1)" to "if (in->sw->generation == 2)" on the laptop solves that.
> 
> Heh, indeed I forgot that this is Falcon Ridge.
> 
>> I can't test hotplug properly on the iMac due to the radeon training issue.
>>
>> The laptop still has the issue of a cold boot working in one socket
>> and not the other, but hot plug is working correctly.
> 
> Let's try this one next:
> 
> diff --git a/drivers/thunderbolt/tunnel.c b/drivers/thunderbolt/tunnel.c
> index a473cc7d9a8d..7150b5bc5403 100644
> --- a/drivers/thunderbolt/tunnel.c
> +++ b/drivers/thunderbolt/tunnel.c
> @@ -865,6 +865,8 @@ struct tb_tunnel *tb_tunnel_alloc_dp(struct tb *tb, struct tb_port *in,
>   	struct tb_tunnel *tunnel;
>   	struct tb_path **paths;
>   	struct tb_path *path;
> +	struct tb_port *port;
> +	int link_nr;
>   

On the iMac, it cold boots on either port.

On the Laptop it is the same as the previous in that it cold boots on one port and not the other. Hotplug works in all cases I did try (in->sw->generation < 3) just in case, but it didn't change anything on the Laptop.

Testing from here down is on the iMac.

I've re-tested the original patch and aside from the thunderbolt controller locking up, the radeon doesn't fail clock recovery.

Further investigation on the iMac shows we don't see port 11. I added a debug for discovered port.

So my next thing is to try and figure out if there is a correlation between which link is paired with which DP source.

I've changed link_nr = in->port == 11 ? 1 : 0; to 12 ? 1 : 0; and that boots, but hotplug still fails if the EFI sets up a display first. I've also tried reversing the 1 : 0, but that fails out of the gate.

I've just done a test now by booting with the chain disconnected, then plugging it in just before the bootloader loads which prevents the EFI from getting involved. 

This works (wait until just before bootloader to plug the chain): 

brad@bkmac:~$ dmesg | egrep '(Tunnel|in->|in use|DP .* available)'
[    1.618277] thunderbolt 0000:07:00.0: 0:c: DP IN resource available
[    1.618280] thunderbolt 0000:07:00.0: 0:d: DP IN resource available
[    1.618403] thunderbolt 0000:07:00.0: 303:b: DP OUT resource available
[    1.618529] thunderbolt 0000:07:00.0: 0:c: DP IN available
[    1.618656] thunderbolt 0000:07:00.0: 303:b: DP OUT available
[    1.618916] thunderbolt 0000:07:00.0: in->port 12
[    1.618920] thunderbolt 0000:07:00.0: Tunnel 1
[    1.622751] thunderbolt 0000:07:00.0: 3:b: DP OUT resource available
[    1.622880] thunderbolt 0000:07:00.0: 0:c: in use
[    1.623007] thunderbolt 0000:07:00.0: 0:d: DP IN available
[    1.623135] thunderbolt 0000:07:00.0: 303:b: in use
[    1.623263] thunderbolt 0000:07:00.0: 3:b: DP OUT available
[    1.623399] thunderbolt 0000:07:00.0: in->port 13
[    1.623402] thunderbolt 0000:07:00.0: Tunnel 0

Both displays are working at this point.
Unplug -> Replug
[   45.799923] thunderbolt 0000:07:00.0: 0:c: DP IN available
[   45.800051] thunderbolt 0000:07:00.0: 0:d: DP IN available
[   45.800053] thunderbolt 0000:07:00.0: no suitable DP IN adapter available, not tunneling
[   54.606243] thunderbolt 0000:07:00.0: 303:b: DP OUT resource available
[   54.606371] thunderbolt 0000:07:00.0: 0:c: DP IN available
[   54.606497] thunderbolt 0000:07:00.0: 303:b: DP OUT available
[   54.606763] thunderbolt 0000:07:00.0: in->port 12
[   54.606768] thunderbolt 0000:07:00.0: Tunnel 1
[   54.615067] thunderbolt 0000:07:00.0: 3:b: DP OUT resource available
[   54.615176] thunderbolt 0000:07:00.0: 0:c: in use
[   54.615309] thunderbolt 0000:07:00.0: 0:d: DP IN available
[   54.615434] thunderbolt 0000:07:00.0: 303:b: in use
[   54.615561] thunderbolt 0000:07:00.0: 3:b: DP OUT available
[   54.615692] thunderbolt 0000:07:00.0: in->port 13
[   54.615694] thunderbolt 0000:07:00.0: Tunnel 0

Both displays are working

This doesn't (standard cold boot):

brad@bkmac:~$ dmesg | egrep '(Tunnel|in->|in use|DP .* available)'
[    1.611396] thunderbolt 0000:07:00.0: 0:c: DP IN resource available
[    1.611399] thunderbolt 0000:07:00.0: 0:d: DP IN resource available
[    1.611521] thunderbolt 0000:07:00.0: 303:b: DP OUT resource available
[    1.611648] thunderbolt 0000:07:00.0: 0:c: in use
[    1.611777] thunderbolt 0000:07:00.0: 0:d: DP IN available
[    1.611904] thunderbolt 0000:07:00.0: 303:b: DP OUT available
[    1.612162] thunderbolt 0000:07:00.0: in->port 13
[    1.612166] thunderbolt 0000:07:00.0: Tunnel 0

Both displays are working at this point.
Unplug -> Replug
[   72.181366] thunderbolt 0000:07:00.0: 0:c: DP IN available
[   72.181487] thunderbolt 0000:07:00.0: 0:d: DP IN available
[   72.181489] thunderbolt 0000:07:00.0: no suitable DP IN adapter available, not tunneling
[   81.369074] thunderbolt 0000:07:00.0: 3:b: DP OUT resource available
[   81.369207] thunderbolt 0000:07:00.0: 0:c: DP IN available
[   81.369335] thunderbolt 0000:07:00.0: 3:b: DP OUT available
[   81.369468] thunderbolt 0000:07:00.0: in->port 12
[   81.369471] thunderbolt 0000:07:00.0: Tunnel 1
[   81.376542] thunderbolt 0000:07:00.0: 303:b: DP OUT resource available
[   81.376669] thunderbolt 0000:07:00.0: 0:c: in use
[   81.376797] thunderbolt 0000:07:00.0: 0:d: DP IN available
[   81.376925] thunderbolt 0000:07:00.0: 3:b: in use
[   81.377058] thunderbolt 0000:07:00.0: 303:b: DP OUT available
[   81.377320] thunderbolt 0000:07:00.0: in->port 13
[   81.377328] thunderbolt 0000:07:00.0: Tunnel 0

First display in the chain fails clock recovery.

Full dmesg of failure here :

[    0.000000] Linux version 5.17.0+ (brad@bkmac) (gcc (Debian 8.3.0-6) 8.3.0, GNU ld (GNU Binutils for Debian) 2.31.1) #48 SMP PREEMPT_DYNAMIC Thu Mar 31 16:31:24 AWST 2022
[    0.000000] Command line: ro root=UUID=de35d1a6-e0e1-40b0-b46a-3974a04adf4b libata.allow_tpm=1 netconsole=6666@192.168.2.87/eth0,6666@192.168.2.208/dc:a6:32:61:33:da oops=panic panic=10 thunderbolt.dyndbg pci=assign-busses,realloc,hpbussize=0x10,hpmmiosize=128M,hpmmioprefsize=1G initrd=boot\initrd.img-5.17.0+
[    0.000000] x86/fpu: Supporting XSAVE feature 0x001: 'x87 floating point registers'
[    0.000000] x86/fpu: Supporting XSAVE feature 0x002: 'SSE registers'
[    0.000000] x86/fpu: Supporting XSAVE feature 0x004: 'AVX registers'
[    0.000000] x86/fpu: xstate_offset[2]:  576, xstate_sizes[2]:  256
[    0.000000] x86/fpu: Enabled xstate features 0x7, context size is 832 bytes, using 'standard' format.
[    0.000000] signal: max sigframe size: 1776
[    0.000000] reserving inaccessible SNB gfx pages
[    0.000000] BIOS-provided physical RAM map:
[    0.000000] BIOS-e820: [mem 0x0000000000000000-0x000000000008dfff] usable
[    0.000000] BIOS-e820: [mem 0x000000000008e000-0x000000000008ffff] reserved
[    0.000000] BIOS-e820: [mem 0x0000000000090000-0x000000000009ffff] usable
[    0.000000] BIOS-e820: [mem 0x00000000000a0000-0x00000000000bffff] reserved
[    0.000000] BIOS-e820: [mem 0x0000000000100000-0x000000001fffffff] usable
[    0.000000] BIOS-e820: [mem 0x0000000020000000-0x00000000201fffff] reserved
[    0.000000] BIOS-e820: [mem 0x0000000020200000-0x000000003fffffff] usable
[    0.000000] BIOS-e820: [mem 0x0000000040000000-0x00000000401fffff] reserved
[    0.000000] BIOS-e820: [mem 0x0000000040200000-0x000000008ed32fff] usable
[    0.000000] BIOS-e820: [mem 0x000000008ed33000-0x000000008ed5efff] ACPI NVS
[    0.000000] BIOS-e820: [mem 0x000000008ed5f000-0x000000008ed70fff] usable
[    0.000000] BIOS-e820: [mem 0x000000008ed71000-0x000000008ed8efff] ACPI data
[    0.000000] BIOS-e820: [mem 0x000000008ed8f000-0x000000008ee59fff] usable
[    0.000000] BIOS-e820: [mem 0x000000008ee5a000-0x000000008ee8efff] reserved
[    0.000000] BIOS-e820: [mem 0x000000008ee8f000-0x000000008eed6fff] usable
[    0.000000] BIOS-e820: [mem 0x000000008eed7000-0x000000008eefefff] reserved
[    0.000000] BIOS-e820: [mem 0x000000008eeff000-0x000000008efa2fff] usable
[    0.000000] BIOS-e820: [mem 0x000000008efa3000-0x000000008f8fffff] reserved
[    0.000000] BIOS-e820: [mem 0x00000000e00f8000-0x00000000e00f8fff] reserved
[    0.000000] BIOS-e820: [mem 0x00000000fed1c000-0x00000000fed1ffff] reserved
[    0.000000] BIOS-e820: [mem 0x00000000ffed8000-0x00000000ffefffff] reserved
[    0.000000] BIOS-e820: [mem 0x0000000100000000-0x000000086fefffff] usable
[    0.000000] NX (Execute Disable) protection: active
[    0.000000] e820: update [mem 0x89109018-0x89124c57] usable ==> usable
[    0.000000] e820: update [mem 0x89109018-0x89124c57] usable ==> usable
[    0.000000] e820: update [mem 0x891a7018-0x891b8c3d] usable ==> usable
[    0.000000] e820: update [mem 0x891a7018-0x891b8c3d] usable ==> usable
[    0.000000] extended physical RAM map:
[    0.000000] reserve setup_data: [mem 0x0000000000000000-0x000000000008dfff] usable
[    0.000000] reserve setup_data: [mem 0x000000000008e000-0x000000000008ffff] reserved
[    0.000000] reserve setup_data: [mem 0x0000000000090000-0x000000000009ffff] usable
[    0.000000] reserve setup_data: [mem 0x00000000000a0000-0x00000000000bffff] reserved
[    0.000000] reserve setup_data: [mem 0x0000000000100000-0x000000001fffffff] usable
[    0.000000] reserve setup_data: [mem 0x0000000020000000-0x00000000201fffff] reserved
[    0.000000] reserve setup_data: [mem 0x0000000020200000-0x000000003fffffff] usable
[    0.000000] reserve setup_data: [mem 0x0000000040000000-0x00000000401fffff] reserved
[    0.000000] reserve setup_data: [mem 0x0000000040200000-0x0000000089109017] usable
[    0.000000] reserve setup_data: [mem 0x0000000089109018-0x0000000089124c57] usable
[    0.000000] reserve setup_data: [mem 0x0000000089124c58-0x00000000891a7017] usable
[    0.000000] reserve setup_data: [mem 0x00000000891a7018-0x00000000891b8c3d] usable
[    0.000000] reserve setup_data: [mem 0x00000000891b8c3e-0x000000008ed32fff] usable
[    0.000000] reserve setup_data: [mem 0x000000008ed33000-0x000000008ed5efff] ACPI NVS
[    0.000000] reserve setup_data: [mem 0x000000008ed5f000-0x000000008ed70fff] usable
[    0.000000] reserve setup_data: [mem 0x000000008ed71000-0x000000008ed8efff] ACPI data
[    0.000000] reserve setup_data: [mem 0x000000008ed8f000-0x000000008ee59fff] usable
[    0.000000] reserve setup_data: [mem 0x000000008ee5a000-0x000000008ee8efff] reserved
[    0.000000] reserve setup_data: [mem 0x000000008ee8f000-0x000000008eed6fff] usable
[    0.000000] reserve setup_data: [mem 0x000000008eed7000-0x000000008eefefff] reserved
[    0.000000] reserve setup_data: [mem 0x000000008eeff000-0x000000008efa2fff] usable
[    0.000000] reserve setup_data: [mem 0x000000008efa3000-0x000000008f8fffff] reserved
[    0.000000] reserve setup_data: [mem 0x00000000e00f8000-0x00000000e00f8fff] reserved
[    0.000000] reserve setup_data: [mem 0x00000000fed1c000-0x00000000fed1ffff] reserved
[    0.000000] reserve setup_data: [mem 0x00000000ffed8000-0x00000000ffefffff] reserved
[    0.000000] reserve setup_data: [mem 0x0000000100000000-0x000000086fefffff] usable
[    0.000000] efi: EFI v1.10 by Apple
[    0.000000] efi: ACPI=0x8ed8e000 ACPI 2.0=0x8ed8e014 SMBIOS=0x8ed3b000 
[    0.000000] SMBIOS 2.4 present.
[    0.000000] DMI: Apple Inc. iMac12,2/Mac-942B59F58194171B, BIOS 87.0.0.0.0 06/14/2019
[    0.000000] tsc: Fast TSC calibration using PIT
[    0.000000] tsc: Detected 3400.327 MHz processor
[    0.000095] e820: update [mem 0x00000000-0x00000fff] usable ==> reserved
[    0.000097] e820: remove [mem 0x000a0000-0x000fffff] usable
[    0.000103] last_pfn = 0x86ff00 max_arch_pfn = 0x400000000
[    0.000754] x86/PAT: Configuration [0-7]: WB  WC  UC- UC  WB  WP  UC- WT  
[    0.001371] last_pfn = 0x8efa3 max_arch_pfn = 0x400000000
[    0.002471] Secure boot disabled
[    0.002472] RAMDISK: [mem 0x7e4ad000-0x7fffffff]
[    0.002476] ACPI: Early table checksum verification disabled
[    0.002480] ACPI: RSDP 0x000000008ED8E014 000024 (v02 APPLE )
[    0.002484] ACPI: XSDT 0x000000008ED8E1C0 0000A4 (v01 APPLE  Apple00  0000F000      01000013)
[    0.002488] ACPI: FACP 0x000000008ED8C000 0000F4 (v04 APPLE  Apple00  0000F000 Loki 0000005F)
[    0.002493] ACPI: DSDT 0x000000008ED81000 0053FB (v01 APPLE  iMac     00210001 INTL 20061109)
[    0.002496] ACPI: FACS 0x000000008ED3E000 000040
[    0.002498] ACPI: FACS 0x000000008ED3E000 000040
[    0.002500] ACPI: HPET 0x000000008ED8B000 000038 (v01 APPLE  Apple00  00000001 Loki 0000005F)
[    0.002503] ACPI: APIC 0x000000008ED8A000 0000BC (v02 APPLE  Apple00  00000001 Loki 0000005F)
[    0.002505] ACPI: SBST 0x000000008ED88000 000030 (v01 APPLE  Apple00  00000001 Loki 0000005F)
[    0.002508] ACPI: ECDT 0x000000008ED87000 000053 (v01 APPLE  Apple00  00000001 Loki 0000005F)
[    0.002510] ACPI: SSDT 0x000000008ED7E000 00020D (v01 APPLE  SataAhci 00001000 INTL 20061109)
[    0.002513] ACPI: SSDT 0x000000008ED7C000 0000B1 (v01 APPLE  SmcDppt  00001000 INTL 20061109)
[    0.002516] ACPI: SSDT 0x000000008ED7A000 000646 (v01 APPLE  UsbNoRmh 00001000 INTL 20061109)
[    0.002518] ACPI: SSDT 0x000000008ED78000 00013D (v01 APPLE  SataPrt1 00001000 INTL 20061109)
[    0.002521] ACPI: SSDT 0x000000008ED77000 0000A0 (v02 APPLE  IGHda    00001000 INTL 20061109)
[    0.002523] ACPI: SSDT 0x000000008ED75000 000032 (v01 APPLE  SsdtS3   00001000 INTL 20061109)
[    0.002526] ACPI: SSDT 0x000000008ED74000 000548 (v01 PmRef  Cpu0Ist  00003000 INTL 20061109)
[    0.002528] ACPI: SSDT 0x000000008ED73000 0009B1 (v01 PmRef  CpuPm    00003000 INTL 20061109)
[    0.002531] ACPI: SSDT 0x000000008ED72000 000315 (v01 PmRef  Cpu0Tst  00003000 INTL 20061109)
[    0.002534] ACPI: SSDT 0x000000008ED71000 00037A (v01 PmRef  ApTst    00003000 INTL 20061109)
[    0.002536] ACPI: MCFG 0x000000008ED89000 00003C (v01 APPLE  Apple00  00000001 Loki 0000005F)
[    0.002538] ACPI: Reserving FACP table memory at [mem 0x8ed8c000-0x8ed8c0f3]
[    0.002540] ACPI: Reserving DSDT table memory at [mem 0x8ed81000-0x8ed863fa]
[    0.002541] ACPI: Reserving FACS table memory at [mem 0x8ed3e000-0x8ed3e03f]
[    0.002542] ACPI: Reserving FACS table memory at [mem 0x8ed3e000-0x8ed3e03f]
[    0.002543] ACPI: Reserving HPET table memory at [mem 0x8ed8b000-0x8ed8b037]
[    0.002544] ACPI: Reserving APIC table memory at [mem 0x8ed8a000-0x8ed8a0bb]
[    0.002545] ACPI: Reserving SBST table memory at [mem 0x8ed88000-0x8ed8802f]
[    0.002546] ACPI: Reserving ECDT table memory at [mem 0x8ed87000-0x8ed87052]
[    0.002547] ACPI: Reserving SSDT table memory at [mem 0x8ed7e000-0x8ed7e20c]
[    0.002549] ACPI: Reserving SSDT table memory at [mem 0x8ed7c000-0x8ed7c0b0]
[    0.002550] ACPI: Reserving SSDT table memory at [mem 0x8ed7a000-0x8ed7a645]
[    0.002551] ACPI: Reserving SSDT table memory at [mem 0x8ed78000-0x8ed7813c]
[    0.002552] ACPI: Reserving SSDT table memory at [mem 0x8ed77000-0x8ed7709f]
[    0.002553] ACPI: Reserving SSDT table memory at [mem 0x8ed75000-0x8ed75031]
[    0.002554] ACPI: Reserving SSDT table memory at [mem 0x8ed74000-0x8ed74547]
[    0.002555] ACPI: Reserving SSDT table memory at [mem 0x8ed73000-0x8ed739b0]
[    0.002556] ACPI: Reserving SSDT table memory at [mem 0x8ed72000-0x8ed72314]
[    0.002557] ACPI: Reserving SSDT table memory at [mem 0x8ed71000-0x8ed71379]
[    0.002559] ACPI: Reserving MCFG table memory at [mem 0x8ed89000-0x8ed8903b]
[    0.002565] ACPI: DMI detected to setup _OSI("Darwin"): Apple hardware
[    0.002592] Zone ranges:
[    0.002593]   DMA      [mem 0x0000000000001000-0x0000000000ffffff]
[    0.002595]   DMA32    [mem 0x0000000001000000-0x00000000ffffffff]
[    0.002597]   Normal   [mem 0x0000000100000000-0x000000086fefffff]
[    0.002598] Movable zone start for each node
[    0.002599] Early memory node ranges
[    0.002599]   node   0: [mem 0x0000000000001000-0x000000000008dfff]
[    0.002601]   node   0: [mem 0x0000000000090000-0x000000000009ffff]
[    0.002602]   node   0: [mem 0x0000000000100000-0x000000001fffffff]
[    0.002603]   node   0: [mem 0x0000000020200000-0x000000003fffffff]
[    0.002604]   node   0: [mem 0x0000000040200000-0x000000008ed32fff]
[    0.002605]   node   0: [mem 0x000000008ed5f000-0x000000008ed70fff]
[    0.002606]   node   0: [mem 0x000000008ed8f000-0x000000008ee59fff]
[    0.002606]   node   0: [mem 0x000000008ee8f000-0x000000008eed6fff]
[    0.002607]   node   0: [mem 0x000000008eeff000-0x000000008efa2fff]
[    0.002608]   node   0: [mem 0x0000000100000000-0x000000086fefffff]
[    0.002611] Initmem setup node 0 [mem 0x0000000000001000-0x000000086fefffff]
[    0.002615] On node 0, zone DMA: 1 pages in unavailable ranges
[    0.002616] On node 0, zone DMA: 2 pages in unavailable ranges
[    0.002635] On node 0, zone DMA: 96 pages in unavailable ranges
[    0.004133] On node 0, zone DMA32: 512 pages in unavailable ranges
[    0.006371] On node 0, zone DMA32: 512 pages in unavailable ranges
[    0.006376] On node 0, zone DMA32: 44 pages in unavailable ranges
[    0.006379] On node 0, zone DMA32: 30 pages in unavailable ranges
[    0.006381] On node 0, zone DMA32: 53 pages in unavailable ranges
[    0.006383] On node 0, zone DMA32: 40 pages in unavailable ranges
[    0.060514] On node 0, zone Normal: 4189 pages in unavailable ranges
[    0.060521] On node 0, zone Normal: 256 pages in unavailable ranges
[    0.060682] ACPI: PM-Timer IO Port: 0x408
[    0.060688] ACPI: LAPIC_NMI (acpi_id[0x01] high edge lint[0x1])
[    0.060690] ACPI: LAPIC_NMI (acpi_id[0x02] high edge lint[0x1])
[    0.060691] ACPI: LAPIC_NMI (acpi_id[0x03] high edge lint[0x1])
[    0.060692] ACPI: LAPIC_NMI (acpi_id[0x04] high edge lint[0x1])
[    0.060692] ACPI: LAPIC_NMI (acpi_id[0x05] high edge lint[0x1])
[    0.060693] ACPI: LAPIC_NMI (acpi_id[0x06] high edge lint[0x1])
[    0.060694] ACPI: LAPIC_NMI (acpi_id[0x07] high edge lint[0x1])
[    0.060695] ACPI: LAPIC_NMI (acpi_id[0x08] high edge lint[0x1])
[    0.060704] IOAPIC[0]: apic_id 2, version 32, address 0xfec00000, GSI 0-23
[    0.060706] ACPI: INT_SRC_OVR (bus 0 bus_irq 0 global_irq 2 dfl dfl)
[    0.060708] ACPI: INT_SRC_OVR (bus 0 bus_irq 9 global_irq 9 high level)
[    0.060711] ACPI: Using ACPI (MADT) for SMP configuration information
[    0.060712] ACPI: HPET id: 0x8086a201 base: 0xfed00000
[    0.060716] TSC deadline timer available
[    0.060717] smpboot: Allowing 8 CPUs, 0 hotplug CPUs
[    0.060739] PM: hibernation: Registered nosave memory: [mem 0x00000000-0x00000fff]
[    0.060741] PM: hibernation: Registered nosave memory: [mem 0x0008e000-0x0008ffff]
[    0.060743] PM: hibernation: Registered nosave memory: [mem 0x000a0000-0x000bffff]
[    0.060744] PM: hibernation: Registered nosave memory: [mem 0x000c0000-0x000fffff]
[    0.060746] PM: hibernation: Registered nosave memory: [mem 0x20000000-0x201fffff]
[    0.060748] PM: hibernation: Registered nosave memory: [mem 0x40000000-0x401fffff]
[    0.060749] PM: hibernation: Registered nosave memory: [mem 0x89109000-0x89109fff]
[    0.060751] PM: hibernation: Registered nosave memory: [mem 0x89124000-0x89124fff]
[    0.060753] PM: hibernation: Registered nosave memory: [mem 0x891a7000-0x891a7fff]
[    0.060755] PM: hibernation: Registered nosave memory: [mem 0x891b8000-0x891b8fff]
[    0.060757] PM: hibernation: Registered nosave memory: [mem 0x8ed33000-0x8ed5efff]
[    0.060759] PM: hibernation: Registered nosave memory: [mem 0x8ed71000-0x8ed8efff]
[    0.060760] PM: hibernation: Registered nosave memory: [mem 0x8ee5a000-0x8ee8efff]
[    0.060762] PM: hibernation: Registered nosave memory: [mem 0x8eed7000-0x8eefefff]
[    0.060764] PM: hibernation: Registered nosave memory: [mem 0x8efa3000-0x8f8fffff]
[    0.060765] PM: hibernation: Registered nosave memory: [mem 0x8f900000-0xe00f7fff]
[    0.060766] PM: hibernation: Registered nosave memory: [mem 0xe00f8000-0xe00f8fff]
[    0.060767] PM: hibernation: Registered nosave memory: [mem 0xe00f9000-0xfed1bfff]
[    0.060768] PM: hibernation: Registered nosave memory: [mem 0xfed1c000-0xfed1ffff]
[    0.060768] PM: hibernation: Registered nosave memory: [mem 0xfed20000-0xffed7fff]
[    0.060769] PM: hibernation: Registered nosave memory: [mem 0xffed8000-0xffefffff]
[    0.060770] PM: hibernation: Registered nosave memory: [mem 0xfff00000-0xffffffff]
[    0.060772] [mem 0x8f900000-0xe00f7fff] available for PCI devices
[    0.060775] clocksource: refined-jiffies: mask: 0xffffffff max_cycles: 0xffffffff, max_idle_ns: 19112604462750000 ns
[    0.063067] setup_percpu: NR_CPUS:8 nr_cpumask_bits:8 nr_cpu_ids:8 nr_node_ids:1
[    0.063235] percpu: Embedded 44 pages/cpu s139880 r8192 d32152 u262144
[    0.063242] pcpu-alloc: s139880 r8192 d32152 u262144 alloc=1*2097152
[    0.063244] pcpu-alloc: [0] 0 1 2 3 4 5 6 7 
[    0.063265] Built 1 zonelists, mobility grouping on.  Total pages: 8251732
[    0.063267] Kernel command line: ro root=UUID=de35d1a6-e0e1-40b0-b46a-3974a04adf4b libata.allow_tpm=1 netconsole=6666@192.168.2.87/eth0,6666@192.168.2.208/dc:a6:32:61:33:da oops=panic panic=10 thunderbolt.dyndbg pci=assign-busses,realloc,hpbussize=0x10,hpmmiosize=128M,hpmmioprefsize=1G initrd=boot\initrd.img-5.17.0+
[    0.063328] Unknown kernel command line parameters "netconsole=6666@192.168.2.87/eth0,6666@192.168.2.208/dc:a6:32:61:33:da", will be passed to user space.
[    0.064951] Dentry cache hash table entries: 4194304 (order: 13, 33554432 bytes, linear)
[    0.065775] Inode-cache hash table entries: 2097152 (order: 12, 16777216 bytes, linear)
[    0.065840] mem auto-init: stack:off, heap alloc:off, heap free:off
[    0.152473] Memory: 32768252K/33531492K available (8192K kernel code, 2298K rwdata, 1860K rodata, 956K init, 2628K bss, 762984K reserved, 0K cma-reserved)
[    0.152508] SLUB: HWalign=64, Order=0-3, MinObjects=0, CPUs=8, Nodes=1
[    0.152722] Dynamic Preempt: voluntary
[    0.152746] rcu: Preemptible hierarchical RCU implementation.
[    0.152748] 	Trampoline variant of Tasks RCU enabled.
[    0.152749] rcu: RCU calculated value of scheduler-enlistment delay is 10 jiffies.
[    0.152757] NR_IRQS: 4352, nr_irqs: 488, preallocated irqs: 16
[    0.152949] random: get_random_bytes called from start_kernel+0x443/0x5fb with crng_init=0
[    0.152974] Console: colour dummy device 80x25
[    0.153243] printk: console [tty0] enabled
[    0.153251] ACPI: Core revision 20211217
[    0.153334] clocksource: hpet: mask: 0xffffffff max_cycles: 0xffffffff, max_idle_ns: 133484882848 ns
[    0.153349] APIC: Switch to symmetric I/O mode setup
[    0.153727] ..TIMER: vector=0x30 apic1=0 pin1=2 apic2=-1 pin2=-1
[    0.203344] clocksource: tsc-early: mask: 0xffffffffffffffff max_cycles: 0x3103833a219, max_idle_ns: 440795222021 ns
[    0.203349] Calibrating delay loop (skipped), value calculated using timer frequency.. 6800.65 BogoMIPS (lpj=34003270)
[    0.203353] pid_max: default: 32768 minimum: 301
[    0.207271] Mount-cache hash table entries: 65536 (order: 7, 524288 bytes, linear)
[    0.207335] Mountpoint-cache hash table entries: 65536 (order: 7, 524288 bytes, linear)
[    0.207455] CPU0: Thermal monitoring enabled (TM1)
[    0.207459] process: using mwait in idle threads
[    0.207462] Last level iTLB entries: 4KB 512, 2MB 8, 4MB 8
[    0.207464] Last level dTLB entries: 4KB 512, 2MB 32, 4MB 32, 1GB 0
[    0.207467] Spectre V1 : Mitigation: usercopy/swapgs barriers and __user pointer sanitization
[    0.207470] Spectre V2 : Kernel not compiled with retpoline; no mitigation available!
[    0.207471] Spectre V2 : Vulnerable
[    0.207474] Spectre V2 : Spectre v2 / SpectreRSB mitigation: Filling RSB on context switch
[    0.207476] Spectre V2 : Enabling Restricted Speculation for firmware calls
[    0.207478] Spectre V2 : mitigation: Enabling conditional Indirect Branch Prediction Barrier
[    0.207481] Spectre V2 : User space: Mitigation: STIBP via prctl
[    0.207483] Speculative Store Bypass: Mitigation: Speculative Store Bypass disabled via prctl
[    0.207486] MDS: Mitigation: Clear CPU buffers
[    0.207645] Freeing SMP alternatives memory: 24K
[    0.207914] smpboot: Estimated ratio of average max frequency by base frequency (times 1024): 1054
[    0.207920] smpboot: CPU0: Intel(R) Core(TM) i7-2600 CPU @ 3.40GHz (family: 0x6, model: 0x2a, stepping: 0x7)
[    0.207986] cblist_init_generic: Setting adjustable number of callback queues.
[    0.207990] cblist_init_generic: Setting shift to 3 and lim to 1.
[    0.208000] Performance Events: PEBS fmt1+, SandyBridge events, 16-deep LBR, full-width counters, Intel PMU driver.
[    0.208013] ... version:                3
[    0.208015] ... bit width:              48
[    0.208016] ... generic registers:      4
[    0.208018] ... value mask:             0000ffffffffffff
[    0.208019] ... max period:             00007fffffffffff
[    0.208021] ... fixed-purpose events:   3
[    0.208023] ... event mask:             000000070000000f
[    0.208100] rcu: Hierarchical SRCU implementation.
[    0.208201] smp: Bringing up secondary CPUs ...
[    0.208246] x86: Booting SMP configuration:
[    0.208248] .... node  #0, CPUs:      #1 #2 #3 #4
[    0.216799] MDS CPU bug present and SMT on, data leak possible. See https://www.kernel.org/doc/html/latest/admin-guide/hw-vuln/mds.html for more details.
[    0.216799]  #5 #6 #7
[    0.226677] smp: Brought up 1 node, 8 CPUs
[    0.226677] smpboot: Max logical packages: 1
[    0.226677] smpboot: Total of 8 processors activated (54405.23 BogoMIPS)
[    0.228844] devtmpfs: initialized
[    0.228844] ACPI: PM: Registering ACPI NVS region [mem 0x8ed33000-0x8ed5efff] (180224 bytes)
[    0.228844] clocksource: jiffies: mask: 0xffffffff max_cycles: 0xffffffff, max_idle_ns: 19112604462750000 ns
[    0.228844] futex hash table entries: 2048 (order: 5, 131072 bytes, linear)
[    0.228844] NET: Registered PF_NETLINK/PF_ROUTE protocol family
[    0.228844] thermal_sys: Registered thermal governor 'step_wise'
[    0.228844] thermal_sys: Registered thermal governor 'user_space'
[    0.228844] cpuidle: using governor ladder
[    0.228844] cpuidle: using governor menu
[    0.228844] acpiphp: ACPI Hot Plug PCI Controller Driver version: 0.5
[    0.228844] PCI: MMCONFIG for domain 0000 [bus 00-fb] at [mem 0xe0000000-0xefbfffff] (base 0xe0000000)
[    0.228844] PCI: not using MMCONFIG
[    0.228844] PCI: Using configuration type 1 for base access
[    0.228844] core: PMU erratum BJ122, BV98, HSD29 worked around, HT is on
[    0.233850] ACPI: Disabled all _OSI OS vendors
[    0.233850] ACPI: Added _OSI(Module Device)
[    0.233850] ACPI: Added _OSI(Processor Device)
[    0.233850] ACPI: Added _OSI(3.0 _SCP Extensions)
[    0.233850] ACPI: Added _OSI(Processor Aggregator Device)
[    0.233850] ACPI: Added _OSI(Linux-Dell-Video)
[    0.233850] ACPI: Added _OSI(Linux-Lenovo-NV-HDMI-Audio)
[    0.233850] ACPI: Added _OSI(Linux-HPI-Hybrid-Graphics)
[    0.233850] ACPI: Added _OSI(Darwin)
[    0.235674] ACPI: 11 ACPI AML tables successfully acquired and loaded
[    0.235875] ACPI: EC: EC started
[    0.235878] ACPI: EC: interrupt blocked
[    0.236365] ACPI: EC: EC_CMD/EC_SC=0x66, EC_DATA=0x62
[    0.236368] ACPI: EC: Boot ECDT EC used to handle transactions
[    0.236496] ACPI: BIOS _OSI(Darwin) query honored via DMI
[    0.236629] ACPI: [Firmware Bug]: BIOS _OSI(Linux) query ignored
[    0.236829] ACPI: Dynamic OEM Table Load:
[    0.236837] ACPI: SSDT 0xFFFF888100379800 000781 (v01 PmRef  Cpu0Cst  00003001 INTL 20061109)
[    0.237154] ACPI: Dynamic OEM Table Load:
[    0.237160] ACPI: SSDT 0xFFFF88810036E800 0003A4 (v01 PmRef  ApIst    00003000 INTL 20061109)
[    0.237392] ACPI: Dynamic OEM Table Load:
[    0.237397] ACPI: SSDT 0xFFFF8881000FA600 000119 (v01 PmRef  ApCst    00003000 INTL 20061109)
[    0.238178] ACPI: Interpreter enabled
[    0.238192] ACPI: PM: (supports S0 S3 S4 S5)
[    0.238194] ACPI: Using IOAPIC for interrupt routing
[    0.238211] PCI: MMCONFIG for domain 0000 [bus 00-fb] at [mem 0xe0000000-0xefbfffff] (base 0xe0000000)
[    0.238423] PCI: MMCONFIG at [mem 0xe0000000-0xefbfffff] reserved in ACPI motherboard resources
[    0.238435] PCI: Using host bridge windows from ACPI; if necessary, use "pci=nocrs" and report a bug
[    0.238529] ACPI: Enabled 6 GPEs in block 00 to 3F
[    0.241387] ACPI: PCI Root Bridge [PCI0] (domain 0000 [bus 00-ff])
[    0.241393] acpi PNP0A08:00: _OSC: OS assumes control of [PCIeHotplug SHPCHotplug AER PCIeCapability LTR DPC]
[    0.241398] acpi PNP0A08:00: [Firmware Info]: MMCONFIG for domain 0000 [bus 00-fb] only partially covers this bridge
[    0.241534] PCI host bridge to bus 0000:00
[    0.241537] pci_bus 0000:00: root bus resource [io  0x0000-0x0cf7 window]
[    0.241540] pci_bus 0000:00: root bus resource [io  0x0d00-0xffff window]
[    0.241543] pci_bus 0000:00: root bus resource [mem 0x000a0000-0x000fffff window]
[    0.241546] pci_bus 0000:00: root bus resource [mem 0x8f900000-0xfeafffff window]
[    0.241548] pci_bus 0000:00: root bus resource [mem 0xfed40000-0xfed44fff window]
[    0.241551] pci_bus 0000:00: root bus resource [bus 00-ff]
[    0.241561] pci 0000:00:00.0: [8086:0100] type 00 class 0x060000
[    0.241623] pci 0000:00:01.0: [8086:0101] type 01 class 0x060400
[    0.241651] pci 0000:00:01.0: PME# supported from D0 D3hot D3cold
[    0.241706] pci 0000:00:02.0: [8086:0102] type 00 class 0x038000
[    0.241714] pci 0000:00:02.0: reg 0x10: [mem 0xa8000000-0xa83fffff 64bit]
[    0.241719] pci 0000:00:02.0: reg 0x18: [mem 0xa0000000-0xa7ffffff 64bit pref]
[    0.241724] pci 0000:00:02.0: reg 0x20: [io  0x3000-0x303f]
[    0.241795] pci 0000:00:16.0: [8086:1c3a] type 00 class 0x078000
[    0.241814] pci 0000:00:16.0: reg 0x10: [mem 0xa8907100-0xa890710f 64bit]
[    0.241881] pci 0000:00:16.0: PME# supported from D0 D3hot D3cold
[    0.241926] pci 0000:00:1a.0: [8086:1c2c] type 00 class 0x0c0300
[    0.241964] pci 0000:00:1a.0: reg 0x20: [io  0x3140-0x315f]
[    0.242047] pci 0000:00:1a.7: [8086:1c2d] type 00 class 0x0c0320
[    0.242063] pci 0000:00:1a.7: reg 0x10: [mem 0xa8906c00-0xa8906fff]
[    0.242138] pci 0000:00:1a.7: PME# supported from D0 D3hot D3cold
[    0.242304] pci 0000:00:1b.0: [8086:1c20] type 00 class 0x040300
[    0.242319] pci 0000:00:1b.0: reg 0x10: [mem 0xa8900000-0xa8903fff 64bit]
[    0.242380] pci 0000:00:1b.0: PME# supported from D0 D3hot D3cold
[    0.242438] pci 0000:00:1c.0: [8086:1c10] type 01 class 0x060400
[    0.242518] pci 0000:00:1c.0: PME# supported from D0 D3hot D3cold
[    0.242584] pci 0000:00:1c.1: [8086:1c12] type 01 class 0x060400
[    0.242662] pci 0000:00:1c.1: PME# supported from D0 D3hot D3cold
[    0.242727] pci 0000:00:1c.2: [8086:1c14] type 01 class 0x060400
[    0.243413] pci 0000:00:1c.2: PME# supported from D0 D3hot D3cold
[    0.243479] pci 0000:00:1c.4: [8086:1c18] type 01 class 0x060400
[    0.243557] pci 0000:00:1c.4: PME# supported from D0 D3hot D3cold
[    0.243621] pci 0000:00:1d.0: [8086:1c27] type 00 class 0x0c0300
[    0.243659] pci 0000:00:1d.0: reg 0x20: [io  0x30e0-0x30ff]
[    0.243742] pci 0000:00:1d.7: [8086:1c26] type 00 class 0x0c0320
[    0.243757] pci 0000:00:1d.7: reg 0x10: [mem 0xa8906800-0xa8906bff]
[    0.243833] pci 0000:00:1d.7: PME# supported from D0 D3hot D3cold
[    0.243995] pci 0000:00:1f.0: [8086:1c44] type 00 class 0x060100
[    0.244137] pci 0000:00:1f.2: [8086:1c02] type 00 class 0x010601
[    0.244150] pci 0000:00:1f.2: reg 0x10: [io  0x3168-0x316f]
[    0.244157] pci 0000:00:1f.2: reg 0x14: [io  0x317c-0x317f]
[    0.244164] pci 0000:00:1f.2: reg 0x18: [io  0x3160-0x3167]
[    0.244172] pci 0000:00:1f.2: reg 0x1c: [io  0x3178-0x317b]
[    0.244179] pci 0000:00:1f.2: reg 0x20: [io  0x3060-0x307f]
[    0.244186] pci 0000:00:1f.2: reg 0x24: [mem 0xa8906000-0xa89067ff]
[    0.244221] pci 0000:00:1f.2: PME# supported from D3hot
[    0.244267] pci 0000:00:1f.3: [8086:1c22] type 00 class 0x0c0500
[    0.244281] pci 0000:00:1f.3: reg 0x10: [mem 0xa8907000-0xa89070ff 64bit]
[    0.244296] pci 0000:00:1f.3: reg 0x20: [io  0xefa0-0xefbf]
[    0.244398] pci 0000:01:00.0: [1002:6720] type 00 class 0x030000
[    0.244413] pci 0000:01:00.0: reg 0x10: [mem 0x90000000-0x9fffffff 64bit pref]
[    0.244424] pci 0000:01:00.0: reg 0x18: [mem 0xa8800000-0xa881ffff 64bit]
[    0.244432] pci 0000:01:00.0: reg 0x20: [io  0x2000-0x20ff]
[    0.244445] pci 0000:01:00.0: reg 0x30: [mem 0xa8820000-0xa883ffff pref]
[    0.244451] pci 0000:01:00.0: enabling Extended Tags
[    0.244461] pci 0000:01:00.0: BAR 0: assigned to efifb
[    0.244491] pci 0000:01:00.0: supports D1 D2
[    0.244579] pci 0000:01:00.1: [1002:aa88] type 00 class 0x040300
[    0.244593] pci 0000:01:00.1: reg 0x10: [mem 0xa8840000-0xa8843fff 64bit]
[    0.244618] pci 0000:01:00.1: enabling Extended Tags
[    0.244653] pci 0000:01:00.1: supports D1 D2
[    0.244745] pci 0000:00:01.0: PCI bridge to [bus 01-ff]
[    0.244748] pci 0000:00:01.0:   bridge window [io  0x2000-0x2fff]
[    0.244751] pci 0000:00:01.0:   bridge window [mem 0xa8800000-0xa88fffff]
[    0.244755] pci 0000:00:01.0:   bridge window [mem 0x90000000-0x9fffffff 64bit pref]
[    0.244758] pci_bus 0000:01: busn_res: [bus 01-ff] end is updated to 01
[    0.244831] pci 0000:02:00.0: [14e4:16b4] type 00 class 0x020000
[    0.244865] pci 0000:02:00.0: reg 0x10: [mem 0xa8400000-0xa840ffff 64bit pref]
[    0.244888] pci 0000:02:00.0: reg 0x18: [mem 0xa8410000-0xa841ffff 64bit pref]
[    0.245044] pci 0000:02:00.0: PME# supported from D0 D3hot D3cold
[    0.245158] pci 0000:00:1c.0: PCI bridge to [bus 02-ff]
[    0.245165] pci 0000:00:1c.0:   bridge window [mem 0xa8700000-0xa87fffff]
[    0.245171] pci 0000:00:1c.0:   bridge window [mem 0xa8400000-0xa84fffff 64bit pref]
[    0.245174] pci_bus 0000:02: busn_res: [bus 02-ff] end is updated to 02
[    0.245244] pci 0000:03:00.0: [168c:0030] type 00 class 0x028000
[    0.245275] pci 0000:03:00.0: reg 0x10: [mem 0xa8600000-0xa861ffff 64bit]
[    0.245336] pci 0000:03:00.0: reg 0x30: [mem 0xffff0000-0xffffffff pref]
[    0.245427] pci 0000:03:00.0: supports D1 D2
[    0.245429] pci 0000:03:00.0: PME# supported from D0 D1 D2 D3hot D3cold
[    0.245528] pci 0000:00:1c.1: PCI bridge to [bus 03-ff]
[    0.245535] pci 0000:00:1c.1:   bridge window [mem 0xa8600000-0xa86fffff]
[    0.245541] pci_bus 0000:03: busn_res: [bus 03-ff] end is updated to 03
[    0.245612] pci 0000:04:00.0: [11c1:5901] type 00 class 0x0c0010
[    0.245646] pci 0000:04:00.0: reg 0x10: [mem 0xa8500000-0xa8500fff 64bit]
[    0.245808] pci 0000:04:00.0: supports D1 D2
[    0.245810] pci 0000:04:00.0: PME# supported from D0 D1 D2 D3hot D3cold
[    0.246004] pci 0000:00:1c.2: PCI bridge to [bus 04-ff]
[    0.246011] pci 0000:00:1c.2:   bridge window [mem 0xa8500000-0xa85fffff]
[    0.246017] pci_bus 0000:04: busn_res: [bus 04-ff] end is updated to 04
[    0.246089] pci 0000:05:00.0: [8086:1513] type 01 class 0x060400
[    0.246154] pci 0000:05:00.0: enabling Extended Tags
[    0.246249] pci 0000:05:00.0: supports D1 D2
[    0.246251] pci 0000:05:00.0: PME# supported from D0 D1 D2 D3hot D3cold
[    0.246376] pci 0000:00:1c.4: PCI bridge to [bus 05-ff]
[    0.246381] pci 0000:00:1c.4:   bridge window [io  0x4000-0x4fff]
[    0.246385] pci 0000:00:1c.4:   bridge window [mem 0xa8a00000-0xad6fffff]
[    0.246391] pci 0000:00:1c.4:   bridge window [mem 0xacf00000-0xb10fffff 64bit pref]
[    0.246475] acpiphp: Slot [3] registered
[    0.246497] acpiphp: Slot [4] registered
[    0.246539] pci 0000:06:00.0: [8086:1513] type 01 class 0x060400
[    0.246609] pci 0000:06:00.0: enabling Extended Tags
[    0.246709] pci 0000:06:00.0: supports D1 D2
[    0.246711] pci 0000:06:00.0: PME# supported from D0 D1 D2 D3hot D3cold
[    0.246823] pci 0000:06:03.0: [8086:1513] type 01 class 0x060400
[    0.246893] pci 0000:06:03.0: enabling Extended Tags
[    0.246995] pci 0000:06:03.0: supports D1 D2
[    0.246997] pci 0000:06:03.0: PME# supported from D0 D1 D2 D3hot D3cold
[    0.247102] pci 0000:06:04.0: [8086:1513] type 01 class 0x060400
[    0.247172] pci 0000:06:04.0: enabling Extended Tags
[    0.247273] pci 0000:06:04.0: supports D1 D2
[    0.247275] pci 0000:06:04.0: PME# supported from D0 D1 D2 D3hot D3cold
[    0.247383] pci 0000:06:05.0: [8086:1513] type 01 class 0x060400
[    0.247453] pci 0000:06:05.0: enabling Extended Tags
[    0.247554] pci 0000:06:05.0: supports D1 D2
[    0.247556] pci 0000:06:05.0: PME# supported from D0 D1 D2 D3hot D3cold
[    0.247665] pci 0000:06:06.0: [8086:1513] type 01 class 0x060400
[    0.247735] pci 0000:06:06.0: enabling Extended Tags
[    0.247836] pci 0000:06:06.0: supports D1 D2
[    0.247838] pci 0000:06:06.0: PME# supported from D0 D1 D2 D3hot D3cold
[    0.247955] pci 0000:05:00.0: PCI bridge to [bus 06-ff]
[    0.247966] pci 0000:05:00.0:   bridge window [mem 0xa8a00000-0xa96fffff]
[    0.247975] pci 0000:05:00.0:   bridge window [mem 0xacf00000-0xad0fffff 64bit pref]
[    0.248074] acpiphp: Slot [1] registered
[    0.248115] pci 0000:07:00.0: [8086:1513] type 00 class 0x088000
[    0.248142] pci 0000:07:00.0: reg 0x10: [mem 0xa8a00000-0xa8a3ffff]
[    0.248158] pci 0000:07:00.0: reg 0x14: [mem 0xa8a40000-0xa8a40fff]
[    0.248238] pci 0000:07:00.0: enabling Extended Tags
[    0.248362] pci 0000:07:00.0: supports D1 D2
[    0.248364] pci 0000:07:00.0: PME# supported from D0 D1 D2 D3hot D3cold
[    0.248505] pci 0000:06:00.0: PCI bridge to [bus 07-ff]
[    0.248517] pci 0000:06:00.0:   bridge window [mem 0xa8a00000-0xa8afffff]
[    0.248526] pci_bus 0000:07: busn_res: [bus 07-ff] end is updated to 07
[    0.248583] pci 0000:06:03.0: PCI bridge to [bus 08-ff]
[    0.248595] pci 0000:06:03.0:   bridge window [mem 0xa8b00000-0xa8bfffff]
[    0.248604] pci_bus 0000:08: busn_res: [bus 08-ff] end is updated to 17
[    0.248716] pci 0000:18:00.0: [8086:1513] type 01 class 0x060400
[    0.248834] pci 0000:18:00.0: enabling Extended Tags
[    0.249011] pci 0000:18:00.0: supports D1 D2
[    0.249013] pci 0000:18:00.0: PME# supported from D0 D1 D2 D3hot D3cold
[    0.273408] pci 0000:06:04.0: PCI bridge to [bus 18-ff]
[    0.273426] pci 0000:06:04.0:   bridge window [mem 0xa8c00000-0xa94fffff]
[    0.273439] pci 0000:06:04.0:   bridge window [mem 0xacf00000-0xad0fffff 64bit pref]
[    0.273448] pci 0000:18:00.0: bridge configuration invalid ([bus 3a-49]), reconfiguring
[    0.273613] pci 0000:19:00.0: [8086:1513] type 01 class 0x060400
[    0.273738] pci 0000:19:00.0: enabling Extended Tags
[    0.273919] pci 0000:19:00.0: supports D1 D2
[    0.273921] pci 0000:19:00.0: PME# supported from D0 D1 D2 D3hot D3cold
[    0.274078] pci 0000:19:01.0: [8086:1513] type 01 class 0x060400
[    0.274202] pci 0000:19:01.0: enabling Extended Tags
[    0.274382] pci 0000:19:01.0: supports D1 D2
[    0.274384] pci 0000:19:01.0: PME# supported from D0 D1 D2 D3hot D3cold
[    0.274539] pci 0000:19:02.0: [8086:1513] type 01 class 0x060400
[    0.274663] pci 0000:19:02.0: enabling Extended Tags
[    0.274843] pci 0000:19:02.0: supports D1 D2
[    0.274845] pci 0000:19:02.0: PME# supported from D0 D1 D2 D3hot D3cold
[    0.275006] pci 0000:19:04.0: [8086:1513] type 01 class 0x060400
[    0.275130] pci 0000:19:04.0: enabling Extended Tags
[    0.275313] pci 0000:19:04.0: supports D1 D2
[    0.275315] pci 0000:19:04.0: PME# supported from D0 D1 D2 D3hot D3cold
[    0.275476] pci 0000:19:05.0: [8086:1513] type 01 class 0x060400
[    0.275583] pci 0000:19:05.0: enabling Extended Tags
[    0.275767] pci 0000:19:05.0: supports D1 D2
[    0.275769] pci 0000:19:05.0: PME# supported from D0 D1 D2 D3hot D3cold
[    0.275949] pci 0000:18:00.0: PCI bridge to [bus 19-ff]
[    0.275968] pci 0000:18:00.0:   bridge window [mem 0xa8c00000-0xa94fffff]
[    0.275982] pci 0000:18:00.0:   bridge window [mem 0xacf00000-0xad0fffff 64bit pref]
[    0.275988] pci 0000:19:00.0: bridge configuration invalid ([bus 3b-3d]), reconfiguring
[    0.276005] pci 0000:19:01.0: bridge configuration invalid ([bus 3e-3e]), reconfiguring
[    0.276022] pci 0000:19:02.0: bridge configuration invalid ([bus 3f-3f]), reconfiguring
[    0.276039] pci 0000:19:04.0: bridge configuration invalid ([bus 40-48]), reconfiguring
[    0.276056] pci 0000:19:05.0: bridge configuration invalid ([bus 49-49]), reconfiguring
[    0.276210] pci 0000:1a:00.0: [12d8:400c] type 01 class 0x060400
[    0.276598] pci 0000:1a:00.0: supports D1 D2
[    0.276600] pci 0000:1a:00.0: PME# supported from D0 D1 D2 D3hot D3cold
[    0.303386] pci 0000:19:00.0: PCI bridge to [bus 1a-ff]
[    0.303410] pci 0000:19:00.0:   bridge window [mem 0xa9400000-0xa94fffff]
[    0.303432] pci 0000:1a:00.0: bridge configuration invalid ([bus 3c-3d]), reconfiguring
[    0.303668] pci 0000:1b:03.0: [12d8:400c] type 01 class 0x060400
[    0.304004] pci 0000:1b:03.0: supports D1 D2
[    0.304006] pci 0000:1b:03.0: PME# supported from D0 D1 D2 D3hot D3cold
[    0.304208] pci 0000:1a:00.0: PCI bridge to [bus 1b-ff]
[    0.304233] pci 0000:1a:00.0:   bridge window [mem 0xa9400000-0xa94fffff]
[    0.304254] pci 0000:1b:03.0: bridge configuration invalid ([bus 3d-3d]), reconfiguring
[    0.304458] pci 0000:1c:00.0: [12d8:400e] type 00 class 0x0c0310
[    0.304510] pci 0000:1c:00.0: reg 0x10: [mem 0xa9401000-0xa9401fff]
[    0.304823] pci 0000:1c:00.0: supports D1 D2
[    0.304825] pci 0000:1c:00.0: PME# supported from D0 D1 D2 D3hot D3cold
[    0.304980] pci 0000:1c:00.1: [12d8:400e] type 00 class 0x0c0310
[    0.305032] pci 0000:1c:00.1: reg 0x10: [mem 0xa9400000-0xa9400fff]
[    0.305344] pci 0000:1c:00.1: supports D1 D2
[    0.305347] pci 0000:1c:00.1: PME# supported from D0 D1 D2 D3hot D3cold
[    0.305473] pci 0000:1c:00.2: [12d8:400f] type 00 class 0x0c0320
[    0.305525] pci 0000:1c:00.2: reg 0x10: [mem 0xa9402000-0xa94020ff]
[    0.305837] pci 0000:1c:00.2: supports D1 D2
[    0.305839] pci 0000:1c:00.2: PME# supported from D0 D1 D2 D3hot D3cold
[    0.306096] pci 0000:1b:03.0: PCI bridge to [bus 1c-ff]
[    0.306121] pci 0000:1b:03.0:   bridge window [mem 0xa9400000-0xa94fffff]
[    0.306139] pci_bus 0000:1c: busn_res: [bus 1c-ff] end is updated to 1c
[    0.306149] pci_bus 0000:1b: busn_res: [bus 1b-ff] end is updated to 1c
[    0.306160] pci_bus 0000:1a: busn_res: [bus 1a-ff] end is updated to 1c
[    0.306306] pci 0000:1d:00.0: [14e4:16b0] type 00 class 0x020000
[    0.306376] pci 0000:1d:00.0: reg 0x10: [mem 0xad000000-0xad00ffff 64bit pref]
[    0.306422] pci 0000:1d:00.0: reg 0x18: [mem 0xad010000-0xad01ffff 64bit pref]
[    0.306764] pci 0000:1d:00.0: PME# supported from D0 D3hot D3cold
[    0.333405] pci 0000:19:01.0: PCI bridge to [bus 1d-ff]
[    0.333429] pci 0000:19:01.0:   bridge window [mem 0xa9300000-0xa93fffff]
[    0.333447] pci 0000:19:01.0:   bridge window [mem 0xad000000-0xad0fffff 64bit pref]
[    0.333461] pci_bus 0000:1d: busn_res: [bus 1d-ff] end is updated to 1d
[    0.333605] pci 0000:1e:00.0: [11c1:5901] type 00 class 0x0c0010
[    0.333675] pci 0000:1e:00.0: reg 0x10: [mem 0xa9200000-0xa9200fff 64bit]
[    0.334029] pci 0000:1e:00.0: supports D1 D2
[    0.334031] pci 0000:1e:00.0: PME# supported from D0 D1 D2 D3hot D3cold
[    0.363404] pci 0000:19:02.0: PCI bridge to [bus 1e-ff]
[    0.363429] pci 0000:19:02.0:   bridge window [mem 0xa9200000-0xa92fffff]
[    0.363447] pci_bus 0000:1e: busn_res: [bus 1e-ff] end is updated to 1e
[    0.363627] pci 0000:1f:00.0: [8086:1513] type 01 class 0x060400
[    0.363799] pci 0000:1f:00.0: enabling Extended Tags
[    0.364057] pci 0000:1f:00.0: supports D1 D2
[    0.364059] pci 0000:1f:00.0: PME# supported from D0 D1 D2 D3hot D3cold
[    0.393391] pci 0000:19:04.0: PCI bridge to [bus 1f-ff]
[    0.393415] pci 0000:19:04.0:   bridge window [mem 0xa8d00000-0xa91fffff]
[    0.393433] pci 0000:19:04.0:   bridge window [mem 0xacf00000-0xacffffff 64bit pref]
[    0.393443] pci 0000:1f:00.0: bridge configuration invalid ([bus 41-48]), reconfiguring
[    0.393672] pci 0000:20:00.0: [8086:1513] type 01 class 0x060400
[    0.393851] pci 0000:20:00.0: enabling Extended Tags
[    0.394113] pci 0000:20:00.0: supports D1 D2
[    0.394115] pci 0000:20:00.0: PME# supported from D0 D1 D2 D3hot D3cold
[    0.394335] pci 0000:20:01.0: [8086:1513] type 01 class 0x060400
[    0.394514] pci 0000:20:01.0: enabling Extended Tags
[    0.394775] pci 0000:20:01.0: supports D1 D2
[    0.394777] pci 0000:20:01.0: PME# supported from D0 D1 D2 D3hot D3cold
[    0.394995] pci 0000:20:02.0: [8086:1513] type 01 class 0x060400
[    0.395174] pci 0000:20:02.0: enabling Extended Tags
[    0.395435] pci 0000:20:02.0: supports D1 D2
[    0.395437] pci 0000:20:02.0: PME# supported from D0 D1 D2 D3hot D3cold
[    0.395663] pci 0000:20:04.0: [8086:1513] type 01 class 0x060400
[    0.395818] pci 0000:20:04.0: enabling Extended Tags
[    0.396083] pci 0000:20:04.0: supports D1 D2
[    0.396086] pci 0000:20:04.0: PME# supported from D0 D1 D2 D3hot D3cold
[    0.396313] pci 0000:20:05.0: [8086:1513] type 01 class 0x060400
[    0.396468] pci 0000:20:05.0: enabling Extended Tags
[    0.396734] pci 0000:20:05.0: supports D1 D2
[    0.396736] pci 0000:20:05.0: PME# supported from D0 D1 D2 D3hot D3cold
[    0.396991] pci 0000:1f:00.0: PCI bridge to [bus 20-ff]
[    0.397018] pci 0000:1f:00.0:   bridge window [mem 0xa8d00000-0xa91fffff]
[    0.397037] pci 0000:1f:00.0:   bridge window [mem 0xacf00000-0xacffffff 64bit pref]
[    0.397044] pci 0000:20:00.0: bridge configuration invalid ([bus 42-44]), reconfiguring
[    0.397067] pci 0000:20:01.0: bridge configuration invalid ([bus 45-45]), reconfiguring
[    0.397090] pci 0000:20:02.0: bridge configuration invalid ([bus 46-46]), reconfiguring
[    0.397113] pci 0000:20:04.0: bridge configuration invalid ([bus 47-47]), reconfiguring
[    0.397137] pci 0000:20:05.0: bridge configuration invalid ([bus 48-48]), reconfiguring
[    0.397350] pci 0000:21:00.0: [12d8:400c] type 01 class 0x060400
[    0.397873] pci 0000:21:00.0: supports D1 D2
[    0.397875] pci 0000:21:00.0: PME# supported from D0 D1 D2 D3hot D3cold
[    0.398143] pci 0000:20:00.0: PCI bridge to [bus 21-ff]
[    0.398170] pci 0000:20:00.0:   bridge window [mem 0xa9100000-0xa91fffff]
[    0.398194] pci 0000:21:00.0: bridge configuration invalid ([bus 43-44]), reconfiguring
[    0.398492] pci 0000:22:03.0: [12d8:400c] type 01 class 0x060400
[    0.398941] pci 0000:22:03.0: supports D1 D2
[    0.398943] pci 0000:22:03.0: PME# supported from D0 D1 D2 D3hot D3cold
[    0.399208] pci 0000:21:00.0: PCI bridge to [bus 22-ff]
[    0.399241] pci 0000:21:00.0:   bridge window [mem 0xa9100000-0xa91fffff]
[    0.399269] pci 0000:22:03.0: bridge configuration invalid ([bus 44-44]), reconfiguring
[    0.399540] pci 0000:23:00.0: [12d8:400e] type 00 class 0x0c0310
[    0.399608] pci 0000:23:00.0: reg 0x10: [mem 0xa9101000-0xa9101fff]
[    0.400028] pci 0000:23:00.0: supports D1 D2
[    0.400030] pci 0000:23:00.0: PME# supported from D0 D1 D2 D3hot D3cold
[    0.400238] pci 0000:23:00.1: [12d8:400e] type 00 class 0x0c0310
[    0.400306] pci 0000:23:00.1: reg 0x10: [mem 0xa9100000-0xa9100fff]
[    0.400724] pci 0000:23:00.1: supports D1 D2
[    0.400727] pci 0000:23:00.1: PME# supported from D0 D1 D2 D3hot D3cold
[    0.400890] pci 0000:23:00.2: [12d8:400f] type 00 class 0x0c0320
[    0.400959] pci 0000:23:00.2: reg 0x10: [mem 0xa9102000-0xa91020ff]
[    0.401377] pci 0000:23:00.2: supports D1 D2
[    0.401379] pci 0000:23:00.2: PME# supported from D0 D1 D2 D3hot D3cold
[    0.401733] pci 0000:22:03.0: PCI bridge to [bus 23-ff]
[    0.401766] pci 0000:22:03.0:   bridge window [mem 0xa9100000-0xa91fffff]
[    0.401788] pci_bus 0000:23: busn_res: [bus 23-ff] end is updated to 23
[    0.401801] pci_bus 0000:22: busn_res: [bus 22-ff] end is updated to 23
[    0.401814] pci_bus 0000:21: busn_res: [bus 21-ff] end is updated to 23
[    0.402017] pci 0000:24:00.0: [14e4:16b0] type 00 class 0x020000
[    0.402108] pci 0000:24:00.0: reg 0x10: [mem 0xacf00000-0xacf0ffff 64bit pref]
[    0.402168] pci 0000:24:00.0: reg 0x18: [mem 0xacf10000-0xacf1ffff 64bit pref]
[    0.402622] pci 0000:24:00.0: PME# supported from D0 D3hot D3cold
[    0.402940] pci 0000:20:01.0: PCI bridge to [bus 24-ff]
[    0.402967] pci 0000:20:01.0:   bridge window [mem 0xa9000000-0xa90fffff]
[    0.402986] pci 0000:20:01.0:   bridge window [mem 0xacf00000-0xacffffff 64bit pref]
[    0.402989] pci_bus 0000:24: busn_res: [bus 24-ff] end is updated to 24
[    0.403186] pci 0000:25:00.0: [11c1:5901] type 00 class 0x0c0010
[    0.403278] pci 0000:25:00.0: reg 0x10: [mem 0xa8f00000-0xa8f00fff 64bit]
[    0.403742] pci 0000:25:00.0: supports D1 D2
[    0.403745] pci 0000:25:00.0: PME# supported from D0 D1 D2 D3hot D3cold
[    0.404043] pci 0000:20:02.0: PCI bridge to [bus 25-ff]
[    0.404070] pci 0000:20:02.0:   bridge window [mem 0xa8f00000-0xa8ffffff]
[    0.404089] pci_bus 0000:25: busn_res: [bus 25-ff] end is updated to 25
[    0.404222] pci 0000:20:04.0: PCI bridge to [bus 26-ff]
[    0.404249] pci 0000:20:04.0:   bridge window [mem 0xa8e00000-0xa8efffff]
[    0.404268] pci_bus 0000:26: busn_res: [bus 26-ff] end is updated to 35
[    0.404401] pci 0000:20:05.0: PCI bridge to [bus 36-ff]
[    0.404428] pci 0000:20:05.0:   bridge window [mem 0xa8d00000-0xa8dfffff]
[    0.404447] pci_bus 0000:36: busn_res: [bus 36-ff] end is updated to 45
[    0.404458] pci_bus 0000:20: busn_res: [bus 20-ff] end is updated to 45
[    0.404469] pci_bus 0000:1f: busn_res: [bus 1f-ff] end is updated to 45
[    0.404562] pci 0000:19:05.0: PCI bridge to [bus 46-ff]
[    0.404581] pci 0000:19:05.0:   bridge window [mem 0xa8c00000-0xa8cfffff]
[    0.404595] pci_bus 0000:46: busn_res: [bus 46-ff] end is updated to 55
[    0.404603] pci_bus 0000:19: busn_res: [bus 19-ff] end is updated to 55
[    0.404612] pci_bus 0000:18: busn_res: [bus 18-ff] end is updated to 55
[    0.404673] pci 0000:06:05.0: PCI bridge to [bus 56-ff]
[    0.404685] pci 0000:06:05.0:   bridge window [mem 0xa9500000-0xa95fffff]
[    0.404694] pci_bus 0000:56: busn_res: [bus 56-ff] end is updated to 65
[    0.404750] pci 0000:06:06.0: PCI bridge to [bus 66-ff]
[    0.404762] pci 0000:06:06.0:   bridge window [mem 0xa9600000-0xa96fffff]
[    0.404771] pci_bus 0000:66: busn_res: [bus 66-ff] end is updated to 75
[    0.404777] pci_bus 0000:06: busn_res: [bus 06-ff] end is updated to 75
[    0.404782] pci_bus 0000:05: busn_res: [bus 05-ff] end is updated to 75
[    0.404787] pci_bus 0000:00: on NUMA node 0
[    0.405054] ACPI: PCI: Interrupt link LNKA configured for IRQ 0
[    0.405057] ACPI: PCI: Interrupt link LNKA disabled
[    0.405088] ACPI: PCI: Interrupt link LNKB configured for IRQ 0
[    0.405091] ACPI: PCI: Interrupt link LNKB disabled
[    0.405120] ACPI: PCI: Interrupt link LNKC configured for IRQ 0
[    0.405122] ACPI: PCI: Interrupt link LNKC disabled
[    0.405150] ACPI: PCI: Interrupt link LNKD configured for IRQ 0
[    0.405152] ACPI: PCI: Interrupt link LNKD disabled
[    0.405181] ACPI: PCI: Interrupt link LNKE configured for IRQ 0
[    0.405183] ACPI: PCI: Interrupt link LNKE disabled
[    0.405211] ACPI: PCI: Interrupt link LNKF configured for IRQ 0
[    0.405213] ACPI: PCI: Interrupt link LNKF disabled
[    0.405241] ACPI: PCI: Interrupt link LNKG configured for IRQ 0
[    0.405243] ACPI: PCI: Interrupt link LNKG disabled
[    0.405271] ACPI: PCI: Interrupt link LNKH configured for IRQ 0
[    0.405273] ACPI: PCI: Interrupt link LNKH disabled
[    0.405359] ACPI: EC: interrupt unblocked
[    0.405362] ACPI: EC: event unblocked
[    0.405366] ACPI: EC: EC_CMD/EC_SC=0x66, EC_DATA=0x62
[    0.405368] ACPI: EC: GPE=0x17
[    0.405370] ACPI: \_SB_.PCI0.LPCB.EC__: Boot ECDT EC initialization complete
[    0.405373] ACPI: \_SB_.PCI0.LPCB.EC__: EC: Used to handle transactions and events
[    0.405426] SCSI subsystem initialized
[    0.405434] libata version 3.00 loaded.
[    0.405434] Registered efivars operations
[    0.405434] PCI: Using ACPI for IRQ routing
[    0.416094] PCI: pci_cache_line_size set to 64 bytes
[    0.416097] pci 0000:00:1c.4: can't claim BAR 9 [mem 0xacf00000-0xb10fffff 64bit pref]: address conflict with PCI Bus 0000:05 [mem 0xa8a00000-0xad6fffff]
[    0.416377] e820: reserve RAM buffer [mem 0x0008e000-0x0008ffff]
[    0.416379] e820: reserve RAM buffer [mem 0x89109018-0x8bffffff]
[    0.416380] e820: reserve RAM buffer [mem 0x891a7018-0x8bffffff]
[    0.416381] e820: reserve RAM buffer [mem 0x8ed33000-0x8fffffff]
[    0.416382] e820: reserve RAM buffer [mem 0x8ed71000-0x8fffffff]
[    0.416384] e820: reserve RAM buffer [mem 0x8ee5a000-0x8fffffff]
[    0.416385] e820: reserve RAM buffer [mem 0x8eed7000-0x8fffffff]
[    0.416386] e820: reserve RAM buffer [mem 0x8efa3000-0x8fffffff]
[    0.416387] e820: reserve RAM buffer [mem 0x86ff00000-0x86fffffff]
[    0.416396] pci 0000:01:00.0: vgaarb: setting as boot VGA device
[    0.416396] pci 0000:01:00.0: vgaarb: bridge control possible
[    0.416396] pci 0000:01:00.0: vgaarb: VGA device added: decodes=io+mem,owns=none,locks=none
[    0.416396] vgaarb: loaded
[    0.416396] hpet0: at MMIO 0xfed00000, IRQs 2, 8, 0, 0, 0, 0, 0, 0
[    0.416396] hpet0: 8 comparators, 64-bit 14.318180 MHz counter
[    0.416396] clocksource: Switched to clocksource tsc-early
[    0.416396] VFS: Disk quotas dquot_6.6.0
[    0.416396] VFS: Dquot-cache hash table entries: 512 (order 0, 4096 bytes)
[    0.416396] pnp: PnP ACPI init
[    0.416502] system 00:00: [mem 0xfed00000-0xfed003ff] has been reserved
[    0.416546] system 00:01: [io  0x0680-0x069f] has been reserved
[    0.416549] system 00:01: [io  0x1000-0x100f] has been reserved
[    0.416552] system 00:01: [io  0xffff] has been reserved
[    0.416554] system 00:01: [io  0xffff] has been reserved
[    0.416557] system 00:01: [io  0x0400-0x047f] has been reserved
[    0.416559] system 00:01: [io  0x0500-0x057f] has been reserved
[    0.416562] system 00:01: [io  0x164e-0x164f] has been reserved
[    0.416714] system 00:03: [mem 0xfed1c000-0xfed1ffff] has been reserved
[    0.416718] system 00:03: [mem 0xfed10000-0xfed17fff] has been reserved
[    0.416720] system 00:03: [mem 0xfed18000-0xfed18fff] has been reserved
[    0.416723] system 00:03: [mem 0xfed19000-0xfed19fff] has been reserved
[    0.416726] system 00:03: [mem 0xe0000000-0xefffffff] could not be reserved
[    0.416729] system 00:03: [mem 0xfed20000-0xfed3ffff] has been reserved
[    0.416731] system 00:03: [mem 0xfed90000-0xfed93fff] has been reserved
[    0.416734] system 00:03: [mem 0xfed45000-0xfed8ffff] has been reserved
[    0.416736] system 00:03: [mem 0xff000000-0xffffffff] could not be reserved
[    0.416739] system 00:03: [mem 0xfee00000-0xfeefffff] has been reserved
[    0.416823] pnp: PnP ACPI: found 4 devices
[    0.416838] pci 0000:01:00.0: assigning 75 device properties
[    0.416838] pci 0000:04:00.0: assigning 2 device properties
[    0.416838] pci 0000:07:00.0: assigning 5 device properties
[    0.416838] pci 0000:1e:00.0: assigning 2 device properties
[    0.416838] pci 0000:25:00.0: assigning 2 device properties
[    0.416838] pci 0000:00:1b.0: assigning 4 device properties
[    0.419158] clocksource: acpi_pm: mask: 0xffffff max_cycles: 0xffffff, max_idle_ns: 2085701024 ns
[    0.419179] NET: Registered PF_INET protocol family
[    0.419337] IP idents hash table entries: 262144 (order: 9, 2097152 bytes, linear)
[    0.421195] tcp_listen_portaddr_hash hash table entries: 16384 (order: 6, 262144 bytes, linear)
[    0.421233] TCP established hash table entries: 262144 (order: 9, 2097152 bytes, linear)
[    0.421498] TCP bind hash table entries: 65536 (order: 8, 1048576 bytes, linear)
[    0.421585] TCP: Hash tables configured (established 262144 bind 65536)
[    0.421610] UDP hash table entries: 16384 (order: 7, 524288 bytes, linear)
[    0.421670] UDP-Lite hash table entries: 16384 (order: 7, 524288 bytes, linear)
[    0.421749] NET: Registered PF_UNIX/PF_LOCAL protocol family
[    0.421757] pci 0000:03:00.0: can't claim BAR 6 [mem 0xffff0000-0xffffffff pref]: no compatible bridge window
[    0.421765] pci_bus 0000:00: max bus depth: 9 pci_try_num: 10
[    0.421778] pci 0000:00:01.0: PCI bridge to [bus 01]
[    0.421782] pci 0000:00:01.0:   bridge window [io  0x2000-0x2fff]
[    0.421785] pci 0000:00:01.0:   bridge window [mem 0xa8800000-0xa88fffff]
[    0.421788] pci 0000:00:01.0:   bridge window [mem 0x90000000-0x9fffffff 64bit pref]
[    0.421793] pci 0000:00:1c.0: PCI bridge to [bus 02]
[    0.421798] pci 0000:00:1c.0:   bridge window [mem 0xa8700000-0xa87fffff]
[    0.421802] pci 0000:00:1c.0:   bridge window [mem 0xa8400000-0xa84fffff 64bit pref]
[    0.421810] pci 0000:03:00.0: BAR 6: assigned [mem 0xa8620000-0xa862ffff pref]
[    0.421814] pci 0000:00:1c.1: PCI bridge to [bus 03]
[    0.421819] pci 0000:00:1c.1:   bridge window [mem 0xa8600000-0xa86fffff]
[    0.421827] pci 0000:00:1c.2: PCI bridge to [bus 04]
[    0.421831] pci 0000:00:1c.2:   bridge window [mem 0xa8500000-0xa85fffff]
[    0.421840] pci 0000:05:00.0: BAR 7: no space for [io  size 0x8000]
[    0.421842] pci 0000:05:00.0: BAR 7: failed to assign [io  size 0x8000]
[    0.421847] pci 0000:06:03.0: BAR 9: no space for [mem size 0x40000000 64bit pref]
[    0.421850] pci 0000:06:03.0: BAR 9: failed to assign [mem size 0x40000000 64bit pref]
[    0.421853] pci 0000:06:05.0: BAR 9: no space for [mem size 0x40000000 64bit pref]
[    0.421856] pci 0000:06:05.0: BAR 9: failed to assign [mem size 0x40000000 64bit pref]
[    0.421859] pci 0000:06:06.0: BAR 9: no space for [mem size 0x40000000 64bit pref]
[    0.421862] pci 0000:06:06.0: BAR 9: failed to assign [mem size 0x40000000 64bit pref]
[    0.421865] pci 0000:06:03.0: BAR 7: no space for [io  size 0x1000]
[    0.421867] pci 0000:06:03.0: BAR 7: failed to assign [io  size 0x1000]
[    0.421870] pci 0000:06:04.0: BAR 7: no space for [io  size 0x5000]
[    0.421872] pci 0000:06:04.0: BAR 7: failed to assign [io  size 0x5000]
[    0.421875] pci 0000:06:05.0: BAR 7: no space for [io  size 0x1000]
[    0.421877] pci 0000:06:05.0: BAR 7: failed to assign [io  size 0x1000]
[    0.421880] pci 0000:06:06.0: BAR 7: no space for [io  size 0x1000]
[    0.421882] pci 0000:06:06.0: BAR 7: failed to assign [io  size 0x1000]
[    0.421886] pci 0000:06:00.0: PCI bridge to [bus 07]
[    0.421893] pci 0000:06:00.0:   bridge window [mem 0xa8a00000-0xa8afffff]
[    0.421904] pci 0000:06:03.0: PCI bridge to [bus 08-17]
[    0.421911] pci 0000:06:03.0:   bridge window [mem 0xa8b00000-0xa8bfffff]
[    0.421923] pci 0000:18:00.0: BAR 7: no space for [io  size 0x4000]
[    0.421925] pci 0000:18:00.0: BAR 7: failed to assign [io  size 0x4000]
[    0.421929] pci 0000:19:05.0: BAR 9: no space for [mem size 0x40000000 64bit pref]
[    0.421932] pci 0000:19:05.0: BAR 9: failed to assign [mem size 0x40000000 64bit pref]
[    0.421935] pci 0000:19:04.0: BAR 7: no space for [io  size 0x3000]
[    0.421937] pci 0000:19:04.0: BAR 7: failed to assign [io  size 0x3000]
[    0.421940] pci 0000:19:05.0: BAR 7: no space for [io  size 0x1000]
[    0.421942] pci 0000:19:05.0: BAR 7: failed to assign [io  size 0x1000]
[    0.421945] pci 0000:1b:03.0: PCI bridge to [bus 1c]
[    0.421958] pci 0000:1b:03.0:   bridge window [mem 0xa9400000-0xa94fffff]
[    0.421984] pci 0000:1a:00.0: PCI bridge to [bus 1b-1c]
[    0.421997] pci 0000:1a:00.0:   bridge window [mem 0xa9400000-0xa94fffff]
[    0.422022] pci 0000:19:00.0: PCI bridge to [bus 1a-1c]
[    0.422033] pci 0000:19:00.0:   bridge window [mem 0xa9400000-0xa94fffff]
[    0.422052] pci 0000:19:01.0: PCI bridge to [bus 1d]
[    0.422062] pci 0000:19:01.0:   bridge window [mem 0xa9300000-0xa93fffff]
[    0.422071] pci 0000:19:01.0:   bridge window [mem 0xad000000-0xad0fffff 64bit pref]
[    0.422085] pci 0000:19:02.0: PCI bridge to [bus 1e]
[    0.422095] pci 0000:19:02.0:   bridge window [mem 0xa9200000-0xa92fffff]
[    0.422115] pci 0000:1f:00.0: BAR 7: no space for [io  size 0x2000]
[    0.422117] pci 0000:1f:00.0: BAR 7: failed to assign [io  size 0x2000]
[    0.422121] pci 0000:20:04.0: BAR 9: no space for [mem size 0x40000000 64bit pref]
[    0.422123] pci 0000:20:04.0: BAR 9: failed to assign [mem size 0x40000000 64bit pref]
[    0.422127] pci 0000:20:05.0: BAR 9: no space for [mem size 0x40000000 64bit pref]
[    0.422130] pci 0000:20:05.0: BAR 9: failed to assign [mem size 0x40000000 64bit pref]
[    0.422133] pci 0000:20:04.0: BAR 7: no space for [io  size 0x1000]
[    0.422135] pci 0000:20:04.0: BAR 7: failed to assign [io  size 0x1000]
[    0.422137] pci 0000:20:05.0: BAR 7: no space for [io  size 0x1000]
[    0.422140] pci 0000:20:05.0: BAR 7: failed to assign [io  size 0x1000]
[    0.422142] pci 0000:22:03.0: PCI bridge to [bus 23]
[    0.422159] pci 0000:22:03.0:   bridge window [mem 0xa9100000-0xa91fffff]
[    0.422192] pci 0000:21:00.0: PCI bridge to [bus 22-23]
[    0.422210] pci 0000:21:00.0:   bridge window [mem 0xa9100000-0xa91fffff]
[    0.422242] pci 0000:20:00.0: PCI bridge to [bus 21-23]
[    0.422257] pci 0000:20:00.0:   bridge window [mem 0xa9100000-0xa91fffff]
[    0.422284] pci 0000:20:01.0: PCI bridge to [bus 24]
[    0.422298] pci 0000:20:01.0:   bridge window [mem 0xa9000000-0xa90fffff]
[    0.422309] pci 0000:20:01.0:   bridge window [mem 0xacf00000-0xacffffff 64bit pref]
[    0.422328] pci 0000:20:02.0: PCI bridge to [bus 25]
[    0.422343] pci 0000:20:02.0:   bridge window [mem 0xa8f00000-0xa8ffffff]
[    0.422370] pci 0000:20:04.0: PCI bridge to [bus 26-35]
[    0.422384] pci 0000:20:04.0:   bridge window [mem 0xa8e00000-0xa8efffff]
[    0.422411] pci 0000:20:05.0: PCI bridge to [bus 36-45]
[    0.422425] pci 0000:20:05.0:   bridge window [mem 0xa8d00000-0xa8dfffff]
[    0.422452] pci 0000:1f:00.0: PCI bridge to [bus 20-45]
[    0.422467] pci 0000:1f:00.0:   bridge window [mem 0xa8d00000-0xa91fffff]
[    0.422477] pci 0000:1f:00.0:   bridge window [mem 0xacf00000-0xacffffff 64bit pref]
[    0.422496] pci 0000:19:04.0: PCI bridge to [bus 1f-45]
[    0.422507] pci 0000:19:04.0:   bridge window [mem 0xa8d00000-0xa91fffff]
[    0.422514] pci 0000:19:04.0:   bridge window [mem 0xacf00000-0xacffffff 64bit pref]
[    0.422529] pci 0000:19:05.0: PCI bridge to [bus 46-55]
[    0.422539] pci 0000:19:05.0:   bridge window [mem 0xa8c00000-0xa8cfffff]
[    0.422558] pci 0000:18:00.0: PCI bridge to [bus 19-55]
[    0.422569] pci 0000:18:00.0:   bridge window [mem 0xa8c00000-0xa94fffff]
[    0.422577] pci 0000:18:00.0:   bridge window [mem 0xacf00000-0xad0fffff 64bit pref]
[    0.422590] pci 0000:06:04.0: PCI bridge to [bus 18-55]
[    0.422597] pci 0000:06:04.0:   bridge window [mem 0xa8c00000-0xa94fffff]
[    0.422602] pci 0000:06:04.0:   bridge window [mem 0xacf00000-0xad0fffff 64bit pref]
[    0.422611] pci 0000:06:05.0: PCI bridge to [bus 56-65]
[    0.422618] pci 0000:06:05.0:   bridge window [mem 0xa9500000-0xa95fffff]
[    0.422630] pci 0000:06:06.0: PCI bridge to [bus 66-75]
[    0.422637] pci 0000:06:06.0:   bridge window [mem 0xa9600000-0xa96fffff]
[    0.422648] pci 0000:05:00.0: PCI bridge to [bus 06-75]
[    0.422655] pci 0000:05:00.0:   bridge window [mem 0xa8a00000-0xa96fffff]
[    0.422660] pci 0000:05:00.0:   bridge window [mem 0xacf00000-0xad0fffff 64bit pref]
[    0.422669] pci 0000:00:1c.4: PCI bridge to [bus 05-75]
[    0.422672] pci 0000:00:1c.4:   bridge window [io  0x4000-0x4fff]
[    0.422677] pci 0000:00:1c.4:   bridge window [mem 0xa8a00000-0xad6fffff]
[    0.422685] pci_bus 0000:00: No. 2 try to assign unassigned res
[    0.422693] pci 0000:00:01.0: PCI bridge to [bus 01]
[    0.422696] pci 0000:00:01.0:   bridge window [io  0x2000-0x2fff]
[    0.422698] pci 0000:00:01.0:   bridge window [mem 0xa8800000-0xa88fffff]
[    0.422701] pci 0000:00:01.0:   bridge window [mem 0x90000000-0x9fffffff 64bit pref]
[    0.422705] pci 0000:00:1c.0: PCI bridge to [bus 02]
[    0.422710] pci 0000:00:1c.0:   bridge window [mem 0xa8700000-0xa87fffff]
[    0.422714] pci 0000:00:1c.0:   bridge window [mem 0xa8400000-0xa84fffff 64bit pref]
[    0.422721] pci 0000:00:1c.1: PCI bridge to [bus 03]
[    0.422725] pci 0000:00:1c.1:   bridge window [mem 0xa8600000-0xa86fffff]
[    0.422733] pci 0000:00:1c.2: PCI bridge to [bus 04]
[    0.422738] pci 0000:00:1c.2:   bridge window [mem 0xa8500000-0xa85fffff]
[    0.422746] pci 0000:05:00.0: BAR 7: no space for [io  size 0x8000]
[    0.422748] pci 0000:05:00.0: BAR 7: failed to assign [io  size 0x8000]
[    0.422752] pci 0000:06:03.0: BAR 9: no space for [mem size 0x40000000 64bit pref]
[    0.422754] pci 0000:06:03.0: BAR 9: failed to assign [mem size 0x40000000 64bit pref]
[    0.422758] pci 0000:06:05.0: BAR 9: no space for [mem size 0x40000000 64bit pref]
[    0.422760] pci 0000:06:05.0: BAR 9: failed to assign [mem size 0x40000000 64bit pref]
[    0.422764] pci 0000:06:06.0: BAR 9: no space for [mem size 0x40000000 64bit pref]
[    0.422766] pci 0000:06:06.0: BAR 9: failed to assign [mem size 0x40000000 64bit pref]
[    0.422769] pci 0000:06:03.0: BAR 7: no space for [io  size 0x1000]
[    0.422772] pci 0000:06:03.0: BAR 7: failed to assign [io  size 0x1000]
[    0.422774] pci 0000:06:04.0: BAR 7: no space for [io  size 0x5000]
[    0.422776] pci 0000:06:04.0: BAR 7: failed to assign [io  size 0x5000]
[    0.422779] pci 0000:06:05.0: BAR 7: no space for [io  size 0x1000]
[    0.422781] pci 0000:06:05.0: BAR 7: failed to assign [io  size 0x1000]
[    0.422783] pci 0000:06:06.0: BAR 7: no space for [io  size 0x1000]
[    0.422786] pci 0000:06:06.0: BAR 7: failed to assign [io  size 0x1000]
[    0.422788] pci 0000:06:00.0: PCI bridge to [bus 07]
[    0.422795] pci 0000:06:00.0:   bridge window [mem 0xa8a00000-0xa8afffff]
[    0.422807] pci 0000:06:03.0: PCI bridge to [bus 08-17]
[    0.422814] pci 0000:06:03.0:   bridge window [mem 0xa8b00000-0xa8bfffff]
[    0.422825] pci 0000:18:00.0: BAR 7: no space for [io  size 0x4000]
[    0.422828] pci 0000:18:00.0: BAR 7: failed to assign [io  size 0x4000]
[    0.422831] pci 0000:19:05.0: BAR 9: no space for [mem size 0x40000000 64bit pref]
[    0.422834] pci 0000:19:05.0: BAR 9: failed to assign [mem size 0x40000000 64bit pref]
[    0.422836] pci 0000:19:04.0: BAR 7: no space for [io  size 0x3000]
[    0.422839] pci 0000:19:04.0: BAR 7: failed to assign [io  size 0x3000]
[    0.422841] pci 0000:19:05.0: BAR 7: no space for [io  size 0x1000]
[    0.422843] pci 0000:19:05.0: BAR 7: failed to assign [io  size 0x1000]
[    0.422846] pci 0000:1b:03.0: PCI bridge to [bus 1c]
[    0.422859] pci 0000:1b:03.0:   bridge window [mem 0xa9400000-0xa94fffff]
[    0.422884] pci 0000:1a:00.0: PCI bridge to [bus 1b-1c]
[    0.422898] pci 0000:1a:00.0:   bridge window [mem 0xa9400000-0xa94fffff]
[    0.422923] pci 0000:19:00.0: PCI bridge to [bus 1a-1c]
[    0.422933] pci 0000:19:00.0:   bridge window [mem 0xa9400000-0xa94fffff]
[    0.422952] pci 0000:19:01.0: PCI bridge to [bus 1d]
[    0.422963] pci 0000:19:01.0:   bridge window [mem 0xa9300000-0xa93fffff]
[    0.422971] pci 0000:19:01.0:   bridge window [mem 0xad000000-0xad0fffff 64bit pref]
[    0.422985] pci 0000:19:02.0: PCI bridge to [bus 1e]
[    0.422995] pci 0000:19:02.0:   bridge window [mem 0xa9200000-0xa92fffff]
[    0.423015] pci 0000:1f:00.0: BAR 7: no space for [io  size 0x2000]
[    0.423017] pci 0000:1f:00.0: BAR 7: failed to assign [io  size 0x2000]
[    0.423020] pci 0000:20:04.0: BAR 9: no space for [mem size 0x40000000 64bit pref]
[    0.423023] pci 0000:20:04.0: BAR 9: failed to assign [mem size 0x40000000 64bit pref]
[    0.423026] pci 0000:20:05.0: BAR 9: no space for [mem size 0x40000000 64bit pref]
[    0.423029] pci 0000:20:05.0: BAR 9: failed to assign [mem size 0x40000000 64bit pref]
[    0.423032] pci 0000:20:04.0: BAR 7: no space for [io  size 0x1000]
[    0.423034] pci 0000:20:04.0: BAR 7: failed to assign [io  size 0x1000]
[    0.423037] pci 0000:20:05.0: BAR 7: no space for [io  size 0x1000]
[    0.423039] pci 0000:20:05.0: BAR 7: failed to assign [io  size 0x1000]
[    0.423042] pci 0000:22:03.0: PCI bridge to [bus 23]
[    0.423059] pci 0000:22:03.0:   bridge window [mem 0xa9100000-0xa91fffff]
[    0.423092] pci 0000:21:00.0: PCI bridge to [bus 22-23]
[    0.423109] pci 0000:21:00.0:   bridge window [mem 0xa9100000-0xa91fffff]
[    0.423141] pci 0000:20:00.0: PCI bridge to [bus 21-23]
[    0.423156] pci 0000:20:00.0:   bridge window [mem 0xa9100000-0xa91fffff]
[    0.423183] pci 0000:20:01.0: PCI bridge to [bus 24]
[    0.423197] pci 0000:20:01.0:   bridge window [mem 0xa9000000-0xa90fffff]
[    0.423208] pci 0000:20:01.0:   bridge window [mem 0xacf00000-0xacffffff 64bit pref]
[    0.423227] pci 0000:20:02.0: PCI bridge to [bus 25]
[    0.423241] pci 0000:20:02.0:   bridge window [mem 0xa8f00000-0xa8ffffff]
[    0.423268] pci 0000:20:04.0: PCI bridge to [bus 26-35]
[    0.423283] pci 0000:20:04.0:   bridge window [mem 0xa8e00000-0xa8efffff]
[    0.423310] pci 0000:20:05.0: PCI bridge to [bus 36-45]
[    0.423324] pci 0000:20:05.0:   bridge window [mem 0xa8d00000-0xa8dfffff]
[    0.423351] pci 0000:1f:00.0: PCI bridge to [bus 20-45]
[    0.423365] pci 0000:1f:00.0:   bridge window [mem 0xa8d00000-0xa91fffff]
[    0.423376] pci 0000:1f:00.0:   bridge window [mem 0xacf00000-0xacffffff 64bit pref]
[    0.423395] pci 0000:19:04.0: PCI bridge to [bus 1f-45]
[    0.423405] pci 0000:19:04.0:   bridge window [mem 0xa8d00000-0xa91fffff]
[    0.423413] pci 0000:19:04.0:   bridge window [mem 0xacf00000-0xacffffff 64bit pref]
[    0.423427] pci 0000:19:05.0: PCI bridge to [bus 46-55]
[    0.423437] pci 0000:19:05.0:   bridge window [mem 0xa8c00000-0xa8cfffff]
[    0.423457] pci 0000:18:00.0: PCI bridge to [bus 19-55]
[    0.423467] pci 0000:18:00.0:   bridge window [mem 0xa8c00000-0xa94fffff]
[    0.423475] pci 0000:18:00.0:   bridge window [mem 0xacf00000-0xad0fffff 64bit pref]
[    0.423489] pci 0000:06:04.0: PCI bridge to [bus 18-55]
[    0.423495] pci 0000:06:04.0:   bridge window [mem 0xa8c00000-0xa94fffff]
[    0.423501] pci 0000:06:04.0:   bridge window [mem 0xacf00000-0xad0fffff 64bit pref]
[    0.423510] pci 0000:06:05.0: PCI bridge to [bus 56-65]
[    0.423517] pci 0000:06:05.0:   bridge window [mem 0xa9500000-0xa95fffff]
[    0.423528] pci 0000:06:06.0: PCI bridge to [bus 66-75]
[    0.423535] pci 0000:06:06.0:   bridge window [mem 0xa9600000-0xa96fffff]
[    0.423547] pci 0000:05:00.0: PCI bridge to [bus 06-75]
[    0.423553] pci 0000:05:00.0:   bridge window [mem 0xa8a00000-0xa96fffff]
[    0.423559] pci 0000:05:00.0:   bridge window [mem 0xacf00000-0xad0fffff 64bit pref]
[    0.423567] pci 0000:00:1c.4: PCI bridge to [bus 05-75]
[    0.423570] pci 0000:00:1c.4:   bridge window [io  0x4000-0x4fff]
[    0.423575] pci 0000:00:1c.4:   bridge window [mem 0xa8a00000-0xad6fffff]
[    0.423583] pci_bus 0000:00: No. 3 try to assign unassigned res
[    0.423586] release child resource [mem 0xa9100000-0xa9100fff]
[    0.423587] release child resource [mem 0xa9101000-0xa9101fff]
[    0.423587] release child resource [mem 0xa9102000-0xa91020ff]
[    0.423588] pci 0000:22:03.0: resource 8 [mem 0xa9100000-0xa91fffff] released
[    0.423591] pci 0000:22:03.0: PCI bridge to [bus 23]
[    0.423603] pci 0000:21:00.0: resource 8 [mem 0xa9100000-0xa91fffff] released
[    0.423605] pci 0000:21:00.0: PCI bridge to [bus 22-23]
[    0.423618] pci 0000:20:00.0: resource 8 [mem 0xa9100000-0xa91fffff] released
[    0.423620] pci 0000:20:00.0: PCI bridge to [bus 21-23]
[    0.423630] release child resource [mem 0xacf00000-0xacf0ffff 64bit pref]
[    0.423631] release child resource [mem 0xacf10000-0xacf1ffff 64bit pref]
[    0.423632] pci 0000:20:01.0: resource 9 [mem 0xacf00000-0xacffffff 64bit pref] released
[    0.423635] pci 0000:20:01.0: PCI bridge to [bus 24]
[    0.423658] release child resource [mem 0xa8f00000-0xa8f00fff 64bit]
[    0.423659] pci 0000:20:02.0: resource 8 [mem 0xa8f00000-0xa8ffffff] released
[    0.423661] pci 0000:20:02.0: PCI bridge to [bus 25]
[    0.423671] pci 0000:20:04.0: resource 8 [mem 0xa8e00000-0xa8efffff] released
[    0.423674] pci 0000:20:04.0: PCI bridge to [bus 26-35]
[    0.423684] pci 0000:20:05.0: resource 8 [mem 0xa8d00000-0xa8dfffff] released
[    0.423686] pci 0000:20:05.0: PCI bridge to [bus 36-45]
[    0.423697] pci 0000:1f:00.0: resource 9 [mem 0xacf00000-0xacffffff 64bit pref] released
[    0.423700] pci 0000:1f:00.0: PCI bridge to [bus 20-45]
[    0.423722] release child resource [mem 0xa9400000-0xa9400fff]
[    0.423723] release child resource [mem 0xa9401000-0xa9401fff]
[    0.423724] release child resource [mem 0xa9402000-0xa94020ff]
[    0.423725] pci 0000:1b:03.0: resource 8 [mem 0xa9400000-0xa94fffff] released
[    0.423727] pci 0000:1b:03.0: PCI bridge to [bus 1c]
[    0.423737] pci 0000:1a:00.0: resource 8 [mem 0xa9400000-0xa94fffff] released
[    0.423739] pci 0000:1a:00.0: PCI bridge to [bus 1b-1c]
[    0.423749] pci 0000:19:00.0: resource 8 [mem 0xa9400000-0xa94fffff] released
[    0.423751] pci 0000:19:00.0: PCI bridge to [bus 1a-1c]
[    0.423759] release child resource [mem 0xad000000-0xad00ffff 64bit pref]
[    0.423760] release child resource [mem 0xad010000-0xad01ffff 64bit pref]
[    0.423760] pci 0000:19:01.0: resource 9 [mem 0xad000000-0xad0fffff 64bit pref] released
[    0.423763] pci 0000:19:01.0: PCI bridge to [bus 1d]
[    0.423779] release child resource [mem 0xa9200000-0xa9200fff 64bit]
[    0.423780] pci 0000:19:02.0: resource 8 [mem 0xa9200000-0xa92fffff] released
[    0.423783] pci 0000:19:02.0: PCI bridge to [bus 1e]
[    0.423791] pci 0000:19:04.0: resource 9 [mem 0xacf00000-0xacffffff 64bit pref] released
[    0.423794] pci 0000:19:04.0: PCI bridge to [bus 1f-45]
[    0.423810] pci 0000:19:05.0: resource 8 [mem 0xa8c00000-0xa8cfffff] released
[    0.423812] pci 0000:19:05.0: PCI bridge to [bus 46-55]
[    0.423820] pci 0000:18:00.0: resource 9 [mem 0xacf00000-0xad0fffff 64bit pref] released
[    0.423823] pci 0000:18:00.0: PCI bridge to [bus 19-55]
[    0.423839] release child resource [mem 0xa8a00000-0xa8a3ffff]
[    0.423840] release child resource [mem 0xa8a40000-0xa8a40fff]
[    0.423841] pci 0000:06:00.0: resource 8 [mem 0xa8a00000-0xa8afffff] released
[    0.423843] pci 0000:06:00.0: PCI bridge to [bus 07]
[    0.423849] pci 0000:06:03.0: resource 8 [mem 0xa8b00000-0xa8bfffff] released
[    0.423851] pci 0000:06:03.0: PCI bridge to [bus 08-17]
[    0.423857] pci 0000:06:04.0: resource 9 [mem 0xacf00000-0xad0fffff 64bit pref] released
[    0.423859] pci 0000:06:04.0: PCI bridge to [bus 18-55]
[    0.423869] pci 0000:06:05.0: resource 8 [mem 0xa9500000-0xa95fffff] released
[    0.423872] pci 0000:06:05.0: PCI bridge to [bus 56-65]
[    0.423877] pci 0000:06:06.0: resource 8 [mem 0xa9600000-0xa96fffff] released
[    0.423879] pci 0000:06:06.0: PCI bridge to [bus 66-75]
[    0.423885] pci 0000:05:00.0: resource 9 [mem 0xacf00000-0xad0fffff 64bit pref] released
[    0.423888] pci 0000:05:00.0: PCI bridge to [bus 06-75]
[    0.423898] pci 0000:00:1c.4: resource 7 [io  0x4000-0x4fff] released
[    0.423900] pci 0000:00:1c.4: PCI bridge to [bus 05-75]
[    0.423915] pci 0000:00:1c.4: BAR 9: no space for [mem size 0x180200000 64bit pref]
[    0.423918] pci 0000:00:1c.4: BAR 9: failed to assign [mem size 0x180200000 64bit pref]
[    0.423922] pci 0000:00:1c.4: BAR 7: assigned [io  0x4000-0xbfff]
[    0.423925] pci 0000:00:01.0: PCI bridge to [bus 01]
[    0.423927] pci 0000:00:01.0:   bridge window [io  0x2000-0x2fff]
[    0.423930] pci 0000:00:01.0:   bridge window [mem 0xa8800000-0xa88fffff]
[    0.423933] pci 0000:00:01.0:   bridge window [mem 0x90000000-0x9fffffff 64bit pref]
[    0.423937] pci 0000:00:1c.0: PCI bridge to [bus 02]
[    0.423942] pci 0000:00:1c.0:   bridge window [mem 0xa8700000-0xa87fffff]
[    0.423946] pci 0000:00:1c.0:   bridge window [mem 0xa8400000-0xa84fffff 64bit pref]
[    0.423952] pci 0000:00:1c.1: PCI bridge to [bus 03]
[    0.423957] pci 0000:00:1c.1:   bridge window [mem 0xa8600000-0xa86fffff]
[    0.423965] pci 0000:00:1c.2: PCI bridge to [bus 04]
[    0.423969] pci 0000:00:1c.2:   bridge window [mem 0xa8500000-0xa85fffff]
[    0.423978] pci 0000:05:00.0: BAR 9: no space for [mem size 0x180200000 64bit pref]
[    0.423980] pci 0000:05:00.0: BAR 9: failed to assign [mem size 0x180200000 64bit pref]
[    0.423984] pci 0000:05:00.0: BAR 7: assigned [io  0x4000-0xbfff]
[    0.423987] pci 0000:06:00.0: BAR 8: assigned [mem 0xa8a00000-0xa8afffff]
[    0.423990] pci 0000:06:03.0: BAR 8: no space for [mem size 0x08000000]
[    0.423992] pci 0000:06:03.0: BAR 8: failed to assign [mem size 0x08000000]
[    0.423995] pci 0000:06:03.0: BAR 9: no space for [mem size 0x40000000 64bit pref]
[    0.423998] pci 0000:06:03.0: BAR 9: failed to assign [mem size 0x40000000 64bit pref]
[    0.424001] pci 0000:06:04.0: BAR 9: no space for [mem size 0xc0200000 64bit pref]
[    0.424004] pci 0000:06:04.0: BAR 9: failed to assign [mem size 0xc0200000 64bit pref]
[    0.424007] pci 0000:06:05.0: BAR 8: no space for [mem size 0x08000000]
[    0.424010] pci 0000:06:05.0: BAR 8: failed to assign [mem size 0x08000000]
[    0.424012] pci 0000:06:05.0: BAR 9: no space for [mem size 0x40000000 64bit pref]
[    0.424015] pci 0000:06:05.0: BAR 9: failed to assign [mem size 0x40000000 64bit pref]
[    0.424018] pci 0000:06:06.0: BAR 8: no space for [mem size 0x08000000]
[    0.424021] pci 0000:06:06.0: BAR 8: failed to assign [mem size 0x08000000]
[    0.424023] pci 0000:06:06.0: BAR 9: no space for [mem size 0x40000000 64bit pref]
[    0.424026] pci 0000:06:06.0: BAR 9: failed to assign [mem size 0x40000000 64bit pref]
[    0.424029] pci 0000:06:03.0: BAR 7: assigned [io  0x4000-0x4fff]
[    0.424032] pci 0000:06:04.0: BAR 7: assigned [io  0x5000-0x9fff]
[    0.424034] pci 0000:06:05.0: BAR 7: assigned [io  0xa000-0xafff]
[    0.424036] pci 0000:06:06.0: BAR 7: assigned [io  0xb000-0xbfff]
[    0.424039] pci 0000:07:00.0: BAR 0: assigned [mem 0xa8a00000-0xa8a3ffff]
[    0.424046] pci 0000:07:00.0: BAR 1: assigned [mem 0xa8a40000-0xa8a40fff]
[    0.424052] pci 0000:06:00.0: PCI bridge to [bus 07]
[    0.424059] pci 0000:06:00.0:   bridge window [mem 0xa8a00000-0xa8afffff]
[    0.424071] pci 0000:06:03.0: PCI bridge to [bus 08-17]
[    0.424074] pci 0000:06:03.0:   bridge window [io  0x4000-0x4fff]
[    0.424091] pci 0000:18:00.0: BAR 9: no space for [mem size 0xc0200000 64bit pref]
[    0.424094] pci 0000:18:00.0: BAR 9: failed to assign [mem size 0xc0200000 64bit pref]
[    0.424097] pci 0000:18:00.0: BAR 7: assigned [io  0x5000-0x8fff]
[    0.424100] pci 0000:19:00.0: BAR 8: assigned [mem 0xa8c00000-0xa8cfffff]
[    0.424103] pci 0000:19:01.0: BAR 9: assigned [mem 0xa9200000-0xa92fffff 64bit pref]
[    0.424106] pci 0000:19:02.0: BAR 8: assigned [mem 0xa9400000-0xa94fffff]
[    0.424109] pci 0000:19:04.0: BAR 9: no space for [mem size 0x80100000 64bit pref]
[    0.424111] pci 0000:19:04.0: BAR 9: failed to assign [mem size 0x80100000 64bit pref]
[    0.424114] pci 0000:19:05.0: BAR 8: no space for [mem size 0x08000000]
[    0.424117] pci 0000:19:05.0: BAR 8: failed to assign [mem size 0x08000000]
[    0.424119] pci 0000:19:05.0: BAR 9: no space for [mem size 0x40000000 64bit pref]
[    0.424122] pci 0000:19:05.0: BAR 9: failed to assign [mem size 0x40000000 64bit pref]
[    0.424125] pci 0000:19:04.0: BAR 7: assigned [io  0x5000-0x7fff]
[    0.424127] pci 0000:19:05.0: BAR 7: assigned [io  0x8000-0x8fff]
[    0.424130] pci 0000:1a:00.0: BAR 8: assigned [mem 0xa8c00000-0xa8cfffff]
[    0.424133] pci 0000:1b:03.0: BAR 8: assigned [mem 0xa8c00000-0xa8cfffff]
[    0.424136] pci 0000:1c:00.0: BAR 0: assigned [mem 0xa8c00000-0xa8c00fff]
[    0.424146] pci 0000:1c:00.1: BAR 0: assigned [mem 0xa8c01000-0xa8c01fff]
[    0.424156] pci 0000:1c:00.2: BAR 0: assigned [mem 0xa8c02000-0xa8c020ff]
[    0.424166] pci 0000:1b:03.0: PCI bridge to [bus 1c]
[    0.424180] pci 0000:1b:03.0:   bridge window [mem 0xa8c00000-0xa8cfffff]
[    0.424205] pci 0000:1a:00.0: PCI bridge to [bus 1b-1c]
[    0.424218] pci 0000:1a:00.0:   bridge window [mem 0xa8c00000-0xa8cfffff]
[    0.424243] pci 0000:19:00.0: PCI bridge to [bus 1a-1c]
[    0.424254] pci 0000:19:00.0:   bridge window [mem 0xa8c00000-0xa8cfffff]
[    0.424274] pci 0000:1d:00.0: BAR 0: assigned [mem 0xa9200000-0xa920ffff 64bit pref]
[    0.424304] pci 0000:1d:00.0: BAR 2: assigned [mem 0xa9210000-0xa921ffff 64bit pref]
[    0.424334] pci 0000:19:01.0: PCI bridge to [bus 1d]
[    0.424345] pci 0000:19:01.0:   bridge window [mem 0xa9300000-0xa93fffff]
[    0.424353] pci 0000:19:01.0:   bridge window [mem 0xa9200000-0xa92fffff 64bit pref]
[    0.424367] pci 0000:1e:00.0: BAR 0: assigned [mem 0xa9400000-0xa9400fff 64bit]
[    0.424398] pci 0000:19:02.0: PCI bridge to [bus 1e]
[    0.424408] pci 0000:19:02.0:   bridge window [mem 0xa9400000-0xa94fffff]
[    0.424428] pci 0000:1f:00.0: BAR 9: no space for [mem size 0x80100000 64bit pref]
[    0.424431] pci 0000:1f:00.0: BAR 9: failed to assign [mem size 0x80100000 64bit pref]
[    0.424434] pci 0000:1f:00.0: BAR 7: assigned [io  0x5000-0x6fff]
[    0.424437] pci 0000:20:00.0: BAR 8: assigned [mem 0xa8d00000-0xa8dfffff]
[    0.424440] pci 0000:20:01.0: BAR 9: assigned [mem 0xa8e00000-0xa8efffff 64bit pref]
[    0.424443] pci 0000:20:02.0: BAR 8: assigned [mem 0xa8f00000-0xa8ffffff]
[    0.424445] pci 0000:20:04.0: BAR 8: no space for [mem size 0x08000000]
[    0.424448] pci 0000:20:04.0: BAR 8: failed to assign [mem size 0x08000000]
[    0.424450] pci 0000:20:04.0: BAR 9: no space for [mem size 0x40000000 64bit pref]
[    0.424453] pci 0000:20:04.0: BAR 9: failed to assign [mem size 0x40000000 64bit pref]
[    0.424456] pci 0000:20:05.0: BAR 8: no space for [mem size 0x08000000]
[    0.424459] pci 0000:20:05.0: BAR 8: failed to assign [mem size 0x08000000]
[    0.424461] pci 0000:20:05.0: BAR 9: no space for [mem size 0x40000000 64bit pref]
[    0.424464] pci 0000:20:05.0: BAR 9: failed to assign [mem size 0x40000000 64bit pref]
[    0.424467] pci 0000:20:04.0: BAR 7: assigned [io  0x5000-0x5fff]
[    0.424469] pci 0000:20:05.0: BAR 7: assigned [io  0x6000-0x6fff]
[    0.424472] pci 0000:21:00.0: BAR 8: assigned [mem 0xa8d00000-0xa8dfffff]
[    0.424475] pci 0000:22:03.0: BAR 8: assigned [mem 0xa8d00000-0xa8dfffff]
[    0.424478] pci 0000:23:00.0: BAR 0: assigned [mem 0xa8d00000-0xa8d00fff]
[    0.424491] pci 0000:23:00.1: BAR 0: assigned [mem 0xa8d01000-0xa8d01fff]
[    0.424503] pci 0000:23:00.2: BAR 0: assigned [mem 0xa8d02000-0xa8d020ff]
[    0.424516] pci 0000:22:03.0: PCI bridge to [bus 23]
[    0.424533] pci 0000:22:03.0:   bridge window [mem 0xa8d00000-0xa8dfffff]
[    0.424566] pci 0000:21:00.0: PCI bridge to [bus 22-23]
[    0.424583] pci 0000:21:00.0:   bridge window [mem 0xa8d00000-0xa8dfffff]
[    0.424616] pci 0000:20:00.0: PCI bridge to [bus 21-23]
[    0.424630] pci 0000:20:00.0:   bridge window [mem 0xa8d00000-0xa8dfffff]
[    0.424658] pci 0000:24:00.0: BAR 0: assigned [mem 0xa8e00000-0xa8e0ffff 64bit pref]
[    0.424697] pci 0000:24:00.0: BAR 2: assigned [mem 0xa8e10000-0xa8e1ffff 64bit pref]
[    0.424736] pci 0000:20:01.0: PCI bridge to [bus 24]
[    0.424751] pci 0000:20:01.0:   bridge window [mem 0xa9000000-0xa90fffff]
[    0.424761] pci 0000:20:01.0:   bridge window [mem 0xa8e00000-0xa8efffff 64bit pref]
[    0.424781] pci 0000:25:00.0: BAR 0: assigned [mem 0xa8f00000-0xa8f00fff 64bit]
[    0.424821] pci 0000:20:02.0: PCI bridge to [bus 25]
[    0.424835] pci 0000:20:02.0:   bridge window [mem 0xa8f00000-0xa8ffffff]
[    0.424862] pci 0000:20:04.0: PCI bridge to [bus 26-35]
[    0.424868] pci 0000:20:04.0:   bridge window [io  0x5000-0x5fff]
[    0.424907] pci 0000:20:05.0: PCI bridge to [bus 36-45]
[    0.424913] pci 0000:20:05.0:   bridge window [io  0x6000-0x6fff]
[    0.424953] pci 0000:1f:00.0: PCI bridge to [bus 20-45]
[    0.424959] pci 0000:1f:00.0:   bridge window [io  0x5000-0x6fff]
[    0.424973] pci 0000:1f:00.0:   bridge window [mem 0xa8d00000-0xa91fffff]
[    0.425000] pci 0000:19:04.0: PCI bridge to [bus 1f-45]
[    0.425005] pci 0000:19:04.0:   bridge window [io  0x5000-0x7fff]
[    0.425015] pci 0000:19:04.0:   bridge window [mem 0xa8d00000-0xa91fffff]
[    0.425035] pci 0000:19:05.0: PCI bridge to [bus 46-55]
[    0.425040] pci 0000:19:05.0:   bridge window [io  0x8000-0x8fff]
[    0.425067] pci 0000:18:00.0: PCI bridge to [bus 19-55]
[    0.425072] pci 0000:18:00.0:   bridge window [io  0x5000-0x8fff]
[    0.425082] pci 0000:18:00.0:   bridge window [mem 0xa8c00000-0xa94fffff]
[    0.425101] pci 0000:06:04.0: PCI bridge to [bus 18-55]
[    0.425105] pci 0000:06:04.0:   bridge window [io  0x5000-0x9fff]
[    0.425112] pci 0000:06:04.0:   bridge window [mem 0xa8c00000-0xa94fffff]
[    0.425124] pci 0000:06:05.0: PCI bridge to [bus 56-65]
[    0.425127] pci 0000:06:05.0:   bridge window [io  0xa000-0xafff]
[    0.425143] pci 0000:06:06.0: PCI bridge to [bus 66-75]
[    0.425147] pci 0000:06:06.0:   bridge window [io  0xb000-0xbfff]
[    0.425163] pci 0000:05:00.0: PCI bridge to [bus 06-75]
[    0.425167] pci 0000:05:00.0:   bridge window [io  0x4000-0xbfff]
[    0.425174] pci 0000:05:00.0:   bridge window [mem 0xa8a00000-0xa96fffff]
[    0.425185] pci 0000:00:1c.4: PCI bridge to [bus 05-75]
[    0.425188] pci 0000:00:1c.4:   bridge window [io  0x4000-0xbfff]
[    0.425193] pci 0000:00:1c.4:   bridge window [mem 0xa8a00000-0xad6fffff]
[    0.425200] pci_bus 0000:00: No. 4 try to assign unassigned res
[    0.425203] release child resource [mem 0xa8d00000-0xa8d00fff]
[    0.425203] release child resource [mem 0xa8d01000-0xa8d01fff]
[    0.425204] release child resource [mem 0xa8d02000-0xa8d020ff]
[    0.425205] pci 0000:22:03.0: resource 8 [mem 0xa8d00000-0xa8dfffff] released
[    0.425207] pci 0000:22:03.0: PCI bridge to [bus 23]
[    0.425219] pci 0000:21:00.0: resource 8 [mem 0xa8d00000-0xa8dfffff] released
[    0.425222] pci 0000:21:00.0: PCI bridge to [bus 22-23]
[    0.425234] pci 0000:20:00.0: resource 8 [mem 0xa8d00000-0xa8dfffff] released
[    0.425237] pci 0000:20:00.0: PCI bridge to [bus 21-23]
[    0.425247] release child resource [mem 0xa8e00000-0xa8e0ffff 64bit pref]
[    0.425247] release child resource [mem 0xa8e10000-0xa8e1ffff 64bit pref]
[    0.425248] pci 0000:20:01.0: resource 9 [mem 0xa8e00000-0xa8efffff 64bit pref] released
[    0.425251] pci 0000:20:01.0: PCI bridge to [bus 24]
[    0.425274] release child resource [mem 0xa8f00000-0xa8f00fff 64bit]
[    0.425275] pci 0000:20:02.0: resource 8 [mem 0xa8f00000-0xa8ffffff] released
[    0.425277] pci 0000:20:02.0: PCI bridge to [bus 25]
[    0.425287] release child resource [mem 0xa9000000-0xa90fffff]
[    0.425288] pci 0000:1f:00.0: resource 8 [mem 0xa8d00000-0xa91fffff] released
[    0.425290] pci 0000:1f:00.0: PCI bridge to [bus 20-45]
[    0.425301] pci 0000:19:04.0: resource 8 [mem 0xa8d00000-0xa91fffff] released
[    0.425303] pci 0000:19:04.0: PCI bridge to [bus 1f-45]
[    0.425311] release child resource [mem 0xa8c00000-0xa8c00fff]
[    0.425312] release child resource [mem 0xa8c01000-0xa8c01fff]
[    0.425312] release child resource [mem 0xa8c02000-0xa8c020ff]
[    0.425313] pci 0000:1b:03.0: resource 8 [mem 0xa8c00000-0xa8cfffff] released
[    0.425316] pci 0000:1b:03.0: PCI bridge to [bus 1c]
[    0.425325] pci 0000:1a:00.0: resource 8 [mem 0xa8c00000-0xa8cfffff] released
[    0.425327] pci 0000:1a:00.0: PCI bridge to [bus 1b-1c]
[    0.425337] pci 0000:19:00.0: resource 8 [mem 0xa8c00000-0xa8cfffff] released
[    0.425340] pci 0000:19:00.0: PCI bridge to [bus 1a-1c]
[    0.425347] release child resource [mem 0xa9200000-0xa920ffff 64bit pref]
[    0.425348] release child resource [mem 0xa9210000-0xa921ffff 64bit pref]
[    0.425349] pci 0000:19:01.0: resource 9 [mem 0xa9200000-0xa92fffff 64bit pref] released
[    0.425352] pci 0000:19:01.0: PCI bridge to [bus 1d]
[    0.425368] release child resource [mem 0xa9400000-0xa9400fff 64bit]
[    0.425369] pci 0000:19:02.0: resource 8 [mem 0xa9400000-0xa94fffff] released
[    0.425371] pci 0000:19:02.0: PCI bridge to [bus 1e]
[    0.425379] release child resource [mem 0xa9300000-0xa93fffff]
[    0.425379] pci 0000:18:00.0: resource 8 [mem 0xa8c00000-0xa94fffff] released
[    0.425382] pci 0000:18:00.0: PCI bridge to [bus 19-55]
[    0.425390] pci 0000:06:04.0: resource 8 [mem 0xa8c00000-0xa94fffff] released
[    0.425392] pci 0000:06:04.0: PCI bridge to [bus 18-55]
[    0.425398] release child resource [mem 0xa8a00000-0xa8a3ffff]
[    0.425398] release child resource [mem 0xa8a40000-0xa8a40fff]
[    0.425399] pci 0000:06:00.0: resource 8 [mem 0xa8a00000-0xa8afffff] released
[    0.425401] pci 0000:06:00.0: PCI bridge to [bus 07]
[    0.425407] pci 0000:05:00.0: resource 8 [mem 0xa8a00000-0xa96fffff] released
[    0.425409] pci 0000:05:00.0: PCI bridge to [bus 06-75]
[    0.425416] pci 0000:00:1c.4: resource 8 [mem 0xa8a00000-0xad6fffff] released
[    0.425419] pci 0000:00:1c.4: PCI bridge to [bus 05-75]
[    0.425422] release child resource [mem 0x90000000-0x9fffffff 64bit pref]
[    0.425423] pci 0000:00:01.0: resource 9 [mem 0x90000000-0x9fffffff 64bit pref] released
[    0.425426] pci 0000:00:01.0: PCI bridge to [bus 01]
[    0.425430] release child resource [mem 0xa8400000-0xa840ffff 64bit pref]
[    0.425430] release child resource [mem 0xa8410000-0xa841ffff 64bit pref]
[    0.425431] pci 0000:00:1c.0: resource 9 [mem 0xa8400000-0xa84fffff 64bit pref] released
[    0.425434] pci 0000:00:1c.0: PCI bridge to [bus 02]
[    0.425441] release child resource [mem 0xa8600000-0xa861ffff 64bit]
[    0.425441] release child resource [mem 0xa8620000-0xa862ffff pref]
[    0.425442] pci 0000:00:1c.1: resource 8 [mem 0xa8600000-0xa86fffff] released
[    0.425445] pci 0000:00:1c.1: PCI bridge to [bus 03]
[    0.425448] release child resource [mem 0xa8500000-0xa8500fff 64bit]
[    0.425449] pci 0000:00:1c.2: resource 8 [mem 0xa8500000-0xa85fffff] released
[    0.425452] pci 0000:00:1c.2: PCI bridge to [bus 04]
[    0.425465] pci 0000:00:01.0: BAR 9: assigned [mem 0x90000000-0x9fffffff 64bit pref]
[    0.425469] pci 0000:00:1c.0: BAR 9: assigned [mem 0x8f900000-0x8f9fffff 64bit pref]
[    0.425472] pci 0000:00:1c.1: BAR 8: assigned [mem 0x8fa00000-0x8fafffff]
[    0.425475] pci 0000:00:1c.2: BAR 8: assigned [mem 0x8fb00000-0x8fbfffff]
[    0.425478] pci 0000:00:1c.4: BAR 8: assigned [mem 0xa8a00000-0xd90fffff]
[    0.425481] pci 0000:00:1c.4: BAR 9: no space for [mem size 0x180200000 64bit pref]
[    0.425484] pci 0000:00:1c.4: BAR 9: failed to assign [mem size 0x180200000 64bit pref]
[    0.425488] pci 0000:01:00.0: BAR 0: assigned [mem 0x90000000-0x9fffffff 64bit pref]
[    0.425496] pci 0000:00:01.0: PCI bridge to [bus 01]
[    0.425498] pci 0000:00:01.0:   bridge window [io  0x2000-0x2fff]
[    0.425501] pci 0000:00:01.0:   bridge window [mem 0xa8800000-0xa88fffff]
[    0.425504] pci 0000:00:01.0:   bridge window [mem 0x90000000-0x9fffffff 64bit pref]
[    0.425509] pci 0000:02:00.0: BAR 0: assigned [mem 0x8f900000-0x8f90ffff 64bit pref]
[    0.425524] pci 0000:02:00.0: BAR 2: assigned [mem 0x8f910000-0x8f91ffff 64bit pref]
[    0.425540] pci 0000:00:1c.0: PCI bridge to [bus 02]
[    0.425544] pci 0000:00:1c.0:   bridge window [mem 0xa8700000-0xa87fffff]
[    0.425549] pci 0000:00:1c.0:   bridge window [mem 0x8f900000-0x8f9fffff 64bit pref]
[    0.425555] pci 0000:03:00.0: BAR 0: assigned [mem 0x8fa00000-0x8fa1ffff 64bit]
[    0.425570] pci 0000:03:00.0: BAR 6: assigned [mem 0x8fa20000-0x8fa2ffff pref]
[    0.425573] pci 0000:00:1c.1: PCI bridge to [bus 03]
[    0.425577] pci 0000:00:1c.1:   bridge window [mem 0x8fa00000-0x8fafffff]
[    0.425586] pci 0000:04:00.0: BAR 0: assigned [mem 0x8fb00000-0x8fb00fff 64bit]
[    0.425601] pci 0000:00:1c.2: PCI bridge to [bus 04]
[    0.425606] pci 0000:00:1c.2:   bridge window [mem 0x8fb00000-0x8fbfffff]
[    0.425614] pci 0000:05:00.0: BAR 8: assigned [mem 0xa8a00000-0xd90fffff]
[    0.425616] pci 0000:05:00.0: BAR 9: no space for [mem size 0x180200000 64bit pref]
[    0.425619] pci 0000:05:00.0: BAR 9: failed to assign [mem size 0x180200000 64bit pref]
[    0.425623] pci 0000:06:00.0: BAR 8: assigned [mem 0xa8a00000-0xa8afffff]
[    0.425625] pci 0000:06:03.0: BAR 8: assigned [mem 0xa8b00000-0xb0afffff]
[    0.425628] pci 0000:06:03.0: BAR 9: no space for [mem size 0x40000000 64bit pref]
[    0.425631] pci 0000:06:03.0: BAR 9: failed to assign [mem size 0x40000000 64bit pref]
[    0.425634] pci 0000:06:04.0: BAR 8: assigned [mem 0xb0b00000-0xc90fffff]
[    0.425637] pci 0000:06:04.0: BAR 9: no space for [mem size 0xc0200000 64bit pref]
[    0.425640] pci 0000:06:04.0: BAR 9: failed to assign [mem size 0xc0200000 64bit pref]
[    0.425643] pci 0000:06:05.0: BAR 8: assigned [mem 0xc9100000-0xd10fffff]
[    0.425645] pci 0000:06:05.0: BAR 9: no space for [mem size 0x40000000 64bit pref]
[    0.425648] pci 0000:06:05.0: BAR 9: failed to assign [mem size 0x40000000 64bit pref]
[    0.425651] pci 0000:06:06.0: BAR 8: assigned [mem 0xd1100000-0xd90fffff]
[    0.425654] pci 0000:06:06.0: BAR 9: no space for [mem size 0x40000000 64bit pref]
[    0.425656] pci 0000:06:06.0: BAR 9: failed to assign [mem size 0x40000000 64bit pref]
[    0.425660] pci 0000:07:00.0: BAR 0: assigned [mem 0xa8a00000-0xa8a3ffff]
[    0.425666] pci 0000:07:00.0: BAR 1: assigned [mem 0xa8a40000-0xa8a40fff]
[    0.425672] pci 0000:06:00.0: PCI bridge to [bus 07]
[    0.425679] pci 0000:06:00.0:   bridge window [mem 0xa8a00000-0xa8afffff]
[    0.425691] pci 0000:06:03.0: PCI bridge to [bus 08-17]
[    0.425695] pci 0000:06:03.0:   bridge window [io  0x4000-0x4fff]
[    0.425702] pci 0000:06:03.0:   bridge window [mem 0xa8b00000-0xb0afffff]
[    0.425714] pci 0000:18:00.0: BAR 8: assigned [mem 0xb0b00000-0xc90fffff]
[    0.425716] pci 0000:18:00.0: BAR 9: no space for [mem size 0xc0200000 64bit pref]
[    0.425719] pci 0000:18:00.0: BAR 9: failed to assign [mem size 0xc0200000 64bit pref]
[    0.425723] pci 0000:19:00.0: BAR 8: assigned [mem 0xb0b00000-0xb0bfffff]
[    0.425725] pci 0000:19:01.0: BAR 8: assigned [mem 0xb0c00000-0xb0cfffff]
[    0.425728] pci 0000:19:01.0: BAR 9: assigned [mem 0xb0d00000-0xb0dfffff 64bit pref]
[    0.425731] pci 0000:19:02.0: BAR 8: assigned [mem 0xb0e00000-0xb0efffff]
[    0.425734] pci 0000:19:04.0: BAR 8: assigned [mem 0xb0f00000-0xc11fffff]
[    0.425736] pci 0000:19:04.0: BAR 9: no space for [mem size 0x80100000 64bit pref]
[    0.425739] pci 0000:19:04.0: BAR 9: failed to assign [mem size 0x80100000 64bit pref]
[    0.425742] pci 0000:19:05.0: BAR 8: no space for [mem size 0x08000000]
[    0.425744] pci 0000:19:05.0: BAR 8: failed to assign [mem size 0x08000000]
[    0.425747] pci 0000:19:05.0: BAR 9: no space for [mem size 0x40000000 64bit pref]
[    0.425750] pci 0000:19:05.0: BAR 9: failed to assign [mem size 0x40000000 64bit pref]
[    0.425753] pci 0000:1a:00.0: BAR 8: assigned [mem 0xb0b00000-0xb0bfffff]
[    0.425756] pci 0000:1b:03.0: BAR 8: assigned [mem 0xb0b00000-0xb0bfffff]
[    0.425759] pci 0000:1c:00.0: BAR 0: assigned [mem 0xb0b00000-0xb0b00fff]
[    0.425769] pci 0000:1c:00.1: BAR 0: assigned [mem 0xb0b01000-0xb0b01fff]
[    0.425779] pci 0000:1c:00.2: BAR 0: assigned [mem 0xb0b02000-0xb0b020ff]
[    0.425789] pci 0000:1b:03.0: PCI bridge to [bus 1c]
[    0.425802] pci 0000:1b:03.0:   bridge window [mem 0xb0b00000-0xb0bfffff]
[    0.425827] pci 0000:1a:00.0: PCI bridge to [bus 1b-1c]
[    0.425840] pci 0000:1a:00.0:   bridge window [mem 0xb0b00000-0xb0bfffff]
[    0.425865] pci 0000:19:00.0: PCI bridge to [bus 1a-1c]
[    0.425876] pci 0000:19:00.0:   bridge window [mem 0xb0b00000-0xb0bfffff]
[    0.425896] pci 0000:1d:00.0: BAR 0: assigned [mem 0xb0d00000-0xb0d0ffff 64bit pref]
[    0.425926] pci 0000:1d:00.0: BAR 2: assigned [mem 0xb0d10000-0xb0d1ffff 64bit pref]
[    0.425956] pci 0000:19:01.0: PCI bridge to [bus 1d]
[    0.425967] pci 0000:19:01.0:   bridge window [mem 0xb0c00000-0xb0cfffff]
[    0.425975] pci 0000:19:01.0:   bridge window [mem 0xb0d00000-0xb0dfffff 64bit pref]
[    0.425989] pci 0000:1e:00.0: BAR 0: assigned [mem 0xb0e00000-0xb0e00fff 64bit]
[    0.426020] pci 0000:19:02.0: PCI bridge to [bus 1e]
[    0.426030] pci 0000:19:02.0:   bridge window [mem 0xb0e00000-0xb0efffff]
[    0.426050] pci 0000:1f:00.0: BAR 8: assigned [mem 0xb0f00000-0xc11fffff]
[    0.426052] pci 0000:1f:00.0: BAR 9: no space for [mem size 0x80100000 64bit pref]
[    0.426055] pci 0000:1f:00.0: BAR 9: failed to assign [mem size 0x80100000 64bit pref]
[    0.426059] pci 0000:20:00.0: BAR 8: assigned [mem 0xb0f00000-0xb0ffffff]
[    0.426061] pci 0000:20:01.0: BAR 8: assigned [mem 0xb1000000-0xb10fffff]
