Return-Path: <linux-kernel-owner@vger.kernel.org>
X-Original-To: lists+linux-kernel@lfdr.de
Delivered-To: lists+linux-kernel@lfdr.de
Received: from out1.vger.email (out1.vger.email [IPv6:2620:137:e000::1:20])
	by mail.lfdr.de (Postfix) with ESMTP id 5CDC2597F5B
	for <lists+linux-kernel@lfdr.de>; Thu, 18 Aug 2022 09:42:03 +0200 (CEST)
Received: (majordomo@vger.kernel.org) by vger.kernel.org via listexpand
        id S243632AbiHRHja (ORCPT <rfc822;lists+linux-kernel@lfdr.de>);
        Thu, 18 Aug 2022 03:39:30 -0400
Received: from lindbergh.monkeyblade.net ([23.128.96.19]:51734 "EHLO
        lindbergh.monkeyblade.net" rhost-flags-OK-OK-OK-OK) by vger.kernel.org
        with ESMTP id S232514AbiHRHjZ (ORCPT
        <rfc822;linux-kernel@vger.kernel.org>);
        Thu, 18 Aug 2022 03:39:25 -0400
Received: from mga14.intel.com (mga14.intel.com [192.55.52.115])
        by lindbergh.monkeyblade.net (Postfix) with ESMTPS id B773E2B24D
        for <linux-kernel@vger.kernel.org>; Thu, 18 Aug 2022 00:39:23 -0700 (PDT)
DKIM-Signature: v=1; a=rsa-sha256; c=relaxed/simple;
  d=intel.com; i=@intel.com; q=dns/txt; s=Intel;
  t=1660808363; x=1692344363;
  h=date:from:to:cc:subject:message-id:references:
   in-reply-to:mime-version;
  bh=t9RUG6W6Vs4SSdMIk60LD7m2bx4ObBUMrBt3EoLS+ac=;
  b=bwdY8XIQ6Nl9RqD7iJTIEYQMIYgu6hsAXuTSkYp1tXBBmlAyWt+WiZ2e
   4aqIieTvqb8OYeLEEo/h2RcWdT5Y1KS8Y/nlC11URtWbgkngU4iyqr5Za
   pvTLklT8COpQUxrIX5tjgwlOCnjiS4mWHSEeQDCuhUF5V1oeoi9DYORbD
   eenND4CmLiBTOwoOIexbQeateiNF5y9wb1PdlgMWtimDEbzJFx55kiGsE
   ejpAAVVBy9m1G65EOkX9oxraD622AEaly9MBKJjvKDo89i0GqfjUhvNue
   fApohbRQNvyCZ5oHQSerDxIAYdB+Dhu4LgiwyCGSyZFaT6cQCXRS8zPWx
   w==;
X-IronPort-AV: E=McAfee;i="6500,9779,10442"; a="292688263"
X-IronPort-AV: E=Sophos;i="5.93,245,1654585200"; 
   d="txt'?ko'104?scan'104,208,104,223";a="292688263"
Received: from orsmga001.jf.intel.com ([10.7.209.18])
  by fmsmga103.fm.intel.com with ESMTP/TLS/ECDHE-RSA-AES256-GCM-SHA384; 18 Aug 2022 00:39:07 -0700
X-ExtLoop1: 1
X-IronPort-AV: E=Sophos;i="5.93,245,1654585200"; 
   d="txt'?ko'104?scan'104,208,104,223";a="640758850"
Received: from orsmsx602.amr.corp.intel.com ([10.22.229.15])
  by orsmga001.jf.intel.com with ESMTP; 18 Aug 2022 00:39:06 -0700
Received: from orsmsx610.amr.corp.intel.com (10.22.229.23) by
 ORSMSX602.amr.corp.intel.com (10.22.229.15) with Microsoft SMTP Server
 (version=TLS1_2, cipher=TLS_ECDHE_RSA_WITH_AES_128_GCM_SHA256) id
 15.1.2375.28; Thu, 18 Aug 2022 00:39:04 -0700
Received: from ORSEDG602.ED.cps.intel.com (10.7.248.7) by
 orsmsx610.amr.corp.intel.com (10.22.229.23) with Microsoft SMTP Server
 (version=TLS1_2, cipher=TLS_ECDHE_RSA_WITH_AES_128_GCM_SHA256) id
 15.1.2375.28 via Frontend Transport; Thu, 18 Aug 2022 00:39:04 -0700
Received: from NAM02-DM3-obe.outbound.protection.outlook.com (104.47.56.43) by
 edgegateway.intel.com (134.134.137.103) with Microsoft SMTP Server
 (version=TLS1_2, cipher=TLS_ECDHE_RSA_WITH_AES_256_GCM_SHA384) id
 15.1.2375.28; Thu, 18 Aug 2022 00:39:04 -0700
ARC-Seal: i=1; a=rsa-sha256; s=arcselector9901; d=microsoft.com; cv=none;
 b=iJpSgGfOFT8gOUPCTwa8RKqeXKRmaZUzjgvt+DuC3+fmUFkt8b/7wFQvixhJiabmoqT1bJmTPLo5i5aO+YhRwWCMhDpmW7HmtGzPKIsRQTkhV+TDmJAuLbzZsHYxpsjBzYcvZTabrmouQd1WrIwIxsf/y2tGmt5ATZDGpcc4uJg82ChtHrxH/TwaZDDyp19D2KCrDpyblvKuZz0UJQMEjjLs5cFBxRjOIE5cAMMnKGFeDaSom1YCT+YYHaFm649L/mpSkBOav2DQlpZxxA1oAt1xNdcLp46NJM+QnjlZjQ0WbZ4lQZfgqBB8gliuT0R/esQfgVDyO2cflO7uvK4B6g==
ARC-Message-Signature: i=1; a=rsa-sha256; c=relaxed/relaxed; d=microsoft.com;
 s=arcselector9901;
 h=From:Date:Subject:Message-ID:Content-Type:MIME-Version:X-MS-Exchange-AntiSpam-MessageData-ChunkCount:X-MS-Exchange-AntiSpam-MessageData-0:X-MS-Exchange-AntiSpam-MessageData-1;
 bh=LfgrMbTNsMW+e8x7xWHeJ5/pAX05HBFtGbFocDsfSqc=;
 b=nKAtJ4OiwSfB5hLYwLw6FnFOUBq4aFvJ6hQ9tvt7526vQkCs+WNcSFatCH89hXYXWMXlddgAVMdWWhKA9v/DKcaeYvRdaYipAzDNXJiaDhKZUHYQC3BPTJZNQKd+SDB5k3x7VaoWjcQH9ZNJRec7fqIXWAuDRNebiMxsOOzkdomarGzGyjK/vJK9AIALyXyQvuCLmgYvHrPVu/XwrhwodhOZ0L1ZZ8akybcy99LNA7ZnCEJQAjh/pAEMJHzPpxFIyfMdpdL3GkH8L7LYjIhHB3d1220oBzZ5IN/AkikaCuJJbQzv43C0jhql3XTb/vCIKuaC/0n4I2Q8RzGtMHXvHw==
ARC-Authentication-Results: i=1; mx.microsoft.com 1; spf=pass
 smtp.mailfrom=intel.com; dmarc=pass action=none header.from=intel.com;
 dkim=pass header.d=intel.com; arc=none
Authentication-Results: dkim=none (message not signed)
 header.d=none;dmarc=none action=none header.from=intel.com;
Received: from PH0PR11MB4839.namprd11.prod.outlook.com (2603:10b6:510:42::18)
 by SJ0PR11MB4894.namprd11.prod.outlook.com (2603:10b6:a03:2d4::5) with
 Microsoft SMTP Server (version=TLS1_2,
 cipher=TLS_ECDHE_RSA_WITH_AES_256_GCM_SHA384) id 15.20.5525.10; Thu, 18 Aug
 2022 07:39:00 +0000
Received: from PH0PR11MB4839.namprd11.prod.outlook.com
 ([fe80::503e:4a34:50bc:9f4]) by PH0PR11MB4839.namprd11.prod.outlook.com
 ([fe80::503e:4a34:50bc:9f4%6]) with mapi id 15.20.5546.016; Thu, 18 Aug 2022
 07:39:00 +0000
Date:   Thu, 18 Aug 2022 15:38:45 +0800
From:   Pengfei Xu <pengfei.xu@intel.com>
To:     Peter Zijlstra <peterz@infradead.org>
CC:     Josh Poimboeuf <jpoimboe@kernel.org>,
        "Yang, Weijiang" <weijiang.yang@intel.com>,
        "Su, Heng" <heng.su@intel.com>, <linux-kernel@vger.kernel.org>,
        Josh Poimboeuf <jpoimboe@redhat.com>, <pbonzini@redhat.com>,
        <x86@kernel.org>
Subject: Re: [PATCH] x86/kvm, objtool: Avoid fastop ENDBR from being sealed
Message-ID: <Yv3sha0zujQxW1X8@xpf.sh.intel.com>
References: <PH0PR11MB4839B4D2FB8B8D8D52A62C7F9A629@PH0PR11MB4839.namprd11.prod.outlook.com>
 <YvzJTxOwmikAlZ6j@worktop.programming.kicks-ass.net>
 <20220818011045.v4baekgxajylqxvh@treble>
 <Yv3qHNGBM2aU2NuA@worktop.programming.kicks-ass.net>
Content-Type: multipart/mixed; boundary="6CLv6m0bgelFBeqv"
Content-Disposition: inline
In-Reply-To: <Yv3qHNGBM2aU2NuA@worktop.programming.kicks-ass.net>
X-ClientProxiedBy: SG2PR04CA0198.apcprd04.prod.outlook.com
 (2603:1096:4:14::36) To PH0PR11MB4839.namprd11.prod.outlook.com
 (2603:10b6:510:42::18)
MIME-Version: 1.0
X-MS-PublicTrafficType: Email
X-MS-Office365-Filtering-Correlation-Id: 49e70bae-03a2-4f46-750d-08da80ecb67b
X-MS-TrafficTypeDiagnostic: SJ0PR11MB4894:EE_
X-LD-Processed: 46c98d88-e344-4ed4-8496-4ed7712e255d,ExtAddr
X-MS-Exchange-SenderADCheck: 1
X-MS-Exchange-AntiSpam-Relay: 0
X-Microsoft-Antispam: BCL:0;
X-Microsoft-Antispam-Message-Info: DORvbc+VqszTVIY6olBp6rrP4ijMM+ut0juuL0gt95eilIDR1qMjI73N0v+AWR6XaBl7pWlyq5Xu4U66Bdo3hC4xeVMpXiucLF31xXJLuW77N3Jo1Y3H0D0DoEw9Z7oNlMtxRFVmZAaWzBIYqQuGQZSx2YlnoGLgQSz1EC4DtYjYKQizd1bQWIakptzL5Ose4lUle++AVs/rjEb0Q9ehcq/G7HdKsQ3G+q7XivGjMC5eHYvntQfAVaNs/GkahSiJb7hv0+ccP+BtkOwC1Cv+w7OPeVCspOQDUl+6URfYX2P7Yaj/Vmk7XpoR9+cg+cyJUQQUJ4SFvc7ZPIij+rG5tVFiJbi11c43nKUYN/ZyUwoPpjWLUTnJkfGJlc3ZUkL52SnmgXaxolU/mfNQc2c95twjIoO6KjcpBQzEDGimMR0ivQ/KRjIlI12SOc27ZIiGbM/qRTmaWJmAPFSSdUEvKq+74p37z5sUCGtkz8B8SNlnkEzsbcJTbutK2GJP07Cpu0npA3EP3Eehh4p5FDFNf8IrBbow97nlYx7j0O4k2mg/mxP1kbg7E77pTp/nRNteJLfZ+qoND+0Z/CLONWh97pOKVHgKU2dtFoKULlZOjK22oS7G8Wzo7oRnzok5EoKn4Svck20T5iRdd31mDuOC1IaRNcHQFMf8mvScjlAKNJru1xf+hhonGU16L+pRoSvIzGvlmdsYPhSjOGCuL6VITwK97PdXD6k8Sns2z4dv6rCjkhOk5JMEv2xCPvlDS71c
X-Forefront-Antispam-Report: CIP:255.255.255.255;CTRY:;LANG:en;SCL:1;SRV:;IPV:NLI;SFV:NSPM;H:PH0PR11MB4839.namprd11.prod.outlook.com;PTR:;CAT:NONE;SFS:(13230016)(346002)(376002)(136003)(366004)(39860400002)(396003)(6506007)(41300700001)(53546011)(82960400001)(26005)(86362001)(478600001)(83380400001)(6486002)(44144004)(21480400003)(186003)(6666004)(6512007)(66476007)(66556008)(8936002)(54906003)(316002)(66946007)(4326008)(8676002)(44832011)(2906002)(235185007)(5660300002)(38100700002)(6916009)(2700100001);DIR:OUT;SFP:1102;
X-MS-Exchange-AntiSpam-MessageData-ChunkCount: 1
X-MS-Exchange-AntiSpam-MessageData-0: =?us-ascii?Q?g68Y7MttxjqOrEFzeW/kfwjqcF2Rx7uJNkkrku9ygE7Opck6c26lQuvqahzZ?=
 =?us-ascii?Q?qpYLdL9J/AvJfARGBuPRFyBYkojwbUpX1JjGfNIfPerzHEHrvmFMvv69Te48?=
 =?us-ascii?Q?q+ly5LCatHSfGTBzf313mypZ1PiXKiJhLwyGtFSDw6QHcbPm3m//r8TYZcPN?=
 =?us-ascii?Q?iXCt8wbLItT8VXYYXtvOCxTPYDhc8h6+d7APX3kvlhtqUNtpYEPSbcjYOCWN?=
 =?us-ascii?Q?0XDaY4gDKfynEo9UfsrQDjeotCi93tgBaeAUAULM1oxH0K+pszZTYp80UjA6?=
 =?us-ascii?Q?MsU9b7ZdKGqAwoG/83yTAuFklcmMuNfSt4ns7ipFMZZV0PbPpQAAtWAM0cPm?=
 =?us-ascii?Q?seFP20qioXssCjS1lUDFnek487MX8Nj0ztppxmRa1qGZ2lz+5xQFdOi1W/xO?=
 =?us-ascii?Q?HqZzCF6B1IlmSlcemX/hd/OYhGFUXrlFNJ3/xIUpNRyOOLPkRqhHTJT+GDge?=
 =?us-ascii?Q?va97q3PC81Drytz41u+JVfdJsol+B7FJQAMhkvr60em39Gn8XjogrMO+n4xA?=
 =?us-ascii?Q?0uLyszJdGiODI3IH+rz4J1Gk2RwHsvDJVWLeExCtB0TiD09tKO9JgxFy/zWG?=
 =?us-ascii?Q?d+VGvCgrhRvH30oS7+RzM+8fj6XldIT+6Ng2o8+XobH6BxNnc9YiJH9xZZaR?=
 =?us-ascii?Q?I1Fh74zhuJZTG7/QmV/ornHN9uHRkHmRy37VX3uTZkwr+IrO9XpY6s9BHKzY?=
 =?us-ascii?Q?sxabRVh3qbPSVoDk1HHJdnV0I4wsGejxhjzz6CBsYbU1NQGSB6J969+Dqi0z?=
 =?us-ascii?Q?5uCJn1tINKoLLbNHqh/IbHjETQlw8bhXChdYXxZAALD+X6LKLDUxnUecYpNw?=
 =?us-ascii?Q?0P9E6Nx2FisUdRPqs4939I1gHhPAzRbnR7c+fzgZje3q5gkzV8TEO/mFCYGc?=
 =?us-ascii?Q?dYAiRu4osuJ/rHtXJI/4yk0fu6DHC7kAt/0PLZivfn78PJJnUeJBU3a9t4u8?=
 =?us-ascii?Q?nQs1ojp8QTs+z+8h/c/aGy5l7IIjTnKXtEkKrtn1iz45SUTRMiVfYfo+UBwS?=
 =?us-ascii?Q?iSX4l3TO8WzQpfMvDkZeKdqvn/gkixDel2sJzx8EEqSZXvrY1AEki2ACW9t2?=
 =?us-ascii?Q?QVG8s6u2bK7NP4R/lrVXw4Z/dqQcIm9QJCnx6ZdCzOgkDiIarYV8ngBNJ+dF?=
 =?us-ascii?Q?/zx/htURs9h+j2K2UTDWdqoicSKWr7m/gBRRYuYXVTkV5O5+WfjcAwOg0VQj?=
 =?us-ascii?Q?B3F2sTfWoM4C86LqhoDswGLFXy872FiZ8zjM2nfwurdCFtqjBInjwDq6YD3e?=
 =?us-ascii?Q?G85ZJxXvS6WThS8+mu141HG0pn3W8FJy0J7bucL2fq+XnN/kzfqW6Wl9VtT4?=
 =?us-ascii?Q?Ywg3CeQyHsD4YE4M5PHpYpiH/M5PxstqLGoFLE8pNYpLXSsvKZXkktERGPrh?=
 =?us-ascii?Q?Lxu0CQLdu4qopayfsd/kuH8tt74uplO2k7jF+LR9ByAb1/QGtqOsy4lQoNju?=
 =?us-ascii?Q?GQa0WhJnf6/97kzqjY2+YgAstD+vfdum/hcnL8zYYnHMc3WlXgGiRqh14Cru?=
 =?us-ascii?Q?+hOCkiEycbK3mMmHjeDDhl9N6dkgt+m74Vso/SIh9rbxq5Pc42HHhSBaHYeR?=
 =?us-ascii?Q?VDSqBZt+v0RP92yZLE8INUL6HHaYVhKV7vNOHiJ+?=
X-MS-Exchange-CrossTenant-Network-Message-Id: 49e70bae-03a2-4f46-750d-08da80ecb67b
X-MS-Exchange-CrossTenant-AuthSource: PH0PR11MB4839.namprd11.prod.outlook.com
X-MS-Exchange-CrossTenant-AuthAs: Internal
X-MS-Exchange-CrossTenant-OriginalArrivalTime: 18 Aug 2022 07:39:00.2419
 (UTC)
X-MS-Exchange-CrossTenant-FromEntityHeader: Hosted
X-MS-Exchange-CrossTenant-Id: 46c98d88-e344-4ed4-8496-4ed7712e255d
X-MS-Exchange-CrossTenant-MailboxType: HOSTED
X-MS-Exchange-CrossTenant-UserPrincipalName: WW4xMUFMkzQPty3jeygqqBYjjsEeyPmcr4M9kLpL0Ze+TDxjS8iwyXvphtf4y+02RLSIXmALt6LUCoOs/g5CtQ==
X-MS-Exchange-Transport-CrossTenantHeadersStamped: SJ0PR11MB4894
X-OriginatorOrg: intel.com
Precedence: bulk
List-ID: <linux-kernel.vger.kernel.org>
X-Mailing-List: linux-kernel@vger.kernel.org

--6CLv6m0bgelFBeqv
Content-Type: text/plain; charset="us-ascii"
Content-Disposition: inline

Hi Poimboeuf and Peter,

  I installed the new patch based on v5.19 mainline kernel.

  And this "Missing ENDBR: andw_ax_dx+0x0/0x10 [kvm]" issue was
  reproduced again after ran syzkaller 5min on ADL-P.

  I'm not sure is there something missed for attached patch.

  Patch, kvm.ko and dmesg are in attached.

  Thanks!
  BR.

On 2022-08-18 at 09:28:28 +0200, Peter Zijlstra wrote:
> On Wed, Aug 17, 2022 at 06:10:45PM -0700, Josh Poimboeuf wrote:
> > On Wed, Aug 17, 2022 at 12:56:15PM +0200, Peter Zijlstra wrote:
> > > Add (yet another) annotation to inhibit objtool from sealing a specific
> > > ENDBR instance.
> > 
> > Nah, just add a throwaway reference to the function.  Then no objtool
> > change is needed:
> 
> Nice!, should I 'borrow' this and respin the patch or you want to make a
> real patch out of it?
> 
> > diff --git a/arch/x86/include/asm/ibt.h b/arch/x86/include/asm/ibt.h
> > index 689880eca9ba..3ae795150374 100644
> > --- a/arch/x86/include/asm/ibt.h
> > +++ b/arch/x86/include/asm/ibt.h
> > @@ -31,6 +31,16 @@
> >  
> >  #define __noendbr	__attribute__((nocf_check))
> >  
> > +/*
> > + * Create a dummy function pointer reference to prevent objtool from marking
> > + * the function as needing to be "sealed" (i.e. ENDBR converted to NOP by
> > + * apply_ibt_endbr()).
> > + */
> > +#define IBT_NOSEAL(fname)				\
> > +	".pushsection .discard.endbr.noseal\n\t"	\
> > +	_ASM_PTR fname "\n\t"				\
> > +	".popsection\n\t"
> > +
> >  static inline __attribute_const__ u32 gen_endbr(void)
> >  {
> >  	u32 endbr;
> > diff --git a/arch/x86/kvm/emulate.c b/arch/x86/kvm/emulate.c
> > index f8382abe22ff..88623add0db4 100644
> > --- a/arch/x86/kvm/emulate.c
> > +++ b/arch/x86/kvm/emulate.c
> > @@ -316,7 +316,8 @@ static int fastop(struct x86_emulate_ctxt *ctxt, fastop_t fop);
> >  	".align " __stringify(FASTOP_SIZE) " \n\t" \
> >  	".type " name ", @function \n\t" \
> >  	name ":\n\t" \
> > -	ASM_ENDBR
> > +	ASM_ENDBR \
> > +	IBT_NOSEAL(name)
> >  
> >  #define FOP_FUNC(name) \
> >  	__FOP_FUNC(#name)

--6CLv6m0bgelFBeqv
Content-Type: text/plain; charset="us-ascii"
Content-Disposition: attachment;
	filename="0001-x86-kvm-objtool-Avoid-fastop-ENDBR-from-being-sealed.patch"

From 4a7887c6dbbac4f9e05870455581a3e526b2d5d9 Mon Sep 17 00:00:00 2001
From: Josh Poimboeuf <jpoimboe@kernel.org>
Date: Wed, 17 Aug 2022 18:10:45 -0700
Subject: [PATCH] x86/kvm, objtool: Avoid fastop ENDBR from being sealed

On Wed, Aug 17, 2022 at 12:56:15PM +0200, Peter Zijlstra wrote:
> Add (yet another) annotation to inhibit objtool from sealing a specific
> ENDBR instance.

Nah, just add a throwaway reference to the function.  Then no objtool
change is needed:
---
 arch/x86/include/asm/ibt.h | 10 ++++++++++
 arch/x86/kvm/emulate.c     |  3 ++-
 2 files changed, 12 insertions(+), 1 deletion(-)

diff --git a/arch/x86/include/asm/ibt.h b/arch/x86/include/asm/ibt.h
index 689880eca9ba..3ae795150374 100644
--- a/arch/x86/include/asm/ibt.h
+++ b/arch/x86/include/asm/ibt.h
@@ -31,6 +31,16 @@
 
 #define __noendbr	__attribute__((nocf_check))
 
+/*
+ * Create a dummy function pointer reference to prevent objtool from marking
+ * the function as needing to be "sealed" (i.e. ENDBR converted to NOP by
+ * apply_ibt_endbr()).
+ */
+#define IBT_NOSEAL(fname)				\
+	".pushsection .discard.endbr.noseal\n\t"	\
+	_ASM_PTR fname "\n\t"				\
+	".popsection\n\t"
+
 static inline __attribute_const__ u32 gen_endbr(void)
 {
 	u32 endbr;
diff --git a/arch/x86/kvm/emulate.c b/arch/x86/kvm/emulate.c
index f8382abe22ff..88623add0db4 100644
--- a/arch/x86/kvm/emulate.c
+++ b/arch/x86/kvm/emulate.c
@@ -316,7 +316,8 @@ static int fastop(struct x86_emulate_ctxt *ctxt, fastop_t fop);
 	".align " __stringify(FASTOP_SIZE) " \n\t" \
 	".type " name ", @function \n\t" \
 	name ":\n\t" \
-	ASM_ENDBR
+	ASM_ENDBR \
+	IBT_NOSEAL(name)
 
 #define FOP_FUNC(name) \
 	__FOP_FUNC(#name)
-- 
2.31.1


--6CLv6m0bgelFBeqv
Content-Type: text/plain; charset="us-ascii"
Content-Disposition: attachment;
	filename="adlp_fix2nd_patch_still_Missing_ENDBR.txt"
Content-Transfer-Encoding: quoted-printable

[    0.000000] Linux version 5.19.0-mfix2+ (root@xpf.sh.intel.com) (gcc (GC=
C) 8.5.0 20210514 (Red Hat 8.5.0-10), GNU ld version 2.36.1-2.el8) #2 SMP P=
REEMPT_DYNAMIC Thu Aug 18 13:25:20 CST 2022=0D
[    0.000000] Command line: BOOT_IMAGE=3D(hd0,gpt2)/boot/vmlinuz-5.19.0-mf=
ix2+ root=3DUUID=3Dbd87f1b8-5961-4f61-9add-0b182079eaec ro crashkernel=3Dau=
to resume=3DUUID=3Dbf31b892-d4e1-479e-84f2-93cbb865d825 rhgb quiet text ini=
tcall_debug resume=3D/dev/nvme0n1p3 log_buf_len=3D200M no_console_suspend i=
gnore_loglevel thunderbolt.dyndbg=0D
[    0.000000] KERNEL supported cpus:=0D
[    0.000000]   Intel GenuineIntel=0D
[    0.000000]   AMD AuthenticAMD=0D
[    0.000000]   Hygon HygonGenuine=0D
[    0.000000]   Centaur CentaurHauls=0D
[    0.000000]   zhaoxin   Shanghai  =0D
[    0.000000] x86/fpu: Supporting XSAVE feature 0x001: 'x87 floating point=
 registers'=0D
[    0.000000] x86/fpu: Supporting XSAVE feature 0x002: 'SSE registers'=0D
[    0.000000] x86/fpu: Supporting XSAVE feature 0x004: 'AVX registers'=0D
[    0.000000] x86/fpu: Supporting XSAVE feature 0x200: 'Protection Keys Us=
er registers'=0D
[    0.000000] x86/fpu: xstate_offset[2]:  576, xstate_sizes[2]:  256=0D
[    0.000000] x86/fpu: xstate_offset[9]:  832, xstate_sizes[9]:    8=0D
[    0.000000] x86/fpu: Enabled xstate features 0x207, context size is 840 =
bytes, using 'compacted' format.=0D
[    0.000000] signal: max sigframe size: 3632=0D
[    0.000000] BIOS-provided physical RAM map:=0D
[    0.000000] BIOS-e820: [mem 0x0000000000000000-0x000000000009efff] usabl=
e=0D
[    0.000000] BIOS-e820: [mem 0x000000000009f000-0x00000000000fffff] reser=
ved=0D
[    0.000000] BIOS-e820: [mem 0x0000000000100000-0x0000000040668fff] usabl=
e=0D
[    0.000000] BIOS-e820: [mem 0x0000000040669000-0x00000000439d9fff] reser=
ved=0D
[    0.000000] BIOS-e820: [mem 0x00000000439da000-0x0000000043ac1fff] ACPI =
NVS=0D
[    0.000000] BIOS-e820: [mem 0x0000000043ac2000-0x0000000043bfefff] ACPI =
data=0D
[    0.000000] BIOS-e820: [mem 0x0000000043bff000-0x0000000043bfffff] usabl=
e=0D
[    0.000000] BIOS-e820: [mem 0x0000000043c00000-0x0000000047ffffff] reser=
ved=0D
[    0.000000] BIOS-e820: [mem 0x0000000048c00000-0x0000000048ffffff] reser=
ved=0D
[    0.000000] BIOS-e820: [mem 0x0000000049e00000-0x00000000503fffff] reser=
ved=0D
[    0.000000] BIOS-e820: [mem 0x00000000c0000000-0x00000000cfffffff] reser=
ved=0D
[    0.000000] BIOS-e820: [mem 0x00000000fed20000-0x00000000fed7ffff] reser=
ved=0D
[    0.000000] BIOS-e820: [mem 0x00000000ff000000-0x00000000ffffffff] reser=
ved=0D
[    0.000000] BIOS-e820: [mem 0x0000000100000000-0x00000004afbfffff] usabl=
e=0D
[    0.000000] printk: debug: ignoring loglevel setting.=0D
[    0.000000] NX (Execute Disable) protection: active=0D
[    0.000000] efi: EFI v2.70 by Intel=0D
[    0.000000] efi: ACPI=3D0x43bfe000 ACPI 2.0=3D0x43bfe014 SMBIOS=3D0x4073=
d000 MEMATTR=3D0x3d2c0018 ESRT=3D0x3d2d7898 =0D
[    0.000000] SMBIOS 3.4 present.=0D
[    0.000000] DMI: Intel Corporation Alder Lake Client Platform/AlderLake-=
P DDR5 RVP, BIOS RPLPFWI1.R00.3257.A00.2206200744 06/20/2022=0D
[    0.000000] tsc: Detected 1900.000 MHz processor=0D
[    0.000000] tsc: Detected 1881.600 MHz TSC=0D
[    0.000007] e820: update [mem 0x00000000-0x00000fff] usable =3D=3D> rese=
rved=0D
[    0.000009] e820: remove [mem 0x000a0000-0x000fffff] usable=0D
[    0.000013] last_pfn =3D 0x4afc00 max_arch_pfn =3D 0x400000000=0D
[    0.000180] x86/PAT: Configuration [0-7]: WB  WC  UC- UC  WB  WP  UC- WT=
  =0D
[    0.000931] total RAM covered: 29888M=0D
[    0.000992] Found optimal setting for mtrr clean up=0D
[    0.000993]  gran_size: 64K  chunk_size: 64K         num_reg: 6      los=
e cover RAM: 0G=0D
[    0.001409] e820: update [mem 0x4c000000-0xffffffff] usable =3D=3D> rese=
rved=0D
[    0.001412] last_pfn =3D 0x43c00 max_arch_pfn =3D 0x400000000=0D
[    0.005553] esrt: Reserving ESRT space from 0x000000003d2d7898 to 0x0000=
00003d2d7a60.=0D
[    0.005562] e820: update [mem 0x3d2d7000-0x3d2d7fff] usable =3D=3D> rese=
rved=0D
[    0.005586] Using GB pages for direct mapping=0D
[    0.160866] printk: log_buf_len: 268435456 bytes=0D
[    0.160867] printk: early log buf free: 258584(98%)=0D
[    0.160868] Secure boot disabled=0D
[    0.160868] RAMDISK: [mem 0x25a1d000-0x28bd3fff]=0D
[    0.160870] ACPI: Early table checksum verification disabled=0D
[    0.160873] ACPI: RSDP 0x0000000043BFE014 000024 (v02 INTEL )=0D
[    0.160876] ACPI: XSDT 0x0000000043B11188 00012C (v01 INTEL  ADL-P-M  00=
000002      01000013)=0D
[    0.160880] ACPI: FACP 0x0000000043BEC000 000114 (v06 INTEL  ADL-P-M  00=
000002      01000013)=0D
[    0.160884] ACPI: DSDT 0x0000000043B4C000 09CC0A (v02 INTEL  ADL-P-M  00=
000002      01000013)=0D
[    0.160885] ACPI: FACS 0x0000000043A2B000 000040=0D
[    0.160887] ACPI: SSDT 0x0000000043BFC000 00038C (v02 PmaxDv Pmax_Dev 00=
000001 INTL 20200717)=0D
[    0.160888] ACPI: SSDT 0x0000000043BF6000 005D34 (v02 CpuRef CpuSsdt  00=
003000 INTL 20200717)=0D
[    0.160890] ACPI: SSDT 0x0000000043BEE000 007028 (v02 DptfTb DptfTabl 00=
001000 INTL 20200717)=0D
[    0.160892] ACPI: ECDT 0x0000000043BED000 000069 (v01 INTEL  ADL-P-M  00=
000002      01000013)=0D
[    0.160893] ACPI: HPET 0x0000000043BEB000 000038 (v01 INTEL  ADL-P-M  00=
000002      01000013)=0D
[    0.160895] ACPI: APIC 0x0000000043BEA000 0001DC (v05 INTEL  ADL-P-M  00=
000002      01000013)=0D
[    0.160897] ACPI: MCFG 0x0000000043BE9000 00003C (v01 INTEL  ADL-P-M  00=
000002      01000013)=0D
[    0.160898] ACPI: SSDT 0x0000000043B3B000 010A9F (v02 INTEL  AdlP_Rvp 00=
001000 INTL 20200717)=0D
[    0.160900] ACPI: SSDT 0x0000000043B39000 001F32 (v02 INTEL  Ther_Rvp 00=
001000 INTL 20200717)=0D
[    0.160901] ACPI: SSDT 0x0000000043B35000 00393F (v02 SaSsdt SaSsdt   00=
003000 INTL 20200717)=0D
[    0.160903] ACPI: SSDT 0x0000000043B31000 003683 (v02 INTEL  IgfxSsdt 00=
003000 INTL 20200717)=0D
[    0.160905] ACPI: SSDT 0x0000000043B23000 00DB8D (v02 INTEL  TcssSsdt 00=
001000 INTL 20200717)=0D
[    0.160906] ACPI: SSDT 0x0000000043B22000 000150 (v02 INTEL  IpuSsdt  00=
001000 INTL 20200717)=0D
[    0.160908] ACPI: LPIT 0x0000000043B21000 0000CC (v01 INTEL  ADL-P-M  00=
000002      01000013)=0D
[    0.160909] ACPI: WSMT 0x0000000043B20000 000028 (v01 INTEL  ADL-P-M  00=
000002      01000013)=0D
[    0.160911] ACPI: SSDT 0x0000000043B1D000 002A83 (v02 INTEL  PtidDevc 00=
001000 INTL 20200717)=0D
[    0.160912] ACPI: SSDT 0x0000000043B15000 007279 (v02 INTEL  TbtTypeC 00=
000000 INTL 20200717)=0D
[    0.160914] ACPI: DBGP 0x0000000043B14000 000034 (v01 INTEL  ADL-P-M  00=
000002      01000013)=0D
[    0.160916] ACPI: DBG2 0x0000000043B13000 000054 (v00 INTEL  ADL-P-M  00=
000002      01000013)=0D
[    0.160917] ACPI: NHLT 0x0000000043B12000 0002F1 (v00 INTEL  ADL-P-M  00=
000002      01000013)=0D
[    0.160919] ACPI: SSDT 0x0000000043B0F000 001919 (v02 INTEL  UsbCTabl 00=
001000 INTL 20200717)=0D
[    0.160920] ACPI: DMAR 0x0000000043BFD000 0000A0 (v02 INTEL  ICL      00=
000002      01000013)=0D
[    0.160922] ACPI: UEFI 0x0000000043A21000 00063A (v01 INTEL  RstVmdE  00=
000000 INTL 00000000)=0D
[    0.160924] ACPI: UEFI 0x0000000043A20000 00005C (v01 INTEL  RstVmdV  00=
000000 INTL 00000000)=0D
[    0.160925] ACPI: FPDT 0x0000000043B0E000 000044 (v01 INTEL  ADL-P-M  00=
000002      01000013)=0D
[    0.160927] ACPI: SSDT 0x0000000043B0D000 000CAB (v02 INTEL  xh_adlLP 00=
000000 INTL 20200717)=0D
[    0.160928] ACPI: SSDT 0x0000000043B09000 003BD3 (v02 SocGpe SocGpe   00=
003000 INTL 20200717)=0D
[    0.160930] ACPI: SSDT 0x0000000043B05000 0039DA (v02 SocCmn SocCmn   00=
003000 INTL 20200717)=0D
[    0.160932] ACPI: SSDT 0x0000000043B04000 000144 (v02 Intel  ADebTabl 00=
001000 INTL 20200717)=0D
[    0.160933] ACPI: ASF! 0x0000000043B03000 000074 (v32 INTEL  ADL-P-M  00=
000002      01000013)=0D
[    0.160935] ACPI: BGRT 0x0000000043B02000 000038 (v01 INTEL  ADL-P-M  00=
000002      01000013)=0D
[    0.160936] ACPI: PHAT 0x0000000043B01000 0006ED (v01 INTEL  ADL-P-M  00=
000005 MSFT 0100000D)=0D
[    0.160938] ACPI: Reserving FACP table memory at [mem 0x43bec000-0x43bec=
113]=0D
[    0.160939] ACPI: Reserving DSDT table memory at [mem 0x43b4c000-0x43be8=
c09]=0D
[    0.160939] ACPI: Reserving FACS table memory at [mem 0x43a2b000-0x43a2b=
03f]=0D
[    0.160940] ACPI: Reserving SSDT table memory at [mem 0x43bfc000-0x43bfc=
38b]=0D
[    0.160940] ACPI: Reserving SSDT table memory at [mem 0x43bf6000-0x43bfb=
d33]=0D
[    0.160940] ACPI: Reserving SSDT table memory at [mem 0x43bee000-0x43bf5=
027]=0D
[    0.160941] ACPI: Reserving ECDT table memory at [mem 0x43bed000-0x43bed=
068]=0D
[    0.160941] ACPI: Reserving HPET table memory at [mem 0x43beb000-0x43beb=
037]=0D
[    0.160942] ACPI: Reserving APIC table memory at [mem 0x43bea000-0x43bea=
1db]=0D
[    0.160942] ACPI: Reserving MCFG table memory at [mem 0x43be9000-0x43be9=
03b]=0D
[    0.160943] ACPI: Reserving SSDT table memory at [mem 0x43b3b000-0x43b4b=
a9e]=0D
[    0.160943] ACPI: Reserving SSDT table memory at [mem 0x43b39000-0x43b3a=
f31]=0D
[    0.160944] ACPI: Reserving SSDT table memory at [mem 0x43b35000-0x43b38=
93e]=0D
[    0.160944] ACPI: Reserving SSDT table memory at [mem 0x43b31000-0x43b34=
682]=0D
[    0.160944] ACPI: Reserving SSDT table memory at [mem 0x43b23000-0x43b30=
b8c]=0D
[    0.160945] ACPI: Reserving SSDT table memory at [mem 0x43b22000-0x43b22=
14f]=0D
[    0.160945] ACPI: Reserving LPIT table memory at [mem 0x43b21000-0x43b21=
0cb]=0D
[    0.160946] ACPI: Reserving WSMT table memory at [mem 0x43b20000-0x43b20=
027]=0D
[    0.160946] ACPI: Reserving SSDT table memory at [mem 0x43b1d000-0x43b1f=
a82]=0D
[    0.160946] ACPI: Reserving SSDT table memory at [mem 0x43b15000-0x43b1c=
278]=0D
[    0.160947] ACPI: Reserving DBGP table memory at [mem 0x43b14000-0x43b14=
033]=0D
[    0.160947] ACPI: Reserving DBG2 table memory at [mem 0x43b13000-0x43b13=
053]=0D
[    0.160948] ACPI: Reserving NHLT table memory at [mem 0x43b12000-0x43b12=
2f0]=0D
[    0.160948] ACPI: Reserving SSDT table memory at [mem 0x43b0f000-0x43b10=
918]=0D
[    0.160949] ACPI: Reserving DMAR table memory at [mem 0x43bfd000-0x43bfd=
09f]=0D
[    0.160949] ACPI: Reserving UEFI table memory at [mem 0x43a21000-0x43a21=
639]=0D
[    0.160950] ACPI: Reserving UEFI table memory at [mem 0x43a20000-0x43a20=
05b]=0D
[    0.160950] ACPI: Reserving FPDT table memory at [mem 0x43b0e000-0x43b0e=
043]=0D
[    0.160951] ACPI: Reserving SSDT table memory at [mem 0x43b0d000-0x43b0d=
caa]=0D
[    0.160951] ACPI: Reserving SSDT table memory at [mem 0x43b09000-0x43b0c=
bd2]=0D
[    0.160951] ACPI: Reserving SSDT table memory at [mem 0x43b05000-0x43b08=
9d9]=0D
[    0.160952] ACPI: Reserving SSDT table memory at [mem 0x43b04000-0x43b04=
143]=0D
[    0.160952] ACPI: Reserving ASF! table memory at [mem 0x43b03000-0x43b03=
073]=0D
[    0.160953] ACPI: Reserving BGRT table memory at [mem 0x43b02000-0x43b02=
037]=0D
[    0.160953] ACPI: Reserving PHAT table memory at [mem 0x43b01000-0x43b01=
6ec]=0D
[    0.161366] No NUMA configuration found=0D
[    0.161367] Faking a node at [mem 0x0000000000000000-0x00000004afbfffff]=
=0D
[    0.161372] NODE_DATA(0) allocated [mem 0x467bd5000-0x467bfffff]=0D
[    0.161489] crashkernel: memory value expected=0D
[    0.161514] Zone ranges:=0D
[    0.161514]   DMA      [mem 0x0000000000001000-0x0000000000ffffff]=0D
[    0.161515]   DMA32    [mem 0x0000000001000000-0x00000000ffffffff]=0D
[    0.161516]   Normal   [mem 0x0000000100000000-0x00000004afbfffff]=0D
[    0.161517]   Device   empty=0D
[    0.161518] Movable zone start for each node=0D
[    0.161519] Early memory node ranges=0D
[    0.161519]   node   0: [mem 0x0000000000001000-0x000000000009efff]=0D
[    0.161520]   node   0: [mem 0x0000000000100000-0x0000000040668fff]=0D
[    0.161520]   node   0: [mem 0x0000000043bff000-0x0000000043bfffff]=0D
[    0.161521]   node   0: [mem 0x0000000100000000-0x00000004afbfffff]=0D
[    0.161522] Initmem setup node 0 [mem 0x0000000000001000-0x00000004afbff=
fff]=0D
[    0.161525] On node 0, zone DMA: 1 pages in unavailable ranges=0D
[    0.161543] On node 0, zone DMA: 97 pages in unavailable ranges=0D
[    0.162860] On node 0, zone DMA32: 13718 pages in unavailable ranges=0D
[    0.181504] On node 0, zone Normal: 17408 pages in unavailable ranges=0D
[    0.181512] On node 0, zone Normal: 1024 pages in unavailable ranges=0D
[    0.181549] Reserving Intel graphics memory at [mem 0x4c800000-0x503ffff=
f]=0D
[    0.183008] ACPI: PM-Timer IO Port: 0x1808=0D
[    0.183014] ACPI: LAPIC_NMI (acpi_id[0x01] high edge lint[0x1])=0D
[    0.183015] ACPI: LAPIC_NMI (acpi_id[0x02] high edge lint[0x1])=0D
[    0.183016] ACPI: LAPIC_NMI (acpi_id[0x03] high edge lint[0x1])=0D
[    0.183016] ACPI: LAPIC_NMI (acpi_id[0x04] high edge lint[0x1])=0D
[    0.183017] ACPI: LAPIC_NMI (acpi_id[0x05] high edge lint[0x1])=0D
[    0.183017] ACPI: LAPIC_NMI (acpi_id[0x06] high edge lint[0x1])=0D
[    0.183017] ACPI: LAPIC_NMI (acpi_id[0x07] high edge lint[0x1])=0D
[    0.183018] ACPI: LAPIC_NMI (acpi_id[0x08] high edge lint[0x1])=0D
[    0.183018] ACPI: LAPIC_NMI (acpi_id[0x09] high edge lint[0x1])=0D
[    0.183018] ACPI: LAPIC_NMI (acpi_id[0x0a] high edge lint[0x1])=0D
[    0.183019] ACPI: LAPIC_NMI (acpi_id[0x0b] high edge lint[0x1])=0D
[    0.183019] ACPI: LAPIC_NMI (acpi_id[0x0c] high edge lint[0x1])=0D
[    0.183020] ACPI: LAPIC_NMI (acpi_id[0x0d] high edge lint[0x1])=0D
[    0.183020] ACPI: LAPIC_NMI (acpi_id[0x0e] high edge lint[0x1])=0D
[    0.183020] ACPI: LAPIC_NMI (acpi_id[0x0f] high edge lint[0x1])=0D
[    0.183021] ACPI: LAPIC_NMI (acpi_id[0x10] high edge lint[0x1])=0D
[    0.183021] ACPI: LAPIC_NMI (acpi_id[0x11] high edge lint[0x1])=0D
[    0.183022] ACPI: LAPIC_NMI (acpi_id[0x12] high edge lint[0x1])=0D
[    0.183022] ACPI: LAPIC_NMI (acpi_id[0x13] high edge lint[0x1])=0D
[    0.183022] ACPI: LAPIC_NMI (acpi_id[0x14] high edge lint[0x1])=0D
[    0.183023] ACPI: LAPIC_NMI (acpi_id[0x15] high edge lint[0x1])=0D
[    0.183023] ACPI: LAPIC_NMI (acpi_id[0x16] high edge lint[0x1])=0D
[    0.183023] ACPI: LAPIC_NMI (acpi_id[0x17] high edge lint[0x1])=0D
[    0.183024] ACPI: LAPIC_NMI (acpi_id[0x00] high edge lint[0x1])=0D
[    0.183107] IOAPIC[0]: apic_id 2, version 32, address 0xfec00000, GSI 0-=
119=0D
[    0.183109] ACPI: INT_SRC_OVR (bus 0 bus_irq 0 global_irq 2 dfl dfl)=0D
[    0.183110] ACPI: INT_SRC_OVR (bus 0 bus_irq 9 global_irq 9 high level)=
=0D
[    0.183112] ACPI: Using ACPI (MADT) for SMP configuration information=0D
[    0.183113] ACPI: HPET id: 0x8086a201 base: 0xfed00000=0D
[    0.183123] e820: update [mem 0x3d277000-0x3d291fff] usable =3D=3D> rese=
rved=0D
[    0.183129] TSC deadline timer available=0D
[    0.183130] smpboot: Allowing 16 CPUs, 0 hotplug CPUs=0D
[    0.183149] PM: hibernation: Registered nosave memory: [mem 0x00000000-0=
x00000fff]=0D
[    0.183151] PM: hibernation: Registered nosave memory: [mem 0x0009f000-0=
x000fffff]=0D
[    0.183153] PM: hibernation: Registered nosave memory: [mem 0x3d277000-0=
x3d291fff]=0D
[    0.183154] PM: hibernation: Registered nosave memory: [mem 0x3d2d7000-0=
x3d2d7fff]=0D
[    0.183156] PM: hibernation: Registered nosave memory: [mem 0x40669000-0=
x439d9fff]=0D
[    0.183156] PM: hibernation: Registered nosave memory: [mem 0x439da000-0=
x43ac1fff]=0D
[    0.183156] PM: hibernation: Registered nosave memory: [mem 0x43ac2000-0=
x43bfefff]=0D
[    0.183158] PM: hibernation: Registered nosave memory: [mem 0x43c00000-0=
x47ffffff]=0D
[    0.183158] PM: hibernation: Registered nosave memory: [mem 0x48000000-0=
x48bfffff]=0D
[    0.183159] PM: hibernation: Registered nosave memory: [mem 0x48c00000-0=
x48ffffff]=0D
[    0.183159] PM: hibernation: Registered nosave memory: [mem 0x49000000-0=
x49dfffff]=0D
[    0.183159] PM: hibernation: Registered nosave memory: [mem 0x49e00000-0=
x503fffff]=0D
[    0.183160] PM: hibernation: Registered nosave memory: [mem 0x50400000-0=
xbfffffff]=0D
[    0.183160] PM: hibernation: Registered nosave memory: [mem 0xc0000000-0=
xcfffffff]=0D
[    0.183160] PM: hibernation: Registered nosave memory: [mem 0xd0000000-0=
xfed1ffff]=0D
[    0.183161] PM: hibernation: Registered nosave memory: [mem 0xfed20000-0=
xfed7ffff]=0D
[    0.183161] PM: hibernation: Registered nosave memory: [mem 0xfed80000-0=
xfeffffff]=0D
[    0.183161] PM: hibernation: Registered nosave memory: [mem 0xff000000-0=
xffffffff]=0D
[    0.183162] [mem 0x50400000-0xbfffffff] available for PCI devices=0D
[    0.183163] Booting paravirtualized kernel on bare hardware=0D
[    0.183165] clocksource: refined-jiffies: mask: 0xffffffff max_cycles: 0=
xffffffff, max_idle_ns: 7645519600211568 ns=0D
[    0.183170] setup_percpu: NR_CPUS:8192 nr_cpumask_bits:16 nr_cpu_ids:16 =
nr_node_ids:1=0D
[    0.183642] percpu: Embedded 62 pages/cpu s217088 r8192 d28672 u262144=
=0D
[    0.183649] pcpu-alloc: s217088 r8192 d28672 u262144 alloc=3D1*2097152=
=0D
[    0.183651] pcpu-alloc: [0] 00 01 02 03 04 05 06 07 [0] 08 09 10 11 12 1=
3 14 15 =0D
[    0.183679] Fallback order for Node 0: 0 =0D
[    0.183681] Built 1 zonelists, mobility grouping on.  Total pages: 40646=
08=0D
[    0.183682] Policy zone: Normal=0D
[    0.183683] Kernel command line: BOOT_IMAGE=3D(hd0,gpt2)/boot/vmlinuz-5.=
19.0-mfix2+ root=3DUUID=3Dbd87f1b8-5961-4f61-9add-0b182079eaec ro crashkern=
el=3Dauto resume=3DUUID=3Dbf31b892-d4e1-479e-84f2-93cbb865d825 rhgb quiet t=
ext initcall_debug resume=3D/dev/nvme0n1p3 log_buf_len=3D200M no_console_su=
spend ignore_loglevel thunderbolt.dyndbg=0D
[    0.183744] Unknown kernel command line parameters "rhgb text BOOT_IMAGE=
=3D(hd0,gpt2)/boot/vmlinuz-5.19.0-mfix2+", will be passed to user space.=0D
[    0.184894] Dentry cache hash table entries: 2097152 (order: 12, 1677721=
6 bytes, linear)=0D
[    0.185479] Inode-cache hash table entries: 1048576 (order: 11, 8388608 =
bytes, linear)=0D
[    0.185565] mem auto-init: stack:off, heap alloc:off, heap free:off=0D
[    0.217763] Memory: 14820740K/16517152K available (20493K kernel code, 3=
442K rwdata, 6820K rodata, 3344K init, 9412K bss, 1696152K reserved, 0K cma=
-reserved)=0D
[    0.218698] SLUB: HWalign=3D64, Order=3D0-3, MinObjects=3D0, CPUs=3D16, =
Nodes=3D1=0D
[    0.218700] kmemleak: Kernel memory leak detector disabled=0D
[    0.218714] ftrace: allocating 60691 entries in 238 pages=0D
[    0.224745] ftrace: allocated 238 pages with 6 groups=0D
[    0.225436] Dynamic Preempt: voluntary=0D
[    0.225475] rcu: Preemptible hierarchical RCU implementation.=0D
[    0.225476] rcu:     RCU restricting CPUs from NR_CPUS=3D8192 to nr_cpu_=
ids=3D16.=0D
[    0.225477]  Trampoline variant of Tasks RCU enabled.=0D
[    0.225477]  Rude variant of Tasks RCU enabled.=0D
[    0.225477]  Tracing variant of Tasks RCU enabled.=0D
[    0.225478] rcu: RCU calculated value of scheduler-enlistment delay is 2=
5 jiffies.=0D
[    0.225478] rcu: Adjusting geometry for rcu_fanout_leaf=3D16, nr_cpu_ids=
=3D16=0D
[    0.228126] NR_IRQS: 524544, nr_irqs: 2184, preallocated irqs: 16=0D
[    0.228468] rcu: srcu_init: Setting srcu_struct sizes based on contentio=
n.=0D
[    0.228777] calling  con_init+0x0/0x242 @ 0=0D
[    0.228786] Console: colour dummy device 80x25=0D
[    0.228938] printk: console [tty0] enabled=0D
[    0.228939] initcall con_init+0x0/0x242 returned 0 after 0 usecs=0D
[    0.228941] calling  hvc_console_init+0x0/0x21 @ 0=0D
[    0.228942] initcall hvc_console_init+0x0/0x21 returned 0 after 0 usecs=
=0D
[    0.228944] calling  xen_cons_init+0x0/0x60 @ 0=0D
[    0.228947] initcall xen_cons_init+0x0/0x60 returned 0 after 0 usecs=0D
[    0.228949] calling  univ8250_console_init+0x0/0x39 @ 0=0D
[    0.228952] initcall univ8250_console_init+0x0/0x39 returned 0 after 0 u=
secs=0D
[    0.228954] calling  kgdboc_earlycon_late_init+0x0/0x31 @ 0=0D
[    0.228955] initcall kgdboc_earlycon_late_init+0x0/0x31 returned 0 after=
 0 usecs=0D
[    0.228973] ACPI: Core revision 20220331=0D
[    0.229283] hpet: HPET dysfunctional in PC10. Force disabled.=0D
[    0.229285] APIC: Switch to symmetric I/O mode setup=0D
[    0.229287] DMAR: Host address width 39=0D
[    0.229288] DMAR: DRHD base: 0x000000fed90000 flags: 0x0=0D
[    0.229293] DMAR: dmar0: reg_base_addr fed90000 ver 4:0 cap 1c0000c40660=
462 ecap 29a00f0505e=0D
[    0.229295] DMAR: DRHD base: 0x000000fed92000 flags: 0x0=0D
[    0.229297] DMAR: dmar1: reg_base_addr fed92000 ver 1:0 cap d2008c406604=
62 ecap f050da=0D
[    0.229299] DMAR: DRHD base: 0x000000fed91000 flags: 0x1=0D
[    0.229303] DMAR: dmar2: reg_base_addr fed91000 ver 5:0 cap d2008c406604=
62 ecap f050da=0D
[    0.229305] DMAR: RMRR base: 0x0000004c000000 end: 0x000000503fffff=0D
[    0.229307] DMAR-IR: IOAPIC id 2 under DRHD base  0xfed91000 IOMMU 2=0D
[    0.229309] DMAR-IR: HPET id 0 under DRHD base 0xfed91000=0D
[    0.229310] DMAR-IR: Queued invalidation will be enabled to support x2ap=
ic and Intr-remapping.=0D
[    0.233504] DMAR-IR: Enabled IRQ remapping in x2apic mode=0D
[    0.233507] x2apic enabled=0D
[    0.233571] Switched APIC routing to cluster x2apic.=0D
[    0.244992] clocksource: tsc-early: mask: 0xffffffffffffffff max_cycles:=
 0x363e8c91135, max_idle_ns: 881590568389 ns=0D
[    0.244999] Calibrating delay loop (skipped), value calculated using tim=
er frequency.. 3763.20 BogoMIPS (lpj=3D7526400)=0D
[    0.245002] pid_max: default: 32768 minimum: 301=0D
[    0.246902] LSM: Security Framework initializing=0D
[    0.246907] Yama: becoming mindful.=0D
[    0.247004] Mount-cache hash table entries: 32768 (order: 6, 262144 byte=
s, linear)=0D
[    0.247033] Mountpoint-cache hash table entries: 32768 (order: 6, 262144=
 bytes, linear)=0D
[    0.247295] x86/tme: not enabled by BIOS=0D
[    0.247302] CPU0: Thermal monitoring enabled (TM1)=0D
[    0.247303] x86/cpu: User Mode Instruction Prevention (UMIP) activated=
=0D
[    0.247415] process: using mwait in idle threads=0D
[    0.247416] CET detected: Indirect Branch Tracking enabled=0D
[    0.247419] Last level iTLB entries: 4KB 0, 2MB 0, 4MB 0=0D
[    0.247420] Last level dTLB entries: 4KB 0, 2MB 0, 4MB 0, 1GB 0=0D
[    0.247424] Spectre V1 : Mitigation: usercopy/swapgs barriers and __user=
 pointer sanitization=0D
[    0.247427] Spectre V2 : WARNING: Unprivileged eBPF is enabled with eIBR=
S on, data leaks possible via Spectre v2 BHB attacks!=0D
[    0.247428] Spectre V2 : Mitigation: Enhanced IBRS=0D
[    0.247429] Spectre V2 : Spectre v2 / SpectreRSB mitigation: Filling RSB=
 on context switch=0D
[    0.247431] Spectre V2 : mitigation: Enabling conditional Indirect Branc=
h Prediction Barrier=0D
[    0.247433] Speculative Store Bypass: Mitigation: Speculative Store Bypa=
ss disabled via prctl=0D
[    0.248997] Freeing SMP alternatives memory: 52K=0D
[    0.248997] smpboot: CPU0: Genuine Intel(R) 0000 (family: 0x6, model: 0x=
ba, stepping: 0x2)=0D
[    0.248997] cblist_init_generic: Setting adjustable number of callback q=
ueues.=0D
[    0.248997] cblist_init_generic: Setting shift to 4 and lim to 1.=0D
[    0.248997] cblist_init_generic: Setting shift to 4 and lim to 1.=0D
[    0.248997] cblist_init_generic: Setting shift to 4 and lim to 1.=0D
[    0.248997] calling  init_hw_perf_events+0x0/0x627 @ 1=0D
[    0.248997] Performance Events: XSAVE Architectural LBR, PEBS fmt4+-base=
line,  AnyThread deprecated, Alderlake Hybrid events, 32-deep LBR, full-wid=
th counters, Intel PMU driver.=0D
[    0.248997] core: cpu_core PMU driver: =0D
[    0.248997] ... version:                5=0D
[    0.248997] ... bit width:              48=0D
[    0.248997] ... generic registers:      8=0D
[    0.248997] ... value mask:             0000ffffffffffff=0D
[    0.248997] ... max period:             00007fffffffffff=0D
[    0.248997] ... fixed-purpose events:   4=0D
[    0.248997] ... event mask:             0001000f000000ff=0D
[    0.248997] initcall init_hw_perf_events+0x0/0x627 returned 0 after 0 us=
ecs=0D
[    0.248997] calling  init_real_mode+0x0/0x23b @ 1=0D
[    0.248997] initcall init_real_mode+0x0/0x23b returned 0 after 0 usecs=
=0D
[    0.248997] calling  trace_init_perf_perm_irq_work_exit+0x0/0x20 @ 1=0D
[    0.248997] initcall trace_init_perf_perm_irq_work_exit+0x0/0x20 returne=
d 0 after 0 usecs=0D
[    0.248997] calling  bp_init_aperfmperf+0x0/0x274 @ 1=0D
[    0.248997] Estimated ratio of average max frequency by base frequency (=
times 1024): 2317=0D
[    0.248997] initcall bp_init_aperfmperf+0x0/0x274 returned 0 after 0 use=
cs=0D
[    0.248997] calling  register_nmi_cpu_backtrace_handler+0x0/0x23 @ 1=0D
[    0.248997] initcall register_nmi_cpu_backtrace_handler+0x0/0x23 returne=
d 0 after 0 usecs=0D
[    0.248997] calling  numachip_system_init+0x0/0x73 @ 1=0D
[    0.248997] initcall numachip_system_init+0x0/0x73 returned 0 after 0 us=
ecs=0D
[    0.248997] calling  kvm_setup_vsyscall_timeinfo+0x0/0x156 @ 1=0D
[    0.248997] initcall kvm_setup_vsyscall_timeinfo+0x0/0x156 returned 0 af=
ter 0 usecs=0D
[    0.248997] calling  spawn_ksoftirqd+0x0/0x46 @ 1=0D
[    0.248997] initcall spawn_ksoftirqd+0x0/0x46 returned 0 after 0 usecs=
=0D
[    0.248997] calling  migration_init+0x0/0x3f @ 1=0D
[    0.248997] initcall migration_init+0x0/0x3f returned 0 after 0 usecs=0D
[    0.248997] calling  srcu_bootup_announce+0x0/0x85 @ 1=0D
[    0.248997] rcu: Hierarchical SRCU implementation.=0D
[    0.248997] rcu:     Max phase no-delay instances is 1000.=0D
[    0.248997] initcall srcu_bootup_announce+0x0/0x85 returned 0 after 0 us=
ecs=0D
[    0.248997] calling  rcu_spawn_gp_kthread+0x0/0x1a8 @ 1=0D
[    0.248997] initcall rcu_spawn_gp_kthread+0x0/0x1a8 returned 0 after 0 u=
secs=0D
[    0.248997] calling  check_cpu_stall_init+0x0/0x28 @ 1=0D
[    0.248997] initcall check_cpu_stall_init+0x0/0x28 returned 0 after 0 us=
ecs=0D
[    0.248997] calling  rcu_sysrq_init+0x0/0x34 @ 1=0D
[    0.248997] initcall rcu_sysrq_init+0x0/0x34 returned 0 after 0 usecs=0D
[    0.248997] calling  trace_init_flags_sys_enter+0x0/0x1c @ 1=0D
[    0.248997] initcall trace_init_flags_sys_enter+0x0/0x1c returned 0 afte=
r 0 usecs=0D
[    0.248997] calling  trace_init_flags_sys_exit+0x0/0x1c @ 1=0D
[    0.248997] initcall trace_init_flags_sys_exit+0x0/0x1c returned 0 after=
 0 usecs=0D
[    0.248997] calling  cpu_stop_init+0x0/0xa2 @ 1=0D
[    0.248997] initcall cpu_stop_init+0x0/0xa2 returned 0 after 0 usecs=0D
[    0.248997] calling  init_kprobes+0x0/0x184 @ 1=0D
[    0.248997] initcall init_kprobes+0x0/0x184 returned 0 after 0 usecs=0D
[    0.248997] calling  init_events+0x0/0x61 @ 1=0D
[    0.248997] initcall init_events+0x0/0x61 returned 0 after 0 usecs=0D
[    0.248997] calling  init_trace_printk+0x0/0x1a @ 1=0D
[    0.248997] initcall init_trace_printk+0x0/0x1a returned 0 after 0 usecs=
=0D
[    0.248997] calling  event_trace_enable_again+0x0/0x50 @ 1=0D
[    0.248997] initcall event_trace_enable_again+0x0/0x50 returned 0 after =
0 usecs=0D
[    0.248997] calling  irq_work_init_threads+0x0/0xb @ 1=0D
[    0.248997] initcall irq_work_init_threads+0x0/0xb returned 0 after 0 us=
ecs=0D
[    0.248997] calling  static_call_init+0x0/0x90 @ 1=0D
[    0.248997] initcall static_call_init+0x0/0x90 returned 0 after 0 usecs=
=0D
[    0.248997] calling  jump_label_init_module+0x0/0x1f @ 1=0D
[    0.248997] initcall jump_label_init_module+0x0/0x1f returned 0 after 0 =
usecs=0D
[    0.248997] calling  init_zero_pfn+0x0/0x45 @ 1=0D
[    0.248997] initcall init_zero_pfn+0x0/0x45 returned 0 after 0 usecs=0D
[    0.248997] calling  init_fs_inode_sysctls+0x0/0x2f @ 1=0D
[    0.248997] initcall init_fs_inode_sysctls+0x0/0x2f returned 0 after 0 u=
secs=0D
[    0.248997] calling  init_fs_locks_sysctls+0x0/0x2f @ 1=0D
[    0.248997] initcall init_fs_locks_sysctls+0x0/0x2f returned 0 after 0 u=
secs=0D
[    0.248997] calling  dynamic_debug_init+0x0/0x183 @ 1=0D
[    0.248997] initcall dynamic_debug_init+0x0/0x183 returned 0 after 0 use=
cs=0D
[    0.248997] calling  unpopulated_init+0x0/0x4e @ 1=0D
[    0.248997] initcall unpopulated_init+0x0/0x4e returned -19 after 0 usec=
s=0D
[    0.248997] calling  efi_memreserve_root_init+0x0/0x3a @ 1=0D
[    0.248997] initcall efi_memreserve_root_init+0x0/0x3a returned 0 after =
0 usecs=0D
[    0.248997] calling  efi_earlycon_remap_fb+0x0/0x63 @ 1=0D
[    0.248997] initcall efi_earlycon_remap_fb+0x0/0x63 returned 0 after 0 u=
secs=0D
[    0.248997] calling  idle_inject_init+0x0/0x1f @ 1=0D
[    0.248997] initcall idle_inject_init+0x0/0x1f returned 0 after 0 usecs=
=0D
[    0.248997] NMI watchdog: Enabled. Permanently consumes one hw-PMU count=
er.=0D
[    0.248997] smp: Bringing up secondary CPUs ...=0D
[    0.248997] x86: Booting SMP configuration:=0D
[    0.248997] .... node  #0, CPUs:        #1  #2  #3  #4  #5  #6  #7  #8=
=0D
[    0.020242] core: cpu_atom PMU driver: PEBS-via-PT =0D
[    0.020242] ... version:                5=0D
[    0.020242] ... bit width:              48=0D
[    0.020242] ... generic registers:      6=0D
[    0.020242] ... value mask:             0000ffffffffffff=0D
[    0.020242] ... max period:             00007fffffffffff=0D
[    0.020242] ... fixed-purpose events:   3=0D
[    0.020242] ... event mask:             000000070000003f=0D
[    0.257289]   #9 #10 #11 #12 #13 #14 #15=0D
[    0.273703] smp: Brought up 1 node, 16 CPUs=0D
[    0.273703] smpboot: Max logical packages: 1=0D
[    0.273703] smpboot: Total of 16 processors activated (60211.20 BogoMIPS=
)=0D
[    0.277539] devtmpfs: initialized=0D
[    0.277539] x86/mm: Memory block size: 128MB=0D
[    0.277841] calling  bpf_jit_charge_init+0x0/0x49 @ 1=0D
[    0.277847] initcall bpf_jit_charge_init+0x0/0x49 returned 0 after 0 use=
cs=0D
[    0.277849] calling  ipc_ns_init+0x0/0x4c @ 1=0D
[    0.277854] initcall ipc_ns_init+0x0/0x4c returned 0 after 0 usecs=0D
[    0.277855] calling  init_mmap_min_addr+0x0/0x23 @ 1=0D
[    0.277857] initcall init_mmap_min_addr+0x0/0x23 returned 0 after 0 usec=
s=0D
[    0.277858] calling  pci_realloc_setup_params+0x0/0x5b @ 1=0D
[    0.277860] initcall pci_realloc_setup_params+0x0/0x5b returned 0 after =
0 usecs=0D
[    0.277862] calling  inet_frag_wq_init+0x0/0x4a @ 1=0D
[    0.277871] initcall inet_frag_wq_init+0x0/0x4a returned 0 after 0 usecs=
=0D
[    0.277871] calling  xen_pvh_gnttab_setup+0x0/0x46 @ 1=0D
[    0.277871] initcall xen_pvh_gnttab_setup+0x0/0x46 returned -19 after 0 =
usecs=0D
[    0.277871] calling  e820__register_nvs_regions+0x0/0x45 @ 1=0D
[    0.277871] ACPI: PM: Registering ACPI NVS region [mem 0x439da000-0x43ac=
1fff] (950272 bytes)=0D
[    0.277871] initcall e820__register_nvs_regions+0x0/0x45 returned 0 afte=
r 0 usecs=0D
[    0.277871] calling  cpufreq_register_tsc_scaling+0x0/0x3e @ 1=0D
[    0.277871] initcall cpufreq_register_tsc_scaling+0x0/0x3e returned 0 af=
ter 0 usecs=0D
[    0.277871] calling  reboot_init+0x0/0x51 @ 1=0D
[    0.277871] initcall reboot_init+0x0/0x51 returned 0 after 0 usecs=0D
[    0.277871] calling  init_lapic_sysfs+0x0/0x35 @ 1=0D
[    0.277871] initcall init_lapic_sysfs+0x0/0x35 returned 0 after 0 usecs=
=0D
[    0.277871] calling  alloc_frozen_cpus+0x0/0x2b @ 1=0D
[    0.277871] initcall alloc_frozen_cpus+0x0/0x2b returned 0 after 0 usecs=
=0D
[    0.277871] calling  cpu_hotplug_pm_sync_init+0x0/0x21 @ 1=0D
[    0.277871] initcall cpu_hotplug_pm_sync_init+0x0/0x21 returned 0 after =
0 usecs=0D
[    0.277871] calling  wq_sysfs_init+0x0/0x38 @ 1=0D
[    0.277871] initcall wq_sysfs_init+0x0/0x38 returned 0 after 0 usecs=0D
[    0.277871] calling  ksysfs_init+0x0/0xa4 @ 1=0D
[    0.277871] initcall ksysfs_init+0x0/0xa4 returned 0 after 0 usecs=0D
[    0.277871] calling  schedutil_gov_init+0x0/0x1f @ 1=0D
[    0.277871] initcall schedutil_gov_init+0x0/0x1f returned 0 after 0 usec=
s=0D
[    0.277871] calling  pm_init+0x0/0x81 @ 1=0D
[    0.277871] initcall pm_init+0x0/0x81 returned 0 after 0 usecs=0D
[    0.277871] calling  pm_disk_init+0x0/0x26 @ 1=0D
[    0.277871] initcall pm_disk_init+0x0/0x26 returned 0 after 0 usecs=0D
[    0.277871] calling  swsusp_header_init+0x0/0x39 @ 1=0D
[    0.277871] initcall swsusp_header_init+0x0/0x39 returned 0 after 0 usec=
s=0D
[    0.277871] calling  rcu_set_runtime_mode+0x0/0x24 @ 1=0D
[    0.277871] initcall rcu_set_runtime_mode+0x0/0x24 returned 0 after 0 us=
ecs=0D
[    0.277871] calling  init_jiffies_clocksource+0x0/0x26 @ 1=0D
[    0.277871] clocksource: jiffies: mask: 0xffffffff max_cycles: 0xfffffff=
f, max_idle_ns: 7645041785100000 ns=0D
[    0.277871] initcall init_jiffies_clocksource+0x0/0x26 returned 0 after =
0 usecs=0D
[    0.277871] calling  futex_init+0x0/0xde @ 1=0D
[    0.277871] futex hash table entries: 4096 (order: 6, 262144 bytes, line=
ar)=0D
[    0.277871] initcall futex_init+0x0/0xde returned 0 after 0 usecs=0D
[    0.277871] calling  cgroup_wq_init+0x0/0x36 @ 1=0D
[    0.277871] initcall cgroup_wq_init+0x0/0x36 returned 0 after 0 usecs=0D
[    0.277871] calling  cgroup1_wq_init+0x0/0x36 @ 1=0D
[    0.277871] initcall cgroup1_wq_init+0x0/0x36 returned 0 after 0 usecs=
=0D
[    0.277871] calling  ftrace_mod_cmd_init+0x0/0x1a @ 1=0D
[    0.277871] initcall ftrace_mod_cmd_init+0x0/0x1a returned 0 after 0 use=
cs=0D
[    0.277871] calling  init_wakeup_tracer+0x0/0x3a @ 1=0D
[    0.277871] initcall init_wakeup_tracer+0x0/0x3a returned 0 after 0 usec=
s=0D
[    0.277871] calling  init_graph_trace+0x0/0x6c @ 1=0D
[    0.277871] initcall init_graph_trace+0x0/0x6c returned 0 after 0 usecs=
=0D
[    0.277871] calling  trace_events_eprobe_init_early+0x0/0x30 @ 1=0D
[    0.277871] initcall trace_events_eprobe_init_early+0x0/0x30 returned 0 =
after 0 usecs=0D
[    0.277871] calling  trace_events_synth_init_early+0x0/0x30 @ 1=0D
[    0.277871] initcall trace_events_synth_init_early+0x0/0x30 returned 0 a=
fter 0 usecs=0D
[    0.277871] calling  init_kprobe_trace_early+0x0/0x33 @ 1=0D
[    0.277871] initcall init_kprobe_trace_early+0x0/0x33 returned 0 after 0=
 usecs=0D
[    0.277871] calling  mem_cgroup_swap_init+0x0/0x76 @ 1=0D
[    0.277871] initcall mem_cgroup_swap_init+0x0/0x76 returned 0 after 0 us=
ecs=0D
[    0.277871] calling  memory_failure_init+0x0/0xb5 @ 1=0D
[    0.277871] initcall memory_failure_init+0x0/0xb5 returned 0 after 0 use=
cs=0D
[    0.277871] calling  cma_init_reserved_areas+0x0/0x229 @ 1=0D
[    0.277871] initcall cma_init_reserved_areas+0x0/0x229 returned 0 after =
0 usecs=0D
[    0.277871] calling  fsnotify_init+0x0/0x56 @ 1=0D
[    0.277871] initcall fsnotify_init+0x0/0x56 returned 0 after 0 usecs=0D
[    0.277871] calling  filelock_init+0x0/0xac @ 1=0D
[    0.277871] initcall filelock_init+0x0/0xac returned 0 after 0 usecs=0D
[    0.277871] calling  init_script_binfmt+0x0/0x23 @ 1=0D
[    0.277871] initcall init_script_binfmt+0x0/0x23 returned 0 after 0 usec=
s=0D
[    0.277871] calling  init_elf_binfmt+0x0/0x23 @ 1=0D
[    0.277871] initcall init_elf_binfmt+0x0/0x23 returned 0 after 0 usecs=
=0D
[    0.277871] calling  init_compat_elf_binfmt+0x0/0x23 @ 1=0D
[    0.277871] initcall init_compat_elf_binfmt+0x0/0x23 returned 0 after 0 =
usecs=0D
[    0.277871] calling  configfs_init+0x0/0xa1 @ 1=0D
[    0.277871] initcall configfs_init+0x0/0xa1 returned 0 after 0 usecs=0D
[    0.277871] calling  debugfs_init+0x0/0x6a @ 1=0D
[    0.277871] initcall debugfs_init+0x0/0x6a returned 0 after 0 usecs=0D
[    0.277871] calling  tracefs_init+0x0/0x48 @ 1=0D
[    0.277871] initcall tracefs_init+0x0/0x48 returned 0 after 0 usecs=0D
[    0.277871] calling  securityfs_init+0x0/0x76 @ 1=0D
[    0.277871] initcall securityfs_init+0x0/0x76 returned 0 after 0 usecs=
=0D
[    0.277871] calling  pinctrl_init+0x0/0xbb @ 1=0D
[    0.277871] pinctrl core: initialized pinctrl subsystem=0D
[    0.277871] initcall pinctrl_init+0x0/0xbb returned 0 after 0 usecs=0D
[    0.277871] calling  gpiolib_dev_init+0x0/0x110 @ 1=0D
[    0.277871] initcall gpiolib_dev_init+0x0/0x110 returned 0 after 0 usecs=
=0D
[    0.277871] calling  virtio_init+0x0/0x30 @ 1=0D
[    0.277871] initcall virtio_init+0x0/0x30 returned 0 after 0 usecs=0D
[    0.277871] calling  regulator_init+0x0/0xa5 @ 1=0D
[    0.277871] initcall regulator_init+0x0/0xa5 returned 0 after 0 usecs=0D
[    0.277871] calling  iommu_init+0x0/0x3d @ 1=0D
=0D
[    0.277871] ************************************************************=
*=0D
[    0.277871] **     NOTICE NOTICE NOTICE NOTICE NOTICE NOTICE NOTICE    *=
*=0D
[    0.277871] **                                                         *=
*=0D
[    0.277871] **  IOMMU DebugFS SUPPORT HAS BEEN ENABLED IN THIS KERNEL  *=
*=0D
[    0.277871] **                                                         *=
*=0D
[    0.277871] ** This means that this kernel is built to expose internal *=
*=0D
[    0.277871] ** IOMMU data structures, which may compromise security on *=
*=0D
[    0.277871] ** your system.                                            *=
*=0D
[    0.277871] **                                                         *=
*=0D
[    0.277871] ** If you see this message and you are not debugging the   *=
*=0D
[    0.277871] ** kernel, report this immediately to your vendor!         *=
*=0D
[    0.277871] **                                                         *=
*=0D
[    0.277871] **     NOTICE NOTICE NOTICE NOTICE NOTICE NOTICE NOTICE    *=
*=0D
[    0.277871] ************************************************************=
*=0D
[    0.277871] initcall iommu_init+0x0/0x3d returned 0 after 0 usecs=0D
[    0.277871] calling  component_debug_init+0x0/0x2a @ 1=0D
[    0.277871] initcall component_debug_init+0x0/0x2a returned 0 after 0 us=
ecs=0D
[    0.277871] calling  early_resume_init+0x0/0xc1 @ 1=0D
[    0.277871] PM: RTC time: 06:44:01, date: 2022-08-18=0D
[    0.277871] initcall early_resume_init+0x0/0xc1 returned 0 after 0 usecs=
=0D
[    0.277871] calling  genpd_bus_init+0x0/0x1f @ 1=0D
[    0.277871] initcall genpd_bus_init+0x0/0x1f returned 0 after 0 usecs=0D
[    0.277871] calling  opp_debug_init+0x0/0x2a @ 1=0D
[    0.277871] initcall opp_debug_init+0x0/0x2a returned 0 after 0 usecs=0D
[    0.277871] calling  cpufreq_core_init+0x0/0x72 @ 1=0D
[    0.277871] initcall cpufreq_core_init+0x0/0x72 returned 0 after 0 usecs=
=0D
[    0.277871] calling  cpufreq_gov_performance_init+0x0/0x1f @ 1=0D
[    0.277871] initcall cpufreq_gov_performance_init+0x0/0x1f returned 0 af=
ter 0 usecs=0D
[    0.277871] calling  cpufreq_gov_powersave_init+0x0/0x1f @ 1=0D
[    0.277871] initcall cpufreq_gov_powersave_init+0x0/0x1f returned 0 afte=
r 0 usecs=0D
[    0.277871] calling  cpufreq_gov_userspace_init+0x0/0x1f @ 1=0D
[    0.277871] initcall cpufreq_gov_userspace_init+0x0/0x1f returned 0 afte=
r 0 usecs=0D
[    0.277871] calling  CPU_FREQ_GOV_ONDEMAND_init+0x0/0x1f @ 1=0D
[    0.277871] initcall CPU_FREQ_GOV_ONDEMAND_init+0x0/0x1f returned 0 afte=
r 0 usecs=0D
[    0.277871] calling  CPU_FREQ_GOV_CONSERVATIVE_init+0x0/0x1f @ 1=0D
[    0.277871] initcall CPU_FREQ_GOV_CONSERVATIVE_init+0x0/0x1f returned 0 =
after 0 usecs=0D
[    0.277871] calling  cpuidle_init+0x0/0x32 @ 1=0D
[    0.277871] initcall cpuidle_init+0x0/0x32 returned 0 after 0 usecs=0D
[    0.277871] calling  capsule_reboot_register+0x0/0x1f @ 1=0D
[    0.277871] initcall capsule_reboot_register+0x0/0x1f returned 0 after 0=
 usecs=0D
[    0.277871] calling  sock_init+0x0/0xa9 @ 1=0D
[    0.277958] initcall sock_init+0x0/0xa9 returned 0 after 0 usecs=0D
[    0.277960] calling  net_inuse_init+0x0/0x31 @ 1=0D
[    0.277963] initcall net_inuse_init+0x0/0x31 returned 0 after 0 usecs=0D
[    0.277964] calling  net_defaults_init+0x0/0x31 @ 1=0D
[    0.277967] initcall net_defaults_init+0x0/0x31 returned 0 after 0 usecs=
=0D
[    0.277969] calling  init_default_flow_dissectors+0x0/0x5d @ 1=0D
[    0.277971] initcall init_default_flow_dissectors+0x0/0x5d returned 0 af=
ter 0 usecs=0D
[    0.277973] calling  netpoll_init+0x0/0x35 @ 1=0D
[    0.277975] initcall netpoll_init+0x0/0x35 returned 0 after 0 usecs=0D
[    0.277977] calling  netlink_proto_init+0x0/0x197 @ 1=0D
[    0.278078] NET: Registered PF_NETLINK/PF_ROUTE protocol family=0D
[    0.278085] initcall netlink_proto_init+0x0/0x197 returned 0 after 0 use=
cs=0D
[    0.278087] calling  genl_init+0x0/0x43 @ 1=0D
[    0.278090] initcall genl_init+0x0/0x43 returned 0 after 0 usecs=0D
[    0.278092] calling  bsp_pm_check_init+0x0/0x21 @ 1=0D
[    0.278094] initcall bsp_pm_check_init+0x0/0x21 returned 0 after 0 usecs=
=0D
[    0.278096] calling  __gnttab_init+0x0/0x50 @ 1=0D
[    0.278098] initcall __gnttab_init+0x0/0x50 returned -19 after 0 usecs=
=0D
[    0.278126] calling  irq_sysfs_init+0x0/0xa3 @ 1=0D
[    0.278166] initcall irq_sysfs_init+0x0/0xa3 returned 0 after 0 usecs=0D
[    0.278168] calling  dma_atomic_pool_init+0x0/0x15b @ 1=0D
[    0.278177] DMA: preallocated 2048 KiB GFP_KERNEL pool for atomic alloca=
tions=0D
[    0.278182] DMA: preallocated 2048 KiB GFP_KERNEL|GFP_DMA pool for atomi=
c allocations=0D
[    0.278191] DMA: preallocated 2048 KiB GFP_KERNEL|GFP_DMA32 pool for ato=
mic allocations=0D
[    0.278195] initcall dma_atomic_pool_init+0x0/0x15b returned 0 after 0 u=
secs=0D
[    0.278197] calling  audit_init+0x0/0x17e @ 1=0D
[    0.278205] audit: initializing netlink subsys (disabled)=0D
[    0.278208] initcall audit_init+0x0/0x17e returned 0 after 0 usecs=0D
[    0.278208] calling  release_early_probes+0x0/0x45 @ 1=0D
[    0.278208] audit: type=3D2000 audit(1660805041.032:1): state=3Dinitiali=
zed audit_enabled=3D0 res=3D1=0D
[    0.278208] initcall release_early_probes+0x0/0x45 returned 0 after 0 us=
ecs=0D
[    0.278208] calling  bdi_class_init+0x0/0x56 @ 1=0D
[    0.278208] initcall bdi_class_init+0x0/0x56 returned 0 after 0 usecs=0D
[    0.278208] calling  mm_sysfs_init+0x0/0x36 @ 1=0D
[    0.278208] initcall mm_sysfs_init+0x0/0x36 returned 0 after 0 usecs=0D
[    0.278208] calling  init_per_zone_wmark_min+0x0/0x33 @ 1=0D
[    0.278208] initcall init_per_zone_wmark_min+0x0/0x33 returned 0 after 0=
 usecs=0D
[    0.278208] calling  mpi_init+0x0/0x5f @ 1=0D
[    0.278208] initcall mpi_init+0x0/0x5f returned 0 after 0 usecs=0D
[    0.278208] calling  kobject_uevent_init+0x0/0x1a @ 1=0D
[    0.278208] initcall kobject_uevent_init+0x0/0x1a returned 0 after 0 use=
cs=0D
[    0.278208] calling  gpiolib_sysfs_init+0x0/0xb2 @ 1=0D
[    0.278208] initcall gpiolib_sysfs_init+0x0/0xb2 returned 0 after 0 usec=
s=0D
[    0.278208] calling  acpi_gpio_setup_params+0x0/0x75 @ 1=0D
[    0.278208] initcall acpi_gpio_setup_params+0x0/0x75 returned 0 after 0 =
usecs=0D
[    0.278208] calling  pcibus_class_init+0x0/0x26 @ 1=0D
[    0.278208] initcall pcibus_class_init+0x0/0x26 returned 0 after 0 usecs=
=0D
[    0.278208] calling  pci_driver_init+0x0/0x2f @ 1=0D
[    0.278208] initcall pci_driver_init+0x0/0x2f returned 0 after 0 usecs=
=0D
[    0.278208] calling  rio_bus_init+0x0/0x4e @ 1=0D
[    0.278208] initcall rio_bus_init+0x0/0x4e returned 0 after 0 usecs=0D
[    0.278208] calling  backlight_class_init+0x0/0xb4 @ 1=0D
[    0.278208] initcall backlight_class_init+0x0/0xb4 returned 0 after 0 us=
ecs=0D
[    0.278208] calling  xenbus_init+0x0/0x31a @ 1=0D
[    0.278208] initcall xenbus_init+0x0/0x31a returned -19 after 0 usecs=0D
[    0.278208] calling  tty_class_init+0x0/0x41 @ 1=0D
[    0.278208] initcall tty_class_init+0x0/0x41 returned 0 after 0 usecs=0D
[    0.278208] calling  vtconsole_class_init+0x0/0xeb @ 1=0D
[    0.278208] initcall vtconsole_class_init+0x0/0xeb returned 0 after 0 us=
ecs=0D
[    0.278208] calling  serdev_init+0x0/0x2a @ 1=0D
[    0.278208] initcall serdev_init+0x0/0x2a returned 0 after 0 usecs=0D
[    0.278208] calling  iommu_dev_init+0x0/0x26 @ 1=0D
[    0.278208] initcall iommu_dev_init+0x0/0x26 returned 0 after 0 usecs=0D
[    0.278208] calling  mipi_dsi_bus_init+0x0/0x1f @ 1=0D
[    0.278208] initcall mipi_dsi_bus_init+0x0/0x1f returned 0 after 0 usecs=
=0D
[    0.278208] calling  devlink_class_init+0x0/0x4e @ 1=0D
[    0.278208] initcall devlink_class_init+0x0/0x4e returned 0 after 0 usec=
s=0D
[    0.278208] calling  software_node_init+0x0/0x38 @ 1=0D
[    0.278208] initcall software_node_init+0x0/0x38 returned 0 after 0 usec=
s=0D
[    0.278208] calling  wakeup_sources_debugfs_init+0x0/0x31 @ 1=0D
[    0.278208] initcall wakeup_sources_debugfs_init+0x0/0x31 returned 0 aft=
er 0 usecs=0D
[    0.278208] calling  wakeup_sources_sysfs_init+0x0/0x3d @ 1=0D
[    0.278208] initcall wakeup_sources_sysfs_init+0x0/0x3d returned 0 after=
 0 usecs=0D
[    0.278208] calling  isa_bus_init+0x0/0x47 @ 1=0D
[    0.278208] initcall isa_bus_init+0x0/0x47 returned 0 after 0 usecs=0D
[    0.278208] calling  regmap_initcall+0x0/0x1a @ 1=0D
[    0.278208] initcall regmap_initcall+0x0/0x1a returned 0 after 0 usecs=
=0D
[    0.278208] calling  sram_init+0x0/0x21 @ 1=0D
[    0.278208] initcall sram_init+0x0/0x21 returned 0 after 0 usecs=0D
[    0.278208] calling  syscon_init+0x0/0x21 @ 1=0D
[    0.278208] initcall syscon_init+0x0/0x21 returned 0 after 0 usecs=0D
[    0.278208] calling  spi_init+0x0/0xcf @ 1=0D
[    0.278208] initcall spi_init+0x0/0xcf returned 0 after 0 usecs=0D
[    0.278208] calling  i2c_init+0x0/0xcc @ 1=0D
[    0.278208] initcall i2c_init+0x0/0xcc returned 0 after 0 usecs=0D
[    0.278208] calling  thermal_init+0x0/0x12d @ 1=0D
[    0.278208] thermal_sys: Registered thermal governor 'fair_share'=0D
[    0.278208] thermal_sys: Registered thermal governor 'bang_bang'=0D
[    0.278208] thermal_sys: Registered thermal governor 'step_wise'=0D
[    0.278208] thermal_sys: Registered thermal governor 'user_space'=0D
[    0.278208] initcall thermal_init+0x0/0x12d returned 0 after 0 usecs=0D
[    0.278208] calling  init_ladder+0x0/0x32 @ 1=0D
[    0.278208] cpuidle: using governor ladder=0D
[    0.278208] initcall init_ladder+0x0/0x32 returned 0 after 0 usecs=0D
[    0.278208] calling  init_menu+0x0/0x1f @ 1=0D
[    0.278208] cpuidle: using governor menu=0D
[    0.278208] initcall init_menu+0x0/0x1f returned 0 after 0 usecs=0D
[    0.278208] calling  pcc_init+0x0/0xa1 @ 1=0D
[    0.278208] initcall pcc_init+0x0/0xa1 returned -19 after 0 usecs=0D
[    0.278208] calling  amd_postcore_init+0x0/0x12a @ 1=0D
[    0.278208] initcall amd_postcore_init+0x0/0x12a returned 0 after 0 usec=
s=0D
[    0.278208] calling  bts_init+0x0/0xce @ 1=0D
[    0.278208] initcall bts_init+0x0/0xce returned 0 after 0 usecs=0D
[    0.278208] calling  pt_init+0x0/0x35e @ 1=0D
[    0.278208] initcall pt_init+0x0/0x35e returned 0 after 0 usecs=0D
[    0.278208] calling  boot_params_ksysfs_init+0x0/0x2de @ 1=0D
[    0.278208] initcall boot_params_ksysfs_init+0x0/0x2de returned 0 after =
0 usecs=0D
[    0.278208] calling  sbf_init+0x0/0xe1 @ 1=0D
[    0.278208] initcall sbf_init+0x0/0xe1 returned 0 after 0 usecs=0D
[    0.278208] calling  arch_kdebugfs_init+0x0/0x2a @ 1=0D
[    0.278208] initcall arch_kdebugfs_init+0x0/0x2a returned 0 after 0 usec=
s=0D
[    0.278208] calling  xfd_update_static_branch+0x0/0x32 @ 1=0D
[    0.278208] initcall xfd_update_static_branch+0x0/0x32 returned 0 after =
0 usecs=0D
[    0.278208] calling  intel_pconfig_init+0x0/0xf7 @ 1=0D
[    0.278208] initcall intel_pconfig_init+0x0/0xf7 returned 0 after 0 usec=
s=0D
[    0.278208] calling  mtrr_if_init+0x0/0x70 @ 1=0D
[    0.278208] initcall mtrr_if_init+0x0/0x70 returned 0 after 0 usecs=0D
[    0.278208] calling  activate_jump_labels+0x0/0x46 @ 1=0D
[    0.278208] initcall activate_jump_labels+0x0/0x46 returned 0 after 0 us=
ecs=0D
[    0.278208] calling  init_s4_sigcheck+0x0/0x31 @ 1=0D
[    0.278208] initcall init_s4_sigcheck+0x0/0x31 returned 0 after 0 usecs=
=0D
[    0.278208] calling  ffh_cstate_init+0x0/0x43 @ 1=0D
[    0.278208] initcall ffh_cstate_init+0x0/0x43 returned 0 after 0 usecs=
=0D
[    0.278208] calling  kvm_alloc_cpumask+0x0/0xa7 @ 1=0D
[    0.278208] initcall kvm_alloc_cpumask+0x0/0xa7 returned 0 after 0 usecs=
=0D
[    0.278208] calling  activate_jump_labels+0x0/0x46 @ 1=0D
[    0.278208] initcall activate_jump_labels+0x0/0x46 returned 0 after 0 us=
ecs=0D
[    0.278208] calling  report_cpuid_table+0x0/0x9f @ 1=0D
[    0.278208] initcall report_cpuid_table+0x0/0x9f returned 0 after 0 usec=
s=0D
[    0.278208] calling  gigantic_pages_init+0x0/0x34 @ 1=0D
[    0.278208] HugeTLB: can optimize 4095 vmemmap pages for hugepages-10485=
76kB=0D
[    0.278208] initcall gigantic_pages_init+0x0/0x34 returned 0 after 0 use=
cs=0D
[    0.278208] calling  kcmp_cookies_init+0x0/0x45 @ 1=0D
[    0.278208] initcall kcmp_cookies_init+0x0/0x45 returned 0 after 0 usecs=
=0D
[    0.278208] calling  cryptomgr_init+0x0/0x1f @ 1=0D
[    0.278208] initcall cryptomgr_init+0x0/0x1f returned 0 after 0 usecs=0D
[    0.278208] calling  acpi_pci_init+0x0/0x5c @ 1=0D
[    0.278208] acpiphp: ACPI Hot Plug PCI Controller Driver version: 0.5=0D
[    0.278208] initcall acpi_pci_init+0x0/0x5c returned 0 after 0 usecs=0D
[    0.278208] calling  dma_channel_table_init+0x0/0xd7 @ 1=0D
[    0.278208] initcall dma_channel_table_init+0x0/0xd7 returned 0 after 0 =
usecs=0D
[    0.278208] calling  dma_bus_init+0x0/0x11b @ 1=0D
[    0.278208] initcall dma_bus_init+0x0/0x11b returned 0 after 0 usecs=0D
[    0.278208] calling  register_xen_pci_notifier+0x0/0x3f @ 1=0D
[    0.278208] initcall register_xen_pci_notifier+0x0/0x3f returned 0 after=
 0 usecs=0D
[    0.278208] calling  xen_pcpu_init+0x0/0xc0 @ 1=0D
[    0.278208] initcall xen_pcpu_init+0x0/0xc0 returned -19 after 0 usecs=
=0D
[    0.278208] calling  iommu_dma_init+0x0/0x30 @ 1=0D
[    0.278208] initcall iommu_dma_init+0x0/0x30 returned 0 after 0 usecs=0D
[    0.278208] calling  dmi_id_init+0x0/0x38a @ 1=0D
[    0.278208] initcall dmi_id_init+0x0/0x38a returned 0 after 0 usecs=0D
[    0.278208] calling  numachip_timer_init+0x0/0x66 @ 1=0D
[    0.278208] initcall numachip_timer_init+0x0/0x66 returned -19 after 0 u=
secs=0D
[    0.278208] calling  pci_arch_init+0x0/0x83 @ 1=0D
[    0.278208] PCI: MMCONFIG for domain 0000 [bus 00-e0] at [mem 0xc0000000=
-0xce0fffff] (base 0xc0000000)=0D
[    0.278208] PCI: MMCONFIG at [mem 0xc0000000-0xce0fffff] reserved in E82=
0=0D
[    0.278208] PCI: Using configuration type 1 for base access=0D
[    0.278208] initcall pci_arch_init+0x0/0x83 returned 0 after 0 usecs=0D
[    0.278208] calling  of_platform_default_populate_init+0x0/0xc6 @ 1=0D
[    0.278208] initcall of_platform_default_populate_init+0x0/0xc6 returned=
 -19 after 0 usecs=0D
[    0.278208] calling  init_vdso+0x0/0x21 @ 1=0D
[    0.278208] initcall init_vdso+0x0/0x21 returned 0 after 0 usecs=0D
[    0.278208] calling  sysenter_setup+0x0/0x21 @ 1=0D
[    0.278208] initcall sysenter_setup+0x0/0x21 returned 0 after 0 usecs=0D
[    0.278208] calling  fixup_ht_bug+0x0/0xc5 @ 1=0D
[    0.278208] initcall fixup_ht_bug+0x0/0xc5 returned 0 after 0 usecs=0D
[    0.278208] calling  topology_init+0x0/0x42 @ 1=0D
[    0.278208] initcall topology_init+0x0/0x42 returned 0 after 0 usecs=0D
[    0.278208] calling  intel_epb_init+0x0/0x91 @ 1=0D
[    0.278208] ENERGY_PERF_BIAS: Set to 'normal', was 'performance'=0D
[    0.281055] initcall intel_epb_init+0x0/0x91 returned 0 after 4000 usecs=
=0D
[    0.281055] calling  mtrr_init_finialize+0x0/0x53 @ 1=0D
[    0.281055] initcall mtrr_init_finialize+0x0/0x53 returned 0 after 0 use=
cs=0D
[    0.281055] calling  uid_cache_init+0x0/0xca @ 1=0D
[    0.281055] initcall uid_cache_init+0x0/0xca returned 0 after 0 usecs=0D
[    0.281055] calling  param_sysfs_init+0x0/0x1c1 @ 1=0D
[    0.282007] initcall param_sysfs_init+0x0/0x1c1 returned 0 after 0 usecs=
=0D
[    0.282009] calling  user_namespace_sysctl_init+0x0/0xde @ 1=0D
[    0.282017] initcall user_namespace_sysctl_init+0x0/0xde returned 0 afte=
r 0 usecs=0D
[    0.282019] calling  proc_schedstat_init+0x0/0x32 @ 1=0D
[    0.282021] initcall proc_schedstat_init+0x0/0x32 returned 0 after 0 use=
cs=0D
[    0.282023] calling  pm_sysrq_init+0x0/0x26 @ 1=0D
[    0.282028] initcall pm_sysrq_init+0x0/0x26 returned 0 after 0 usecs=0D
[    0.282030] calling  create_proc_profile+0x0/0xf0 @ 1=0D
[    0.282032] initcall create_proc_profile+0x0/0xf0 returned 0 after 0 use=
cs=0D
[    0.282034] calling  crash_save_vmcoreinfo_init+0x0/0x68a @ 1=0D
[    0.282048] initcall crash_save_vmcoreinfo_init+0x0/0x68a returned 0 aft=
er 0 usecs=0D
[    0.282050] calling  crash_notes_memory_init+0x0/0x43 @ 1=0D
[    0.282052] initcall crash_notes_memory_init+0x0/0x43 returned 0 after 0=
 usecs=0D
[    0.282054] calling  cgroup_sysfs_init+0x0/0x26 @ 1=0D
[    0.282056] initcall cgroup_sysfs_init+0x0/0x26 returned 0 after 0 usecs=
=0D
[    0.282057] calling  cgroup_namespaces_init+0x0/0x15 @ 1=0D
[    0.282058] initcall cgroup_namespaces_init+0x0/0x15 returned 0 after 0 =
usecs=0D
[    0.282060] calling  user_namespaces_init+0x0/0x3a @ 1=0D
[    0.282067] initcall user_namespaces_init+0x0/0x3a returned 0 after 0 us=
ecs=0D
[    0.282068] calling  init_optprobes+0x0/0x2f @ 1=0D
[    0.282070] kprobes: kprobe jump-optimization is enabled. All kprobes ar=
e optimized if possible.=0D
[    0.282071] initcall init_optprobes+0x0/0x2f returned 0 after 0 usecs=0D
[    0.282073] calling  hung_task_init+0x0/0x82 @ 1=0D
[    0.282082] initcall hung_task_init+0x0/0x82 returned 0 after 0 usecs=0D
[    0.282082] calling  ftrace_check_for_weak_functions+0x0/0x6e @ 1=0D
[    0.282082] initcall ftrace_check_for_weak_functions+0x0/0x6e returned 0=
 after 0 usecs=0D
[    0.282082] calling  trace_eval_init+0x0/0x92 @ 1=0D
[    0.282082] initcall trace_eval_init+0x0/0x92 returned 0 after 0 usecs=
=0D
[    0.282082] calling  send_signal_irq_work_init+0x0/0x6f @ 1=0D
[    0.282082] initcall send_signal_irq_work_init+0x0/0x6f returned 0 after=
 0 usecs=0D
[    0.282082] calling  dev_map_init+0x0/0x61 @ 1=0D
[    0.282082] initcall dev_map_init+0x0/0x61 returned 0 after 0 usecs=0D
[    0.282082] calling  cpu_map_init+0x0/0x55 @ 1=0D
[    0.282082] initcall cpu_map_init+0x0/0x55 returned 0 after 0 usecs=0D
[    0.282082] calling  netns_bpf_init+0x0/0x1f @ 1=0D
[    0.282082] initcall netns_bpf_init+0x0/0x1f returned 0 after 0 usecs=0D
[    0.282082] calling  oom_init+0x0/0x57 @ 1=0D
[    0.282082] initcall oom_init+0x0/0x57 returned 0 after 0 usecs=0D
[    0.282082] calling  default_bdi_init+0x0/0x36 @ 1=0D
[    0.282082] initcall default_bdi_init+0x0/0x36 returned 0 after 0 usecs=
=0D
[    0.282082] calling  cgwb_init+0x0/0x36 @ 1=0D
[    0.282082] initcall cgwb_init+0x0/0x36 returned 0 after 0 usecs=0D
[    0.282082] calling  percpu_enable_async+0x0/0x1c @ 1=0D
[    0.282082] initcall percpu_enable_async+0x0/0x1c returned 0 after 0 use=
cs=0D
[    0.282082] calling  kcompactd_init+0x0/0xb0 @ 1=0D
[    0.282082] initcall kcompactd_init+0x0/0xb0 returned 0 after 0 usecs=0D
[    0.282082] calling  init_user_reserve+0x0/0x50 @ 1=0D
[    0.282082] initcall init_user_reserve+0x0/0x50 returned 0 after 0 usecs=
=0D
[    0.282082] calling  init_admin_reserve+0x0/0x50 @ 1=0D
[    0.282082] initcall init_admin_reserve+0x0/0x50 returned 0 after 0 usec=
s=0D
[    0.282082] calling  init_reserve_notifier+0x0/0x2c @ 1=0D
[    0.282082] initcall init_reserve_notifier+0x0/0x2c returned 0 after 0 u=
secs=0D
[    0.282082] calling  swap_init_sysfs+0x0/0x72 @ 1=0D
[    0.282082] initcall swap_init_sysfs+0x0/0x72 returned 0 after 0 usecs=
=0D
[    0.282082] calling  swapfile_init+0x0/0xb1 @ 1=0D
[    0.282082] initcall swapfile_init+0x0/0xb1 returned 0 after 0 usecs=0D
[    0.282082] calling  hugetlb_init+0x0/0x545 @ 1=0D
[    0.282082] HugeTLB: can optimize 7 vmemmap pages for hugepages-2048kB=
=0D
[    0.282082] HugeTLB registered 1.00 GiB page size, pre-allocated 0 pages=
=0D
[    0.282082] HugeTLB registered 2.00 MiB page size, pre-allocated 0 pages=
=0D
[    0.282082] initcall hugetlb_init+0x0/0x545 returned 0 after 0 usecs=0D
[    0.282082] calling  ksm_init+0x0/0x1a7 @ 1=0D
[    0.282082] initcall ksm_init+0x0/0x1a7 returned 0 after 0 usecs=0D
[    0.282082] calling  numa_init_sysfs+0x0/0x72 @ 1=0D
[    0.282082] initcall numa_init_sysfs+0x0/0x72 returned 0 after 0 usecs=
=0D
[    0.282082] calling  hugepage_init+0x0/0x16a @ 1=0D
[    0.282082] initcall hugepage_init+0x0/0x16a returned 0 after 0 usecs=0D
[    0.282082] calling  mem_cgroup_init+0x0/0x154 @ 1=0D
[    0.282082] initcall mem_cgroup_init+0x0/0x154 returned 0 after 0 usecs=
=0D
[    0.282082] calling  page_idle_init+0x0/0x3c @ 1=0D
[    0.282082] initcall page_idle_init+0x0/0x3c returned 0 after 0 usecs=0D
[    0.282082] calling  io_wq_init+0x0/0x46 @ 1=0D
[    0.282082] initcall io_wq_init+0x0/0x46 returned 0 after 0 usecs=0D
[    0.282082] calling  sel_ib_pkey_init+0x0/0x48 @ 1=0D
[    0.282082] initcall sel_ib_pkey_init+0x0/0x48 returned 0 after 0 usecs=
=0D
[    0.282082] calling  seqiv_module_init+0x0/0x1f @ 1=0D
[    0.282082] initcall seqiv_module_init+0x0/0x1f returned 0 after 0 usecs=
=0D
[    0.282082] calling  dh_init+0x0/0x60 @ 1=0D
[    0.282082] initcall dh_init+0x0/0x60 returned 0 after 0 usecs=0D
[    0.282082] calling  rsa_init+0x0/0x50 @ 1=0D
[    0.282082] initcall rsa_init+0x0/0x50 returned 0 after 0 usecs=0D
[    0.282082] calling  hmac_module_init+0x0/0x1f @ 1=0D
[    0.282082] initcall hmac_module_init+0x0/0x1f returned 0 after 0 usecs=
=0D
[    0.282082] calling  crypto_null_mod_init+0x0/0x73 @ 1=0D
[    0.282082] initcall crypto_null_mod_init+0x0/0x73 returned 0 after 0 us=
ecs=0D
[    0.282082] calling  md5_mod_init+0x0/0x1f @ 1=0D
[    0.282082] initcall md5_mod_init+0x0/0x1f returned 0 after 0 usecs=0D
[    0.282082] calling  sha1_generic_mod_init+0x0/0x1f @ 1=0D
[    0.282082] initcall sha1_generic_mod_init+0x0/0x1f returned 0 after 0 u=
secs=0D
[    0.282082] calling  sha256_generic_mod_init+0x0/0x24 @ 1=0D
[    0.282082] initcall sha256_generic_mod_init+0x0/0x24 returned 0 after 0=
 usecs=0D
[    0.282082] calling  sha512_generic_mod_init+0x0/0x24 @ 1=0D
[    0.282082] initcall sha512_generic_mod_init+0x0/0x24 returned 0 after 0=
 usecs=0D
[    0.282082] calling  crypto_ecb_module_init+0x0/0x1f @ 1=0D
[    0.282082] initcall crypto_ecb_module_init+0x0/0x1f returned 0 after 0 =
usecs=0D
[    0.282082] calling  crypto_cbc_module_init+0x0/0x1f @ 1=0D
[    0.282082] initcall crypto_cbc_module_init+0x0/0x1f returned 0 after 0 =
usecs=0D
[    0.282082] calling  crypto_ctr_module_init+0x0/0x24 @ 1=0D
[    0.282082] initcall crypto_ctr_module_init+0x0/0x24 returned 0 after 0 =
usecs=0D
[    0.282082] calling  crypto_gcm_module_init+0x0/0x72 @ 1=0D
[    0.282082] initcall crypto_gcm_module_init+0x0/0x72 returned 0 after 0 =
usecs=0D
[    0.282082] calling  aes_init+0x0/0x1f @ 1=0D
[    0.282082] initcall aes_init+0x0/0x1f returned 0 after 0 usecs=0D
[    0.282082] calling  deflate_mod_init+0x0/0x4c @ 1=0D
[    0.282082] initcall deflate_mod_init+0x0/0x4c returned 0 after 0 usecs=
=0D
[    0.282082] calling  crc32c_mod_init+0x0/0x1f @ 1=0D
[    0.282082] initcall crc32c_mod_init+0x0/0x1f returned 0 after 0 usecs=
=0D
[    0.282082] calling  crct10dif_mod_init+0x0/0x1f @ 1=0D
[    0.282082] initcall crct10dif_mod_init+0x0/0x1f returned 0 after 0 usec=
s=0D
[    0.282082] calling  lzo_mod_init+0x0/0x47 @ 1=0D
[    0.282082] initcall lzo_mod_init+0x0/0x47 returned 0 after 0 usecs=0D
[    0.282082] calling  lzorle_mod_init+0x0/0x47 @ 1=0D
[    0.282082] initcall lzorle_mod_init+0x0/0x47 returned 0 after 0 usecs=
=0D
[    0.282082] calling  drbg_init+0x0/0x9b @ 1=0D
[    0.282082] initcall drbg_init+0x0/0x9b returned 0 after 0 usecs=0D
[    0.282082] calling  ghash_mod_init+0x0/0x1f @ 1=0D
[    0.282082] initcall ghash_mod_init+0x0/0x1f returned 0 after 0 usecs=0D
[    0.282082] calling  init_bio+0x0/0xbb @ 1=0D
[    0.282082] initcall init_bio+0x0/0xbb returned 0 after 0 usecs=0D
[    0.282082] calling  blk_ioc_init+0x0/0x37 @ 1=0D
[    0.282082] initcall blk_ioc_init+0x0/0x37 returned 0 after 0 usecs=0D
[    0.282082] calling  blk_mq_init+0x0/0xcf @ 1=0D
[    0.282082] initcall blk_mq_init+0x0/0xcf returned 0 after 0 usecs=0D
[    0.282082] calling  genhd_device_init+0x0/0x6b @ 1=0D
[    0.282082] initcall genhd_device_init+0x0/0x6b returned 0 after 0 usecs=
=0D
[    0.282082] calling  blkcg_init+0x0/0x36 @ 1=0D
[    0.282082] initcall blkcg_init+0x0/0x36 returned 0 after 0 usecs=0D
[    0.282082] calling  bio_crypt_ctx_init+0x0/0x69 @ 1=0D
[    0.282082] initcall bio_crypt_ctx_init+0x0/0x69 returned 0 after 0 usec=
s=0D
[    0.282082] calling  blk_crypto_sysfs_init+0x0/0x97 @ 1=0D
[    0.282082] initcall blk_crypto_sysfs_init+0x0/0x97 returned 0 after 0 u=
secs=0D
[    0.282082] calling  irq_poll_setup+0x0/0x80 @ 1=0D
[    0.282082] initcall irq_poll_setup+0x0/0x80 returned 0 after 0 usecs=0D
[    0.282082] calling  sx150x_init+0x0/0x21 @ 1=0D
[    0.282082] initcall sx150x_init+0x0/0x21 returned 0 after 0 usecs=0D
[    0.282082] calling  gpiolib_debugfs_init+0x0/0x31 @ 1=0D
[    0.282082] initcall gpiolib_debugfs_init+0x0/0x31 returned 0 after 0 us=
ecs=0D
[    0.282082] calling  palmas_gpio_init+0x0/0x21 @ 1=0D
[    0.282082] initcall palmas_gpio_init+0x0/0x21 returned 0 after 0 usecs=
=0D
[    0.282082] calling  rc5t583_gpio_init+0x0/0x21 @ 1=0D
[    0.282082] initcall rc5t583_gpio_init+0x0/0x21 returned 0 after 0 usecs=
=0D
[    0.282082] calling  tps6586x_gpio_init+0x0/0x21 @ 1=0D
[    0.282082] initcall tps6586x_gpio_init+0x0/0x21 returned 0 after 0 usec=
s=0D
[    0.282082] calling  tps65910_gpio_init+0x0/0x21 @ 1=0D
[    0.282082] initcall tps65910_gpio_init+0x0/0x21 returned 0 after 0 usec=
s=0D
[    0.282082] calling  pwm_debugfs_init+0x0/0x31 @ 1=0D
[    0.282082] initcall pwm_debugfs_init+0x0/0x31 returned 0 after 0 usecs=
=0D
[    0.282082] calling  pwm_sysfs_init+0x0/0x26 @ 1=0D
[    0.282082] initcall pwm_sysfs_init+0x0/0x26 returned 0 after 0 usecs=0D
[    0.282082] calling  pci_slot_init+0x0/0x50 @ 1=0D
[    0.282082] initcall pci_slot_init+0x0/0x50 returned 0 after 0 usecs=0D
[    0.282082] calling  fbmem_init+0x0/0xe8 @ 1=0D
[    0.282082] initcall fbmem_init+0x0/0xe8 returned 0 after 0 usecs=0D
[    0.282082] calling  scan_for_dmi_ipmi+0x0/0x271 @ 1=0D
[    0.282082] initcall scan_for_dmi_ipmi+0x0/0x271 returned 0 after 0 usec=
s=0D
[    0.282082] calling  acpi_init+0x0/0x4a6 @ 1=0D
[    0.282082] ACPI: Added _OSI(Module Device)=0D
[    0.282082] ACPI: Added _OSI(Processor Device)=0D
[    0.282082] ACPI: Added _OSI(3.0 _SCP Extensions)=0D
[    0.282082] ACPI: Added _OSI(Processor Aggregator Device)=0D
[    0.282082] ACPI: Added _OSI(Linux-Dell-Video)=0D
[    0.282082] ACPI: Added _OSI(Linux-Lenovo-NV-HDMI-Audio)=0D
[    0.282082] ACPI: Added _OSI(Linux-HPI-Hybrid-Graphics)=0D
[    0.363115] ACPI: 17 ACPI AML tables successfully acquired and loaded=0D
[    0.364249] ACPI: EC: EC started=0D
[    0.364252] ACPI: EC: interrupt blocked=0D
[    0.397567] ACPI: EC: EC_CMD/EC_SC=3D0x66, EC_DATA=3D0x62=0D
[    0.397569] ACPI: EC: Boot ECDT EC used to handle transactions=0D
[    0.429320] ACPI: Dynamic OEM Table Load:=0D
[    0.429340] ACPI: SSDT 0xFFFF94CE4240E000 0001AB (v02 PmRef  Cpu0Psd  00=
003000 INTL 20200717)=0D
[    0.430300] ACPI: \_SB_.PR00: _OSC native thermal LVT Acked=0D
[    0.431674] ACPI: USB4 _OSC: OS supports USB3+ DisplayPort+ PCIe+ XDomai=
n+=0D
[    0.431676] ACPI: USB4 _OSC: OS controls USB3+ DisplayPort+ PCIe+ XDomai=
n+=0D
[    0.433275] ACPI: Dynamic OEM Table Load:=0D
[    0.433282] ACPI: SSDT 0xFFFF94CE41319800 00047F (v02 PmRef  Cpu0Cst  00=
003001 INTL 20200717)=0D
[    0.434405] ACPI: Dynamic OEM Table Load:=0D
[    0.434412] ACPI: SSDT 0xFFFF94CE4131D000 00051E (v02 PmRef  Cpu0Ist  00=
003000 INTL 20200717)=0D
[    0.435595] ACPI: Dynamic OEM Table Load:=0D
[    0.435602] ACPI: SSDT 0xFFFF94CE41319000 0004BA (v02 PmRef  Cpu0Hwp  00=
003000 INTL 20200717)=0D
[    0.437008] ACPI: Dynamic OEM Table Load:=0D
[    0.437017] ACPI: SSDT 0xFFFF94CE412FE000 001BAF (v02 PmRef  ApIst    00=
003000 INTL 20200717)=0D
[    0.438687] ACPI: Dynamic OEM Table Load:=0D
[    0.438695] ACPI: SSDT 0xFFFF94CE412F8000 001038 (v02 PmRef  ApHwp    00=
003000 INTL 20200717)=0D
[    0.440148] ACPI: Dynamic OEM Table Load:=0D
[    0.440155] ACPI: SSDT 0xFFFF94CE412FA000 001349 (v02 PmRef  ApPsd    00=
003000 INTL 20200717)=0D
[    0.441652] ACPI: Dynamic OEM Table Load:=0D
[    0.441659] ACPI: SSDT 0xFFFF94CE41308000 000FBB (v02 PmRef  ApCst    00=
003000 INTL 20200717)=0D
[    0.447504] ACPI: Interpreter enabled=0D
[    0.447553] ACPI: PM: (supports S0 S3 S4 S5)=0D
[    0.447554] ACPI: Using IOAPIC for interrupt routing=0D
[    0.447592] PCI: Using host bridge windows from ACPI; if necessary, use =
"pci=3Dnocrs" and report a bug=0D
[    0.447593] PCI: Using E820 reservations for host bridge windows=0D
[    0.449314] ACPI: Enabled 9 GPEs in block 00 to 7F=0D
[    0.450177] ACPI: PM: Power Resource [PXP]=0D
[    0.450953] ACPI: PM: Power Resource [PXP]=0D
[    0.451611] ACPI: PM: Power Resource [PXP]=0D
[    0.460683] ACPI: PM: Power Resource [PAUD]=0D
[    0.469834] ACPI: PM: Power Resource [WRST]=0D
[    0.472120] ACPI: PM: Power Resource [PXP]=0D
[    0.473336] ACPI: PM: Power Resource [PXP]=0D
[    0.474017] ACPI: PM: Power Resource [PXP]=0D
[    0.482346] ACPI: PM: Power Resource [NVPR]=0D
[    0.482751] ACPI: PM: Power Resource [V0PR]=0D
[    0.482835] ACPI: PM: Power Resource [V1PR]=0D
[    0.482916] ACPI: PM: Power Resource [V2PR]=0D
[    0.483007] ACPI: PM: Power Resource [V3PR]=0D
[    0.483114] ACPI: PM: Power Resource [TBT0]=0D
[    0.483153] ACPI: PM: Power Resource [TBT1]=0D
[    0.483196] ACPI: PM: Power Resource [D3C]=0D
[    0.961356] ACPI: PM: Power Resource [FN00]=0D
[    0.961402] ACPI: PM: Power Resource [FN01]=0D
[    0.961451] ACPI: PM: Power Resource [FN02]=0D
[    0.961498] ACPI: PM: Power Resource [FN03]=0D
[    0.961538] ACPI: PM: Power Resource [FN04]=0D
[    0.962031] ACPI: PM: Power Resource [PIN]=0D
[    0.962312] ACPI: PCI Root Bridge [PC00] (domain 0000 [bus 00-e0])=0D
[    0.962317] acpi PNP0A08:00: _OSC: OS supports [ExtendedConfig ASPM Cloc=
kPM Segments MSI EDR HPX-Type3]=0D
[    0.963863] acpi PNP0A08:00: _OSC: platform does not support [AER]=0D
[    0.966915] acpi PNP0A08:00: _OSC: OS now controls [PCIeHotplug SHPCHotp=
lug PME PCIeCapability LTR DPC]=0D
[    0.970350] PCI host bridge to bus 0000:00=0D
[    0.970353] pci_bus 0000:00: root bus resource [io  0x0000-0x0cf7 window=
]=0D
[    0.970355] pci_bus 0000:00: root bus resource [io  0x0d00-0xffff window=
]=0D
[    0.970356] pci_bus 0000:00: root bus resource [mem 0x000a0000-0x000bfff=
f window]=0D
[    0.970358] pci_bus 0000:00: root bus resource [mem 0x50400000-0xbffffff=
f window]=0D
[    0.970359] pci_bus 0000:00: root bus resource [mem 0x4000000000-0x7ffff=
fffff window]=0D
[    0.970363] pci_bus 0000:00: root bus resource [bus 00-e0]=0D
[    0.971938] pci 0000:00:00.0: calling  quirk_mmio_always_on+0x0/0x20 @ 1=
=0D
[    0.971942] pci 0000:00:00.0: quirk_mmio_always_on+0x0/0x20 took 0 usecs=
=0D
[    0.971946] pci 0000:00:00.0: [8086:a707] type 00 class 0x060000=0D
[    0.972135] pci 0000:00:00.0: calling  quirk_igfx_skip_te_disable+0x0/0x=
60 @ 1=0D
[    0.972138] pci 0000:00:00.0: quirk_igfx_skip_te_disable+0x0/0x60 took 0=
 usecs=0D
[    0.972300] pci 0000:00:02.0: [8086:a7a0] type 00 class 0x030000=0D
[    0.972311] pci 0000:00:02.0: reg 0x10: [mem 0x607f000000-0x607fffffff 6=
4bit]=0D
[    0.972318] pci 0000:00:02.0: reg 0x18: [mem 0x4000000000-0x400fffffff 6=
4bit pref]=0D
[    0.972323] pci 0000:00:02.0: reg 0x20: [io  0x3000-0x303f]=0D
[    0.972340] pci 0000:00:02.0: calling  efifb_fixup_resources+0x0/0xf0 @ =
1=0D
[    0.972344] pci 0000:00:02.0: BAR 2: assigned to efifb=0D
[    0.972345] pci 0000:00:02.0: efifb_fixup_resources+0x0/0xf0 took 0 usec=
s=0D
[    0.972346] pci 0000:00:02.0: calling  quirk_igfx_skip_te_disable+0x0/0x=
60 @ 1=0D
[    0.972349] pci 0000:00:02.0: DMAR: Skip IOMMU disabling for graphics=0D
[    0.972350] pci 0000:00:02.0: quirk_igfx_skip_te_disable+0x0/0x60 took 0=
 usecs=0D
[    0.972352] pci 0000:00:02.0: calling  pci_fixup_video+0x0/0xe0 @ 1=0D
[    0.972358] pci 0000:00:02.0: Video device with shadowed ROM at [mem 0x0=
00c0000-0x000dffff]=0D
[    0.972359] pci 0000:00:02.0: pci_fixup_video+0x0/0xe0 took 0 usecs=0D
[    0.972395] pci 0000:00:02.0: reg 0x344: [mem 0x00000000-0x00ffffff 64bi=
t]=0D
[    0.972397] pci 0000:00:02.0: VF(n) BAR0 space: [mem 0x00000000-0x06ffff=
ff 64bit] (contains BAR0 for 7 VFs)=0D
[    0.972403] pci 0000:00:02.0: reg 0x34c: [mem 0x00000000-0x1fffffff 64bi=
t pref]=0D
[    0.972405] pci 0000:00:02.0: VF(n) BAR2 space: [mem 0x00000000-0xdfffff=
ff 64bit pref] (contains BAR2 for 7 VFs)=0D
[    0.972519] pci 0000:00:04.0: [8086:a71d] type 00 class 0x118000=0D
[    0.972534] pci 0000:00:04.0: reg 0x10: [mem 0x6080280000-0x608029ffff 6=
4bit]=0D
[    0.972562] pci 0000:00:04.0: calling  quirk_igfx_skip_te_disable+0x0/0x=
60 @ 1=0D
[    0.972564] pci 0000:00:04.0: quirk_igfx_skip_te_disable+0x0/0x60 took 0=
 usecs=0D
[    0.972743] pci 0000:00:05.0: [8086:a75d] type 00 class 0x048000=0D
[    0.972752] pci 0000:00:05.0: reg 0x10: [mem 0x607e000000-0x607effffff 6=
4bit]=0D
[    0.972770] pci 0000:00:05.0: enabling Extended Tags=0D
[    0.972776] pci 0000:00:05.0: calling  quirk_igfx_skip_te_disable+0x0/0x=
60 @ 1=0D
[    0.972779] pci 0000:00:05.0: quirk_igfx_skip_te_disable+0x0/0x60 took 0=
 usecs=0D
[    0.972878] pci 0000:00:06.0: [8086:09ab] type 00 class 0x088000=0D
[    0.972900] pci 0000:00:06.0: calling  quirk_igfx_skip_te_disable+0x0/0x=
60 @ 1=0D
[    0.972902] pci 0000:00:06.0: quirk_igfx_skip_te_disable+0x0/0x60 took 0=
 usecs=0D
[    0.973552] pci 0000:00:07.0: calling  quirk_cmd_compl+0x0/0x70 @ 1=0D
[    0.973556] pci 0000:00:07.0: quirk_cmd_compl+0x0/0x70 took 0 usecs=0D
[    0.973559] pci 0000:00:07.0: calling  quirk_no_aersid+0x0/0x40 @ 1=0D
[    0.973561] pci 0000:00:07.0: quirk_no_aersid+0x0/0x40 took 0 usecs=0D
[    0.973563] pci 0000:00:07.0: [8086:a76e] type 01 class 0x060400=0D
[    0.973609] pci 0000:00:07.0: calling  quirk_igfx_skip_te_disable+0x0/0x=
60 @ 1=0D
[    0.973614] pci 0000:00:07.0: quirk_igfx_skip_te_disable+0x0/0x60 took 0=
 usecs=0D
[    0.973616] pci 0000:00:07.0: calling  pci_fixup_transparent_bridge+0x0/=
0x30 @ 1=0D
[    0.973619] pci 0000:00:07.0: pci_fixup_transparent_bridge+0x0/0x30 took=
 0 usecs=0D
[    0.973662] pci 0000:00:07.0: PME# supported from D0 D3hot D3cold=0D
[    0.973694] pci 0000:00:07.0: PTM enabled (root), 4ns granularity=0D
[    0.973700] pci 0000:00:07.0: DPC: RP PIO log size 0 is invalid=0D
[    0.974285] pci 0000:00:07.1: calling  quirk_cmd_compl+0x0/0x70 @ 1=0D
[    0.974289] pci 0000:00:07.1: quirk_cmd_compl+0x0/0x70 took 0 usecs=0D
[    0.974291] pci 0000:00:07.1: calling  quirk_no_aersid+0x0/0x40 @ 1=0D
[    0.974293] pci 0000:00:07.1: quirk_no_aersid+0x0/0x40 took 0 usecs=0D
[    0.974294] pci 0000:00:07.1: [8086:a73f] type 01 class 0x060400=0D
[    0.974337] pci 0000:00:07.1: calling  quirk_igfx_skip_te_disable+0x0/0x=
60 @ 1=0D
[    0.974340] pci 0000:00:07.1: quirk_igfx_skip_te_disable+0x0/0x60 took 0=
 usecs=0D
[    0.974342] pci 0000:00:07.1: calling  pci_fixup_transparent_bridge+0x0/=
0x30 @ 1=0D
[    0.974344] pci 0000:00:07.1: pci_fixup_transparent_bridge+0x0/0x30 took=
 0 usecs=0D
[    0.974386] pci 0000:00:07.1: PME# supported from D0 D3hot D3cold=0D
[    0.974419] pci 0000:00:07.1: PTM enabled (root), 4ns granularity=0D
[    0.974424] pci 0000:00:07.1: DPC: RP PIO log size 0 is invalid=0D
[    0.975004] pci 0000:00:07.2: calling  quirk_cmd_compl+0x0/0x70 @ 1=0D
[    0.975007] pci 0000:00:07.2: quirk_cmd_compl+0x0/0x70 took 0 usecs=0D
[    0.975009] pci 0000:00:07.2: calling  quirk_no_aersid+0x0/0x40 @ 1=0D
[    0.975011] pci 0000:00:07.2: quirk_no_aersid+0x0/0x40 took 0 usecs=0D
[    0.975012] pci 0000:00:07.2: [8086:a72f] type 01 class 0x060400=0D
[    0.975055] pci 0000:00:07.2: calling  quirk_igfx_skip_te_disable+0x0/0x=
60 @ 1=0D
[    0.975057] pci 0000:00:07.2: quirk_igfx_skip_te_disable+0x0/0x60 took 0=
 usecs=0D
[    0.975060] pci 0000:00:07.2: calling  pci_fixup_transparent_bridge+0x0/=
0x30 @ 1=0D
[    0.975061] pci 0000:00:07.2: pci_fixup_transparent_bridge+0x0/0x30 took=
 0 usecs=0D
[    0.975104] pci 0000:00:07.2: PME# supported from D0 D3hot D3cold=0D
[    0.975134] pci 0000:00:07.2: PTM enabled (root), 4ns granularity=0D
[    0.975139] pci 0000:00:07.2: DPC: RP PIO log size 0 is invalid=0D
[    0.975723] pci 0000:00:07.3: calling  quirk_cmd_compl+0x0/0x70 @ 1=0D
[    0.975726] pci 0000:00:07.3: quirk_cmd_compl+0x0/0x70 took 0 usecs=0D
[    0.975728] pci 0000:00:07.3: calling  quirk_no_aersid+0x0/0x40 @ 1=0D
[    0.975730] pci 0000:00:07.3: quirk_no_aersid+0x0/0x40 took 0 usecs=0D
[    0.975732] pci 0000:00:07.3: [8086:a71f] type 01 class 0x060400=0D
[    0.975774] pci 0000:00:07.3: calling  quirk_igfx_skip_te_disable+0x0/0x=
60 @ 1=0D
[    0.975777] pci 0000:00:07.3: quirk_igfx_skip_te_disable+0x0/0x60 took 0=
 usecs=0D
[    0.975779] pci 0000:00:07.3: calling  pci_fixup_transparent_bridge+0x0/=
0x30 @ 1=0D
[    0.975781] pci 0000:00:07.3: pci_fixup_transparent_bridge+0x0/0x30 took=
 0 usecs=0D
[    0.975823] pci 0000:00:07.3: PME# supported from D0 D3hot D3cold=0D
[    0.975854] pci 0000:00:07.3: PTM enabled (root), 4ns granularity=0D
[    0.975859] pci 0000:00:07.3: DPC: RP PIO log size 0 is invalid=0D
[    0.976503] pci 0000:00:08.0: [8086:a74f] type 00 class 0x088000=0D
[    0.976513] pci 0000:00:08.0: reg 0x10: [mem 0x60802eb000-0x60802ebfff 6=
4bit]=0D
[    0.976532] pci 0000:00:08.0: calling  quirk_igfx_skip_te_disable+0x0/0x=
60 @ 1=0D
[    0.976535] pci 0000:00:08.0: quirk_igfx_skip_te_disable+0x0/0x60 took 0=
 usecs=0D
[    0.976619] pci 0000:00:0a.0: [8086:a77d] type 00 class 0x118000=0D
[    0.976628] pci 0000:00:0a.0: reg 0x10: [mem 0x60802d0000-0x60802d7fff 6=
4bit]=0D
[    0.976652] pci 0000:00:0a.0: enabling Extended Tags=0D
[    0.976659] pci 0000:00:0a.0: calling  quirk_igfx_skip_te_disable+0x0/0x=
60 @ 1=0D
[    0.976661] pci 0000:00:0a.0: quirk_igfx_skip_te_disable+0x0/0x60 took 0=
 usecs=0D
[    0.976762] pci 0000:00:0d.0: [8086:a71e] type 00 class 0x0c0330=0D
[    0.976772] pci 0000:00:0d.0: reg 0x10: [mem 0x60802c0000-0x60802cffff 6=
4bit]=0D
[    0.976794] pci 0000:00:0d.0: calling  quirk_igfx_skip_te_disable+0x0/0x=
60 @ 1=0D
[    0.976796] pci 0000:00:0d.0: quirk_igfx_skip_te_disable+0x0/0x60 took 0=
 usecs=0D
[    0.976822] pci 0000:00:0d.0: PME# supported from D3hot D3cold=0D
[    0.977134] pci 0000:00:0d.2: [8086:a73e] type 00 class 0x0c0340=0D
[    0.977146] pci 0000:00:0d.2: reg 0x10: [mem 0x6080240000-0x608027ffff 6=
4bit]=0D
[    0.977155] pci 0000:00:0d.2: reg 0x18: [mem 0x60802ea000-0x60802eafff 6=
4bit]=0D
[    0.977173] pci 0000:00:0d.2: calling  quirk_igfx_skip_te_disable+0x0/0x=
60 @ 1=0D
[    0.977176] pci 0000:00:0d.2: quirk_igfx_skip_te_disable+0x0/0x60 took 0=
 usecs=0D
[    0.977197] pci 0000:00:0d.2: supports D1 D2=0D
[    0.977198] pci 0000:00:0d.2: PME# supported from D0 D1 D2 D3hot D3cold=
=0D
[    0.977302] pci 0000:00:0d.3: [8086:a76d] type 00 class 0x0c0340=0D
[    0.977314] pci 0000:00:0d.3: reg 0x10: [mem 0x6080200000-0x608023ffff 6=
4bit]=0D
[    0.977322] pci 0000:00:0d.3: reg 0x18: [mem 0x60802e9000-0x60802e9fff 6=
4bit]=0D
[    0.977341] pci 0000:00:0d.3: calling  quirk_igfx_skip_te_disable+0x0/0x=
60 @ 1=0D
[    0.977343] pci 0000:00:0d.3: quirk_igfx_skip_te_disable+0x0/0x60 took 0=
 usecs=0D
[    0.977365] pci 0000:00:0d.3: supports D1 D2=0D
[    0.977366] pci 0000:00:0d.3: PME# supported from D0 D1 D2 D3hot D3cold=
=0D
[    0.977566] pci 0000:00:0e.0: [8086:a77f] type 00 class 0x010400=0D
[    0.977581] pci 0000:00:0e.0: reg 0x10: [mem 0x607c000000-0x607dffffff 6=
4bit]=0D
[    0.977588] pci 0000:00:0e.0: reg 0x18: [mem 0x52000000-0x53ffffff]=0D
[    0.977605] pci 0000:00:0e.0: reg 0x20: [mem 0x6080100000-0x60801fffff 6=
4bit]=0D
[    0.977622] pci 0000:00:0e.0: calling  quirk_igfx_skip_te_disable+0x0/0x=
60 @ 1=0D
[    0.977624] pci 0000:00:0e.0: quirk_igfx_skip_te_disable+0x0/0x60 took 0=
 usecs=0D
[    0.977886] pci 0000:00:12.0: [8086:51fc] type 00 class 0x070000=0D
[    0.977913] pci 0000:00:12.0: reg 0x10: [mem 0x60802b0000-0x60802bffff 6=
4bit]=0D
[    0.977957] pci 0000:00:12.0: calling  quirk_igfx_skip_te_disable+0x0/0x=
60 @ 1=0D
[    0.977959] pci 0000:00:12.0: quirk_igfx_skip_te_disable+0x0/0x60 took 0=
 usecs=0D
[    0.978008] pci 0000:00:12.0: PME# supported from D0 D3hot=0D
[    0.978597] pci 0000:00:14.0: [8086:51ed] type 00 class 0x0c0330=0D
[    0.978624] pci 0000:00:14.0: reg 0x10: [mem 0x60802a0000-0x60802affff 6=
4bit]=0D
[    0.978677] pci 0000:00:14.0: calling  quirk_igfx_skip_te_disable+0x0/0x=
60 @ 1=0D
[    0.978679] pci 0000:00:14.0: quirk_igfx_skip_te_disable+0x0/0x60 took 0=
 usecs=0D
[    0.978737] pci 0000:00:14.0: PME# supported from D3hot D3cold=0D
[    0.979081] pci 0000:00:14.2: [8086:51ef] type 00 class 0x050000=0D
[    0.979106] pci 0000:00:14.2: reg 0x10: [mem 0x60802dc000-0x60802dffff 6=
4bit]=0D
[    0.979121] pci 0000:00:14.2: reg 0x18: [mem 0x60802e8000-0x60802e8fff 6=
4bit]=0D
[    0.979150] pci 0000:00:14.2: calling  quirk_igfx_skip_te_disable+0x0/0x=
60 @ 1=0D
[    0.979152] pci 0000:00:14.2: quirk_igfx_skip_te_disable+0x0/0x60 took 0=
 usecs=0D
[    0.979822] pci 0000:00:15.0: [8086:51e8] type 00 class 0x0c8000=0D
[    0.980554] pci 0000:00:15.0: reg 0x10: [mem 0x00000000-0x00000fff 64bit=
]=0D
[    0.981829] pci 0000:00:15.0: calling  quirk_igfx_skip_te_disable+0x0/0x=
60 @ 1=0D
[    0.981831] pci 0000:00:15.0: quirk_igfx_skip_te_disable+0x0/0x60 took 0=
 usecs=0D
[    0.984188] pci 0000:00:15.1: [8086:51e9] type 00 class 0x0c8000=0D
[    0.984920] pci 0000:00:15.1: reg 0x10: [mem 0x00000000-0x00000fff 64bit=
]=0D
[    0.990217] pci 0000:00:15.1: calling  quirk_igfx_skip_te_disable+0x0/0x=
60 @ 1=0D
[    0.990219] pci 0000:00:15.1: quirk_igfx_skip_te_disable+0x0/0x60 took 0=
 usecs=0D
[    0.992147] pci 0000:00:16.0: [8086:51e0] type 00 class 0x078000=0D
[    0.992174] pci 0000:00:16.0: reg 0x10: [mem 0x60802e5000-0x60802e5fff 6=
4bit]=0D
[    0.992221] pci 0000:00:16.0: calling  quirk_igfx_skip_te_disable+0x0/0x=
60 @ 1=0D
[    0.992224] pci 0000:00:16.0: quirk_igfx_skip_te_disable+0x0/0x60 took 0=
 usecs=0D
[    0.992280] pci 0000:00:16.0: PME# supported from D3hot=0D
[    0.992808] pci 0000:00:16.3: [8086:51e3] type 00 class 0x070002=0D
[    0.992830] pci 0000:00:16.3: reg 0x10: [io  0x3060-0x3067]=0D
[    0.992840] pci 0000:00:16.3: reg 0x14: [mem 0x8a221000-0x8a221fff]=0D
[    0.992892] pci 0000:00:16.3: calling  quirk_igfx_skip_te_disable+0x0/0x=
60 @ 1=0D
[    0.992894] pci 0000:00:16.3: quirk_igfx_skip_te_disable+0x0/0x60 took 0=
 usecs=0D
[    0.993601] pci 0000:00:19.0: [8086:51c5] type 00 class 0x0c8000=0D
[    0.994333] pci 0000:00:19.0: reg 0x10: [mem 0x00000000-0x00000fff 64bit=
]=0D
[    0.995650] pci 0000:00:19.0: calling  quirk_igfx_skip_te_disable+0x0/0x=
60 @ 1=0D
[    0.995653] pci 0000:00:19.0: quirk_igfx_skip_te_disable+0x0/0x60 took 0=
 usecs=0D
[    0.997858] pci 0000:00:19.1: [8086:51c6] type 00 class 0x0c8000=0D
[    0.998589] pci 0000:00:19.1: reg 0x10: [mem 0x00000000-0x00000fff 64bit=
]=0D
[    0.999908] pci 0000:00:19.1: calling  quirk_igfx_skip_te_disable+0x0/0x=
60 @ 1=0D
[    0.999910] pci 0000:00:19.1: quirk_igfx_skip_te_disable+0x0/0x60 took 0=
 usecs=0D
[    1.002395] pci 0000:00:1e.0: [8086:51a8] type 00 class 0x078000=0D
[    1.003127] pci 0000:00:1e.0: reg 0x10: [mem 0x00000000-0x00000fff 64bit=
]=0D
[    1.004445] pci 0000:00:1e.0: calling  quirk_igfx_skip_te_disable+0x0/0x=
60 @ 1=0D
[    1.004448] pci 0000:00:1e.0: quirk_igfx_skip_te_disable+0x0/0x60 took 0=
 usecs=0D
[    1.006851] pci 0000:00:1e.3: [8086:51ab] type 00 class 0x0c8000=0D
[    1.007582] pci 0000:00:1e.3: reg 0x10: [mem 0x00000000-0x00000fff 64bit=
]=0D
[    1.008900] pci 0000:00:1e.3: calling  quirk_igfx_skip_te_disable+0x0/0x=
60 @ 1=0D
[    1.008902] pci 0000:00:1e.3: quirk_igfx_skip_te_disable+0x0/0x60 took 0=
 usecs=0D
[    1.010761] pci 0000:00:1f.0: [8086:5182] type 00 class 0x060100=0D
[    1.010859] pci 0000:00:1f.0: calling  quirk_igfx_skip_te_disable+0x0/0x=
60 @ 1=0D
[    1.010861] pci 0000:00:1f.0: quirk_igfx_skip_te_disable+0x0/0x60 took 0=
 usecs=0D
[    1.011105] pci 0000:00:1f.3: [8086:51ca] type 00 class 0x040100=0D
[    1.011162] pci 0000:00:1f.3: reg 0x10: [mem 0x60802d8000-0x60802dbfff 6=
4bit]=0D
[    1.011233] pci 0000:00:1f.3: reg 0x20: [mem 0x6080000000-0x60800fffff 6=
4bit]=0D
[    1.011263] pci 0000:00:1f.3: calling  quirk_igfx_skip_te_disable+0x0/0x=
60 @ 1=0D
[    1.011266] pci 0000:00:1f.3: quirk_igfx_skip_te_disable+0x0/0x60 took 0=
 usecs=0D
[    1.011386] pci 0000:00:1f.3: PME# supported from D3hot D3cold=0D
[    1.012078] pci 0000:00:1f.4: [8086:51a3] type 00 class 0x0c0500=0D
[    1.012115] pci 0000:00:1f.4: reg 0x10: [mem 0x60802e0000-0x60802e00ff 6=
4bit]=0D
[    1.012148] pci 0000:00:1f.4: reg 0x20: [io  0xefa0-0xefbf]=0D
[    1.012175] pci 0000:00:1f.4: calling  quirk_igfx_skip_te_disable+0x0/0x=
60 @ 1=0D
[    1.012177] pci 0000:00:1f.4: quirk_igfx_skip_te_disable+0x0/0x60 took 0=
 usecs=0D
[    1.012386] pci 0000:00:1f.5: [8086:51a4] type 00 class 0x0c8000=0D
[    1.012410] pci 0000:00:1f.5: reg 0x10: [mem 0xfe010000-0xfe010fff]=0D
[    1.012488] pci 0000:00:1f.5: calling  quirk_igfx_skip_te_disable+0x0/0x=
60 @ 1=0D
[    1.012491] pci 0000:00:1f.5: quirk_igfx_skip_te_disable+0x0/0x60 took 0=
 usecs=0D
[    1.012595] pci 0000:00:1f.6: calling  quirk_f0_vpd_link+0x0/0x70 @ 1=0D
[    1.012598] pci 0000:00:1f.6: quirk_f0_vpd_link+0x0/0x70 took 0 usecs=0D
[    1.012601] pci 0000:00:1f.6: [8086:1a1e] type 00 class 0x020000=0D
[    1.012672] pci 0000:00:1f.6: reg 0x10: [mem 0x8a200000-0x8a21ffff]=0D
[    1.012818] pci 0000:00:1f.6: calling  quirk_igfx_skip_te_disable+0x0/0x=
60 @ 1=0D
[    1.012820] pci 0000:00:1f.6: quirk_igfx_skip_te_disable+0x0/0x60 took 0=
 usecs=0D
[    1.012954] pci 0000:00:1f.6: PME# supported from D0 D3hot D3cold=0D
[    1.013200] pci 0000:00:07.0: PCI bridge to [bus 01-2a]=0D
[    1.013204] pci 0000:00:07.0:   bridge window [mem 0x7e000000-0x8a1fffff=
]=0D
[    1.013209] pci 0000:00:07.0:   bridge window [mem 0x6000000000-0x601bff=
ffff 64bit pref]=0D
[    1.013242] pci 0000:00:07.1: PCI bridge to [bus 2b-54]=0D
[    1.013246] pci 0000:00:07.1:   bridge window [mem 0x70000000-0x7c1fffff=
]=0D
[    1.013250] pci 0000:00:07.1:   bridge window [mem 0x6020000000-0x603bff=
ffff 64bit pref]=0D
[    1.013280] pci 0000:00:07.2: PCI bridge to [bus 55-7e]=0D
[    1.013284] pci 0000:00:07.2:   bridge window [mem 0x62000000-0x6e1fffff=
]=0D
[    1.013288] pci 0000:00:07.2:   bridge window [mem 0x6040000000-0x605bff=
ffff 64bit pref]=0D
[    1.013321] pci 0000:00:07.3: PCI bridge to [bus 7f-a8]=0D
[    1.013325] pci 0000:00:07.3:   bridge window [mem 0x54000000-0x601fffff=
]=0D
[    1.013329] pci 0000:00:07.3:   bridge window [mem 0x6060000000-0x607bff=
ffff 64bit pref]=0D
[    1.337423] ACPI: EC: interrupt unblocked=0D
[    1.337427] ACPI: EC: event unblocked=0D
[    1.337461] ACPI: EC: EC_CMD/EC_SC=3D0x66, EC_DATA=3D0x62=0D
[    1.337462] ACPI: EC: GPE=3D0x6e=0D
[    1.337464] ACPI: \_SB_.PC00.LPCB.H_EC: Boot ECDT EC initialization comp=
lete=0D
[    1.337466] ACPI: \_SB_.PC00.LPCB.H_EC: EC: Used to handle transactions =
and events=0D
[    1.337537] initcall acpi_init+0x0/0x4a6 returned 0 after 1060000 usecs=
=0D
[    1.337541] calling  adxl_init+0x0/0x198 @ 1=0D
[    1.337545] initcall adxl_init+0x0/0x198 returned -19 after 0 usecs=0D
[    1.337547] calling  pnp_init+0x0/0x1f @ 1=0D
[    1.337552] initcall pnp_init+0x0/0x1f returned 0 after 0 usecs=0D
[    1.337554] calling  balloon_init+0x0/0x1fe @ 1=0D
[    1.337556] initcall balloon_init+0x0/0x1fe returned -19 after 0 usecs=
=0D
[    1.337558] calling  xen_setup_shutdown_event+0x0/0x50 @ 1=0D
[    1.337561] initcall xen_setup_shutdown_event+0x0/0x50 returned -19 afte=
r 0 usecs=0D
[    1.337562] calling  xenbus_probe_backend_init+0x0/0x74 @ 1=0D
[    1.337567] initcall xenbus_probe_backend_init+0x0/0x74 returned 0 after=
 0 usecs=0D
[    1.337569] calling  xenbus_probe_frontend_init+0x0/0x58 @ 1=0D
[    1.337576] initcall xenbus_probe_frontend_init+0x0/0x58 returned 0 afte=
r 0 usecs=0D
[    1.337579] calling  xen_acpi_pad_init+0x0/0x55 @ 1=0D
[    1.337581] initcall xen_acpi_pad_init+0x0/0x55 returned -19 after 0 use=
cs=0D
[    1.337583] calling  misc_init+0x0/0xce @ 1=0D
[    1.337586] initcall misc_init+0x0/0xce returned 0 after 0 usecs=0D
[    1.337588] calling  tpm_init+0x0/0xf7 @ 1=0D
[    1.341019] initcall tpm_init+0x0/0xf7 returned 0 after 0 usecs=0D
[    1.341019] calling  iommu_subsys_init+0x0/0xd0 @ 1=0D
[    1.341019] iommu: Default domain type: Translated =0D
[    1.341019] iommu: DMA domain TLB invalidation policy: lazy mode =0D
[    1.341019] initcall iommu_subsys_init+0x0/0xd0 returned 0 after 0 usecs=
=0D
[    1.341019] calling  cn_init+0x0/0xf0 @ 1=0D
[    1.341024] initcall cn_init+0x0/0xf0 returned 0 after 0 usecs=0D
[    1.341026] calling  uacce_init+0x0/0x69 @ 1=0D
[    1.341028] initcall uacce_init+0x0/0x69 returned 0 after 0 usecs=0D
[    1.341030] calling  pm860x_i2c_init+0x0/0x39 @ 1=0D
[    1.341034] initcall pm860x_i2c_init+0x0/0x39 returned 0 after 0 usecs=
=0D
[    1.341036] calling  wm8400_driver_init+0x0/0x39 @ 1=0D
[    1.341039] initcall wm8400_driver_init+0x0/0x39 returned 0 after 0 usec=
s=0D
[    1.341040] calling  wm831x_i2c_init+0x0/0x39 @ 1=0D
