Return-Path: <linux-kernel-owner@vger.kernel.org>
X-Original-To: lists+linux-kernel@lfdr.de
Delivered-To: lists+linux-kernel@lfdr.de
Received: from out1.vger.email (out1.vger.email [IPv6:2620:137:e000::1:20])
	by mail.lfdr.de (Postfix) with ESMTP id 2F95B55FD46
	for <lists+linux-kernel@lfdr.de>; Wed, 29 Jun 2022 12:33:55 +0200 (CEST)
Received: (majordomo@vger.kernel.org) by vger.kernel.org via listexpand
        id S233250AbiF2K1e (ORCPT <rfc822;lists+linux-kernel@lfdr.de>);
        Wed, 29 Jun 2022 06:27:34 -0400
Received: from lindbergh.monkeyblade.net ([23.128.96.19]:36628 "EHLO
        lindbergh.monkeyblade.net" rhost-flags-OK-OK-OK-OK) by vger.kernel.org
        with ESMTP id S230523AbiF2K11 (ORCPT
        <rfc822;linux-kernel@vger.kernel.org>);
        Wed, 29 Jun 2022 06:27:27 -0400
Received: from us-smtp-delivery-124.mimecast.com (us-smtp-delivery-124.mimecast.com [170.10.129.124])
        by lindbergh.monkeyblade.net (Postfix) with ESMTP id 27F6436B5C
        for <linux-kernel@vger.kernel.org>; Wed, 29 Jun 2022 03:27:23 -0700 (PDT)
DKIM-Signature: v=1; a=rsa-sha256; c=relaxed/relaxed; d=redhat.com;
        s=mimecast20190719; t=1656498442;
        h=from:from:reply-to:subject:subject:date:date:message-id:message-id:
         to:to:cc:cc:mime-version:mime-version:content-type:content-type:
         content-transfer-encoding:content-transfer-encoding:
         in-reply-to:in-reply-to:references:references;
        bh=I/6A5g0UIX+w5x2ib6cynKHcUdmJcl5fJanHugCow3M=;
        b=WrAE8n5H7oEnMYEbASSdbgr3892fkqx8jxp/Us8767EyhSIugGW6ZtYCx06X5aEtjMESp7
        DksNPUK5YJk08+9XAZoxXIpPqyigqMW9Hj8WOVWS3jfI/mGw1h5Qjvrs+96B1GckvnJnO/
        7TPpCYm3wdPoocYvuDr9PUQ3SzC1H1Q=
Received: from mimecast-mx02.redhat.com (mimecast-mx02.redhat.com
 [66.187.233.88]) by relay.mimecast.com with ESMTP with STARTTLS
 (version=TLSv1.2, cipher=TLS_ECDHE_RSA_WITH_AES_256_GCM_SHA384) id
 us-mta-583-FodiIvpHOGejBxMvxqNLBQ-1; Wed, 29 Jun 2022 06:27:16 -0400
X-MC-Unique: FodiIvpHOGejBxMvxqNLBQ-1
Received: from smtp.corp.redhat.com (int-mx09.intmail.prod.int.rdu2.redhat.com [10.11.54.9])
        (using TLSv1.2 with cipher AECDH-AES256-SHA (256/256 bits))
        (No client certificate requested)
        by mimecast-mx02.redhat.com (Postfix) with ESMTPS id 598A8804191;
        Wed, 29 Jun 2022 10:27:16 +0000 (UTC)
Received: from localhost (ovpn-12-201.pek2.redhat.com [10.72.12.201])
        by smtp.corp.redhat.com (Postfix) with ESMTPS id 3FDEB492CA9;
        Wed, 29 Jun 2022 10:27:12 +0000 (UTC)
Date:   Wed, 29 Jun 2022 18:27:10 +0800
From:   Baoquan He <bhe@redhat.com>
To:     jstultz@google.com, tglx@linutronix.de, sboyd@kernel.org
Cc:     linux-kernel@vger.kernel.org, x86@kernel.org,
        kexec@lists.infradead.org
Subject: Re: Unstable tsc caused soft lockup in kdump kernel
Message-ID: <Yrwo/pu8MPK1cFTe@MiWiFi-R3L-srv>
References: <YrwokiIVX9E9kQIh@MiWiFi-R3L-srv>
MIME-Version: 1.0
Content-Type: text/plain; charset=utf-8
Content-Disposition: inline
Content-Transfer-Encoding: 8bit
In-Reply-To: <YrwokiIVX9E9kQIh@MiWiFi-R3L-srv>
X-Scanned-By: MIMEDefang 2.85 on 10.11.54.9
X-Spam-Status: No, score=-3.2 required=5.0 tests=BAYES_00,DKIMWL_WL_HIGH,
        DKIM_SIGNED,DKIM_VALID,DKIM_VALID_AU,DKIM_VALID_EF,RCVD_IN_DNSWL_LOW,
        SPF_HELO_NONE,SPF_NONE,T_SCC_BODY_TEXT_LINE autolearn=ham
        autolearn_force=no version=3.4.6
X-Spam-Checker-Version: SpamAssassin 3.4.6 (2021-04-09) on
        lindbergh.monkeyblade.net
Precedence: bulk
List-ID: <linux-kernel.vger.kernel.org>
X-Mailing-List: linux-kernel@vger.kernel.org

On 06/29/22 at 06:25pm, Baoquan He wrote:
> Hi,
> 
> On a HP machine, after crash triggered via sysrq-c, kdump kernel will
> boot and get soft lockup as below. And this can be always reproduced.
> 
> From log, it seems that unreliable tsc was marked as unstable in
> clocksource_watchdog, then worker sched_clock_work was scheduled. And
> this tsc unstable marking always happened after sysrq-c is triggered.
> And the cpu where worker smp_call_function_many_cond is running won't
> be stopped and hang there and keep locks, even though the cpu should be
> stopped. While kdump kernel is running in a different cpu and boot, then
> soft lockup happened because other workers or the relevant threads are
> waiting for locks taken by the hang sched_clock_work worker.

Forget mentioning that adding 'tsc=unstable' to 1st kernel can work
around this issue to make kdump kernel work well.

> 
> Any idea or suggestion?
> 
> The normal kernel boot log and kdump kernel log, kernel config, are all
> attached, please check.
> 
> Thanks
> Baoquan
> 
> =====
> [ 5173.871886] watchdog: BUG: soft lockup - CPU#43 stuck for 52s! [kworker/43:2:1375]
> [ 5173.871886] Modules linked in: qrtr ......
> [ 5173.871886] irq event stamp: 120854
> [ 5173.871886] hardirqs last  enabled at (120853): [<ffffffffa1a00d0b>] asm_sysvec_apic_timer_interrupt+0x1b/0x20
> [ 5173.871886] hardirqs last disabled at (120854): [<ffffffffa19a975b>] sysvec_apic_timer_interrupt+0xb/0x90
> [ 5173.871886] softirqs last  enabled at (120850): [<ffffffffa1c00319>] __do_softirq+0x319/0x44a
> [ 5173.871886] softirqs last disabled at (120845): [<ffffffffa0ef574b>] __irq_exit_rcu+0xbb/0xf0
> [ 5173.871886] CPU: 43 PID: 1375 Comm: kworker/43:2 Kdump: loaded Tainted: G             L    5.19.0-rc2+ #5
> [ 5173.871886] Hardware name: HP ProLiant DL585 G7, BIOS A16 06/04/2013
> [ 5173.871886] Workqueue: events __sched_clock_work
> [ 5173.871886] RIP: 0010:smp_call_function_many_cond+0x133/0x380
> [ 5173.871886] Code: 43 48 8b 75 08 e8 6d d1 43 00 3b 05 c7 a1 a1 01 89 c7 73 30 48 63 c7 48 8b 4d 00 48 03 0c c5 20 ab 2
> 3 a2 8b 41 08 a8 01 74 0a <f3> 90 8b 51 08 83 e2 01 75 f6 eb cb 49 0f a3 1a 0f 92 44 24 1b e9
> [ 5173.871886] RSP: 0018:ffffb3d01c7b7d40 EFLAGS: 00000202
> [ 5173.871886] RAX: 0000000000000011 RBX: 0000000000000001 RCX: ffff9a5a7fc3d700
> [ 5173.871886] RDX: 0000000000000001 RSI: 0000000000000000 RDI: 0000000000000000
> [ 5173.871886] RBP: ffff9b1a7fd33a40 R08: 0000000000000000 R09: 0000000000000000
> [ 5173.890970] R10: 0000000000000000 R11: 0000000000000000 R12: 0000000000000000
> [ 5173.890970] R13: 0000000000000000 R14: 0000000000000030 R15: ffff9b1a7fd[ 5173.890970] FS:  0000000000000000(0000) GS:
> ffff9b1a7fd00000(0000) knlGS:0000000000000000
> [ 5173.890970] CS:  0010 DS: 0000 ES: 0000 CR0: 0000000080050033
> [ 5173.890970] CR2: 000055fbcc0bc008 CR3: 000000526ee26000 CR4: 00000000000406e0
> [ 5173.890970] Call Trace:
> [ 5173.890970]  <TASK>
> [ 5173.890970]  ? optimize_nops+0x210/0x210
> [ 5173.890970]  on_each_cpu_cond_mask+0x20/0x30
> [ 5173.890970]  text_poke_bp_batch+0xf4/0x370
> [ 5173.890970]  ? arch_jump_label_transform_apply+0x13/0x30
> [ 5173.890970]  text_poke_finish+0x1b/0x30
> [ 5173.890970]  arch_jump_label_transform_apply+0x18/0x30
> [ 5173.890970]  static_key_disable_cpuslocked+0x5b/0x90
> [ 5173.890970]  static_key_disable+0x16/0x20
> [ 5173.890970]  process_one_work+0x274/0x590
> [ 5173.890970]  ? process_one_work+0x590/0x590
> [ 5173.890970]  worker_thread+0x52/0x3a0
> [ 5173.890970]  ? process_one_work+0x590/0x590
> [ 5173.890970]  kthread+0xd8/0x100
> [ 5173.890970]  ? kthread_complete_and_exit+0x20/0x20
> [ 5173.890970]  ret_from_fork+0x22/0x30
> [ 5173.890970]  </TASK>
> 
> ======
> clocksource_watchdog()
>   -->__clocksource_unstable()
>      -->tsc_cs_mark_unstable()
>         -->tsc_cs_mark_unstable()
>           -->clear_sched_clock_stable()
>              -->__clear_sched_clock_stable()
>              static DECLARE_WORK(sched_clock_work, __sched_clock_work);
>              __sched_clock_work()
>              -->static_branch_disable(&__sched_clock_stable);
>                -->static_key_disable_cpuslocked()
>                  -->arch_jump_label_transform_apply()
>                    -->text_poke_finish()
>                      -->text_poke_flush()
>                        -->text_poke_bp_batch()
>                          -->text_poke_sync()
>                            -->on_each_cpu()
>                              -->on_each_cpu_cond_mask()
>                                -->smp_call_function_many_cond()
> 

> [Jun21 23:09] Linux version 5.19.0-rc2+ (root@hp-dl585g7-01.rhts.eng.pek2.redhat.com) (gcc (GCC) 11.2.1 20220127 (Red Hat 11.2.1-9), GNU ld version 2.35.2-17.el9) #7 SMP PREEMPT_DYNAMIC Sat Jun 18 09:47:32 EDT 2022
> [  +0.000000] Command line: BOOT_IMAGE=(hd0,msdos1)/vmlinuz-5.19.0-rc2+ root=/dev/mapper/rhel_hp--dl585g7--01-root ro crashkernel=512M resume=/dev/mapper/rhel_hp--dl585g7--01-swap rd.lvm.lv=rhel_hp-dl585g7-01/root rd.lvm.lv=rhel_hp-dl585g7-01/swap console=ttyS1,115200n81
> [  +0.000000] x86/fpu: Supporting XSAVE feature 0x001: 'x87 floating point registers'
> [  +0.000000] x86/fpu: Supporting XSAVE feature 0x002: 'SSE registers'
> [  +0.000000] x86/fpu: Supporting XSAVE feature 0x004: 'AVX registers'
> [  +0.000000] x86/fpu: xstate_offset[2]:  576, xstate_sizes[2]:  256
> [  +0.000000] x86/fpu: Enabled xstate features 0x7, context size is 832 bytes, using 'standard' format.
> [  +0.000000] signal: max sigframe size: 1776
> [  +0.000000] BIOS-provided physical RAM map:
> [  +0.000000] BIOS-e820: [mem 0x0000000000000000-0x000000000009bfff] usable
> [  +0.000000] BIOS-e820: [mem 0x000000000009c000-0x000000000009ffff] reserved
> [  +0.000000] BIOS-e820: [mem 0x00000000000f0000-0x00000000000fffff] reserved
> [  +0.000000] BIOS-e820: [mem 0x0000000000100000-0x00000000bde0dfff] usable
> [  +0.000000] BIOS-e820: [mem 0x00000000bde0e000-0x00000000bde4dfff] ACPI data
> [  +0.000000] BIOS-e820: [mem 0x00000000bde4e000-0x00000000bde4efff] usable
> [  +0.000000] BIOS-e820: [mem 0x00000000bde4f000-0x00000000cfffffff] reserved
> [  +0.000000] BIOS-e820: [mem 0x00000000fec00000-0x00000000fee0ffff] reserved
> [  +0.000000] BIOS-e820: [mem 0x00000000ff800000-0x00000000ffffffff] reserved
> [  +0.000000] BIOS-e820: [mem 0x0000000100000000-0x000000fcfeffefff] usable
> [  +0.000000] NX (Execute Disable) protection: active
> [  +0.000000] SMBIOS 2.7 present.
> [  +0.000000] DMI: HP ProLiant DL585 G7, BIOS A16 06/04/2013
> [  +0.000000] tsc: Fast TSC calibration using PIT
> [  +0.000000] tsc: Detected 2593.537 MHz processor
> [  +0.000000] e820: update [mem 0x00000000-0x00000fff] usable ==> reserved
> [  +0.000006] e820: remove [mem 0x000a0000-0x000fffff] usable
> [  +0.000010] last_pfn = 0xfcfefff max_arch_pfn = 0x400000000
> [  +0.004913] x86/PAT: Configuration [0-7]: WB  WC  UC- UC  WB  WP  UC- WT  
> [  +0.000804] e820: update [mem 0xc0000000-0xffffffff] usable ==> reserved
> [  +0.000024] last_pfn = 0xbde4f max_arch_pfn = 0x400000000
> [  +0.002686] found SMP MP-table at [mem 0x000f4f60-0x000f4f6f]
> [  +0.000042] Using GB pages for direct mapping
> [  +0.000791] RAMDISK: [mem 0x313e6000-0x349eafff]
> [  +0.000007] ACPI: Early table checksum verification disabled
> [  +0.000008] ACPI: RSDP 0x00000000000F4EE0 000024 (v02 HP    )
> [  +0.000008] ACPI: XSDT 0x00000000BDE117C0 0000BC (v01 HP     ProLiant 00000002 \xd2?   0000162E)
> [  +0.000010] ACPI: FACP 0x00000000BDE118C0 0000F4 (v03 HP     ProLiant 00000002 \xd2?   0000162E)
> [  +0.000010] ACPI: DSDT 0x00000000BDE119C0 00CD60 (v01 HP     DSDT     00000001 INTL 20061109)
> [  +0.000007] ACPI: FACS 0x00000000BDE0E140 000040
> [  +0.000005] ACPI: FACS 0x00000000BDE0E140 000040
> [  +0.000005] ACPI: SPCR 0x00000000BDE0E180 000050 (v01 HP     SPCRRBSU 00000001 \xd2?   0000162E)
> [  +0.000006] ACPI: MCFG 0x00000000BDE0E200 00003C (v01 HP     ProLiant 00000001      00000000)
> [  +0.000006] ACPI: HPET 0x00000000BDE0E240 000038 (v01 HP     ProLiant 00000002 \xd2?   0000162E)
> [  +0.000006] ACPI: SPMI 0x00000000BDE0E280 000040 (v05 HP     ProLiant 00000001 \xd2?   0000162E)
> [  +0.000006] ACPI: ERST 0x00000000BDE0E2C0 0001D0 (v01 HP     ProLiant 00000001 \xd2?   0000162E)
> [  +0.000006] ACPI: APIC 0x00000000BDE0E4C0 0001EA (v01 HP     ProLiant 00000002      00000000)
> [  +0.000006] ACPI: SRAT 0x00000000BDE0E7C0 0004C0 (v02 AMD    AGESA    00000001 AMD  00000001)
> [  +0.000006] ACPI: FFFF 0x00000000BDE0EFC0 000176 (v01 HP     ProLiant 00000001 \xd2?   0000162E)
> [  +0.000005] ACPI: BERT 0x00000000BDE0F140 000030 (v01 HP     ProLiant 00000001 \xd2?   0000162E)
> [  +0.000006] ACPI: HEST 0x00000000BDE0F180 00018C (v01 HP     ProLiant 00000001 \xd2?   0000162E)
> [  +0.000005] ACPI: FFFF 0x00000000BDE0F340 000064 (v02 HP     ProLiant 00000002 \xd2?   0000162E)
> [  +0.000005] ACPI: SLIT 0x00000000BDE0F3C0 00006C (v01 AMD    AGESA    00000001 AMD  00000001)
> [  +0.000006] ACPI: FFFF 0x00000000BDE0F7C0 000000 (v00                 00000000      00000000)
> [  +0.000006] ACPI: SSDT 0x00000000BDE1E740 000125 (v03 HP     CRSPCI0  00000002 HP   00000001)
> [  +0.000005] ACPI: SSDT 0x00000000BDE1E880 00BD3D (v03 HP     pci1cmn  00000002 INTL 20090625)
> [  +0.000006] ACPI: SSDT 0x00000000BDE2A5C0 000076 (v03 HP     CRSPCI1  00000002 HP   00000001)
> [  +0.000005] ACPI: SSDT 0x00000000BDE2A640 000377 (v01 HP     pmab     00000001 INTL 20090625)
> [  +0.000006] ACPI: SSDT 0x00000000BDE2A9C0 001164 (v02 AMD    POWERNOW 00000001 AMD  00000001)
> [  +0.000005] ACPI: Reserving FACP table memory at [mem 0xbde118c0-0xbde119b3]
> [  +0.000002] ACPI: Reserving DSDT table memory at [mem 0xbde119c0-0xbde1e71f]
> [  +0.000002] ACPI: Reserving FACS table memory at [mem 0xbde0e140-0xbde0e17f]
> [  +0.000002] ACPI: Reserving FACS table memory at [mem 0xbde0e140-0xbde0e17f]
> [  +0.000002] ACPI: Reserving SPCR table memory at [mem 0xbde0e180-0xbde0e1cf]
> [  +0.000002] ACPI: Reserving MCFG table memory at [mem 0xbde0e200-0xbde0e23b]
> [  +0.000002] ACPI: Reserving HPET table memory at [mem 0xbde0e240-0xbde0e277]
> [  +0.000002] ACPI: Reserving SPMI table memory at [mem 0xbde0e280-0xbde0e2bf]
> [  +0.000001] ACPI: Reserving ERST table memory at [mem 0xbde0e2c0-0xbde0e48f]
> [  +0.000002] ACPI: Reserving APIC table memory at [mem 0xbde0e4c0-0xbde0e6a9]
> [  +0.000002] ACPI: Reserving SRAT table memory at [mem 0xbde0e7c0-0xbde0ec7f]
> [  +0.000002] ACPI: Reserving FFFF table memory at [mem 0xbde0efc0-0xbde0f135]
> [  +0.000002] ACPI: Reserving BERT table memory at [mem 0xbde0f140-0xbde0f16f]
> [  +0.000002] ACPI: Reserving HEST table memory at [mem 0xbde0f180-0xbde0f30b]
> [  +0.000001] ACPI: Reserving FFFF table memory at [mem 0xbde0f340-0xbde0f3a3]
> [  +0.000002] ACPI: Reserving SLIT table memory at [mem 0xbde0f3c0-0xbde0f42b]
> [  +0.000065] SRAT: PXM 0 -> APIC 0x20 -> Node 0
> [  +0.000003] SRAT: PXM 0 -> APIC 0x21 -> Node 0
> [  +0.000002] SRAT: PXM 0 -> APIC 0x22 -> Node 0
> [  +0.000001] SRAT: PXM 0 -> APIC 0x23 -> Node 0
> [  +0.000002] SRAT: PXM 0 -> APIC 0x24 -> Node 0
> [  +0.000002] SRAT: PXM 0 -> APIC 0x25 -> Node 0
> [  +0.000002] SRAT: PXM 1 -> APIC 0x26 -> Node 1
> [  +0.000002] SRAT: PXM 1 -> APIC 0x27 -> Node 1
> [  +0.000001] SRAT: PXM 1 -> APIC 0x28 -> Node 1
> [  +0.000003] SRAT: PXM 1 -> APIC 0x29 -> Node 1
> [  +0.000002] SRAT: PXM 1 -> APIC 0x2a -> Node 1
> [  +0.000002] SRAT: PXM 1 -> APIC 0x2b -> Node 1
> [  +0.000002] SRAT: PXM 2 -> APIC 0x40 -> Node 2
> [  +0.000002] SRAT: PXM 2 -> APIC 0x41 -> Node 2
> [  +0.000002] SRAT: PXM 2 -> APIC 0x42 -> Node 2
> [  +0.000002] SRAT: PXM 2 -> APIC 0x43 -> Node 2
> [  +0.000001] SRAT: PXM 2 -> APIC 0x44 -> Node 2
> [  +0.000002] SRAT: PXM 2 -> APIC 0x45 -> Node 2
> [  +0.000002] SRAT: PXM 3 -> APIC 0x46 -> Node 3
> [  +0.000002] SRAT: PXM 3 -> APIC 0x47 -> Node 3
> [  +0.000002] SRAT: PXM 3 -> APIC 0x48 -> Node 3
> [  +0.000002] SRAT: PXM 3 -> APIC 0x49 -> Node 3
> [  +0.000002] SRAT: PXM 3 -> APIC 0x4a -> Node 3
> [  +0.000002] SRAT: PXM 3 -> APIC 0x4b -> Node 3
> [  +0.000002] SRAT: PXM 4 -> APIC 0x60 -> Node 4
> [  +0.000002] SRAT: PXM 4 -> APIC 0x61 -> Node 4
> [  +0.000002] SRAT: PXM 4 -> APIC 0x62 -> Node 4
> [  +0.000002] SRAT: PXM 4 -> APIC 0x63 -> Node 4
> [  +0.000002] SRAT: PXM 4 -> APIC 0x64 -> Node 4
> [  +0.000002] SRAT: PXM 4 -> APIC 0x65 -> Node 4
> [  +0.000002] SRAT: PXM 5 -> APIC 0x66 -> Node 5
> [  +0.000002] SRAT: PXM 5 -> APIC 0x67 -> Node 5
> [  +0.000002] SRAT: PXM 5 -> APIC 0x68 -> Node 5
> [  +0.000002] SRAT: PXM 5 -> APIC 0x69 -> Node 5
> [  +0.000002] SRAT: PXM 5 -> APIC 0x6a -> Node 5
> [  +0.000001] SRAT: PXM 5 -> APIC 0x6b -> Node 5
> [  +0.000002] SRAT: PXM 6 -> APIC 0x86 -> Node 6
> [  +0.000002] SRAT: PXM 6 -> APIC 0x87 -> Node 6
> [  +0.000002] SRAT: PXM 6 -> APIC 0x88 -> Node 6
> [  +0.000002] SRAT: PXM 6 -> APIC 0x89 -> Node 6
> [  +0.000002] SRAT: PXM 6 -> APIC 0x8a -> Node 6
> [  +0.000002] SRAT: PXM 6 -> APIC 0x8b -> Node 6
> [  +0.000002] SRAT: PXM 7 -> APIC 0x80 -> Node 7
> [  +0.000002] SRAT: PXM 7 -> APIC 0x81 -> Node 7
> [  +0.000002] SRAT: PXM 7 -> APIC 0x82 -> Node 7
> [  +0.000001] SRAT: PXM 7 -> APIC 0x83 -> Node 7
> [  +0.000002] SRAT: PXM 7 -> APIC 0x84 -> Node 7
> [  +0.000002] SRAT: PXM 7 -> APIC 0x85 -> Node 7
> [  +0.000004] ACPI: SRAT: Node 0 PXM 0 [mem 0x00000000-0x0009ffff]
> [  +0.000003] ACPI: SRAT: Node 0 PXM 0 [mem 0x00100000-0xbfffffff]
> [  +0.000003] ACPI: SRAT: Node 0 PXM 0 [mem 0x100000000-0x203fffffff]
> [  +0.000002] ACPI: SRAT: Node 1 PXM 1 [mem 0x2040000000-0x403fffffff]
> [  +0.000002] ACPI: SRAT: Node 2 PXM 2 [mem 0x4040000000-0x603fffffff]
> [  +0.000003] ACPI: SRAT: Node 3 PXM 3 [mem 0x6040000000-0x803fffffff]
> [  +0.000002] ACPI: SRAT: Node 4 PXM 4 [mem 0x8040000000-0xa03fffffff]
> [  +0.000002] ACPI: SRAT: Node 5 PXM 5 [mem 0xa040000000-0xc03fffffff]
> [  +0.000002] ACPI: SRAT: Node 6 PXM 6 [mem 0xc040000000-0xe03fffffff]
> [  +0.000002] ACPI: SRAT: Node 7 PXM 7 [mem 0xe040000000-0xfcfeffffff]
> [  +0.000008] NUMA: Initialized distance table, cnt=8
> [  +0.000007] NUMA: Node 0 [mem 0x00000000-0x0009ffff] + [mem 0x00100000-0xbfffffff] -> [mem 0x00000000-0xbfffffff]
> [  +0.000004] NUMA: Node 0 [mem 0x00000000-0xbfffffff] + [mem 0x100000000-0x203fffffff] -> [mem 0x00000000-0x203fffffff]
> [  +0.000020] NODE_DATA(0) allocated [mem 0x203ffd5000-0x203fffffff]
> [  +0.000033] NODE_DATA(1) allocated [mem 0x403ffd5000-0x403fffffff]
> [  +0.000039] NODE_DATA(2) allocated [mem 0x603ffd5000-0x603fffffff]
> [  +0.000045] NODE_DATA(3) allocated [mem 0x803ffd5000-0x803fffffff]
> [  +0.000058] NODE_DATA(4) allocated [mem 0xa03ffd5000-0xa03fffffff]
> [  +0.000059] NODE_DATA(5) allocated [mem 0xc03ffd5000-0xc03fffffff]
> [  +0.000058] NODE_DATA(6) allocated [mem 0xe03ffd5000-0xe03fffffff]
> [  +0.000051] NODE_DATA(7) allocated [mem 0xfcfefd3000-0xfcfeffdfff]
> [  +0.000240] Reserving 512MB of memory at 2512MB for crashkernel (System RAM: 1035213MB)
> [  +0.002574] Zone ranges:
> [  +0.000001]   DMA      [mem 0x0000000000001000-0x0000000000ffffff]
> [  +0.000004]   DMA32    [mem 0x0000000001000000-0x00000000ffffffff]
> [  +0.000004]   Normal   [mem 0x0000000100000000-0x000000fcfeffefff]
> [  +0.000003]   Device   empty
> [  +0.000002] Movable zone start for each node
> [  +0.000005] Early memory node ranges
> [  +0.000001]   node   0: [mem 0x0000000000001000-0x000000000009bfff]
> [  +0.000002]   node   0: [mem 0x0000000000100000-0x00000000bde0dfff]
> [  +0.000003]   node   0: [mem 0x00000000bde4e000-0x00000000bde4efff]
> [  +0.000002]   node   0: [mem 0x0000000100000000-0x000000203fffffff]
> [  +0.000016]   node   1: [mem 0x0000002040000000-0x000000403fffffff]
> [  +0.000015]   node   2: [mem 0x0000004040000000-0x000000603fffffff]
> [  +0.000016]   node   3: [mem 0x0000006040000000-0x000000803fffffff]
> [  +0.000016]   node   4: [mem 0x0000008040000000-0x000000a03fffffff]
> [  +0.000015]   node   5: [mem 0x000000a040000000-0x000000c03fffffff]
> [  +0.000016]   node   6: [mem 0x000000c040000000-0x000000e03fffffff]
> [  +0.000016]   node   7: [mem 0x000000e040000000-0x000000fcfeffefff]
> [  +0.000015] Initmem setup node 0 [mem 0x0000000000001000-0x000000203fffffff]
> [  +0.000008] Initmem setup node 1 [mem 0x0000002040000000-0x000000403fffffff]
> [  +0.000004] Initmem setup node 2 [mem 0x0000004040000000-0x000000603fffffff]
> [  +0.000003] Initmem setup node 3 [mem 0x0000006040000000-0x000000803fffffff]
> [  +0.000004] Initmem setup node 4 [mem 0x0000008040000000-0x000000a03fffffff]
> [  +0.000004] Initmem setup node 5 [mem 0x000000a040000000-0x000000c03fffffff]
> [  +0.000003] Initmem setup node 6 [mem 0x000000c040000000-0x000000e03fffffff]
> [  +0.000004] Initmem setup node 7 [mem 0x000000e040000000-0x000000fcfeffefff]
> [  +0.000007] On node 0, zone DMA: 1 pages in unavailable ranges
> [  +0.000055] On node 0, zone DMA: 100 pages in unavailable ranges
> [  +0.011593] On node 0, zone DMA32: 64 pages in unavailable ranges
> [  +0.000707] On node 0, zone Normal: 8625 pages in unavailable ranges
> [  +0.005447] On node 7, zone Normal: 4097 pages in unavailable ranges
> [  +0.000247] ACPI: PM-Timer IO Port: 0x920
> [  +0.000022] ACPI: LAPIC_NMI (acpi_id[0xff] dfl dfl lint[0x1])
> [  +0.000034] IOAPIC[0]: apic_id 8, version 33, address 0xfec00000, GSI 0-23
> [  +0.000006] IOAPIC[1]: apic_id 9, version 33, address 0xdfffc000, GSI 24-55
> [  +0.000006] IOAPIC[2]: apic_id 10, version 33, address 0xfddfc000, GSI 56-87
> [  +0.000004] ACPI: INT_SRC_OVR (bus 0 bus_irq 0 global_irq 2 high edge)
> [  +0.000005] ACPI: INT_SRC_OVR (bus 0 bus_irq 9 global_irq 9 low level)
> [  +0.000007] ACPI: Using ACPI (MADT) for SMP configuration information
> [  +0.000002] ACPI: HPET id: 0x1166a201 base: 0xfed00000
> [  +0.000009] ACPI: SPCR: SPCR table version 1
> [  +0.000002] ACPI: SPCR: Unexpected SPCR Access Width.  Defaulting to byte size
> [  +0.000003] ACPI: SPCR: console: uart,mmio,0x0,9600
> [  +0.000003] smpboot: Allowing 48 CPUs, 0 hotplug CPUs
> [  +0.000033] PM: hibernation: Registered nosave memory: [mem 0x00000000-0x00000fff]
> [  +0.000003] PM: hibernation: Registered nosave memory: [mem 0x0009c000-0x0009ffff]
> [  +0.000002] PM: hibernation: Registered nosave memory: [mem 0x000a0000-0x000effff]
> [  +0.000002] PM: hibernation: Registered nosave memory: [mem 0x000f0000-0x000fffff]
> [  +0.000003] PM: hibernation: Registered nosave memory: [mem 0xbde0e000-0xbde4dfff]
> [  +0.000003] PM: hibernation: Registered nosave memory: [mem 0xbde4f000-0xcfffffff]
> [  +0.000002] PM: hibernation: Registered nosave memory: [mem 0xd0000000-0xfebfffff]
> [  +0.000001] PM: hibernation: Registered nosave memory: [mem 0xfec00000-0xfee0ffff]
> [  +0.000002] PM: hibernation: Registered nosave memory: [mem 0xfee10000-0xff7fffff]
> [  +0.000001] PM: hibernation: Registered nosave memory: [mem 0xff800000-0xffffffff]
> [  +0.000005] [mem 0xd0000000-0xfebfffff] available for PCI devices
> [  +0.000002] Booting paravirtualized kernel on bare hardware
> [  +0.000006] clocksource: refined-jiffies: mask: 0xffffffff max_cycles: 0xffffffff, max_idle_ns: 1910969940391419 ns
> [  +0.006064] setup_percpu: NR_CPUS:8192 nr_cpumask_bits:48 nr_cpu_ids:48 nr_node_ids:8
> [  +0.008340] percpu: Embedded 62 pages/cpu s217088 r8192 d28672 u262144
> [  +0.000027] pcpu-alloc: s217088 r8192 d28672 u262144 alloc=1*2097152
> [  +0.000007] pcpu-alloc: [0] 00 04 08 12 16 20 -- -- [1] 01 05 09 13 17 21 -- -- 
> [  +0.000022] pcpu-alloc: [2] 02 06 10 14 18 22 -- -- [3] 03 07 11 15 19 23 -- -- 
> [  +0.000020] pcpu-alloc: [4] 24 28 32 36 40 44 -- -- [5] 25 29 33 37 41 45 -- -- 
> [  +0.000019] pcpu-alloc: [6] 26 30 34 38 42 46 -- -- [7] 27 31 35 39 43 47 -- -- 
> [  +0.000126] Fallback order for Node 0: 0 1 2 4 5 3 6 7 
> [  +0.000023] Fallback order for Node 1: 1 2 6 0 4 5 7 3 
> [  +0.000012] Fallback order for Node 2: 2 7 3 0 1 5 6 4 
> [  +0.000013] Fallback order for Node 3: 3 5 7 2 6 4 0 1 
> [  +0.000012] Fallback order for Node 4: 4 6 7 5 0 1 2 3 
> [  +0.000012] Fallback order for Node 5: 5 0 3 4 7 6 2 1 
> [  +0.000012] Fallback order for Node 6: 6 7 4 1 0 2 3 5 
> [  +0.000012] Fallback order for Node 7: 7 2 3 4 6 0 1 5 
> [  +0.000025] Built 8 zonelists, mobility grouping on.  Total pages: 260873685
> [  +0.000003] Policy zone: Normal
> [  +0.000011] Kernel command line: BOOT_IMAGE=(hd0,msdos1)/vmlinuz-5.19.0-rc2+ root=/dev/mapper/rhel_hp--dl585g7--01-root ro crashkernel=512M resume=/dev/mapper/rhel_hp--dl585g7--01-swap rd.lvm.lv=rhel_hp-dl585g7-01/root rd.lvm.lv=rhel_hp-dl585g7-01/swap console=ttyS1,115200n81
> [  +0.000139] Unknown kernel command line parameters "BOOT_IMAGE=(hd0,msdos1)/vmlinuz-5.19.0-rc2+", will be passed to user space.
> [  +0.000269] mem auto-init: stack:off, heap alloc:off, heap free:off
> [  +1.846500] Memory: 3513124K/1060058788K available (14342K kernel code, 6117K rwdata, 5020K rodata, 2572K init, 17352K bss, 17278068K reserved, 0K cma-reserved)
> [  +0.001505] SLUB: HWalign=64, Order=0-3, MinObjects=0, CPUs=48, Nodes=8
> [  +0.000097] ftrace: allocating 43912 entries in 172 pages
> [  +0.013110] ftrace: allocated 172 pages with 4 groups
> [  +0.002299] Dynamic Preempt: voluntary
> [  +0.000484] Running RCU self tests
> [  +0.000028] rcu: Preemptible hierarchical RCU implementation.
> [  +0.000002] rcu: 	RCU lockdep checking is enabled.
> [  +0.000002] rcu: 	RCU restricting CPUs from NR_CPUS=8192 to nr_cpu_ids=48.
> [  +0.000003] 	Trampoline variant of Tasks RCU enabled.
> [  +0.000001] 	Rude variant of Tasks RCU enabled.
> [  +0.000001] 	Tracing variant of Tasks RCU enabled.
> [  +0.000002] rcu: RCU calculated value of scheduler-enlistment delay is 100 jiffies.
> [  +0.000002] rcu: Adjusting geometry for rcu_fanout_leaf=16, nr_cpu_ids=48
> [  +0.007197] NR_IRQS: 524544, nr_irqs: 1896, preallocated irqs: 16
> [  +0.000375] rcu: srcu_init: Setting srcu_struct sizes based on contention.
> [  +0.006731] Console: colour VGA+ 80x25
> [  +5.845868] printk: console [ttyS1] enabled
> [  +0.001898] Lock dependency validator: Copyright (c) 2006 Red Hat, Inc., Ingo Molnar
> [  +0.004004] ... MAX_LOCKDEP_SUBCLASSES:  8
> [  +0.001854] ... MAX_LOCK_DEPTH:          48
> [  +0.001885] ... MAX_LOCKDEP_KEYS:        8192
> [  +0.001946] ... CLASSHASH_SIZE:          4096
> [  +0.002045] ... MAX_LOCKDEP_ENTRIES:     32768
> [  +0.002002] ... MAX_LOCKDEP_CHAINS:      65536
> [  +0.002039] ... CHAINHASH_SIZE:          32768
> [  +0.001986]  memory used by lock dependency info: 6365 kB
> [  +0.002689]  memory used for stack traces: 4224 kB
> [  +0.501903]  per task-struct memory footprint: 1920 bytes
> [  +0.002701] mempolicy: Enabling automatic NUMA balancing. Configure with numa_balancing= or the kernel.numa_balancing sysctl
> [  +0.005042] ACPI: Core revision 20220331
> [  +0.002390] clocksource: hpet: mask: 0xffffffff max_cycles: 0xffffffff, max_idle_ns: 133484873504 ns
> [  +0.004198] APIC: Switch to symmetric I/O mode setup
> [  +0.002333] Switched APIC routing to physical flat.
> [  +0.003120] ..TIMER: vector=0x30 apic1=0 pin1=2 apic2=-1 pin2=-1
> [  +0.007458] clocksource: tsc-early: mask: 0xffffffffffffffff max_cycles: 0x256262cce24, max_idle_ns: 440795209023 ns
> [  +0.004820] Calibrating delay loop (skipped), value calculated using timer frequency.. 5187.07 BogoMIPS (lpj=2593537)
> [  +0.001001] pid_max: default: 49152 minimum: 384
> [  +0.002063] LSM: Security Framework initializing
> [  +0.001002] Yama: becoming mindful.
> [  +0.000975] SELinux:  Initializing.
> [  +0.001205] LSM support for eBPF active
> [  +0.088292] Dentry cache hash table entries: 33554432 (order: 16, 268435456 bytes, vmalloc hugepage)
> [  +0.044668] Inode-cache hash table entries: 16777216 (order: 15, 134217728 bytes, vmalloc hugepage)
> [  +0.002609] Mount-cache hash table entries: 524288 (order: 10, 4194304 bytes, vmalloc)
> [  +0.002120] Mountpoint-cache hash table entries: 524288 (order: 10, 4194304 bytes, vmalloc)
> [  +0.002952] LVT offset 1 assigned for vector 0xf9
> [  +0.000145] Last level iTLB entries: 4KB 512, 2MB 1024, 4MB 512
> [  +0.000968] Last level dTLB entries: 4KB 1024, 2MB 1024, 4MB 512, 1GB 0
> [  +0.001013] Spectre V1 : Mitigation: usercopy/swapgs barriers and __user pointer sanitization
> [  +0.000989] Spectre V2 : Mitigation: Retpolines
> [  +0.000998] Spectre V2 : Spectre v2 / SpectreRSB mitigation: Filling RSB on context switch
> [  +0.001002] Speculative Store Bypass: Mitigation: Speculative Store Bypass disabled via prctl
> [  +0.003525] Freeing SMP alternatives memory: 36K
> [  +0.103259] smpboot: CPU0: AMD Opteron(tm) Processor 6344 (family: 0x15, model: 0x2, stepping: 0x0)
> [  +0.001688] cblist_init_generic: Setting adjustable number of callback queues.
> [  +0.000526] cblist_init_generic: Setting shift to 6 and lim to 1.
> [  +0.001137] cblist_init_generic: Setting shift to 6 and lim to 1.
> [  +0.000996] cblist_init_generic: Setting shift to 6 and lim to 1.
> [  +0.000954] Running RCU-tasks wait API self tests
> [  +0.111091] Performance Events: Fam15h core perfctr, Broken BIOS detected, complain to your hardware vendor.
> [  +0.000824] [Firmware Bug]: the BIOS has corrupted hw-PMU resources (MSR c0010200 is 430076)
> [  +0.001000] AMD PMU driver.
> [  +0.001010] ... version:                0
> [  +0.000990] ... bit width:              48
> [  +0.001000] ... generic registers:      6
> [  +0.001000] ... value mask:             0000ffffffffffff
> [  +0.001000] ... max period:             00007fffffffffff
> [  +0.001000] ... fixed-purpose events:   0
> [  +0.000999] ... event mask:             000000000000003f
> [  +0.002391] rcu: Hierarchical SRCU implementation.
> [  +0.000075] printk: console [ttyS1] printing thread started
> [  +0.003576] NMI watchdog: Enabled. Permanently consumes one hw-PMU counter.
> [  +0.002050] Callback from call_rcu_tasks_trace() invoked.
> [  +0.004432] smp: Bringing up secondary CPUs ...
> [  +0.002090] x86: Booting SMP configuration:
> [  +0.000002] .... node  #2, CPUs:        #1
> [  -2.325462] smpboot: CPU 1 Converting physical 2 to logical die 1
> 
> [  +2.390220] .... node  #4, CPUs:    #2
> [  -2.390220] smpboot: CPU 2 Converting physical 4 to logical die 2
> [  +2.456969] Callback from call_rcu_tasks_rude() invoked.
> 
> [  +0.000940] .... node  #7, CPUs:    #3
> [  -2.457909] smpboot: CPU 3 Converting physical 7 to logical die 3
> [  +0.000000] calibrate_delay_direct() dropping max bogoMips estimate 0 = 3112480
> 
> [  +2.523911] .... node  #0, CPUs:    #4
> [  +0.004119] .... node  #2, CPUs:    #5
> [  +0.004461] .... node  #4, CPUs:    #6
> [  +0.004490] .... node  #7, CPUs:    #7
> [  +0.004494] .... node  #0, CPUs:    #8
> [  +0.004528] .... node  #2, CPUs:    #9
> [  +0.004331] .... node  #4, CPUs:   #10
> [  +0.004768] .... node  #7, CPUs:   #11
> [  +0.004900] .... node  #0, CPUs:   #12
> [  +0.005169] .... node  #2, CPUs:   #13
> [  +0.001719] Callback from call_rcu_tasks() invoked.
> 
> [  +0.005472] .... node  #4, CPUs:   #14
> [  +0.004151] .... node  #7, CPUs:   #15
> [  +0.004658] .... node  #0, CPUs:   #16
> [  +0.004872] .... node  #2, CPUs:   #17
> [  +0.004975] .... node  #4, CPUs:   #18
> [  +0.005171] .... node  #7, CPUs:   #19
> [  +0.004941] .... node  #0, CPUs:   #20
> [  +0.005042] .... node  #2, CPUs:   #21
> [  +0.005034] .... node  #4, CPUs:   #22
> [  +0.005170] .... node  #7, CPUs:   #23
> [  +0.004815] .... node  #1, CPUs:   #24
> [  -2.621191] smpboot: CPU 24 Converting physical 1 to logical die 4
> 
> [  +2.629439] .... node  #3, CPUs:   #25
> [  -2.629439] smpboot: CPU 25 Converting physical 3 to logical die 5
> 
> [  +2.635410] .... node  #5, CPUs:   #26
> [  -2.635410] smpboot: CPU 26 Converting physical 5 to logical die 6
> 
> [  +2.642486] .... node  #6, CPUs:   #27
> [  -2.642486] smpboot: CPU 27 Converting physical 6 to logical die 7
> 
> [  +2.649341] .... node  #1, CPUs:   #28
> [  +0.004238] .... node  #3, CPUs:   #29
> [  +0.004731] .... node  #5, CPUs:   #30
> [  +0.004679] .... node  #6, CPUs:   #31
> [  +0.005496] .... node  #1, CPUs:   #32
> [  +0.004958] .... node  #3, CPUs:   #33
> [  +0.004951] .... node  #5, CPUs:   #34
> [  +0.005000] .... node  #6, CPUs:   #35
> [  +0.005078] .... node  #1, CPUs:   #36
> [  +0.005079] .... node  #3, CPUs:   #37
> [  +0.004928] .... node  #5, CPUs:   #38
> [  +0.005010] .... node  #6, CPUs:   #39
> [  +0.005008] .... node  #1, CPUs:   #40
> [  +0.005051] .... node  #3, CPUs:   #41
> [  +0.005022] .... node  #5, CPUs:   #42
> [  +0.005002] .... node  #6, CPUs:   #43
> [  +0.004990] .... node  #1, CPUs:   #44
> [  +0.004587] .... node  #3, CPUs:   #45
> [  +0.005456] .... node  #5, CPUs:   #46
> [  +0.004978] .... node  #6, CPUs:   #47
> [  +0.004528] smp: Brought up 8 nodes, 48 CPUs
> [  +0.000004] smpboot: Max logical packages: 4
> [  +0.000011] smpboot: Total of 48 processors activated (248725.34 BogoMIPS)
> [  +0.430956] node 1 deferred pages initialised in 419ms
> [  +0.001011] node 6 deferred pages initialised in 417ms
> [  +0.001903] node 5 deferred pages initialised in 419ms
> [  +0.001467] node 3 deferred pages initialised in 421ms
> [  +0.015617] node 0 deferred pages initialised in 439ms
> [  +0.022104] node 7 deferred pages initialised in 457ms
> [  +0.022865] node 2 deferred pages initialised in 483ms
> [  +0.006875] node 4 deferred pages initialised in 489ms
> [  +0.113126] devtmpfs: initialized
> [  +0.000099] x86/mm: Memory block size: 2048MB
> [  +0.543926] clocksource: jiffies: mask: 0xffffffff max_cycles: 0xffffffff, max_idle_ns: 1911260446275000 ns
> [  +0.000099] futex hash table entries: 16384 (order: 9, 2097152 bytes, vmalloc)
> [  +0.004522] pinctrl core: initialized pinctrl subsystem
> [  +0.011716] NET: Registered PF_NETLINK/PF_ROUTE protocol family
> [  +0.001519] DMA: preallocated 4096 KiB GFP_KERNEL pool for atomic allocations
> [  +0.000063] DMA: preallocated 4096 KiB GFP_KERNEL|GFP_DMA pool for atomic allocations
> [  +0.000052] DMA: preallocated 4096 KiB GFP_KERNEL|GFP_DMA32 pool for atomic allocations
> [  +0.000147] audit: initializing netlink subsys (disabled)
> [  +0.000058] audit: type=2000 audit(1655852948.008:1): state=initialized audit_enabled=0 res=1
> [  +0.002047] thermal_sys: Registered thermal governor 'fair_share'
> [  +0.000008] thermal_sys: Registered thermal governor 'step_wise'
> [  +0.000004] thermal_sys: Registered thermal governor 'user_space'
> [  +0.002644] cpuidle: using governor menu
> [  +0.007168] HugeTLB: can optimize 4095 vmemmap pages for hugepages-1048576kB
> [  +0.000042] ACPI FADT declares the system doesn't support PCIe ASPM, so disable it
> [  +0.000003] acpiphp: ACPI Hot Plug PCI Controller Driver version: 0.5
> [  +0.000955] PCI: MMCONFIG for domain 0000 [bus 00-ff] at [mem 0xc0000000-0xcfffffff] (base 0xc0000000)
> [  +0.000013] PCI: MMCONFIG at [mem 0xc0000000-0xcfffffff] reserved in E820
> [  +0.000077] PCI: Using configuration type 1 for base access
> [  +0.029993] kprobes: kprobe jump-optimization is enabled. All kprobes are optimized if possible.
> [  +0.005635] HugeTLB: can optimize 7 vmemmap pages for hugepages-2048kB
> [  +0.000000] HugeTLB registered 1.00 GiB page size, pre-allocated 0 pages
> [  +0.000000] HugeTLB registered 2.00 MiB page size, pre-allocated 0 pages
> [  +0.005245] cryptd: max_cpu_qlen set to 1000
> [  +0.006504] ACPI: Added _OSI(Module Device)
> [  +0.000005] ACPI: Added _OSI(Processor Device)
> [  +0.000004] ACPI: Added _OSI(3.0 _SCP Extensions)
> [  +0.000005] ACPI: Added _OSI(Processor Aggregator Device)
> [  +0.000007] ACPI: Added _OSI(Linux-Dell-Video)
> [  +0.000007] ACPI: Added _OSI(Linux-Lenovo-NV-HDMI-Audio)
> [  +0.000007] ACPI: Added _OSI(Linux-HPI-Hybrid-Graphics)
> [  +0.152637] ACPI: 6 ACPI AML tables successfully acquired and loaded
> [  +0.130082] ACPI: Interpreter enabled
> [  +0.000072] ACPI: PM: (supports S0 S4 S5)
> [  +0.000014] ACPI: Using IOAPIC for interrupt routing
> [  +0.000217] HEST: Table parsing has been initialized.
> [  +0.000257] GHES: APEI firmware first mode is enabled by WHEA _OSC.
> [  +0.000002] PCI: Using host bridge windows from ACPI; if necessary, use "pci=nocrs" and report a bug
> [  +0.000002] PCI: Using E820 reservations for host bridge windows
> [  +0.179323] ACPI: PCI Root Bridge [PCI0] (domain 0000 [bus 00-3f])
> [  +0.000014] acpi PNP0A08:00: _OSC: OS supports [ExtendedConfig ASPM ClockPM Segments MSI EDR HPX-Type3]
> [  +0.000243] acpi PNP0A08:00: _OSC: platform does not support [PCIeHotplug SHPCHotplug PME AER PCIeCapability LTR DPC]
> [  +0.000003] acpi PNP0A08:00: FADT indicates ASPM is unsupported, using BIOS configuration
> [  +0.002462] PCI host bridge to bus 0000:00
> [  +0.000004] pci_bus 0000:00: root bus resource [mem 0xdff00000-0xfdbfffff window]
> [  +0.000005] pci_bus 0000:00: root bus resource [io  0x1000-0xffff window]
> [  +0.000003] pci_bus 0000:00: root bus resource [io  0x0000-0x03af window]
> [  +0.000003] pci_bus 0000:00: root bus resource [io  0x03e0-0x0cf7 window]
> [  +0.000003] pci_bus 0000:00: root bus resource [io  0x0d00-0x0fff window]
> [  +0.000003] pci_bus 0000:00: root bus resource [mem 0xfed00000-0xfed03fff window]
> [  +0.000003] pci_bus 0000:00: root bus resource [mem 0xfed40000-0xfed44fff window]
> [  +0.000003] pci_bus 0000:00: root bus resource [io  0x03b0-0x03bb window]
> [  +0.000003] pci_bus 0000:00: root bus resource [io  0x03c0-0x03df window]
> [  +0.000002] pci_bus 0000:00: root bus resource [mem 0x000a0000-0x000bffff window]
> [  +0.000004] pci_bus 0000:00: root bus resource [bus 00-3f]
> [  +0.000171] pci 0000:00:00.0: [1002:5a10] type 00 class 0x060000
> [  +0.000440] pci 0000:00:02.0: [1002:5a16] type 01 class 0x060400
> [  +0.000069] pci 0000:00:02.0: enabling Extended Tags
> [  +0.000100] pci 0000:00:02.0: PME# supported from D0 D3hot D3cold
> [  +0.000803] pci 0000:00:04.0: [1002:5a18] type 01 class 0x060400
> [  +0.000070] pci 0000:00:04.0: enabling Extended Tags
> [  +0.000096] pci 0000:00:04.0: PME# supported from D0 D3hot D3cold
> [  +0.000584] pci 0000:00:0a.0: [1002:5a1d] type 01 class 0x060400
> [  +0.000069] pci 0000:00:0a.0: enabling Extended Tags
> [  +0.000099] pci 0000:00:0a.0: PME# supported from D0 D3hot D3cold
> [  +0.000625] pci 0000:00:11.0: [1002:4390] type 00 class 0x01018f
> [  +0.000039] pci 0000:00:11.0: reg 0x10: [io  0x1000-0x1007]
> [  +0.000023] pci 0000:00:11.0: reg 0x14: [io  0x1008-0x100b]
> [  +0.000023] pci 0000:00:11.0: reg 0x18: [io  0x1010-0x1017]
> [  +0.000021] pci 0000:00:11.0: reg 0x1c: [io  0x1018-0x101b]
> [  +0.000020] pci 0000:00:11.0: reg 0x20: [io  0x1020-0x102f]
> [  +0.000020] pci 0000:00:11.0: reg 0x24: [mem 0xed8f0000-0xed8f03ff]
> [  +0.000058] pci 0000:00:11.0: set SATA to AHCI mode
> [  +0.000253] pci 0000:00:12.0: [1002:4397] type 00 class 0x0c0310
> [  +0.000039] pci 0000:00:12.0: reg 0x10: [mem 0xed8e0000-0xed8e0fff]
> [  +0.000422] pci 0000:00:12.1: [1002:4398] type 00 class 0x0c0310
> [  +0.000037] pci 0000:00:12.1: reg 0x10: [mem 0xed8d0000-0xed8d0fff]
> [  +0.000346] pci 0000:00:12.2: [1002:4396] type 00 class 0x0c0320
> [  +0.000038] pci 0000:00:12.2: reg 0x10: [mem 0xed8c0000-0xed8c00ff]
> [  +0.000211] pci 0000:00:12.2: supports D1 D2
> [  +0.000001] pci 0000:00:12.2: PME# supported from D0 D1 D2 D3hot
> [  +0.000360] pci 0000:00:13.0: [1002:4397] type 00 class 0x0c0310
> [  +0.000037] pci 0000:00:13.0: reg 0x10: [mem 0xed8b0000-0xed8b0fff]
> [  +0.000322] pci 0000:00:13.1: [1002:4398] type 00 class 0x0c0310
> [  +0.000040] pci 0000:00:13.1: reg 0x10: [mem 0xed8a0000-0xed8a0fff]
> [  +0.000325] pci 0000:00:13.2: [1002:4396] type 00 class 0x0c0320
> [  +0.000038] pci 0000:00:13.2: reg 0x10: [mem 0xed890000-0xed8900ff]
> [  +0.000292] pci 0000:00:13.2: supports D1 D2
> [  +0.000001] pci 0000:00:13.2: PME# supported from D0 D1 D2 D3hot
> [  +0.000255] pci 0000:00:14.0: [1002:4385] type 00 class 0x0c0500
> [  +0.000771] pci 0000:00:14.1: [1002:439c] type 00 class 0x01018a
> [  +0.000039] pci 0000:00:14.1: reg 0x10: [io  0x01f0-0x01f7]
> [  +0.000022] pci 0000:00:14.1: reg 0x14: [io  0x03f4-0x03f7]
> [  +0.000021] pci 0000:00:14.1: reg 0x18: [io  0x0170-0x0177]
> [  +0.000020] pci 0000:00:14.1: reg 0x1c: [io  0x0374-0x0377]
> [  +0.000020] pci 0000:00:14.1: reg 0x20: [io  0x0500-0x050f]
> [  +0.000048] pci 0000:00:14.1: legacy IDE quirk: reg 0x10: [io  0x01f0-0x01f7]
> [  +0.000002] pci 0000:00:14.1: legacy IDE quirk: reg 0x14: [io  0x03f6]
> [  +0.000002] pci 0000:00:14.1: legacy IDE quirk: reg 0x18: [io  0x0170-0x0177]
> [  +0.000002] pci 0000:00:14.1: legacy IDE quirk: reg 0x1c: [io  0x0376]
> [  +0.000250] pci 0000:00:14.3: [1002:439d] type 00 class 0x060100
> [  +0.000643] pci 0000:00:14.4: [1002:4384] type 01 class 0x060401
> [  +0.000481] pci 0000:00:18.0: [1022:1600] type 00 class 0x060000
> [  +0.000392] pci 0000:00:18.1: [1022:1601] type 00 class 0x060000
> [  +0.000205] pci 0000:00:18.2: [1022:1602] type 00 class 0x060000
> [  +0.000204] pci 0000:00:18.3: [1022:1603] type 00 class 0x060000
> [  +0.000209] pci 0000:00:18.4: [1022:1604] type 00 class 0x060000
> [  +0.000309] pci 0000:00:18.5: [1022:1605] type 00 class 0x060000
> [  +0.000209] pci 0000:00:19.0: [1022:1600] type 00 class 0x060000
> [  +0.000237] pci 0000:00:19.1: [1022:1601] type 00 class 0x060000
> [  +0.000202] pci 0000:00:19.2: [1022:1602] type 00 class 0x060000
> [  +0.000402] pci 0000:00:19.3: [1022:1603] type 00 class 0x060000
> [  +0.000215] pci 0000:00:19.4: [1022:1604] type 00 class 0x060000
> [  +0.000196] pci 0000:00:19.5: [1022:1605] type 00 class 0x060000
> [  +0.000207] pci 0000:00:1a.0: [1022:1600] type 00 class 0x060000
> [  +0.000325] pci 0000:00:1a.1: [1022:1601] type 00 class 0x060000
> [  +0.000200] pci 0000:00:1a.2: [1022:1602] type 00 class 0x060000
> [  +0.000194] pci 0000:00:1a.3: [1022:1603] type 00 class 0x060000
> [  +0.000213] pci 0000:00:1a.4: [1022:1604] type 00 class 0x060000
> [  +0.000351] pci 0000:00:1a.5: [1022:1605] type 00 class 0x060000
> [  +0.000215] pci 0000:00:1b.0: [1022:1600] type 00 class 0x060000
> [  +0.000214] pci 0000:00:1b.1: [1022:1601] type 00 class 0x060000
> [  +0.000220] pci 0000:00:1b.2: [1022:1602] type 00 class 0x060000
> [  +0.000338] pci 0000:00:1b.3: [1022:1603] type 00 class 0x060000
> [  +0.000203] pci 0000:00:1b.4: [1022:1604] type 00 class 0x060000
> [  +0.000199] pci 0000:00:1b.5: [1022:1605] type 00 class 0x060000
> [  +0.000206] pci 0000:00:1c.0: [1022:1600] type 00 class 0x060000
> [  +0.000289] pci 0000:00:1c.1: [1022:1601] type 00 class 0x060000
> [  +0.000300] pci 0000:00:1c.2: [1022:1602] type 00 class 0x060000
> [  +0.000207] pci 0000:00:1c.3: [1022:1603] type 00 class 0x060000
> [  +0.000216] pci 0000:00:1c.4: [1022:1604] type 00 class 0x060000
> [  +0.000259] pci 0000:00:1c.5: [1022:1605] type 00 class 0x060000
> [  +0.000267] pci 0000:00:1d.0: [1022:1600] type 00 class 0x060000
> [  +0.000223] pci 0000:00:1d.1: [1022:1601] type 00 class 0x060000
> [  +0.000201] pci 0000:00:1d.2: [1022:1602] type 00 class 0x060000
> [  +0.000217] pci 0000:00:1d.3: [1022:1603] type 00 class 0x060000
> [  +0.000336] pci 0000:00:1d.4: [1022:1604] type 00 class 0x060000
> [  +0.000203] pci 0000:00:1d.5: [1022:1605] type 00 class 0x060000
> [  +0.000208] pci 0000:00:1e.0: [1022:1600] type 00 class 0x060000
> [  +0.000218] pci 0000:00:1e.1: [1022:1601] type 00 class 0x060000
> [  +0.000328] pci 0000:00:1e.2: [1022:1602] type 00 class 0x060000
> [  +0.000208] pci 0000:00:1e.3: [1022:1603] type 00 class 0x060000
> [  +0.000214] pci 0000:00:1e.4: [1022:1604] type 00 class 0x060000
> [  +0.000203] pci 0000:00:1e.5: [1022:1605] type 00 class 0x060000
> [  +0.000352] pci 0000:00:1f.0: [1022:1600] type 00 class 0x060000
> [  +0.000234] pci 0000:00:1f.1: [1022:1601] type 00 class 0x060000
> [  +0.000193] pci 0000:00:1f.2: [1022:1602] type 00 class 0x060000
> [  +0.000202] pci 0000:00:1f.3: [1022:1603] type 00 class 0x060000
> [  +0.000310] pci 0000:00:1f.4: [1022:1604] type 00 class 0x060000
> [  +0.000218] pci 0000:00:1f.5: [1022:1605] type 00 class 0x060000
> [  +0.000341] pci 0000:04:00.0: [4040:0100] type 00 class 0x020000
> [  +0.000030] pci 0000:04:00.0: reg 0x10: [mem 0xfda00000-0xfdbfffff 64bit]
> [  +0.000044] pci 0000:04:00.0: reg 0x20: [mem 0xfa000000-0xfbffffff 64bit]
> [  +0.000118] pci 0000:04:00.0: PME# supported from D0 D3hot D3cold
> [  +0.000428] pci 0000:04:00.1: [4040:0100] type 00 class 0x020000
> [  +0.000030] pci 0000:04:00.1: reg 0x10: [mem 0xf9e00000-0xf9ffffff 64bit]
> [  +0.000043] pci 0000:04:00.1: reg 0x20: [mem 0xf6000000-0xf7ffffff 64bit]
> [  +0.000118] pci 0000:04:00.1: PME# supported from D0 D3hot D3cold
> [  +0.000270] pci 0000:04:00.2: [4040:0100] type 00 class 0x020000
> [  +0.000030] pci 0000:04:00.2: reg 0x10: [mem 0xf5e00000-0xf5ffffff 64bit]
> [  +0.000044] pci 0000:04:00.2: reg 0x20: [mem 0xf2000000-0xf3ffffff 64bit]
> [  +0.000117] pci 0000:04:00.2: PME# supported from D0 D3hot D3cold
> [  +0.000337] pci 0000:04:00.3: [4040:0100] type 00 class 0x020000
> [  +0.000030] pci 0000:04:00.3: reg 0x10: [mem 0xf1e00000-0xf1ffffff 64bit]
> [  +0.000043] pci 0000:04:00.3: reg 0x20: [mem 0xee000000-0xefffffff 64bit]
> [  +0.000120] pci 0000:04:00.3: PME# supported from D0 D3hot D3cold
> [  +0.000385] pci 0000:00:02.0: PCI bridge to [bus 04]
> [  +0.000011] pci 0000:00:02.0:   bridge window [mem 0xee000000-0xfdbfffff]
> [  +0.000156] pci 0000:03:00.0: [103c:323a] type 00 class 0x010400
> [  +0.000122] pci 0000:03:00.0: reg 0x10: [mem 0xede00000-0xedffffff 64bit]
> [  +0.000028] pci 0000:03:00.0: reg 0x18: [mem 0xeddf0000-0xeddf0fff 64bit]
> [  +0.000017] pci 0000:03:00.0: reg 0x20: [io  0x4000-0x40ff]
> [  +0.000025] pci 0000:03:00.0: reg 0x30: [mem 0x00000000-0x0007ffff pref]
> [  +0.000101] pci 0000:03:00.0: PME# supported from D0
> [  +0.000045] pci 0000:03:00.0: 16.000 Gb/s available PCIe bandwidth, limited by 5.0 GT/s PCIe x4 link at 0000:00:04.0 (capable of 32.000 Gb/s with 5.0 GT/s PCIe x8 link)
> [  +0.000248] pci 0000:00:04.0: PCI bridge to [bus 03]
> [  +0.000009] pci 0000:00:04.0:   bridge window [io  0x4000-0x4fff]
> [  +0.000005] pci 0000:00:04.0:   bridge window [mem 0xedd00000-0xedffffff]
> [  +0.000212] pci 0000:02:00.0: [103c:3306] type 00 class 0x088000
> [  +0.000040] pci 0000:02:00.0: reg 0x10: [io  0x3000-0x30ff]
> [  +0.000023] pci 0000:02:00.0: reg 0x14: [mem 0xedcf0000-0xedcf01ff]
> [  +0.000021] pci 0000:02:00.0: reg 0x18: [io  0x3400-0x34ff]
> [  +0.000709] pci 0000:02:00.2: [103c:3307] type 00 class 0x088000
> [  +0.000040] pci 0000:02:00.2: reg 0x10: [io  0x3800-0x38ff]
> [  +0.000022] pci 0000:02:00.2: reg 0x14: [mem 0xedce0000-0xedce00ff]
> [  +0.000021] pci 0000:02:00.2: reg 0x18: [mem 0xedb00000-0xedbfffff]
> [  +0.000021] pci 0000:02:00.2: reg 0x1c: [mem 0xeda80000-0xedafffff]
> [  +0.000021] pci 0000:02:00.2: reg 0x20: [mem 0xeda70000-0xeda77fff]
> [  +0.000020] pci 0000:02:00.2: reg 0x24: [mem 0xeda60000-0xeda67fff]
> [  +0.000021] pci 0000:02:00.2: reg 0x30: [mem 0x00000000-0x0000ffff pref]
> [  +0.000137] pci 0000:02:00.2: PME# supported from D0 D3hot D3cold
> [  +0.000398] pci 0000:02:00.4: [103c:3300] type 00 class 0x0c0300
> [  +0.000120] pci 0000:02:00.4: reg 0x20: [io  0x3c00-0x3c1f]
> [  +0.002809] pci 0000:00:0a.0: PCI bridge to [bus 02]
> [  +0.000010] pci 0000:00:0a.0:   bridge window [io  0x3000-0x3fff]
> [  +0.000005] pci 0000:00:0a.0:   bridge window [mem 0xeda00000-0xedcfffff]
> [  +0.000034] pci_bus 0000:01: extended config space not accessible
> [  +0.000115] pci 0000:01:03.0: [1002:515e] type 00 class 0x030000
> [  +0.000042] pci 0000:01:03.0: reg 0x10: [mem 0xe0000000-0xe7ffffff pref]
> [  +0.000023] pci 0000:01:03.0: reg 0x14: [io  0x2000-0x20ff]
> [  +0.000023] pci 0000:01:03.0: reg 0x18: [mem 0xed9f0000-0xed9fffff]
> [  +0.000084] pci 0000:01:03.0: reg 0x30: [mem 0x00000000-0x0001ffff pref]
> [  +0.000047] pci 0000:01:03.0: Video device with shadowed ROM at [mem 0x000c0000-0x000dffff]
> [  +0.000061] pci 0000:01:03.0: supports D1 D2
> [  +0.000264] pci 0000:00:14.4: PCI bridge to [bus 01] (subtractive decode)
> [  +0.000008] pci 0000:00:14.4:   bridge window [io  0x2000-0x2fff]
> [  +0.000006] pci 0000:00:14.4:   bridge window [mem 0xed900000-0xed9fffff]
> [  +0.000006] pci 0000:00:14.4:   bridge window [mem 0xe0000000-0xe7ffffff pref]
> [  +0.000003] pci 0000:00:14.4:   bridge window [mem 0xdff00000-0xfdbfffff window] (subtractive decode)
> [  +0.000004] pci 0000:00:14.4:   bridge window [io  0x1000-0xffff window] (subtractive decode)
> [  +0.000003] pci 0000:00:14.4:   bridge window [io  0x0000-0x03af window] (subtractive decode)
> [  +0.000002] pci 0000:00:14.4:   bridge window [io  0x03e0-0x0cf7 window] (subtractive decode)
> [  +0.000003] pci 0000:00:14.4:   bridge window [io  0x0d00-0x0fff window] (subtractive decode)
> [  +0.000003] pci 0000:00:14.4:   bridge window [mem 0xfed00000-0xfed03fff window] (subtractive decode)
> [  +0.000003] pci 0000:00:14.4:   bridge window [mem 0xfed40000-0xfed44fff window] (subtractive decode)
> [  +0.000003] pci 0000:00:14.4:   bridge window [io  0x03b0-0x03bb window] (subtractive decode)
> [  +0.000002] pci 0000:00:14.4:   bridge window [io  0x03c0-0x03df window] (subtractive decode)
> [  +0.000003] pci 0000:00:14.4:   bridge window [mem 0x000a0000-0x000bffff window] (subtractive decode)
> [  +0.002659] ACPI: PCI: Interrupt link I020 configured for IRQ 24
> [  +0.002134] ACPI: PCI: Interrupt link I021 configured for IRQ 25
> [  +0.002206] ACPI: PCI: Interrupt link I022 configured for IRQ 26
> [  +0.002260] ACPI: PCI: Interrupt link I023 configured for IRQ 27
> [  +0.002164] ACPI: PCI: Interrupt link I030 configured for IRQ 28
> [  +0.002181] ACPI: PCI: Interrupt link I031 configured for IRQ 29
> [  +0.002224] ACPI: PCI: Interrupt link I032 configured for IRQ 30
> [  +0.002337] ACPI: PCI: Interrupt link I033 configured for IRQ 31
> [  +0.002151] ACPI: PCI: Interrupt link I040 configured for IRQ 44
> [  +0.002228] ACPI: PCI: Interrupt link I041 configured for IRQ 45
> [  +0.002224] ACPI: PCI: Interrupt link I042 configured for IRQ 46
> [  +0.002367] ACPI: PCI: Interrupt link I043 configured for IRQ 47
> [  +0.002273] ACPI: PCI: Interrupt link I050 configured for IRQ 48
> [  +0.002274] ACPI: PCI: Interrupt link I051 configured for IRQ 49
> [  +0.002257] ACPI: PCI: Interrupt link I052 configured for IRQ 50
> [  +0.002402] ACPI: PCI: Interrupt link I053 configured for IRQ 51
> [  +0.002348] ACPI: PCI: Interrupt link I060 configured for IRQ 47
> [  +0.002212] ACPI: PCI: Interrupt link I061 configured for IRQ 44
> [  +0.002348] ACPI: PCI: Interrupt link I062 configured for IRQ 45
> [  +0.002295] ACPI: PCI: Interrupt link I063 configured for IRQ 46
> [  +0.002314] ACPI: PCI: Interrupt link I070 configured for IRQ 24
> [  +0.002415] ACPI: PCI: Interrupt link I071 configured for IRQ 25
> [  +0.002325] ACPI: PCI: Interrupt link I072 configured for IRQ 26
> [  +0.002400] ACPI: PCI: Interrupt link I073 configured for IRQ 27
> [  +0.000583] ACPI: PCI: Interrupt link I090 configured for IRQ 24
> [  +0.000589] ACPI: PCI: Interrupt link I091 configured for IRQ 24
> [  +0.000514] ACPI: PCI: Interrupt link I092 configured for IRQ 24
> [  +0.000577] ACPI: PCI: Interrupt link I093 configured for IRQ 24
> [  +0.002361] ACPI: PCI: Interrupt link I0A0 configured for IRQ 24
> [  +0.002525] ACPI: PCI: Interrupt link I0A1 configured for IRQ 25
> [  +0.002394] ACPI: PCI: Interrupt link I0A2 configured for IRQ 26
> [  +0.002460] ACPI: PCI: Interrupt link I0A3 configured for IRQ 27
> [  +0.002413] ACPI: PCI: Interrupt link I0B0 configured for IRQ 32
> [  +0.002432] ACPI: PCI: Interrupt link I0B1 configured for IRQ 33
> [  +0.002536] ACPI: PCI: Interrupt link I0B2 configured for IRQ 34
> [  +0.002460] ACPI: PCI: Interrupt link I0B3 configured for IRQ 35
> [  +0.002479] ACPI: PCI: Interrupt link I0C0 configured for IRQ 24
> [  +0.002435] ACPI: PCI: Interrupt link I0C1 configured for IRQ 25
> [  +0.002567] ACPI: PCI: Interrupt link I0C2 configured for IRQ 26
> [  +0.002552] ACPI: PCI: Interrupt link I0C3 configured for IRQ 27
> [  +0.002474] ACPI: PCI: Interrupt link I0D0 configured for IRQ 40
> [  +0.002502] ACPI: PCI: Interrupt link I0D1 configured for IRQ 41
> [  +0.002651] ACPI: PCI: Interrupt link I0D2 configured for IRQ 42
> [  +0.002588] ACPI: PCI: Interrupt link I0D3 configured for IRQ 43
> [  +0.000237] ACPI: PCI: Interrupt link BI02 configured for IRQ 52
> [  +0.000262] ACPI: PCI: Interrupt link BI03 configured for IRQ 52
> [  +0.000296] ACPI: PCI: Interrupt link BI04 configured for IRQ 52
> [  +0.000426] ACPI: PCI: Interrupt link BI05 configured for IRQ 52
> [  +0.000362] ACPI: PCI: Interrupt link BI06 configured for IRQ 54
> [  +0.000461] ACPI: PCI: Interrupt link BI07 configured for IRQ 24
> [  +0.000425] ACPI: PCI: Interrupt link BI08 configured for IRQ 24
> [  +0.000461] ACPI: PCI: Interrupt link BI09 configured for IRQ 24
> [  +0.000641] ACPI: PCI: Interrupt link BI0A configured for IRQ 24
> [  +0.000594] ACPI: PCI: Interrupt link BI0B configured for IRQ 54
> [  +0.000557] ACPI: PCI: Interrupt link BI0C configured for IRQ 54
> [  +0.000690] ACPI: PCI: Interrupt link BI0D configured for IRQ 54
> [  +0.000317] ACPI: PCI: Interrupt link PI20 configured for IRQ 0
> [  +0.000002] ACPI: PCI: Interrupt link PI20 disabled
> [  +0.000462] ACPI: PCI: Interrupt link PI21 configured for IRQ 0
> [  +0.000003] ACPI: PCI: Interrupt link PI21 disabled
> [  +0.000381] ACPI: PCI: Interrupt link PI22 configured for IRQ 0
> [  +0.000001] ACPI: PCI: Interrupt link PI22 disabled
> [  +0.000448] ACPI: PCI: Interrupt link PI23 configured for IRQ 0
> [  +0.000002] ACPI: PCI: Interrupt link PI23 disabled
> [  +0.000379] ACPI: PCI: Interrupt link PI30 configured for IRQ 0
> [  +0.000002] ACPI: PCI: Interrupt link PI30 disabled
> [  +0.000378] ACPI: PCI: Interrupt link PI31 configured for IRQ 0
> [  +0.000002] ACPI: PCI: Interrupt link PI31 disabled
> [  +0.000448] ACPI: PCI: Interrupt link PI32 configured for IRQ 0
> [  +0.000001] ACPI: PCI: Interrupt link PI32 disabled
> [  +0.000376] ACPI: PCI: Interrupt link PI33 configured for IRQ 0
> [  +0.000001] ACPI: PCI: Interrupt link PI33 disabled
> [  +0.000468] ACPI: PCI: Interrupt link PI40 configured for IRQ 0
> [  +0.000002] ACPI: PCI: Interrupt link PI40 disabled
> [  +0.000380] ACPI: PCI: Interrupt link PI41 configured for IRQ 0
> [  +0.000002] ACPI: PCI: Interrupt link PI41 disabled
> [  +0.000376] ACPI: PCI: Interrupt link PI42 configured for IRQ 0
> [  +0.000002] ACPI: PCI: Interrupt link PI42 disabled
> [  +0.000447] ACPI: PCI: Interrupt link PI43 configured for IRQ 0
> [  +0.000001] ACPI: PCI: Interrupt link PI43 disabled
> [  +0.000375] ACPI: PCI: Interrupt link PI50 configured for IRQ 0
> [  +0.000002] ACPI: PCI: Interrupt link PI50 disabled
> [  +0.000454] ACPI: PCI: Interrupt link PI51 configured for IRQ 0
> [  +0.000001] ACPI: PCI: Interrupt link PI51 disabled
> [  +0.000378] ACPI: PCI: Interrupt link PI52 configured for IRQ 0
> [  +0.000002] ACPI: PCI: Interrupt link PI52 disabled
> [  +0.000376] ACPI: PCI: Interrupt link PI53 configured for IRQ 0
> [  +0.000001] ACPI: PCI: Interrupt link PI53 disabled
> [  +0.000459] ACPI: PCI: Interrupt link PI60 configured for IRQ 0
> [  +0.000002] ACPI: PCI: Interrupt link PI60 disabled
> [  +0.000375] ACPI: PCI: Interrupt link PI61 configured for IRQ 0
> [  +0.000003] ACPI: PCI: Interrupt link PI61 disabled
> [  +0.000483] ACPI: PCI: Interrupt link PI62 configured for IRQ 0
> [  +0.000002] ACPI: PCI: Interrupt link PI62 disabled
> [  +0.000377] ACPI: PCI: Interrupt link PI63 configured for IRQ 0
> [  +0.000002] ACPI: PCI: Interrupt link PI63 disabled
> [  +0.000447] ACPI: PCI: Interrupt link PI70 configured for IRQ 0
> [  +0.000002] ACPI: PCI: Interrupt link PI70 disabled
> [  +0.000380] ACPI: PCI: Interrupt link PI71 configured for IRQ 0
> [  +0.000002] ACPI: PCI: Interrupt link PI71 disabled
> [  +0.000377] ACPI: PCI: Interrupt link PI72 configured for IRQ 0
> [  +0.000001] ACPI: PCI: Interrupt link PI72 disabled
> [  +0.000447] ACPI: PCI: Interrupt link PI73 configured for IRQ 0
> [  +0.000001] ACPI: PCI: Interrupt link PI73 disabled
> [  +0.000377] ACPI: PCI: Interrupt link PI90 configured for IRQ 0
> [  +0.000002] ACPI: PCI: Interrupt link PI90 disabled
> [  +0.000457] ACPI: PCI: Interrupt link PI91 configured for IRQ 0
> [  +0.000002] ACPI: PCI: Interrupt link PI91 disabled
> [  +0.000377] ACPI: PCI: Interrupt link PI92 configured for IRQ 0
> [  +0.000002] ACPI: PCI: Interrupt link PI92 disabled
> [  +0.000374] ACPI: PCI: Interrupt link PI93 configured for IRQ 0
> [  +0.000002] ACPI: PCI: Interrupt link PI93 disabled
> [  +0.000496] ACPI: PCI: Interrupt link PIA0 configured for IRQ 0
> [  +0.000002] ACPI: PCI: Interrupt link PIA0 disabled
> [  +0.000374] ACPI: PCI: Interrupt link PIA1 configured for IRQ 0
> [  +0.000002] ACPI: PCI: Interrupt link PIA1 disabled
> [  +0.000451] ACPI: PCI: Interrupt link PIA2 configured for IRQ 0
> [  +0.000002] ACPI: PCI: Interrupt link PIA2 disabled
> [  +0.000378] ACPI: PCI: Interrupt link PIA3 configured for IRQ 0
> [  +0.000002] ACPI: PCI: Interrupt link PIA3 disabled
> [  +0.000376] ACPI: PCI: Interrupt link PIB0 configured for IRQ 0
> [  +0.000002] ACPI: PCI: Interrupt link PIB0 disabled
> [  +0.000456] ACPI: PCI: Interrupt link PIB1 configured for IRQ 0
> [  +0.000002] ACPI: PCI: Interrupt link PIB1 disabled
> [  +0.000378] ACPI: PCI: Interrupt link PIB2 configured for IRQ 0
> [  +0.000001] ACPI: PCI: Interrupt link PIB2 disabled
> [  +0.000434] ACPI: PCI: Interrupt link PIB3 configured for IRQ 0
> [  +0.000001] ACPI: PCI: Interrupt link PIB3 disabled
> [  +0.000377] ACPI: PCI: Interrupt link PIC0 configured for IRQ 0
> [  +0.000002] ACPI: PCI: Interrupt link PIC0 disabled
> [  +0.000469] ACPI: PCI: Interrupt link PIC1 configured for IRQ 0
> [  +0.000002] ACPI: PCI: Interrupt link PIC1 disabled
> [  +0.000385] ACPI: PCI: Interrupt link PIC2 configured for IRQ 0
> [  +0.000002] ACPI: PCI: Interrupt link PIC2 disabled
> [  +0.000375] ACPI: PCI: Interrupt link PIC3 configured for IRQ 0
> [  +0.000002] ACPI: PCI: Interrupt link PIC3 disabled
> [  +0.000447] ACPI: PCI: Interrupt link PID0 configured for IRQ 0
> [  +0.000002] ACPI: PCI: Interrupt link PID0 disabled
> [  +0.000378] ACPI: PCI: Interrupt link PID1 configured for IRQ 0
> [  +0.000002] ACPI: PCI: Interrupt link PID1 disabled
> [  +0.000469] ACPI: PCI: Interrupt link PID2 configured for IRQ 0
> [  +0.000001] ACPI: PCI: Interrupt link PID2 disabled
> [  +0.000378] ACPI: PCI: Interrupt link PID3 configured for IRQ 0
> [  +0.000002] ACPI: PCI: Interrupt link PID3 disabled
> [  +0.000378] ACPI: PCI: Interrupt link PIR2 configured for IRQ 0
> [  +0.000001] ACPI: PCI: Interrupt link PIR2 disabled
> [  +0.000447] ACPI: PCI: Interrupt link PIR3 configured for IRQ 0
> [  +0.000002] ACPI: PCI: Interrupt link PIR3 disabled
> [  +0.000374] ACPI: PCI: Interrupt link PIR4 configured for IRQ 0
> [  +0.000002] ACPI: PCI: Interrupt link PIR4 disabled
> [  +0.000483] ACPI: PCI: Interrupt link PIR5 configured for IRQ 0
> [  +0.000002] ACPI: PCI: Interrupt link PIR5 disabled
> [  +0.000379] ACPI: PCI: Interrupt link PIR6 configured for IRQ 0
> [  +0.000002] ACPI: PCI: Interrupt link PIR6 disabled
> [  +0.000508] ACPI: PCI: Interrupt link PIR7 configured for IRQ 0
> [  +0.000001] ACPI: PCI: Interrupt link PIR7 disabled
> [  +0.000385] ACPI: PCI: Interrupt link PIR8 configured for IRQ 0
> [  +0.000002] ACPI: PCI: Interrupt link PIR8 disabled
> [  +0.000372] ACPI: PCI: Interrupt link PIR9 configured for IRQ 0
> [  +0.000002] ACPI: PCI: Interrupt link PIR9 disabled
> [  +0.000447] ACPI: PCI: Interrupt link PIRA configured for IRQ 0
> [  +0.000001] ACPI: PCI: Interrupt link PIRA disabled
> [  +0.000376] ACPI: PCI: Interrupt link PIRB configured for IRQ 0
> [  +0.000002] ACPI: PCI: Interrupt link PIRB disabled
> [  +0.000442] ACPI: PCI: Interrupt link PIRC configured for IRQ 0
> [  +0.000003] ACPI: PCI: Interrupt link PIRC disabled
> [  +0.000373] ACPI: PCI: Interrupt link PIRD configured for IRQ 0
> [  +0.000001] ACPI: PCI: Interrupt link PIRD disabled
> [  +0.000322] ACPI: PCI: Interrupt link USB1 configured for IRQ 22
> [  +0.000375] ACPI: PCI: Interrupt link USB2 configured for IRQ 23
> [  +0.000310] ACPI: PCI: Interrupt link USB3 configured for IRQ 23
> [  +0.000335] ACPI: PCI: Interrupt link USB4 configured for IRQ 22
> [  +0.000926] ACPI: PCI: Interrupt link U1PI configured for IRQ 0
> [  +0.000945] ACPI: PCI: Interrupt link U2PI configured for IRQ 0
> [  +0.000963] ACPI: PCI: Interrupt link U3PI configured for IRQ 0
> [  +0.001044] ACPI: PCI: Interrupt link U4PI configured for IRQ 0
> [  +0.000188] ACPI: PCI: Interrupt link SATA configured for IRQ 16
> [  +0.000457] ACPI: PCI: Interrupt link SATP configured for IRQ 0
> [  +0.000190] ACPI: PCI: Interrupt link VIDA configured for IRQ 16
> [  +0.000391] ACPI: PCI: Interrupt link VIDP configured for IRQ 0
> [  +0.001220] ACPI: PCI Root Bridge [PCI1] (domain 0000 [bus 40-7f])
> [  +0.000011] acpi PNP0A08:01: _OSC: OS supports [ExtendedConfig ASPM ClockPM Segments MSI EDR HPX-Type3]
> [  +0.000229] acpi PNP0A08:01: _OSC: platform does not support [PCIeHotplug SHPCHotplug PME AER PCIeCapability LTR DPC]
> [  +0.000003] acpi PNP0A08:01: FADT indicates ASPM is unsupported, using BIOS configuration
> [  +0.000016] acpi PNP0A08:01: [Firmware Bug]: no _PXM; falling back to node 7 from hardware (may be inconsistent with ACPI node numbers)
> [  +0.001761] PCI host bridge to bus 0000:40
> [  +0.000003] pci_bus 0000:40: root bus resource [mem 0xfdd00000-0xfdffffff window]
> [  +0.000004] pci_bus 0000:40: root bus resource [bus 40-7f]
> [  +0.000092] pci 0000:40:00.0: [1002:5a10] type 00 class 0x060000
> [  +0.000285] pci 0000:40:0c.0: [1002:5a20] type 01 class 0x060400
> [  +0.000040] pci 0000:40:0c.0: enabling Extended Tags
> [  +0.000063] pci 0000:40:0c.0: PME# supported from D0 D3hot D3cold
> [  +0.001401] pci 0000:47:00.0: [19a2:0710] type 00 class 0x020000
> [  +0.000030] pci 0000:47:00.0: reg 0x10: [mem 0xfdff0000-0xfdff3fff 64bit]
> [  +0.000019] pci 0000:47:00.0: reg 0x18: [mem 0xfdfc0000-0xfdfdffff 64bit]
> [  +0.000018] pci 0000:47:00.0: reg 0x20: [mem 0xfdfa0000-0xfdfbffff 64bit]
> [  +0.000013] pci 0000:47:00.0: reg 0x30: [mem 0x00000000-0x0003ffff pref]
> [  +0.000119] pci 0000:47:00.0: PME# supported from D3hot D3cold
> [  +0.000488] pci 0000:47:00.1: [19a2:0710] type 00 class 0x020000
> [  +0.000029] pci 0000:47:00.1: reg 0x10: [mem 0xfdf90000-0xfdf93fff 64bit]
> [  +0.000020] pci 0000:47:00.1: reg 0x18: [mem 0xfdf60000-0xfdf7ffff 64bit]
> [  +0.000019] pci 0000:47:00.1: reg 0x20: [mem 0xfdf40000-0xfdf5ffff 64bit]
> [  +0.000012] pci 0000:47:00.1: reg 0x30: [mem 0x00000000-0x0003ffff pref]
> [  +0.000118] pci 0000:47:00.1: PME# supported from D3hot D3cold
> [  +0.000587] pci 0000:47:00.2: [19a2:0714] type 00 class 0x0c0400
> [  +0.000029] pci 0000:47:00.2: reg 0x10: [mem 0xfdf30000-0xfdf33fff 64bit]
> [  +0.000019] pci 0000:47:00.2: reg 0x18: [mem 0xfdf00000-0xfdf1ffff 64bit]
> [  +0.000018] pci 0000:47:00.2: reg 0x20: [mem 0xfdee0000-0xfdefffff 64bit]
> [  +0.000013] pci 0000:47:00.2: reg 0x30: [mem 0x00000000-0x0003ffff pref]
> [  +0.000117] pci 0000:47:00.2: PME# supported from D3hot D3cold
> [  +0.000561] pci 0000:47:00.3: [19a2:0714] type 00 class 0x0c0400
> [  +0.000029] pci 0000:47:00.3: reg 0x10: [mem 0xfded0000-0xfded3fff 64bit]
> [  +0.000019] pci 0000:47:00.3: reg 0x18: [mem 0xfdea0000-0xfdebffff 64bit]
> [  +0.000019] pci 0000:47:00.3: reg 0x20: [mem 0xfde80000-0xfde9ffff 64bit]
> [  +0.000013] pci 0000:47:00.3: reg 0x30: [mem 0x00000000-0x0003ffff pref]
> [  +0.000117] pci 0000:47:00.3: PME# supported from D3hot D3cold
> [  +0.003680] pci 0000:40:0c.0: PCI bridge to [bus 47-49]
> [  +0.000010] pci 0000:40:0c.0:   bridge window [mem 0xfde00000-0xfdffffff]
> [  +0.002333] ACPI: PCI: Interrupt link I020 configured for IRQ 56
> [  +0.002158] ACPI: PCI: Interrupt link I021 configured for IRQ 57
> [  +0.002188] ACPI: PCI: Interrupt link I022 configured for IRQ 58
> [  +0.002305] ACPI: PCI: Interrupt link I023 configured for IRQ 59
> [  +0.002139] ACPI: PCI: Interrupt link I030 configured for IRQ 56
> [  +0.002178] ACPI: PCI: Interrupt link I031 configured for IRQ 57
> [  +0.002691] ACPI: PCI: Interrupt link I032 configured for IRQ 58
> [  +0.002230] ACPI: PCI: Interrupt link I033 configured for IRQ 59
> [  +0.002208] ACPI: PCI: Interrupt link I040 configured for IRQ 76
> [  +0.002223] ACPI: PCI: Interrupt link I041 configured for IRQ 77
> [  +0.002550] ACPI: PCI: Interrupt link I042 configured for IRQ 78
> [  +0.002263] ACPI: PCI: Interrupt link I043 configured for IRQ 79
> [  +0.002216] ACPI: PCI: Interrupt link I050 configured for IRQ 80
> [  +0.002315] ACPI: PCI: Interrupt link I051 configured for IRQ 81
> [  +0.002264] ACPI: PCI: Interrupt link I052 configured for IRQ 82
> [  +0.002313] ACPI: PCI: Interrupt link I053 configured for IRQ 83
> [  +0.002399] ACPI: PCI: Interrupt link I060 configured for IRQ 79
> [  +0.002239] ACPI: PCI: Interrupt link I061 configured for IRQ 76
> [  +0.002258] ACPI: PCI: Interrupt link I062 configured for IRQ 77
> [  +0.002397] ACPI: PCI: Interrupt link I063 configured for IRQ 78
> [  +0.002288] ACPI: PCI: Interrupt link I070 configured for IRQ 56
> [  +0.002308] ACPI: PCI: Interrupt link I071 configured for IRQ 57
> [  +0.002439] ACPI: PCI: Interrupt link I072 configured for IRQ 58
> [  +0.002444] ACPI: PCI: Interrupt link I073 configured for IRQ 59
> [  +0.000600] ACPI: PCI: Interrupt link I090 configured for IRQ 24
> [  +0.000514] ACPI: PCI: Interrupt link I091 configured for IRQ 24
> [  +0.000610] ACPI: PCI: Interrupt link I092 configured for IRQ 24
> [  +0.000510] ACPI: PCI: Interrupt link I093 configured for IRQ 24
> [  +0.002415] ACPI: PCI: Interrupt link I0A0 configured for IRQ 56
> [  +0.002383] ACPI: PCI: Interrupt link I0A1 configured for IRQ 57
> [  +0.002797] ACPI: PCI: Interrupt link I0A2 configured for IRQ 58
> [  +0.002424] ACPI: PCI: Interrupt link I0A3 configured for IRQ 59
> [  +0.002439] ACPI: PCI: Interrupt link I0B0 configured for IRQ 64
> [  +0.002414] ACPI: PCI: Interrupt link I0B1 configured for IRQ 65
> [  +0.002497] ACPI: PCI: Interrupt link I0B2 configured for IRQ 66
> [  +0.002470] ACPI: PCI: Interrupt link I0B3 configured for IRQ 67
> [  +0.002471] ACPI: PCI: Interrupt link I0C0 configured for IRQ 68
> [  +0.002432] ACPI: PCI: Interrupt link I0C1 configured for IRQ 69
> [  +0.002547] ACPI: PCI: Interrupt link I0C2 configured for IRQ 70
> [  +0.002499] ACPI: PCI: Interrupt link I0C3 configured for IRQ 71
> [  +0.002497] ACPI: PCI: Interrupt link I0D0 configured for IRQ 72
> [  +0.002477] ACPI: PCI: Interrupt link I0D1 configured for IRQ 73
> [  +0.002553] ACPI: PCI: Interrupt link I0D2 configured for IRQ 74
> [  +0.002553] ACPI: PCI: Interrupt link I0D3 configured for IRQ 75
> [  +0.000228] ACPI: PCI: Interrupt link BI02 configured for IRQ 84
> [  +0.000324] ACPI: PCI: Interrupt link BI03 configured for IRQ 56
> [  +0.000295] ACPI: PCI: Interrupt link BI04 configured for IRQ 56
> [  +0.000326] ACPI: PCI: Interrupt link BI05 configured for IRQ 56
> [  +0.000444] ACPI: PCI: Interrupt link BI06 configured for IRQ 86
> [  +0.000394] ACPI: PCI: Interrupt link BI07 configured for IRQ 56
> [  +0.000514] ACPI: PCI: Interrupt link BI08 configured for IRQ 56
> [  +0.000466] ACPI: PCI: Interrupt link BI09 configured for IRQ 56
> [  +0.000563] ACPI: PCI: Interrupt link BI0A configured for IRQ 56
> [  +0.000520] ACPI: PCI: Interrupt link BI0B configured for IRQ 86
> [  +0.000636] ACPI: PCI: Interrupt link BI0C configured for IRQ 86
> [  +0.000588] ACPI: PCI: Interrupt link BI0D configured for IRQ 86
> [  +0.000388] ACPI: PCI: Interrupt link PI20 configured for IRQ 0
> [  +0.000002] ACPI: PCI: Interrupt link PI20 disabled
> [  +0.000383] ACPI: PCI: Interrupt link PI21 configured for IRQ 0
> [  +0.000002] ACPI: PCI: Interrupt link PI21 disabled
> [  +0.000488] ACPI: PCI: Interrupt link PI22 configured for IRQ 0
> [  +0.000002] ACPI: PCI: Interrupt link PI22 disabled
> [  +0.000382] ACPI: PCI: Interrupt link PI23 configured for IRQ 0
> [  +0.000002] ACPI: PCI: Interrupt link PI23 disabled
> [  +0.000458] ACPI: PCI: Interrupt link PI30 configured for IRQ 0
> [  +0.000002] ACPI: PCI: Interrupt link PI30 disabled
> [  +0.000381] ACPI: PCI: Interrupt link PI31 configured for IRQ 0
> [  +0.000002] ACPI: PCI: Interrupt link PI31 disabled
> [  +0.000381] ACPI: PCI: Interrupt link PI32 configured for IRQ 0
> [  +0.000002] ACPI: PCI: Interrupt link PI32 disabled
> [  +0.000440] ACPI: PCI: Interrupt link PI33 configured for IRQ 0
> [  +0.000002] ACPI: PCI: Interrupt link PI33 disabled
> [  +0.000381] ACPI: PCI: Interrupt link PI40 configured for IRQ 0
> [  +0.000001] ACPI: PCI: Interrupt link PI40 disabled
> [  +0.000468] ACPI: PCI: Interrupt link PI41 configured for IRQ 0
> [  +0.000001] ACPI: PCI: Interrupt link PI41 disabled
> [  +0.000382] ACPI: PCI: Interrupt link PI42 configured for IRQ 0
> [  +0.000002] ACPI: PCI: Interrupt link PI42 disabled
> [  +0.000381] ACPI: PCI: Interrupt link PI43 configured for IRQ 0
> [  +0.000001] ACPI: PCI: Interrupt link PI43 disabled
> [  +0.000485] ACPI: PCI: Interrupt link PI50 configured for IRQ 0
> [  +0.000002] ACPI: PCI: Interrupt link PI50 disabled
> [  +0.000379] ACPI: PCI: Interrupt link PI51 configured for IRQ 0
> [  +0.000002] ACPI: PCI: Interrupt link PI51 disabled
> [  +0.000448] ACPI: PCI: Interrupt link PI52 configured for IRQ 0
> [  +0.000002] ACPI: PCI: Interrupt link PI52 disabled
> [  +0.000376] ACPI: PCI: Interrupt link PI53 configured for IRQ 0
> [  +0.000002] ACPI: PCI: Interrupt link PI53 disabled
> [  +0.000375] ACPI: PCI: Interrupt link PI60 configured for IRQ 0
> [  +0.000002] ACPI: PCI: Interrupt link PI60 disabled
> [  +0.000445] ACPI: PCI: Interrupt link PI61 configured for IRQ 0
> [  +0.000002] ACPI: PCI: Interrupt link PI61 disabled
> [  +0.000380] ACPI: PCI: Interrupt link PI62 configured for IRQ 0
> [  +0.000002] ACPI: PCI: Interrupt link PI62 disabled
> [  +0.000447] ACPI: PCI: Interrupt link PI63 configured for IRQ 0
> [  +0.000002] ACPI: PCI: Interrupt link PI63 disabled
> [  +0.000380] ACPI: PCI: Interrupt link PI70 configured for IRQ 0
> [  +0.000001] ACPI: PCI: Interrupt link PI70 disabled
> [  +0.000469] ACPI: PCI: Interrupt link PI71 configured for IRQ 0
> [  +0.000002] ACPI: PCI: Interrupt link PI71 disabled
> [  +0.000393] ACPI: PCI: Interrupt link PI72 configured for IRQ 0
> [  +0.000002] ACPI: PCI: Interrupt link PI72 disabled
> [  +0.000382] ACPI: PCI: Interrupt link PI73 configured for IRQ 0
> [  +0.000002] ACPI: PCI: Interrupt link PI73 disabled
> [  +0.000449] ACPI: PCI: Interrupt link PI90 configured for IRQ 0
> [  +0.000002] ACPI: PCI: Interrupt link PI90 disabled
> [  +0.000378] ACPI: PCI: Interrupt link PI91 configured for IRQ 0
> [  +0.000002] ACPI: PCI: Interrupt link PI91 disabled
> [  +0.000441] ACPI: PCI: Interrupt link PI92 configured for IRQ 0
> [  +0.000002] ACPI: PCI: Interrupt link PI92 disabled
> [  +0.000390] ACPI: PCI: Interrupt link PI93 configured for IRQ 0
> [  +0.000001] ACPI: PCI: Interrupt link PI93 disabled
> [  +0.000380] ACPI: PCI: Interrupt link PIA0 configured for IRQ 0
> [  +0.000002] ACPI: PCI: Interrupt link PIA0 disabled
> [  +0.000449] ACPI: PCI: Interrupt link PIA1 configured for IRQ 0
> [  +0.000002] ACPI: PCI: Interrupt link PIA1 disabled
> [  +0.000380] ACPI: PCI: Interrupt link PIA2 configured for IRQ 0
> [  +0.000002] ACPI: PCI: Interrupt link PIA2 disabled
> [  +0.000467] ACPI: PCI: Interrupt link PIA3 configured for IRQ 0
> [  +0.000002] ACPI: PCI: Interrupt link PIA3 disabled
> [  +0.000377] ACPI: PCI: Interrupt link PIB0 configured for IRQ 0
> [  +0.000002] ACPI: PCI: Interrupt link PIB0 disabled
> [  +0.000376] ACPI: PCI: Interrupt link PIB1 configured for IRQ 0
> [  +0.000002] ACPI: PCI: Interrupt link PIB1 disabled
> [  +0.000522] ACPI: PCI: Interrupt link PIB2 configured for IRQ 0
> [  +0.000001] ACPI: PCI: Interrupt link PIB2 disabled
> [  +0.000380] ACPI: PCI: Interrupt link PIB3 configured for IRQ 0
> [  +0.000002] ACPI: PCI: Interrupt link PIB3 disabled
> [  +0.000456] ACPI: PCI: Interrupt link PIC0 configured for IRQ 0
> [  +0.000002] ACPI: PCI: Interrupt link PIC0 disabled
> [  +0.000378] ACPI: PCI: Interrupt link PIC1 configured for IRQ 0
> [  +0.000001] ACPI: PCI: Interrupt link PIC1 disabled
> [  +0.000445] ACPI: PCI: Interrupt link PIC2 configured for IRQ 0
> [  +0.000002] ACPI: PCI: Interrupt link PIC2 disabled
> [  +0.000376] ACPI: PCI: Interrupt link PIC3 configured for IRQ 0
> [  +0.000002] ACPI: PCI: Interrupt link PIC3 disabled
> [  +0.000378] ACPI: PCI: Interrupt link PID0 configured for IRQ 0
> [  +0.000001] ACPI: PCI: Interrupt link PID0 disabled
> [  +0.000477] ACPI: PCI: Interrupt link PID1 configured for IRQ 0
> [  +0.000002] ACPI: PCI: Interrupt link PID1 disabled
> [  +0.000377] ACPI: PCI: Interrupt link PID2 configured for IRQ 0
> [  +0.000001] ACPI: PCI: Interrupt link PID2 disabled
> [  +0.000449] ACPI: PCI: Interrupt link PID3 configured for IRQ 0
> [  +0.000001] ACPI: PCI: Interrupt link PID3 disabled
> [  +0.000378] ACPI: PCI: Interrupt link PIR2 configured for IRQ 0
> [  +0.000001] ACPI: PCI: Interrupt link PIR2 disabled
> [  +0.000446] ACPI: PCI: Interrupt link PIR3 configured for IRQ 0
> [  +0.000002] ACPI: PCI: Interrupt link PIR3 disabled
> [  +0.000381] ACPI: PCI: Interrupt link PIR4 configured for IRQ 0
> [  +0.000002] ACPI: PCI: Interrupt link PIR4 disabled
> [  +0.000378] ACPI: PCI: Interrupt link PIR5 configured for IRQ 0
> [  +0.000001] ACPI: PCI: Interrupt link PIR5 disabled
> [  +0.000462] ACPI: PCI: Interrupt link PIR6 configured for IRQ 0
> [  +0.000002] ACPI: PCI: Interrupt link PIR6 disabled
> [  +0.000378] ACPI: PCI: Interrupt link PIR7 configured for IRQ 0
> [  +0.000002] ACPI: PCI: Interrupt link PIR7 disabled
> [  +0.000466] ACPI: PCI: Interrupt link PIR8 configured for IRQ 0
> [  +0.000001] ACPI: PCI: Interrupt link PIR8 disabled
> [  +0.000382] ACPI: PCI: Interrupt link PIR9 configured for IRQ 0
> [  +0.000002] ACPI: PCI: Interrupt link PIR9 disabled
> [  +0.000378] ACPI: PCI: Interrupt link PIRA configured for IRQ 0
> [  +0.000002] ACPI: PCI: Interrupt link PIRA disabled
> [  +0.000452] ACPI: PCI: Interrupt link PIRB configured for IRQ 0
> [  +0.000002] ACPI: PCI: Interrupt link PIRB disabled
> [  +0.000381] ACPI: PCI: Interrupt link PIRC configured for IRQ 0
> [  +0.000002] ACPI: PCI: Interrupt link PIRC disabled
> [  +0.000441] ACPI: PCI: Interrupt link PIRD configured for IRQ 0
> [  +0.000002] ACPI: PCI: Interrupt link PIRD disabled
> [  +0.002031] iommu: Default domain type: Translated 
> [  +0.000000] iommu: DMA domain TLB invalidation policy: lazy mode 
> [  +0.001100] SCSI subsystem initialized
> [  +0.000124] ACPI: bus type USB registered
> [  +0.000142] usbcore: registered new interface driver usbfs
> [  +0.000058] usbcore: registered new interface driver hub
> [  +0.000108] usbcore: registered new device driver usb
> [  +0.000148] pps_core: LinuxPPS API ver. 1 registered
> [  +0.000001] pps_core: Software ver. 5.3.6 - Copyright 2005-2007 Rodolfo Giometti <giometti@linux.it>
> [  +0.000014] PTP clock support registered
> [  +0.000255] EDAC MC: Ver: 3.0.0
> [  +0.002310] NetLabel: Initializing
> [  +0.000001] NetLabel:  domain hash size = 128
> [  +0.000001] NetLabel:  protocols = UNLABELED CIPSOv4 CALIPSO
> [  +0.000072] NetLabel:  unlabeled traffic allowed by default
> [  +0.000001] PCI: Using ACPI for IRQ routing
> [  +0.019602] PCI: pci_cache_line_size set to 64 bytes
> [  +0.000232] e820: reserve RAM buffer [mem 0x0009c000-0x0009ffff]
> [  +0.000004] e820: reserve RAM buffer [mem 0xbde0e000-0xbfffffff]
> [  +0.000003] e820: reserve RAM buffer [mem 0xbde4f000-0xbfffffff]
> [  +0.000002] e820: reserve RAM buffer [mem 0xfcfefff000-0xfcffffffff]
> [  +0.000951] pci 0000:01:03.0: vgaarb: setting as boot VGA device
> [  +0.000000] pci 0000:01:03.0: vgaarb: bridge control possible
> [  +0.000000] pci 0000:01:03.0: vgaarb: VGA device added: decodes=io+mem,owns=io+mem,locks=none
> [  +0.000000] vgaarb: loaded
> [  +0.000750] hpet0: at MMIO 0xfed00000, IRQs 2, 8, 0, 0
> [  +0.000008] hpet0: 4 comparators, 32-bit 14.318180 MHz counter
> [  +0.334122] clocksource: Switched to clocksource tsc-early
> [  +0.002255] VFS: Disk quotas dquot_6.6.0
> [  +0.000072] VFS: Dquot-cache hash table entries: 512 (order 0, 4096 bytes)
> [  +0.000487] pnp: PnP ACPI init
> [  +0.008350] system 00:00: [io  0x0379-0x037a] has been reserved
> [  +0.000005] system 00:00: [io  0x0400-0x043f] has been reserved
> [  +0.000004] system 00:00: [io  0x04d0-0x04d1] has been reserved
> [  +0.000003] system 00:00: [io  0x04d6] has been reserved
> [  +0.000004] system 00:00: [io  0x0520] has been reserved
> [  +0.000003] system 00:00: [io  0x0580-0x059f] has been reserved
> [  +0.000003] system 00:00: [io  0x0600-0x067f] has been reserved
> [  +0.000003] system 00:00: [io  0x0700-0x0703] has been reserved
> [  +0.000003] system 00:00: [io  0x0820-0x082f] has been reserved
> [  +0.000004] system 00:00: [io  0x0900-0x09fe] has been reserved
> [  +0.000003] system 00:00: [io  0x0c06-0x0c07] has been reserved
> [  +0.000003] system 00:00: [io  0x0c14] has been reserved
> [  +0.000003] system 00:00: [io  0x0c4a] has been reserved
> [  +0.000003] system 00:00: [io  0x0c50-0x0c52] has been reserved
> [  +0.000003] system 00:00: [io  0x0c6c] has been reserved
> [  +0.000003] system 00:00: [io  0x0c6f] has been reserved
> [  +0.000003] system 00:00: [io  0x0c80-0x0c83] has been reserved
> [  +0.000003] system 00:00: [io  0x0c90-0x0c9f] has been reserved
> [  +0.000003] system 00:00: [io  0x0ca0-0x0ca5] could not be reserved
> [  +0.000004] system 00:00: [io  0x0cd0-0x0cdf] has been reserved
> [  +0.000003] system 00:00: [io  0x0f50-0x0f58] has been reserved
> [  +0.000003] system 00:00: [io  0x0b00-0x0b3f] has been reserved
> [  +0.000004] system 00:00: [io  0x02f8-0x02ff] has been reserved
> [  +0.000003] system 00:00: [mem 0xc0000000-0xcfffffff] has been reserved
> [  +0.008671] pnp: PnP ACPI: found 5 devices
> [  +0.016997] clocksource: acpi_pm: mask: 0xffffff max_cycles: 0xffffff, max_idle_ns: 2085701024 ns
> [  +0.000330] NET: Registered PF_INET protocol family
> [  +0.000902] IP idents hash table entries: 262144 (order: 9, 2097152 bytes, vmalloc)
> [  +0.005514] tcp_listen_portaddr_hash hash table entries: 65536 (order: 10, 4718592 bytes, vmalloc)
> [  +0.002826] Table-perturb hash table entries: 65536 (order: 6, 262144 bytes, vmalloc)
> [  +0.000239] TCP established hash table entries: 524288 (order: 10, 4194304 bytes, vmalloc)
> [  +0.001898] TCP bind hash table entries: 65536 (order: 10, 4718592 bytes, vmalloc)
> [  +0.002507] TCP: Hash tables configured (established 524288 bind 65536)
> [  +0.002728] MPTCP token hash table entries: 65536 (order: 10, 5767168 bytes, vmalloc)
> [  +0.002365] UDP hash table entries: 65536 (order: 11, 10485760 bytes, vmalloc)
> [  +0.005678] UDP-Lite hash table entries: 65536 (order: 11, 10485760 bytes, vmalloc)
> [  +0.006268] NET: Registered PF_UNIX/PF_LOCAL protocol family
> [  +0.000019] NET: Registered PF_XDP protocol family
> [  +0.000050] pci 0000:00:02.0: PCI bridge to [bus 04]
> [  +0.000010] pci 0000:00:02.0:   bridge window [mem 0xee000000-0xfdbfffff]
> [  +0.000015] pci 0000:03:00.0: BAR 6: assigned [mem 0xedd00000-0xedd7ffff pref]
> [  +0.000004] pci 0000:00:04.0: PCI bridge to [bus 03]
> [  +0.000003] pci 0000:00:04.0:   bridge window [io  0x4000-0x4fff]
> [  +0.000005] pci 0000:00:04.0:   bridge window [mem 0xedd00000-0xedffffff]
> [  +0.000011] pci 0000:02:00.2: BAR 6: assigned [mem 0xeda00000-0xeda0ffff pref]
> [  +0.000004] pci 0000:00:0a.0: PCI bridge to [bus 02]
> [  +0.000002] pci 0000:00:0a.0:   bridge window [io  0x3000-0x3fff]
> [  +0.000005] pci 0000:00:0a.0:   bridge window [mem 0xeda00000-0xedcfffff]
> [  +0.000013] pci 0000:00:14.4: PCI bridge to [bus 01]
> [  +0.000003] pci 0000:00:14.4:   bridge window [io  0x2000-0x2fff]
> [  +0.000008] pci 0000:00:14.4:   bridge window [mem 0xed900000-0xed9fffff]
> [  +0.000005] pci 0000:00:14.4:   bridge window [mem 0xe0000000-0xe7ffffff pref]
> [  +0.000031] pci_bus 0000:00: resource 4 [mem 0xdff00000-0xfdbfffff window]
> [  +0.000002] pci_bus 0000:00: resource 5 [io  0x1000-0xffff window]
> [  +0.000002] pci_bus 0000:00: resource 6 [io  0x0000-0x03af window]
> [  +0.000002] pci_bus 0000:00: resource 7 [io  0x03e0-0x0cf7 window]
> [  +0.000001] pci_bus 0000:00: resource 8 [io  0x0d00-0x0fff window]
> [  +0.000002] pci_bus 0000:00: resource 9 [mem 0xfed00000-0xfed03fff window]
> [  +0.000002] pci_bus 0000:00: resource 10 [mem 0xfed40000-0xfed44fff window]
> [  +0.000001] pci_bus 0000:00: resource 11 [io  0x03b0-0x03bb window]
> [  +0.000002] pci_bus 0000:00: resource 12 [io  0x03c0-0x03df window]
> [  +0.000002] pci_bus 0000:00: resource 13 [mem 0x000a0000-0x000bffff window]
> [  +0.000002] pci_bus 0000:04: resource 1 [mem 0xee000000-0xfdbfffff]
> [  +0.000002] pci_bus 0000:03: resource 0 [io  0x4000-0x4fff]
> [  +0.000002] pci_bus 0000:03: resource 1 [mem 0xedd00000-0xedffffff]
> [  +0.000002] pci_bus 0000:02: resource 0 [io  0x3000-0x3fff]
> [  +0.000001] pci_bus 0000:02: resource 1 [mem 0xeda00000-0xedcfffff]
> [  +0.000002] pci_bus 0000:01: resource 0 [io  0x2000-0x2fff]
> [  +0.000002] pci_bus 0000:01: resource 1 [mem 0xed900000-0xed9fffff]
> [  +0.000001] pci_bus 0000:01: resource 2 [mem 0xe0000000-0xe7ffffff pref]
> [  +0.000002] pci_bus 0000:01: resource 4 [mem 0xdff00000-0xfdbfffff window]
> [  +0.000001] pci_bus 0000:01: resource 5 [io  0x1000-0xffff window]
> [  +0.000002] pci_bus 0000:01: resource 6 [io  0x0000-0x03af window]
> [  +0.000001] pci_bus 0000:01: resource 7 [io  0x03e0-0x0cf7 window]
> [  +0.000002] pci_bus 0000:01: resource 8 [io  0x0d00-0x0fff window]
> [  +0.000001] pci_bus 0000:01: resource 9 [mem 0xfed00000-0xfed03fff window]
> [  +0.000002] pci_bus 0000:01: resource 10 [mem 0xfed40000-0xfed44fff window]
> [  +0.000002] pci_bus 0000:01: resource 11 [io  0x03b0-0x03bb window]
> [  +0.000001] pci_bus 0000:01: resource 12 [io  0x03c0-0x03df window]
> [  +0.000002] pci_bus 0000:01: resource 13 [mem 0x000a0000-0x000bffff window]
> [  +0.000515] pci 0000:47:00.0: BAR 6: assigned [mem 0xfde00000-0xfde3ffff pref]
> [  +0.000004] pci 0000:47:00.1: BAR 6: assigned [mem 0xfde40000-0xfde7ffff pref]
> [  +0.000004] pci 0000:47:00.2: BAR 6: no space for [mem size 0x00040000 pref]
> [  +0.000016] pci 0000:47:00.2: BAR 6: failed to assign [mem size 0x00040000 pref]
> [  +0.000004] pci 0000:47:00.3: BAR 6: no space for [mem size 0x00040000 pref]
> [  +0.000002] pci 0000:47:00.3: BAR 6: failed to assign [mem size 0x00040000 pref]
> [  +0.000003] pci 0000:40:0c.0: PCI bridge to [bus 47-49]
> [  +0.000005] pci 0000:40:0c.0:   bridge window [mem 0xfde00000-0xfdffffff]
> [  +0.000006] pci_bus 0000:40: resource 4 [mem 0xfdd00000-0xfdffffff window]
> [  +0.000002] pci_bus 0000:47: resource 1 [mem 0xfde00000-0xfdffffff]
> [  +0.000957] ACPI: \_SB_.PCI0.USB1: Enabled at IRQ 22
> [  +0.012394] pci 0000:00:12.0: quirk_usb_early_handoff+0x0/0x140 took 12589 usecs
> [  +0.011831] pci 0000:00:12.1: quirk_usb_early_handoff+0x0/0x140 took 11536 usecs
> [  +0.000445] ACPI: \_SB_.PCI0.USB2: Enabled at IRQ 23
> [  +0.011545] pci 0000:00:12.2: quirk_usb_early_handoff+0x0/0x140 took 11690 usecs
> [  +0.000438] ACPI: \_SB_.PCI0.USB3: Enabled at IRQ 23
> [  +0.011569] pci 0000:00:13.0: quirk_usb_early_handoff+0x0/0x140 took 11712 usecs
> [  +0.012000] pci 0000:00:13.1: quirk_usb_early_handoff+0x0/0x140 took 11705 usecs
> [  +0.000469] ACPI: \_SB_.PCI0.USB4: Enabled at IRQ 22
> [  +0.011525] pci 0000:00:13.2: quirk_usb_early_handoff+0x0/0x140 took 11691 usecs
> [  +0.000800] ACPI: \_SB_.PCI0.BI0A: Enabled at IRQ 24
> [  +0.000980] ACPI: \_SB_.PCI0.I061: Enabled at IRQ 44
> [  +0.000219] PCI: CLS 64 bytes, default 64
> [  +0.000090] PCI-DMA: Using software bounce buffering for IO (SWIOTLB)
> [  +0.000001] software IO TLB: mapped [mem 0x0000000099000000-0x000000009d000000] (64MB)
> [  +0.000031] ACPI: bus type thunderbolt registered
> [  +0.000294] LVT offset 0 assigned for vector 0x400
> [  +0.000332] Unpacking initramfs...
> [  +0.153800] perf: AMD IBS detected (0x000000ff)
> [  +0.000337] amd_uncore: 4  amd_nb counters detected
> [  +0.728743] Initialise system trusted keyrings
> [  +0.000163] Key type blacklist registered
> [  +0.002478] workingset: timestamp_bits=36 max_order=28 bucket_order=0
> [  +0.026682] zbud: loaded
> [  +0.489000] tsc: Refined TSC clocksource calibration: 2593.528 MHz
> [  +0.000065] clocksource: tsc: mask: 0xffffffffffffffff max_cycles: 0x25625a45293, max_idle_ns: 440795282137 ns
> [  +0.045326] Freeing initrd memory: 55316K
> [  +0.000182] clocksource: Switched to clocksource tsc
> [  +0.014614] integrity: Platform Keyring initialized
> [  +0.012584] NET: Registered PF_ALG protocol family
> [  +0.000032] xor: automatically using best checksumming function   avx       
> [  +0.000002] Key type asymmetric registered
> [  +0.000013] Asymmetric key parser 'x509' registered
> [  +0.026294] alg: self-tests for CTR-KDF (hmac(sha256)) passed
> [  +0.000089] Block layer SCSI generic (bsg) driver version 0.4 loaded (major 246)
> [  +0.000403] io scheduler mq-deadline registered
> [  +0.000002] io scheduler kyber registered
> [  +0.000329] io scheduler bfq registered
> [  +0.404330] atomic64_test: passed for x86-64 platform with CX8 and with SSE
> [  +0.003814] ACPI: \_SB_.PCI0.BI02: Enabled at IRQ 52
> [  +0.002781] ACPI: \_SB_.PCI0.BI04: Enabled at IRQ 52
> [  +0.002646] ACPI: \_SB_.PCI1.BI0C: Enabled at IRQ 86
> [  +0.001570] shpchp: Standard Hot Plug PCI Controller Driver version: 0.4
> [  +0.002126] input: Power Button as /devices/LNXSYSTM:00/LNXPWRBN:00/input/input0
> [  +0.001165] ACPI: button: Power Button [PWRF]
> [  +0.000227] ACPI: \_SB_.C000: Found 2 idle states
> [  +0.000853] ACPI: \_SB_.C00C: Found 2 idle states
> [  +0.000552] ACPI: \_SB_.C018: Found 2 idle states
> [  +0.000540] ACPI: \_SB_.C024: Found 2 idle states
> [  +0.000549] ACPI: \_SB_.C001: Found 2 idle states
> [  +0.000506] ACPI: \_SB_.C00D: Found 2 idle states
> [  +0.000568] ACPI: \_SB_.C019: Found 2 idle states
> [  +0.000526] ACPI: \_SB_.C025: Found 2 idle states
> [  +0.000567] ACPI: \_SB_.C002: Found 2 idle states
> [  +0.000539] ACPI: \_SB_.C00E: Found 2 idle states
> [  +0.000517] ACPI: \_SB_.C01A: Found 2 idle states
> [  +0.000548] ACPI: \_SB_.C026: Found 2 idle states
> [  +0.000529] ACPI: \_SB_.C003: Found 2 idle states
> [  +0.000639] ACPI: \_SB_.C00F: Found 2 idle states
> [  +0.000510] ACPI: \_SB_.C01B: Found 2 idle states
> [  +0.000549] ACPI: \_SB_.C027: Found 2 idle states
> [  +0.000513] ACPI: \_SB_.C004: Found 2 idle states
> [  +0.000573] ACPI: \_SB_.C010: Found 2 idle states
> [  +0.000517] ACPI: \_SB_.C01C: Found 2 idle states
> [  +0.000903] ACPI: \_SB_.C028: Found 2 idle states
> [  +0.000539] ACPI: \_SB_.C005: Found 2 idle states
> [  +0.000543] ACPI: \_SB_.C011: Found 2 idle states
> [  +0.000550] ACPI: \_SB_.C01D: Found 2 idle states
> [  +0.000558] ACPI: \_SB_.C029: Found 2 idle states
> [  +0.000523] ACPI: \_SB_.C006: Found 2 idle states
> [  +0.000538] ACPI: \_SB_.C012: Found 2 idle states
> [  +0.000516] ACPI: \_SB_.C01E: Found 2 idle states
> [  +0.000570] ACPI: \_SB_.C02A: Found 2 idle states
> [  +0.000533] ACPI: \_SB_.C007: Found 2 idle states
> [  +0.277512] ACPI: \_SB_.C013: Found 2 idle states
> [  +0.000267] ACPI: \_SB_.C01F: Found 2 idle states
> [  +0.000271] ACPI: \_SB_.C02B: Found 2 idle states
> [  +0.000273] ACPI: \_SB_.C008: Found 2 idle states
> [  +0.000264] ACPI: \_SB_.C014: Found 2 idle states
> [  +0.000249] ACPI: \_SB_.C020: Found 2 idle states
> [  +0.000269] ACPI: \_SB_.C02C: Found 2 idle states
> [  +0.000276] ACPI: \_SB_.C009: Found 2 idle states
> [  +0.000270] ACPI: \_SB_.C015: Found 2 idle states
> [  +0.000249] ACPI: \_SB_.C021: Found 2 idle states
> [  +0.000264] ACPI: \_SB_.C02D: Found 2 idle states
> [  +0.000286] ACPI: \_SB_.C00A: Found 2 idle states
> [  +0.000268] ACPI: \_SB_.C016: Found 2 idle states
> [  +0.000262] ACPI: \_SB_.C022: Found 2 idle states
> [  +0.000302] ACPI: \_SB_.C02E: Found 2 idle states
> [  +0.000279] ACPI: \_SB_.C00B: Found 2 idle states
> [  +0.000265] ACPI: \_SB_.C017: Found 2 idle states
> [  +0.000260] ACPI: \_SB_.C023: Found 2 idle states
> [  +0.000284] ACPI: \_SB_.C02F: Found 2 idle states
> [  +0.001048] ERST: Failed to get Error Log Address Range.
> [  +0.000753] Serial: 8250/16550 driver, 4 ports, IRQ sharing enabled
> [  +0.000353] 00:03: ttyS0 at I/O 0x3f8 (irq = 4, base_baud = 115200) is a 16550A
> [  +0.119374] serial8250: ttyS1 at I/O 0x2f8 (irq = 3, base_baud = 115200) is a 16550A
> [  +0.004995] Non-volatile memory driver v1.3
> [  +0.031863] rdac: device handler registered
> [  +0.000306] hp_sw: device handler registered
> [  +0.000002] emc: device handler registered
> [  +0.001049] alua: device handler registered
> [  +0.000858] ehci_hcd: USB 2.0 'Enhanced' Host Controller (EHCI) Driver
> [  +0.000040] ehci-pci: EHCI PCI platform driver
> [  +0.001304] ehci-pci 0000:00:12.2: EHCI Host Controller
> [  +0.001178] ehci-pci 0000:00:12.2: new USB bus registered, assigned bus number 1
> [  +0.000071] ehci-pci 0000:00:12.2: applying AMD SB700/SB800/Hudson-2/3 EHCI dummy qh workaround
> [  +0.000030] ehci-pci 0000:00:12.2: debug port 1
> [  +0.000376] ehci-pci 0000:00:12.2: irq 23, io mem 0xed8c0000
> [  +0.006559] ehci-pci 0000:00:12.2: USB 2.0 started, EHCI 1.00
> [  +0.000974] usb usb1: New USB device found, idVendor=1d6b, idProduct=0002, bcdDevice= 5.19
> [  +0.000008] usb usb1: New USB device strings: Mfr=3, Product=2, SerialNumber=1
> [  +0.000005] usb usb1: Product: EHCI Host Controller
> [  +0.000003] usb usb1: Manufacturer: Linux 5.19.0-rc2+ ehci_hcd
> [  +0.000004] usb usb1: SerialNumber: 0000:00:12.2
> [  +0.002055] hub 1-0:1.0: USB hub found
> [  +0.000120] hub 1-0:1.0: 6 ports detected
> [  +0.003963] ehci-pci 0000:00:13.2: EHCI Host Controller
> [  +0.000565] ehci-pci 0000:00:13.2: new USB bus registered, assigned bus number 2
> [  +0.000056] ehci-pci 0000:00:13.2: applying AMD SB700/SB800/Hudson-2/3 EHCI dummy qh workaround
> [  +0.000022] ehci-pci 0000:00:13.2: debug port 1
> [  +0.000204] ehci-pci 0000:00:13.2: irq 22, io mem 0xed890000
> [  +0.006939] ehci-pci 0000:00:13.2: USB 2.0 started, EHCI 1.00
> [  +0.000477] usb usb2: New USB device found, idVendor=1d6b, idProduct=0002, bcdDevice= 5.19
> [  +0.000007] usb usb2: New USB device strings: Mfr=3, Product=2, SerialNumber=1
> [  +0.000005] usb usb2: Product: EHCI Host Controller
> [  +0.000004] usb usb2: Manufacturer: Linux 5.19.0-rc2+ ehci_hcd
> [  +0.000003] usb usb2: SerialNumber: 0000:00:13.2
> [  +0.001067] hub 2-0:1.0: USB hub found
> [  +0.000062] hub 2-0:1.0: 6 ports detected
> [  +0.002208] ohci_hcd: USB 1.1 'Open' Host Controller (OHCI) Driver
> [  +0.000018] ohci-pci: OHCI PCI platform driver
> [  +0.000809] ohci-pci 0000:00:12.0: OHCI PCI host controller
> [  +0.000721] ohci-pci 0000:00:12.0: new USB bus registered, assigned bus number 3
> [  +0.000240] ohci-pci 0000:00:12.0: irq 22, io mem 0xed8e0000
> [  +0.055946] usb usb3: New USB device found, idVendor=1d6b, idProduct=0001, bcdDevice= 5.19
> [  +0.000009] usb usb3: New USB device strings: Mfr=3, Product=2, SerialNumber=1
> [  +0.000005] usb usb3: Product: OHCI PCI host controller
> [  +0.000004] usb usb3: Manufacturer: Linux 5.19.0-rc2+ ohci_hcd
> [  +0.000003] usb usb3: SerialNumber: 0000:00:12.0
> [  +0.001377] hub 3-0:1.0: USB hub found
> [  +0.000126] hub 3-0:1.0: 3 ports detected
> [  +0.002431] ohci-pci 0000:00:12.1: OHCI PCI host controller
> [  +0.000572] ohci-pci 0000:00:12.1: new USB bus registered, assigned bus number 4
> [  +0.000216] ohci-pci 0000:00:12.1: irq 22, io mem 0xed8d0000
> [  +0.056100] usb usb4: New USB device found, idVendor=1d6b, idProduct=0001, bcdDevice= 5.19
> [  +0.000009] usb usb4: New USB device strings: Mfr=3, Product=2, SerialNumber=1
> [  +0.000006] usb usb4: Product: OHCI PCI host controller
> [  +0.000003] usb usb4: Manufacturer: Linux 5.19.0-rc2+ ohci_hcd
> [  +0.000004] usb usb4: SerialNumber: 0000:00:12.1
> [  +0.001089] hub 4-0:1.0: USB hub found
> [  +0.000065] hub 4-0:1.0: 3 ports detected
> [  +0.002124] ohci-pci 0000:00:13.0: OHCI PCI host controller
> [  +0.000444] ohci-pci 0000:00:13.0: new USB bus registered, assigned bus number 5
> [  +0.000129] ohci-pci 0000:00:13.0: irq 23, io mem 0xed8b0000
> [  +0.056136] usb usb5: New USB device found, idVendor=1d6b, idProduct=0001, bcdDevice= 5.19
> [  +0.000009] usb usb5: New USB device strings: Mfr=3, Product=2, SerialNumber=1
> [  +0.000005] usb usb5: Product: OHCI PCI host controller
> [  +0.000003] usb usb5: Manufacturer: Linux 5.19.0-rc2+ ohci_hcd
> [  +0.000004] usb usb5: SerialNumber: 0000:00:13.0
> [  +0.001124] hub 5-0:1.0: USB hub found
> [  +0.000065] hub 5-0:1.0: 3 ports detected
> [  +0.002232] ohci-pci 0000:00:13.1: OHCI PCI host controller
> [  +0.000401] ohci-pci 0000:00:13.1: new USB bus registered, assigned bus number 6
> [  +0.000132] ohci-pci 0000:00:13.1: irq 23, io mem 0xed8a0000
> [  +0.056039] usb usb6: New USB device found, idVendor=1d6b, idProduct=0001, bcdDevice= 5.19
> [  +0.000009] usb usb6: New USB device strings: Mfr=3, Product=2, SerialNumber=1
> [  +0.000005] usb usb6: Product: OHCI PCI host controller
> [  +0.000004] usb usb6: Manufacturer: Linux 5.19.0-rc2+ ohci_hcd
> [  +0.000003] usb usb6: SerialNumber: 0000:00:13.1
> [  +0.001062] hub 6-0:1.0: USB hub found
> [  +0.000066] hub 6-0:1.0: 3 ports detected
> [  +0.001415] uhci_hcd: USB Universal Host Controller Interface driver
> [  +0.000992] uhci_hcd 0000:02:00.4: UHCI Host Controller
> [  +0.000372] uhci_hcd 0000:02:00.4: new USB bus registered, assigned bus number 7
> [  +0.000030] uhci_hcd 0000:02:00.4: detected 8 ports
> [  +0.000004] uhci_hcd 0000:02:00.4: port count misdetected? forcing to 2 ports
> [  +0.000171] uhci_hcd 0000:02:00.4: irq 32, io port 0x00003c00
> [  +0.000520] usb usb7: New USB device found, idVendor=1d6b, idProduct=0001, bcdDevice= 5.19
> [  +0.000007] usb usb7: New USB device strings: Mfr=3, Product=2, SerialNumber=1
> [  +0.000005] usb usb7: Product: UHCI Host Controller
> [  +0.000003] usb usb7: Manufacturer: Linux 5.19.0-rc2+ uhci_hcd
> [  +0.000004] usb usb7: SerialNumber: 0000:02:00.4
> [  +0.001117] hub 7-0:1.0: USB hub found
> [  +0.000077] hub 7-0:1.0: 2 ports detected
> [  +0.001440] usbcore: registered new interface driver usbserial_generic
> [  +0.000181] usbserial: USB Serial support registered for generic
> [  +0.000154] i8042: PNP: PS/2 Controller [PNP0303:KBD,PNP0f0e:PS2M] at 0x60,0x64 irq 1,12
> [  +0.002278] serio: i8042 KBD port at 0x60,0x64 irq 1
> [  +0.000108] serio: i8042 AUX port at 0x60,0x64 irq 12
> [  +0.001067] mousedev: PS/2 mouse device common for all mice
> [  +0.000860] rtc_cmos 00:04: RTC can wake from S4
> [  +0.001231] rtc_cmos 00:04: registered as rtc0
> [  +0.000138] rtc_cmos 00:04: setting system clock to 2022-06-21T23:09:20 UTC (1655852960)
> [  +0.000164] rtc_cmos 00:04: alarms up to one month, y3k, 114 bytes nvram, hpet irqs
> [  +0.006362] hid: raw HID events driver (C) Jiri Kosina
> [  +0.000210] usbcore: registered new interface driver usbhid
> [  +0.000002] usbhid: USB HID core driver
> [  +0.000417] drop_monitor: Initializing network drop monitor service
> [  +0.000250] Initializing XFRM netlink socket
> [  +0.001082] NET: Registered PF_INET6 protocol family
> [  +0.004919] Segment Routing with IPv6
> [  +0.000036] In-situ OAM (IOAM) with IPv6
> [  +0.000105] NET: Registered PF_PACKET protocol family
> [  +0.000545] mpls_gso: MPLS GSO support
> [  +0.000009] x86/pm: family 0x15 cpu detected, MSR saving is needed during suspending.
> [  +0.197151] usb 7-1: new full-speed USB device number 2 using uhci_hcd
> [  +0.134119] microcode: CPU0: patch_level=0x06000822
> [  +0.000140] microcode: CPU1: patch_level=0x06000822
> [  +0.000162] microcode: CPU2: patch_level=0x06000822
> [  +0.000159] microcode: CPU3: patch_level=0x06000822
> [  +0.000038] microcode: CPU4: patch_level=0x06000822
> [  +0.000023] microcode: CPU5: patch_level=0x06000822
> [  +0.000034] microcode: CPU6: patch_level=0x06000822
> [  +0.000034] microcode: CPU7: patch_level=0x06000822
> [  +0.000163] microcode: CPU8: patch_level=0x06000822
> [  +0.000159] microcode: CPU9: patch_level=0x06000822
> [  +0.000161] microcode: CPU10: patch_level=0x06000822
> [  +0.000161] microcode: CPU11: patch_level=0x06000822
> [  +0.000092] microcode: CPU12: patch_level=0x06000822
> [  +0.000090] microcode: CPU13: patch_level=0x06000822
> [  +0.000037] microcode: CPU14: patch_level=0x06000822
> [  +0.000033] microcode: CPU15: patch_level=0x06000822
> [  +0.000182] microcode: CPU16: patch_level=0x06000822
> [  +0.000201] microcode: CPU17: patch_level=0x06000822
> [  +0.000162] microcode: CPU18: patch_level=0x06000822
> [  +0.000159] microcode: CPU19: patch_level=0x06000822
> [  +0.000088] microcode: CPU20: patch_level=0x06000822
> [  +0.000093] microcode: CPU21: patch_level=0x06000822
> [  +0.000036] microcode: CPU22: patch_level=0x06000822
> [  +0.000034] microcode: CPU23: patch_level=0x06000822
> [  +0.000043] microcode: CPU24: patch_level=0x06000822
> [  +0.000157] microcode: CPU25: patch_level=0x06000822
> [  +0.000212] microcode: CPU26: patch_level=0x06000822
> [  +0.000159] microcode: CPU27: patch_level=0x06000822
> [  -0.002026] microcode: CPU28: patch_level=0x06000822
> [  +0.002703] microcode: CPU29: patch_level=0x06000822
> [  +0.000160] microcode: CPU30: patch_level=0x06000822
> [  +0.000157] microcode: CPU31: patch_level=0x06000822
> [  +0.000159] microcode: CPU32: patch_level=0x06000822
> [  +0.000058] microcode: CPU33: patch_level=0x06000822
> [  +0.000159] microcode: CPU34: patch_level=0x06000822
> [  +0.000161] microcode: CPU35: patch_level=0x06000822
> [  +0.000036] microcode: CPU36: patch_level=0x06000822
> [  +0.000034] microcode: CPU37: patch_level=0x06000822
> [  +0.000034] microcode: CPU38: patch_level=0x06000822
> [  +0.000058] microcode: CPU39: patch_level=0x06000822
> [  +0.000185] microcode: CPU40: patch_level=0x06000822
> [  +0.000170] microcode: CPU41: patch_level=0x06000822
> [  +0.000158] microcode: CPU42: patch_level=0x06000822
> [  +0.000157] microcode: CPU43: patch_level=0x06000822
> [  +0.000126] microcode: CPU44: patch_level=0x06000822
> [  +0.000127] microcode: CPU45: patch_level=0x06000822
> [  +0.000121] microcode: CPU46: patch_level=0x06000822
> [  +0.000036] microcode: CPU47: patch_level=0x06000822
> [  +0.000020] microcode: Microcode Update Driver: v2.2.
> [  +0.000014] IPI shorthand broadcast: enabled
> [  +0.000059] AVX version of gcm_enc/dec engaged.
> [  +0.010170] usb 7-1: New USB device found, idVendor=03f0, idProduct=7029, bcdDevice= 0.02
> [  +0.000010] usb 7-1: New USB device strings: Mfr=1, Product=2, SerialNumber=0
> [  +0.000005] usb 7-1: Product: Virtual Keyboard 
> [  +0.000003] usb 7-1: Manufacturer: HP 
> [  +0.009581] input: HP  Virtual Keyboard  as /devices/pci0000:00/0000:00:0a.0/0000:02:00.4/usb7/7-1/7-1:1.0/0003:03F0:7029.0001/input/input4
> [  +0.012825] AES CTR mode by8 optimization enabled
> [  +0.003238] sched_clock: Marking stable (8303847158, 6399872472)->(16141248300, -1437528670)
> [  +0.038395] hid-generic 0003:03F0:7029.0001: input,hidraw0: USB HID v1.01 Keyboard [HP  Virtual Keyboard ] on usb-0000:02:00.4-1/input0
> [  +0.005202] input: HP  Virtual Keyboard  as /devices/pci0000:00/0000:00:0a.0/0000:02:00.4/usb7/7-1/7-1:1.1/0003:03F0:7029.0002/input/input5
> [  +0.001424] hid-generic 0003:03F0:7029.0002: input,hidraw1: USB HID v1.01 Mouse [HP  Virtual Keyboard ] on usb-0000:02:00.4-1/input1
> [  +0.377228] registered taskstats version 1
> [  +0.021337] Loading compiled-in X.509 certificates
> [  +0.108575] Loaded X.509 cert 'Build time autogenerated kernel key: 67cb6d2492a17d9861a4ac6ba7a04726ea6886bf'
> [  +0.010732] zswap: loaded using pool lzo/zbud
> [  +0.408069] page_owner is disabled
> [  +0.000227] Key type big_key registered
> [  +0.503695] Key type encrypted registered
> [  +0.000344] ima: No TPM chip found, activating TPM-bypass!
> [  +0.000047] Loading compiled-in module X.509 certificates
