Return-Path: <linux-kernel-owner@vger.kernel.org>
X-Original-To: lists+linux-kernel@lfdr.de
Delivered-To: lists+linux-kernel@lfdr.de
Received: from out1.vger.email (out1.vger.email [IPv6:2620:137:e000::1:20])
	by mail.lfdr.de (Postfix) with ESMTP id 7817556BB2A
	for <lists+linux-kernel@lfdr.de>; Fri,  8 Jul 2022 15:50:57 +0200 (CEST)
Received: (majordomo@vger.kernel.org) by vger.kernel.org via listexpand
        id S237848AbiGHNuE (ORCPT <rfc822;lists+linux-kernel@lfdr.de>);
        Fri, 8 Jul 2022 09:50:04 -0400
Received: from lindbergh.monkeyblade.net ([23.128.96.19]:52214 "EHLO
        lindbergh.monkeyblade.net" rhost-flags-OK-OK-OK-OK) by vger.kernel.org
        with ESMTP id S237474AbiGHNuB (ORCPT
        <rfc822;linux-kernel@vger.kernel.org>);
        Fri, 8 Jul 2022 09:50:01 -0400
Received: from mail-ej1-x634.google.com (mail-ej1-x634.google.com [IPv6:2a00:1450:4864:20::634])
        by lindbergh.monkeyblade.net (Postfix) with ESMTPS id A436319034
        for <linux-kernel@vger.kernel.org>; Fri,  8 Jul 2022 06:49:50 -0700 (PDT)
Received: by mail-ej1-x634.google.com with SMTP id o25so37838449ejm.3
        for <linux-kernel@vger.kernel.org>; Fri, 08 Jul 2022 06:49:50 -0700 (PDT)
DKIM-Signature: v=1; a=rsa-sha256; c=relaxed/relaxed;
        d=gmail.com; s=20210112;
        h=date:from:to:cc:subject:message-id:mime-version:content-disposition
         :content-transfer-encoding;
        bh=U2Wb9LCC62X9lbCPeSiFSjR24x4zH07X33g9tsJ0Un0=;
        b=kp8cMYKEyEtqWQ3mMQQZIp3X5sk5++vjUJlFoF3tm4zOw4kwvfqCbKlJnJV064CQYb
         v+9l0J5wIuCYaWyFeAjMozsFAyttvCr9c0sjEsefh58m46rL9KJfByvKSt8dguHEhNR3
         6fIwS+JgNpqzunxdwRq1uuSsE3PyOxap+1KqiA9/MBn7WlgRoo//tYyUs/fZ1Q4W6gR0
         99pkvp+2hxz2eX8rdvM6yjm3RdP+ac1FFfhjeCcC3oM4KmZkpfH5mKsdbqTG/ns914oo
         CBBfN9UJRwY9Tc+Jl9OsooeDHoutjG9F508c/n6OS1bIER258Tr/y7F2QLLlrP5+v5eI
         S/6A==
X-Google-DKIM-Signature: v=1; a=rsa-sha256; c=relaxed/relaxed;
        d=1e100.net; s=20210112;
        h=x-gm-message-state:date:from:to:cc:subject:message-id:mime-version
         :content-disposition:content-transfer-encoding;
        bh=U2Wb9LCC62X9lbCPeSiFSjR24x4zH07X33g9tsJ0Un0=;
        b=f8PSdAmQ+GAFuiRkkOpNoZA0KhKsrZz0z3lE2CbqN4E+g9q7+TUHCxa1Gc6zDmTIyg
         dyVPwrtZ2ukpg6C7zKjYNeAK6x55McrIAx/LX6P+BsSsQP9wEuuEaZ8VSv28kXozWfTu
         xIzmIsUVmUIndxylDVbSUdP7b6SPxgEKpB1z62u1Zns/bCdibmgwogLI7Q1WN+DJIpzN
         n1wGN+j2fjdYBhlNT3pjKm7AP3xYMqquxlatq4db0UK3snxtDe7vluN5Nk1D2oDUUzYN
         fcRrUQ0fxCvWGXSzB5o7m2vrjAREUXUmotbmbF/DQTgRlA8Co8apWlR/JU+XKb7Uos8D
         TRgg==
X-Gm-Message-State: AJIora+Z9QHEFif7vStc9f37h1wMMuKWXPvrB5pmFTCEjFiEmHod6xef
        uzzxhWRGq6/ee7eYGv/vmRY=
X-Google-Smtp-Source: AGRyM1sWDjh+YPs9qCgpn0UGA+6Pfpuuetp/PgVtQQCQ+oGU/TNm+d6U0Myh92N4sZCN5vwLSpBGrA==
X-Received: by 2002:a17:907:6d86:b0:726:99d7:20e4 with SMTP id sb6-20020a1709076d8600b0072699d720e4mr3841511ejc.342.1657288188711;
        Fri, 08 Jul 2022 06:49:48 -0700 (PDT)
Received: from localhost (cable-89-216-134-246.dynamic.sbb.rs. [89.216.134.246])
        by smtp.gmail.com with ESMTPSA id k11-20020a1709062a4b00b00726abf9a32bsm16101660eje.138.2022.07.08.06.49.47
        (version=TLS1_3 cipher=TLS_AES_256_GCM_SHA384 bits=256/256);
        Fri, 08 Jul 2022 06:49:47 -0700 (PDT)
Date:   Fri, 8 Jul 2022 15:49:42 +0200
From:   Aleksa =?utf-8?B?VnXEjWtvdmnEhw==?= <aleksav013@gmail.com>
To:     Arnd Bergmann <arnd@arndb.de>,
        Greg Kroah-Hartman <gregkh@linuxfoundation.org>
Cc:     linux-kernel@vger.kernel.org
Subject: PROBLEM: dmesg tracedumps on rtsx_usb module loading during boot
Message-ID: <20220708134942.r3nhwzgh4nchaebi@artix.localdomain>
MIME-Version: 1.0
Content-Type: multipart/mixed; boundary="f3uetlu5s7siaz6g"
Content-Disposition: inline
Content-Transfer-Encoding: 8bit
X-Spam-Status: No, score=-1.9 required=5.0 tests=BAYES_00,DKIM_SIGNED,
        DKIM_VALID,DKIM_VALID_AU,DKIM_VALID_EF,FREEMAIL_ENVFROM_END_DIGIT,
        FREEMAIL_FROM,RCVD_IN_DNSWL_NONE,SPF_HELO_NONE,SPF_PASS,
        T_SCC_BODY_TEXT_LINE autolearn=ham autolearn_force=no version=3.4.6
X-Spam-Checker-Version: SpamAssassin 3.4.6 (2021-04-09) on
        lindbergh.monkeyblade.net
Precedence: bulk
List-ID: <linux-kernel.vger.kernel.org>
X-Mailing-List: linux-kernel@vger.kernel.org


--f3uetlu5s7siaz6g
Content-Type: text/plain; charset=utf-8
Content-Disposition: inline
Content-Transfer-Encoding: 8bit

[1.] One line summary of the problem:
dmesg tracedumps on rtsx_usb module loading during boot
[2.] Full description of the problem/report:
SD card driver does not work.
I tried to pinpoint commit that caused it in staging tree using git
bisect. But 13 commits between "good" and "bad" would not compile due to
errors.
[3.] Keywords (i.e., modules, networking, kernel):
rtsx_usb dma-mapping usb_hcd_map_urb_for_dma
[4.] Kernel information
[4.1.] Kernel version (from /proc/version):
Linux version 5.17.0-12897-g9ae2a143081f (aleksa@artix) (gcc (GCC)
12.1.0, GNU ld (GNU Binutils) 2.38) #2 SMP PREEMPT_DYNAMIC Fri Jul 8
14:25:23 CEST 2022
[4.2.] Kernel .config file:
<attached .config>
[5.] Most recent kernel version which did not have the bug:
5.17.0-12883-g37fcacb50be7
git://git.kernel.org/pub/scm/linux/kernel/git/gregkh/staging.git
37fcacb50be7071d146144a6c5c5bf0194b9a1cf
[6.] Output of Oops.. message (if applicable) with symbolic information
     resolved (see Documentation/admin-guide/bug-hunting.rst)
<attached decode_stacktrace.log>
[7.] A small shell script or example program which triggers the
     problem (if possible)
[8.] Environment
[8.1.] Software (add the output of the ver_linux script here)
<attached ver_linux.log>
[8.2.] Processor information (from /proc/cpuinfo):
<attached cpuinfo.log>
[8.3.] Module information (from /proc/modules):
<attached modules.log>
[8.4.] Loaded driver and hardware information (/proc/ioports,
/proc/iomem)
[8.5.] PCI information ('lspci -vvv' as root)
$ lsusb
Bus 001 Device 003: ID 0bda:0129 Realtek Semiconductor Corp. RTS5129
Card Reader Controller
[8.6.] SCSI information (from /proc/scsi/scsi)
[8.7.] Other information that might be relevant to the problem
       (please look in /proc and include all information that you
       think to be relevant):
[X.] Other notes, patches, fixes, workarounds:

I tried to find that introduced this bug using git bisect but following
13 commits (before 9ae2a143081fa8fba5042431007b33d9a855b7a2) are
unbuildable:
possible first bad commit: [9ae2a143081fa8fba5042431007b33d9a855b7a2]
Merge tag 'dma-mapping-5.18' of
git://git.infradead.org/users/hch/dma-mapping
possible first bad commit: [8ddde07a3d285a0f3cec14924446608320fdc013]
dma-mapping: benchmark: extract a common header file for map_benchmark
definition
possible first bad commit: [80e4390981618e290616dbd06ea190d4576f219d]
dma-debug: fix return value of __setup handlers
possible first bad commit: [f5ff79fddf0efecca538046b5cc20fb3ded2ec4f]
dma-mapping: remove CONFIG_DMA_REMAP
possible first bad commit: [fba09099c6e506608e05e08ac717bf34501f821b]
media: v4l2-pci-skeleton: Remove usage of the deprecated
"pci-dma-compat.h" API
possible first bad commit: [8c155674d9757be855547dc4eb6bcb82d52482e7]
rapidio/tsi721: Remove usage of the deprecated "pci-dma-compat.h" API
possible first bad commit: [0fb3436b4b36cf69f4544385aa2bb8c5a4913509]
sparc: Remove usage of the deprecated "pci-dma-compat.h" API
possible first bad commit: [ffecba83be9c7ced229b9f1d75643d5a49f820c4]
agp/intel: Remove usage of the deprecated "pci-dma-compat.h" API
possible first bad commit: [06cc5cf16591c3b1d63af2bbc9d33a66419ced98]
alpha: Remove usage of the deprecated "pci-dma-compat.h" API
possible first bad commit: [e62c17f0455a74b182ce6373e2777817256afaa1]
MAINTAINERS: update maintainer list of DMA MAPPING BENCHMARK
possible first bad commit: [404f9373c4e5c943ed8a5e71c8dcfef9eddd54ab]
swiotlb: simplify array allocation
possible first bad commit: [c0a4191c27a12d3175283fa33f16db20e91008fd]
swiotlb: tidy up includes
possible first bad commit: [35265899acef135225e946b883fb07acba1d31a2]
swiotlb: simplify debugfs setup
possible first bad commit: [dfcf2e017f5bb928094952d5d56d3566d3d07ba7]
swiotlb: do not zero buffer in set_memory_decrypted()

Errors that occur I had when trying to compile them:
subcmd-util.h:58:31: error: pointer may be used after ‘realloc’
[-Werror=use-after-free]
   58 |                         ret = realloc(ptr, 1);
check.c:2867:58: error: ‘%d’ directive output may be truncated writing
between 1 and 10 bytes into a region of size 9
[-Werror=format-truncation=]
 2867 |                 snprintf(pvname, sizeof(pvname), "pv_ops[%d]",
 idx);

Full logs:
<attached full_dmesg_bad.log>
<attached full_dmesg_good.log>
<attached git_bisect.log>

I am willing to help with testing/compiling.
Could you please just point me in the right direction (for example
should i disable -Werror or somthing) for the unbuildable commits to
exacly pinpoint bad commit.

Thanks in advance,
Aleksa Vuckovic

--f3uetlu5s7siaz6g
Content-Type: text/plain; charset=us-ascii
Content-Disposition: attachment; filename="cpuinfo.log"

processor	: 0
vendor_id	: GenuineIntel
cpu family	: 6
model		: 142
model name	: Intel(R) Core(TM) i5-7200U CPU @ 2.50GHz
stepping	: 9
microcode	: 0xec
cpu MHz		: 2700.000
cache size	: 3072 KB
physical id	: 0
siblings	: 4
core id		: 0
cpu cores	: 2
apicid		: 0
initial apicid	: 0
fpu		: yes
fpu_exception	: yes
cpuid level	: 22
wp		: yes
flags		: fpu vme de pse tsc msr pae mce cx8 apic sep mtrr pge mca cmov pat pse36 clflush dts acpi mmx fxsr sse sse2 ss ht tm pbe syscall nx pdpe1gb rdtscp lm constant_tsc art arch_perfmon pebs bts rep_good nopl xtopology nonstop_tsc cpuid aperfmperf pni pclmulqdq dtes64 monitor ds_cpl vmx est tm2 ssse3 sdbg fma cx16 xtpr pdcm pcid sse4_1 sse4_2 x2apic movbe popcnt tsc_deadline_timer aes xsave avx f16c rdrand lahf_lm abm 3dnowprefetch cpuid_fault epb invpcid_single pti ssbd ibrs ibpb stibp tpr_shadow vnmi flexpriority ept vpid ept_ad fsgsbase tsc_adjust bmi1 avx2 smep bmi2 erms invpcid mpx rdseed adx smap clflushopt intel_pt xsaveopt xsavec xgetbv1 xsaves dtherm ida arat pln pts hwp hwp_notify hwp_act_window hwp_epp md_clear flush_l1d arch_capabilities
vmx flags	: vnmi preemption_timer invvpid ept_x_only ept_ad ept_1gb flexpriority tsc_offset vtpr mtf vapic ept vpid unrestricted_guest ple pml ept_mode_based_exec
bugs		: cpu_meltdown spectre_v1 spectre_v2 spec_store_bypass l1tf mds swapgs itlb_multihit srbds
bogomips	: 5401.81
clflush size	: 64
cache_alignment	: 64
address sizes	: 39 bits physical, 48 bits virtual
power management:

processor	: 1
vendor_id	: GenuineIntel
cpu family	: 6
model		: 142
model name	: Intel(R) Core(TM) i5-7200U CPU @ 2.50GHz
stepping	: 9
microcode	: 0xec
cpu MHz		: 2700.000
cache size	: 3072 KB
physical id	: 0
siblings	: 4
core id		: 1
cpu cores	: 2
apicid		: 2
initial apicid	: 2
fpu		: yes
fpu_exception	: yes
cpuid level	: 22
wp		: yes
flags		: fpu vme de pse tsc msr pae mce cx8 apic sep mtrr pge mca cmov pat pse36 clflush dts acpi mmx fxsr sse sse2 ss ht tm pbe syscall nx pdpe1gb rdtscp lm constant_tsc art arch_perfmon pebs bts rep_good nopl xtopology nonstop_tsc cpuid aperfmperf pni pclmulqdq dtes64 monitor ds_cpl vmx est tm2 ssse3 sdbg fma cx16 xtpr pdcm pcid sse4_1 sse4_2 x2apic movbe popcnt tsc_deadline_timer aes xsave avx f16c rdrand lahf_lm abm 3dnowprefetch cpuid_fault epb invpcid_single pti ssbd ibrs ibpb stibp tpr_shadow vnmi flexpriority ept vpid ept_ad fsgsbase tsc_adjust bmi1 avx2 smep bmi2 erms invpcid mpx rdseed adx smap clflushopt intel_pt xsaveopt xsavec xgetbv1 xsaves dtherm ida arat pln pts hwp hwp_notify hwp_act_window hwp_epp md_clear flush_l1d arch_capabilities
vmx flags	: vnmi preemption_timer invvpid ept_x_only ept_ad ept_1gb flexpriority tsc_offset vtpr mtf vapic ept vpid unrestricted_guest ple pml ept_mode_based_exec
bugs		: cpu_meltdown spectre_v1 spectre_v2 spec_store_bypass l1tf mds swapgs itlb_multihit srbds
bogomips	: 5401.81
clflush size	: 64
cache_alignment	: 64
address sizes	: 39 bits physical, 48 bits virtual
power management:

processor	: 2
vendor_id	: GenuineIntel
cpu family	: 6
model		: 142
model name	: Intel(R) Core(TM) i5-7200U CPU @ 2.50GHz
stepping	: 9
microcode	: 0xec
cpu MHz		: 2700.000
cache size	: 3072 KB
physical id	: 0
siblings	: 4
core id		: 0
cpu cores	: 2
apicid		: 1
initial apicid	: 1
fpu		: yes
fpu_exception	: yes
cpuid level	: 22
wp		: yes
flags		: fpu vme de pse tsc msr pae mce cx8 apic sep mtrr pge mca cmov pat pse36 clflush dts acpi mmx fxsr sse sse2 ss ht tm pbe syscall nx pdpe1gb rdtscp lm constant_tsc art arch_perfmon pebs bts rep_good nopl xtopology nonstop_tsc cpuid aperfmperf pni pclmulqdq dtes64 monitor ds_cpl vmx est tm2 ssse3 sdbg fma cx16 xtpr pdcm pcid sse4_1 sse4_2 x2apic movbe popcnt tsc_deadline_timer aes xsave avx f16c rdrand lahf_lm abm 3dnowprefetch cpuid_fault epb invpcid_single pti ssbd ibrs ibpb stibp tpr_shadow vnmi flexpriority ept vpid ept_ad fsgsbase tsc_adjust bmi1 avx2 smep bmi2 erms invpcid mpx rdseed adx smap clflushopt intel_pt xsaveopt xsavec xgetbv1 xsaves dtherm ida arat pln pts hwp hwp_notify hwp_act_window hwp_epp md_clear flush_l1d arch_capabilities
vmx flags	: vnmi preemption_timer invvpid ept_x_only ept_ad ept_1gb flexpriority tsc_offset vtpr mtf vapic ept vpid unrestricted_guest ple pml ept_mode_based_exec
bugs		: cpu_meltdown spectre_v1 spectre_v2 spec_store_bypass l1tf mds swapgs itlb_multihit srbds
bogomips	: 5401.81
clflush size	: 64
cache_alignment	: 64
address sizes	: 39 bits physical, 48 bits virtual
power management:

processor	: 3
vendor_id	: GenuineIntel
cpu family	: 6
model		: 142
model name	: Intel(R) Core(TM) i5-7200U CPU @ 2.50GHz
stepping	: 9
microcode	: 0xec
cpu MHz		: 600.027
cache size	: 3072 KB
physical id	: 0
siblings	: 4
core id		: 1
cpu cores	: 2
apicid		: 3
initial apicid	: 3
fpu		: yes
fpu_exception	: yes
cpuid level	: 22
wp		: yes
flags		: fpu vme de pse tsc msr pae mce cx8 apic sep mtrr pge mca cmov pat pse36 clflush dts acpi mmx fxsr sse sse2 ss ht tm pbe syscall nx pdpe1gb rdtscp lm constant_tsc art arch_perfmon pebs bts rep_good nopl xtopology nonstop_tsc cpuid aperfmperf pni pclmulqdq dtes64 monitor ds_cpl vmx est tm2 ssse3 sdbg fma cx16 xtpr pdcm pcid sse4_1 sse4_2 x2apic movbe popcnt tsc_deadline_timer aes xsave avx f16c rdrand lahf_lm abm 3dnowprefetch cpuid_fault epb invpcid_single pti ssbd ibrs ibpb stibp tpr_shadow vnmi flexpriority ept vpid ept_ad fsgsbase tsc_adjust bmi1 avx2 smep bmi2 erms invpcid mpx rdseed adx smap clflushopt intel_pt xsaveopt xsavec xgetbv1 xsaves dtherm ida arat pln pts hwp hwp_notify hwp_act_window hwp_epp md_clear flush_l1d arch_capabilities
vmx flags	: vnmi preemption_timer invvpid ept_x_only ept_ad ept_1gb flexpriority tsc_offset vtpr mtf vapic ept vpid unrestricted_guest ple pml ept_mode_based_exec
bugs		: cpu_meltdown spectre_v1 spectre_v2 spec_store_bypass l1tf mds swapgs itlb_multihit srbds
bogomips	: 5401.81
clflush size	: 64
cache_alignment	: 64
address sizes	: 39 bits physical, 48 bits virtual
power management:


--f3uetlu5s7siaz6g
Content-Type: text/plain; charset=us-ascii
Content-Disposition: attachment; filename="full_dmesg_bad.log"

[    0.000000] Linux version 5.17.0-12897-g9ae2a143081f (aleksa@artix) (gcc (GCC) 12.1.0, GNU ld (GNU Binutils) 2.38) #2 SMP PREEMPT_DYNAMIC Fri Jul 8 14:25:23 CEST 2022
[    0.000000] Command line: BOOT_IMAGE=/vmlinuz-linux5.17.0 root=UUID=d1b5bfc8-4be8-4d91-acd8-77673ad934a3 rw loglevel=3 pci=noaer intel_iommu=on vfio-pci.ids=1002:6665
[    0.000000] x86/fpu: Supporting XSAVE feature 0x001: 'x87 floating point registers'
[    0.000000] x86/fpu: Supporting XSAVE feature 0x002: 'SSE registers'
[    0.000000] x86/fpu: Supporting XSAVE feature 0x004: 'AVX registers'
[    0.000000] x86/fpu: Supporting XSAVE feature 0x008: 'MPX bounds registers'
[    0.000000] x86/fpu: Supporting XSAVE feature 0x010: 'MPX CSR'
[    0.000000] x86/fpu: xstate_offset[2]:  576, xstate_sizes[2]:  256
[    0.000000] x86/fpu: xstate_offset[3]:  832, xstate_sizes[3]:   64
[    0.000000] x86/fpu: xstate_offset[4]:  896, xstate_sizes[4]:   64
[    0.000000] x86/fpu: Enabled xstate features 0x1f, context size is 960 bytes, using 'compacted' format.
[    0.000000] signal: max sigframe size: 2032
[    0.000000] BIOS-provided physical RAM map:
[    0.000000] BIOS-e820: [mem 0x0000000000000000-0x000000000009c3ff] usable
[    0.000000] BIOS-e820: [mem 0x000000000009c400-0x000000000009ffff] reserved
[    0.000000] BIOS-e820: [mem 0x00000000000e0000-0x00000000000fffff] reserved
[    0.000000] BIOS-e820: [mem 0x0000000000100000-0x0000000090f51fff] usable
[    0.000000] BIOS-e820: [mem 0x0000000090f52000-0x0000000090f52fff] ACPI NVS
[    0.000000] BIOS-e820: [mem 0x0000000090f53000-0x000000009849cfff] reserved
[    0.000000] BIOS-e820: [mem 0x000000009849d000-0x00000000984dafff] ACPI data
[    0.000000] BIOS-e820: [mem 0x00000000984db000-0x0000000098e26fff] ACPI NVS
[    0.000000] BIOS-e820: [mem 0x0000000098e27000-0x000000009f7fffff] reserved
[    0.000000] BIOS-e820: [mem 0x00000000e0000000-0x00000000efffffff] reserved
[    0.000000] BIOS-e820: [mem 0x00000000fe000000-0x00000000fe010fff] reserved
[    0.000000] BIOS-e820: [mem 0x00000000fec00000-0x00000000fec00fff] reserved
[    0.000000] BIOS-e820: [mem 0x00000000fee00000-0x00000000fee00fff] reserved
[    0.000000] BIOS-e820: [mem 0x00000000ff000000-0x00000000ffffffff] reserved
[    0.000000] BIOS-e820: [mem 0x0000000100000000-0x000000025f7fffff] usable
[    0.000000] NX (Execute Disable) protection: active
[    0.000000] SMBIOS 3.1.1 present.
[    0.000000] DMI: Dell Inc. Inspiron 3576/0VD8XV, BIOS 1.16.0 12/16/2021
[    0.000000] tsc: Detected 2700.000 MHz processor
[    0.000000] tsc: Detected 2699.909 MHz TSC
[    0.000592] e820: update [mem 0x00000000-0x00000fff] usable ==> reserved
[    0.000595] e820: remove [mem 0x000a0000-0x000fffff] usable
[    0.000600] last_pfn = 0x25f800 max_arch_pfn = 0x400000000
[    0.000696] x86/PAT: Configuration [0-7]: WB  WC  UC- UC  WB  WP  UC- WT  
[    0.001371] last_pfn = 0x90f52 max_arch_pfn = 0x400000000
[    0.007970] found SMP MP-table at [mem 0x000fcf70-0x000fcf7f]
[    0.007985] Using GB pages for direct mapping
[    0.008168] RAMDISK: [mem 0x36df7000-0x376f2fff]
[    0.008171] ACPI: Early table checksum verification disabled
[    0.008175] ACPI: RSDP 0x00000000000EEBA0 000024 (v02 DELL  )
[    0.008179] ACPI: XSDT 0x00000000984A90B8 0000EC (v01 DELL   CBX3     01072009 AMI  00010013)
[    0.008184] ACPI: FACP 0x00000000984CDE90 00010C (v05 DELL   CBX3     01072009 AMI  00010013)
[    0.008189] ACPI: DSDT 0x00000000984A9230 024C5B (v02 DELL   CBX3     01072009 INTL 20160422)
[    0.008192] ACPI: FACS 0x0000000098E24180 000040
[    0.008194] ACPI: APIC 0x00000000984CDFA0 000084 (v03 DELL   CBX3     01072009 AMI  00010013)
[    0.008197] ACPI: FPDT 0x00000000984CE028 000044 (v01 DELL   CBX3     01072009 AMI  00010013)
[    0.008199] ACPI: FIDT 0x00000000984CE070 0000AC (v01 DELL   CBX3     01072009 AMI  00010013)
[    0.008202] ACPI: MCFG 0x00000000984CE120 00003C (v01 DELL   CBX3     01072009 MSFT 00000097)
[    0.008204] ACPI: HPET 0x00000000984CE160 000038 (v01 DELL   CBX3     01072009 AMI. 0005000B)
[    0.008207] ACPI: SSDT 0x00000000984CE198 00036E (v01 SataRe SataTabl 00001000 INTL 20160422)
[    0.008209] ACPI: BOOT 0x00000000984CE508 000028 (v01 DELL   CBX3     01072009 AMI  00010013)
[    0.008212] ACPI: SSDT 0x00000000984CE530 0012EA (v02 SaSsdt SaSsdt   00003000 INTL 20160422)
[    0.008214] ACPI: HPET 0x00000000984CF820 000038 (v01 INTEL  KBL-ULT  00000001 MSFT 0000005F)
[    0.008217] ACPI: SSDT 0x00000000984CF858 001176 (v02 INTEL  xh_OEMBD 00000000 INTL 20160422)
[    0.008220] ACPI: UEFI 0x00000000984D09D0 000042 (v01                 00000000      00000000)
[    0.008222] ACPI: SSDT 0x00000000984D0A18 0017AE (v02 CpuRef CpuSsdt  00003000 INTL 20160422)
[    0.008225] ACPI: LPIT 0x00000000984D21C8 000094 (v01 INTEL  KBL-ULT  00000000 MSFT 0000005F)
[    0.008227] ACPI: WSMT 0x00000000984D2260 000028 (v01 INTEL  KBL-ULT  00000000 MSFT 0000005F)
[    0.008230] ACPI: SSDT 0x00000000984D2288 00029F (v02 INTEL  sensrhub 00000000 INTL 20160422)
[    0.008232] ACPI: SSDT 0x00000000984D2528 000E3F (v02 INTEL  PtidDevc 00001000 INTL 20160422)
[    0.008235] ACPI: DBGP 0x00000000984D3368 000034 (v01 INTEL           00000002 MSFT 0000005F)
[    0.008237] ACPI: DBG2 0x00000000984D33A0 000061 (v00 INTEL           00000002 MSFT 0000005F)
[    0.008240] ACPI: SSDT 0x00000000984D3408 0049C1 (v02 DptfTa DptfTabl 00001000 INTL 20160422)
[    0.008243] ACPI: SLIC 0x00000000984D7DD0 000176 (v03 DELL   CBX3     01072009 MSFT 00010013)
[    0.008245] ACPI: SSDT 0x00000000984D7F48 00069A (v02 SgRef  SgPch    00001000 INTL 20160422)
[    0.008248] ACPI: SSDT 0x00000000984D85E8 000281 (v02 SgRef  SgUlx    00001000 INTL 20160422)
[    0.008250] ACPI: SSDT 0x00000000984D8870 0017FF (v01 AmdRef AmdTabl  00001000 INTL 20160422)
[    0.008253] ACPI: DMAR 0x00000000984DA070 0000EC (v01 INTEL  EDK2     00000001 INTL 00000001)
[    0.008255] ACPI: Reserving FACP table memory at [mem 0x984cde90-0x984cdf9b]
[    0.008256] ACPI: Reserving DSDT table memory at [mem 0x984a9230-0x984cde8a]
[    0.008257] ACPI: Reserving FACS table memory at [mem 0x98e24180-0x98e241bf]
[    0.008258] ACPI: Reserving APIC table memory at [mem 0x984cdfa0-0x984ce023]
[    0.008259] ACPI: Reserving FPDT table memory at [mem 0x984ce028-0x984ce06b]
[    0.008260] ACPI: Reserving FIDT table memory at [mem 0x984ce070-0x984ce11b]
[    0.008260] ACPI: Reserving MCFG table memory at [mem 0x984ce120-0x984ce15b]
[    0.008261] ACPI: Reserving HPET table memory at [mem 0x984ce160-0x984ce197]
[    0.008262] ACPI: Reserving SSDT table memory at [mem 0x984ce198-0x984ce505]
[    0.008263] ACPI: Reserving BOOT table memory at [mem 0x984ce508-0x984ce52f]
[    0.008264] ACPI: Reserving SSDT table memory at [mem 0x984ce530-0x984cf819]
[    0.008265] ACPI: Reserving HPET table memory at [mem 0x984cf820-0x984cf857]
[    0.008265] ACPI: Reserving SSDT table memory at [mem 0x984cf858-0x984d09cd]
[    0.008266] ACPI: Reserving UEFI table memory at [mem 0x984d09d0-0x984d0a11]
[    0.008267] ACPI: Reserving SSDT table memory at [mem 0x984d0a18-0x984d21c5]
[    0.008268] ACPI: Reserving LPIT table memory at [mem 0x984d21c8-0x984d225b]
[    0.008269] ACPI: Reserving WSMT table memory at [mem 0x984d2260-0x984d2287]
[    0.008269] ACPI: Reserving SSDT table memory at [mem 0x984d2288-0x984d2526]
[    0.008270] ACPI: Reserving SSDT table memory at [mem 0x984d2528-0x984d3366]
[    0.008271] ACPI: Reserving DBGP table memory at [mem 0x984d3368-0x984d339b]
[    0.008272] ACPI: Reserving DBG2 table memory at [mem 0x984d33a0-0x984d3400]
[    0.008273] ACPI: Reserving SSDT table memory at [mem 0x984d3408-0x984d7dc8]
[    0.008274] ACPI: Reserving SLIC table memory at [mem 0x984d7dd0-0x984d7f45]
[    0.008275] ACPI: Reserving SSDT table memory at [mem 0x984d7f48-0x984d85e1]
[    0.008275] ACPI: Reserving SSDT table memory at [mem 0x984d85e8-0x984d8868]
[    0.008276] ACPI: Reserving SSDT table memory at [mem 0x984d8870-0x984da06e]
[    0.008277] ACPI: Reserving DMAR table memory at [mem 0x984da070-0x984da15b]
[    0.008373] No NUMA configuration found
[    0.008374] Faking a node at [mem 0x0000000000000000-0x000000025f7fffff]
[    0.008377] NODE_DATA(0) allocated [mem 0x25f7fc000-0x25f7fffff]
[    0.008397] Zone ranges:
[    0.008398]   DMA      [mem 0x0000000000001000-0x0000000000ffffff]
[    0.008400]   DMA32    [mem 0x0000000001000000-0x00000000ffffffff]
[    0.008401]   Normal   [mem 0x0000000100000000-0x000000025f7fffff]
[    0.008403]   Device   empty
[    0.008404] Movable zone start for each node
[    0.008404] Early memory node ranges
[    0.008405]   node   0: [mem 0x0000000000001000-0x000000000009bfff]
[    0.008406]   node   0: [mem 0x0000000000100000-0x0000000090f51fff]
[    0.008407]   node   0: [mem 0x0000000100000000-0x000000025f7fffff]
[    0.008409] Initmem setup node 0 [mem 0x0000000000001000-0x000000025f7fffff]
[    0.008413] On node 0, zone DMA: 1 pages in unavailable ranges
[    0.008456] On node 0, zone DMA: 100 pages in unavailable ranges
[    0.039508] On node 0, zone Normal: 28846 pages in unavailable ranges
[    0.039537] On node 0, zone Normal: 2048 pages in unavailable ranges
[    0.039547] Reserving Intel graphics memory at [mem 0x9b800000-0x9f7fffff]
[    0.039679] ACPI: PM-Timer IO Port: 0x1808
[    0.039686] ACPI: LAPIC_NMI (acpi_id[0x01] high edge lint[0x1])
[    0.039687] ACPI: LAPIC_NMI (acpi_id[0x02] high edge lint[0x1])
[    0.039688] ACPI: LAPIC_NMI (acpi_id[0x03] high edge lint[0x1])
[    0.039689] ACPI: LAPIC_NMI (acpi_id[0x04] high edge lint[0x1])
[    0.039715] IOAPIC[0]: apic_id 2, version 32, address 0xfec00000, GSI 0-119
[    0.039722] ACPI: INT_SRC_OVR (bus 0 bus_irq 0 global_irq 2 dfl dfl)
[    0.039726] ACPI: INT_SRC_OVR (bus 0 bus_irq 9 global_irq 9 high level)
[    0.039734] ACPI: Using ACPI (MADT) for SMP configuration information
[    0.039735] ACPI: HPET id: 0x8086a701 base: 0xfed00000
[    0.039738] TSC deadline timer available
[    0.039739] smpboot: Allowing 4 CPUs, 0 hotplug CPUs
[    0.039751] PM: hibernation: Registered nosave memory: [mem 0x00000000-0x00000fff]
[    0.039753] PM: hibernation: Registered nosave memory: [mem 0x0009c000-0x0009cfff]
[    0.039754] PM: hibernation: Registered nosave memory: [mem 0x0009d000-0x0009ffff]
[    0.039755] PM: hibernation: Registered nosave memory: [mem 0x000a0000-0x000dffff]
[    0.039756] PM: hibernation: Registered nosave memory: [mem 0x000e0000-0x000fffff]
[    0.039757] PM: hibernation: Registered nosave memory: [mem 0x90f52000-0x90f52fff]
[    0.039758] PM: hibernation: Registered nosave memory: [mem 0x90f53000-0x9849cfff]
[    0.039758] PM: hibernation: Registered nosave memory: [mem 0x9849d000-0x984dafff]
[    0.039759] PM: hibernation: Registered nosave memory: [mem 0x984db000-0x98e26fff]
[    0.039760] PM: hibernation: Registered nosave memory: [mem 0x98e27000-0x9f7fffff]
[    0.039760] PM: hibernation: Registered nosave memory: [mem 0x9f800000-0xdfffffff]
[    0.039761] PM: hibernation: Registered nosave memory: [mem 0xe0000000-0xefffffff]
[    0.039762] PM: hibernation: Registered nosave memory: [mem 0xf0000000-0xfdffffff]
[    0.039762] PM: hibernation: Registered nosave memory: [mem 0xfe000000-0xfe010fff]
[    0.039763] PM: hibernation: Registered nosave memory: [mem 0xfe011000-0xfebfffff]
[    0.039764] PM: hibernation: Registered nosave memory: [mem 0xfec00000-0xfec00fff]
[    0.039764] PM: hibernation: Registered nosave memory: [mem 0xfec01000-0xfedfffff]
[    0.039765] PM: hibernation: Registered nosave memory: [mem 0xfee00000-0xfee00fff]
[    0.039766] PM: hibernation: Registered nosave memory: [mem 0xfee01000-0xfeffffff]
[    0.039766] PM: hibernation: Registered nosave memory: [mem 0xff000000-0xffffffff]
[    0.039767] [mem 0x9f800000-0xdfffffff] available for PCI devices
[    0.039769] Booting paravirtualized kernel on bare hardware
[    0.039771] clocksource: refined-jiffies: mask: 0xffffffff max_cycles: 0xffffffff, max_idle_ns: 6370452778343963 ns
[    0.044623] setup_percpu: NR_CPUS:320 nr_cpumask_bits:320 nr_cpu_ids:4 nr_node_ids:1
[    0.044834] percpu: Embedded 62 pages/cpu s217088 r8192 d28672 u524288
[    0.044839] pcpu-alloc: s217088 r8192 d28672 u524288 alloc=1*2097152
[    0.044841] pcpu-alloc: [0] 0 1 2 3 
[    0.044857] Fallback order for Node 0: 0 
[    0.044859] Built 1 zonelists, mobility grouping on.  Total pages: 2001460
[    0.044861] Policy zone: Normal
[    0.044862] Kernel command line: BOOT_IMAGE=/vmlinuz-linux5.17.0 root=UUID=d1b5bfc8-4be8-4d91-acd8-77673ad934a3 rw loglevel=3 pci=noaer intel_iommu=on vfio-pci.ids=1002:6665
[    0.044926] DMAR: IOMMU enabled
[    0.044939] Unknown kernel command line parameters "BOOT_IMAGE=/vmlinuz-linux5.17.0", will be passed to user space.
[    0.045768] Dentry cache hash table entries: 1048576 (order: 11, 8388608 bytes, linear)
[    0.046222] Inode-cache hash table entries: 524288 (order: 10, 4194304 bytes, linear)
[    0.046503] mem auto-init: stack:all(zero), heap alloc:on, heap free:off
[    0.102351] Memory: 7877868K/8133556K available (14343K kernel code, 2059K rwdata, 6096K rodata, 1776K init, 3528K bss, 255428K reserved, 0K cma-reserved)
[    0.102384] random: get_random_u64 called from __kmem_cache_create+0x2a/0x500 with crng_init=0
[    0.102493] SLUB: HWalign=64, Order=0-3, MinObjects=0, CPUs=4, Nodes=1
[    0.102507] Kernel/User page tables isolation: enabled
[    0.102522] ftrace: allocating 43989 entries in 172 pages
[    0.109793] ftrace: allocated 172 pages with 4 groups
[    0.109876] Dynamic Preempt: full
[    0.109900] rcu: Preemptible hierarchical RCU implementation.
[    0.109901] rcu: 	RCU restricting CPUs from NR_CPUS=320 to nr_cpu_ids=4.
[    0.109902] rcu: 	RCU priority boosting: priority 1 delay 500 ms.
[    0.109903] 	Trampoline variant of Tasks RCU enabled.
[    0.109904] 	Rude variant of Tasks RCU enabled.
[    0.109904] 	Tracing variant of Tasks RCU enabled.
[    0.109905] rcu: RCU calculated value of scheduler-enlistment delay is 30 jiffies.
[    0.109906] rcu: Adjusting geometry for rcu_fanout_leaf=16, nr_cpu_ids=4
[    0.113278] NR_IRQS: 20736, nr_irqs: 1024, preallocated irqs: 16
[    0.113640] kfence: initialized - using 2097152 bytes for 255 objects at 0x(____ptrval____)-0x(____ptrval____)
[    0.113667] random: crng init done (trusting CPU's manufacturer)
[    0.113701] spurious 8259A interrupt: IRQ7.
[    0.113726] Console: colour dummy device 80x25
[    0.113737] printk: console [tty0] enabled
[    0.113754] ACPI: Core revision 20211217
[    0.113999] clocksource: hpet: mask: 0xffffffff max_cycles: 0xffffffff, max_idle_ns: 79635855245 ns
[    0.114102] APIC: Switch to symmetric I/O mode setup
[    0.114104] DMAR: Host address width 39
[    0.114105] DMAR: DRHD base: 0x000000fed90000 flags: 0x0
[    0.114110] DMAR: dmar0: reg_base_addr fed90000 ver 1:0 cap 1c0000c40660462 ecap 19e2ff0505e
[    0.114112] DMAR: DRHD base: 0x000000fed91000 flags: 0x1
[    0.114115] DMAR: dmar1: reg_base_addr fed91000 ver 1:0 cap d2008c40660462 ecap f050da
[    0.114117] DMAR: RMRR base: 0x000000981f1000 end: 0x00000098210fff
[    0.114119] DMAR: RMRR base: 0x00000098ff2000 end: 0x0000009923bfff
[    0.114120] DMAR: RMRR base: 0x0000009b000000 end: 0x0000009f7fffff
[    0.114121] DMAR: ANDD device: 1 name: \_SB.PCI0.I2C0
[    0.114123] DMAR-IR: IOAPIC id 2 under DRHD base  0xfed91000 IOMMU 1
[    0.114124] DMAR-IR: HPET id 0 under DRHD base 0xfed91000
[    0.114125] DMAR-IR: Queued invalidation will be enabled to support x2apic and Intr-remapping.
[    0.116314] DMAR-IR: Enabled IRQ remapping in x2apic mode
[    0.116315] x2apic enabled
[    0.116327] Switched APIC routing to cluster x2apic.
[    0.120409] ..TIMER: vector=0x30 apic1=0 pin1=2 apic2=-1 pin2=-1
[    0.134129] clocksource: tsc-early: mask: 0xffffffffffffffff max_cycles: 0x26eae8729ef, max_idle_ns: 440795235156 ns
[    0.134134] Calibrating delay loop (skipped), value calculated using timer frequency.. 5401.81 BogoMIPS (lpj=8999696)
[    0.134136] pid_max: default: 32768 minimum: 301
[    0.134158] LSM: Security Framework initializing
[    0.134163] landlock: Up and running.
[    0.134164] Yama: becoming mindful.
[    0.134172] LSM support for eBPF active
[    0.134214] Mount-cache hash table entries: 16384 (order: 5, 131072 bytes, linear)
[    0.134241] Mountpoint-cache hash table entries: 16384 (order: 5, 131072 bytes, linear)
[    0.134475] x86/cpu: SGX disabled by BIOS.
[    0.134481] CPU0: Thermal monitoring enabled (TM1)
[    0.134531] process: using mwait in idle threads
[    0.134533] Last level iTLB entries: 4KB 64, 2MB 8, 4MB 8
[    0.134534] Last level dTLB entries: 4KB 64, 2MB 0, 4MB 0, 1GB 4
[    0.134538] Spectre V1 : Mitigation: usercopy/swapgs barriers and __user pointer sanitization
[    0.134539] Spectre V2 : Mitigation: Retpolines
[    0.134540] Spectre V2 : Spectre v2 / SpectreRSB mitigation: Filling RSB on context switch
[    0.134541] Spectre V2 : Enabling Restricted Speculation for firmware calls
[    0.134542] Spectre V2 : mitigation: Enabling conditional Indirect Branch Prediction Barrier
[    0.134542] Spectre V2 : User space: Mitigation: STIBP via prctl
[    0.134544] Speculative Store Bypass: Mitigation: Speculative Store Bypass disabled via prctl
[    0.134549] SRBDS: Mitigation: Microcode
[    0.134550] MDS: Mitigation: Clear CPU buffers
[    0.136894] Freeing SMP alternatives memory: 36K
[    0.137452] smpboot: Estimated ratio of average max frequency by base frequency (times 1024): 1175
[    0.137463] smpboot: CPU0: Intel(R) Core(TM) i5-7200U CPU @ 2.50GHz (family: 0x6, model: 0x8e, stepping: 0x9)
[    0.137465] cblist_init_generic: Setting adjustable number of callback queues.
[    0.137465] cblist_init_generic: Setting shift to 2 and lim to 1.
[    0.137465] cblist_init_generic: Setting shift to 2 and lim to 1.
[    0.137465] cblist_init_generic: Setting shift to 2 and lim to 1.
[    0.137465] Performance Events: PEBS fmt3+, Skylake events, 32-deep LBR, full-width counters, Intel PMU driver.
[    0.137465] ... version:                4
[    0.137465] ... bit width:              48
[    0.137465] ... generic registers:      4
[    0.137465] ... value mask:             0000ffffffffffff
[    0.137465] ... max period:             00007fffffffffff
[    0.137465] ... fixed-purpose events:   3
[    0.137465] ... event mask:             000000070000000f
[    0.137465] rcu: Hierarchical SRCU implementation.
[    0.137465] NMI watchdog: Enabled. Permanently consumes one hw-PMU counter.
[    0.137465] smp: Bringing up secondary CPUs ...
[    0.137465] x86: Booting SMP configuration:
[    0.137465] .... node  #0, CPUs:      #1 #2
[    0.137465] MDS CPU bug present and SMT on, data leak possible. See https://www.kernel.org/doc/html/latest/admin-guide/hw-vuln/mds.html for more details.
[    0.137465]  #3
[    0.137465] smp: Brought up 1 node, 4 CPUs
[    0.137465] smpboot: Max logical packages: 1
[    0.137465] smpboot: Total of 4 processors activated (21607.24 BogoMIPS)
[    0.137756] devtmpfs: initialized
[    0.137756] x86/mm: Memory block size: 128MB
[    0.137961] ACPI: PM: Registering ACPI NVS region [mem 0x90f52000-0x90f52fff] (4096 bytes)
[    0.137961] ACPI: PM: Registering ACPI NVS region [mem 0x984db000-0x98e26fff] (9748480 bytes)
[    0.137961] clocksource: jiffies: mask: 0xffffffff max_cycles: 0xffffffff, max_idle_ns: 6370867519511994 ns
[    0.137961] futex hash table entries: 1024 (order: 4, 65536 bytes, linear)
[    0.137961] pinctrl core: initialized pinctrl subsystem
[    0.137961] PM: RTC time: 12:30:04, date: 2022-07-08
[    0.138232] NET: Registered PF_NETLINK/PF_ROUTE protocol family
[    0.138609] DMA: preallocated 1024 KiB GFP_KERNEL pool for atomic allocations
[    0.138737] DMA: preallocated 1024 KiB GFP_KERNEL|GFP_DMA pool for atomic allocations
[    0.138881] DMA: preallocated 1024 KiB GFP_KERNEL|GFP_DMA32 pool for atomic allocations
[    0.138908] audit: initializing netlink subsys (disabled)
[    0.138930] audit: type=2000 audit(1657283404.023:1): state=initialized audit_enabled=0 res=1
[    0.138930] thermal_sys: Registered thermal governor 'fair_share'
[    0.138930] thermal_sys: Registered thermal governor 'bang_bang'
[    0.138930] thermal_sys: Registered thermal governor 'step_wise'
[    0.138930] thermal_sys: Registered thermal governor 'user_space'
[    0.138930] thermal_sys: Registered thermal governor 'power_allocator'
[    0.138930] cpuidle: using governor ladder
[    0.138930] cpuidle: using governor menu
[    0.138930] Simple Boot Flag at 0x47 set to 0x80
[    0.138930] ACPI FADT declares the system doesn't support PCIe ASPM, so disable it
[    0.138930] acpiphp: ACPI Hot Plug PCI Controller Driver version: 0.5
[    0.138930] PCI: MMCONFIG for domain 0000 [bus 00-ff] at [mem 0xe0000000-0xefffffff] (base 0xe0000000)
[    0.138930] PCI: MMCONFIG at [mem 0xe0000000-0xefffffff] reserved in E820
[    0.138930] PCI: Using configuration type 1 for base access
[    0.138930] ENERGY_PERF_BIAS: Set to 'normal', was 'performance'
[    0.141261] kprobes: kprobe jump-optimization is enabled. All kprobes are optimized if possible.
[    0.141266] HugeTLB registered 1.00 GiB page size, pre-allocated 0 pages
[    0.141266] HugeTLB registered 2.00 MiB page size, pre-allocated 0 pages
[    0.141266] ACPI: Added _OSI(Module Device)
[    0.141266] ACPI: Added _OSI(Processor Device)
[    0.141266] ACPI: Added _OSI(3.0 _SCP Extensions)
[    0.141266] ACPI: Added _OSI(Processor Aggregator Device)
[    0.141266] ACPI: Added _OSI(Linux-Dell-Video)
[    0.141266] ACPI: Added _OSI(Linux-Lenovo-NV-HDMI-Audio)
[    0.141266] ACPI: Added _OSI(Linux-HPI-Hybrid-Graphics)
[    0.180006] ACPI: 11 ACPI AML tables successfully acquired and loaded
[    0.184128] ACPI: [Firmware Bug]: BIOS _OSI(Linux) query ignored
[    0.191375] ACPI: Dynamic OEM Table Load:
[    0.191381] ACPI: SSDT 0xFFFF9B5940D7E000 0006B4 (v02 PmRef  Cpu0Ist  00003000 INTL 20160422)
[    0.192435] ACPI: \_PR_.PR00: _OSC native thermal LVT Acked
[    0.193465] ACPI: Dynamic OEM Table Load:
[    0.193470] ACPI: SSDT 0xFFFF9B594038B000 0003FF (v02 PmRef  Cpu0Cst  00003001 INTL 20160422)
[    0.194443] ACPI: Dynamic OEM Table Load:
[    0.194447] ACPI: SSDT 0xFFFF9B5940F08600 0000BA (v02 PmRef  Cpu0Hwp  00003000 INTL 20160422)
[    0.195349] ACPI: Dynamic OEM Table Load:
[    0.195353] ACPI: SSDT 0xFFFF9B5940D7D800 000628 (v02 PmRef  HwpLvt   00003000 INTL 20160422)
[    0.196619] ACPI: Dynamic OEM Table Load:
[    0.196625] ACPI: SSDT 0xFFFF9B5940127000 000D14 (v02 PmRef  ApIst    00003000 INTL 20160422)
[    0.198277] ACPI: Dynamic OEM Table Load:
[    0.198282] ACPI: SSDT 0xFFFF9B594038A400 000317 (v02 PmRef  ApHwp    00003000 INTL 20160422)
[    0.199285] ACPI: Dynamic OEM Table Load:
[    0.199289] ACPI: SSDT 0xFFFF9B5940388C00 00030A (v02 PmRef  ApCst    00003000 INTL 20160422)
[    0.201489] ACPI: EC: EC started
[    0.201490] ACPI: EC: interrupt blocked
[    0.206356] ACPI: EC: EC_CMD/EC_SC=0x934, EC_DATA=0x930
[    0.206359] ACPI: \_SB_.PCI0.LPCB.ECDV: Boot DSDT EC used to handle transactions
[    0.206360] ACPI: Interpreter enabled
[    0.206399] ACPI: PM: (supports S0 S3 S4 S5)
[    0.206400] ACPI: Using IOAPIC for interrupt routing
[    0.206438] PCI: Using host bridge windows from ACPI; if necessary, use "pci=nocrs" and report a bug
[    0.207077] ACPI: Enabled 8 GPEs in block 00 to 7F
[    0.211474] ACPI: PM: Power Resource [PC01]
[    0.232636] ACPI: PCI Root Bridge [PCI0] (domain 0000 [bus 00-fe])
[    0.232644] acpi PNP0A08:00: _OSC: OS supports [ExtendedConfig ASPM ClockPM Segments MSI EDR HPX-Type3]
[    0.234024] acpi PNP0A08:00: _OSC: OS now controls [PCIeHotplug SHPCHotplug PME PCIeCapability LTR DPC]
[    0.234025] acpi PNP0A08:00: FADT indicates ASPM is unsupported, using BIOS configuration
[    0.234762] PCI host bridge to bus 0000:00
[    0.234764] pci_bus 0000:00: root bus resource [io  0x0000-0x0cf7 window]
[    0.234766] pci_bus 0000:00: root bus resource [io  0x0d00-0xffff window]
[    0.234767] pci_bus 0000:00: root bus resource [mem 0x000a0000-0x000bffff window]
[    0.234768] pci_bus 0000:00: root bus resource [mem 0x9f800000-0xdfffffff window]
[    0.234769] pci_bus 0000:00: root bus resource [mem 0xfd000000-0xfe7fffff window]
[    0.234770] pci_bus 0000:00: root bus resource [bus 00-fe]
[    0.234784] pci 0000:00:00.0: [8086:5904] type 00 class 0x060000
[    0.234850] pci 0000:00:02.0: [8086:5916] type 00 class 0x030000
[    0.234859] pci 0000:00:02.0: reg 0x10: [mem 0xd1000000-0xd1ffffff 64bit]
[    0.234865] pci 0000:00:02.0: reg 0x18: [mem 0xb0000000-0xbfffffff 64bit pref]
[    0.234869] pci 0000:00:02.0: reg 0x20: [io  0xf000-0xf03f]
[    0.234886] pci 0000:00:02.0: Video device with shadowed ROM at [mem 0x000c0000-0x000dffff]
[    0.235036] pci 0000:00:04.0: [8086:1903] type 00 class 0x118000
[    0.235046] pci 0000:00:04.0: reg 0x10: [mem 0xd2320000-0xd2327fff 64bit]
[    0.235348] pci 0000:00:14.0: [8086:9d2f] type 00 class 0x0c0330
[    0.235365] pci 0000:00:14.0: reg 0x10: [mem 0xd2310000-0xd231ffff 64bit]
[    0.235427] pci 0000:00:14.0: PME# supported from D3hot D3cold
[    0.236019] pci 0000:00:14.2: [8086:9d31] type 00 class 0x118000
[    0.236037] pci 0000:00:14.2: reg 0x10: [mem 0xd2337000-0xd2337fff 64bit]
[    0.236151] pci 0000:00:15.0: [8086:9d60] type 00 class 0x118000
[    0.236172] pci 0000:00:15.0: reg 0x10: [mem 0xd2336000-0xd2336fff 64bit]
[    0.236495] pci 0000:00:16.0: [8086:9d3a] type 00 class 0x078000
[    0.236516] pci 0000:00:16.0: reg 0x10: [mem 0xd2335000-0xd2335fff 64bit]
[    0.236587] pci 0000:00:16.0: PME# supported from D3hot
[    0.236951] pci 0000:00:17.0: [8086:9d03] type 00 class 0x010601
[    0.236964] pci 0000:00:17.0: reg 0x10: [mem 0xd2330000-0xd2331fff]
[    0.236971] pci 0000:00:17.0: reg 0x14: [mem 0xd2334000-0xd23340ff]
[    0.236979] pci 0000:00:17.0: reg 0x18: [io  0xf090-0xf097]
[    0.236986] pci 0000:00:17.0: reg 0x1c: [io  0xf080-0xf083]
[    0.236993] pci 0000:00:17.0: reg 0x20: [io  0xf060-0xf07f]
[    0.237000] pci 0000:00:17.0: reg 0x24: [mem 0xd2333000-0xd23337ff]
[    0.237038] pci 0000:00:17.0: PME# supported from D3hot
[    0.237295] pci 0000:00:1c.0: [8086:9d10] type 01 class 0x060400
[    0.237363] pci 0000:00:1c.0: PME# supported from D0 D3hot D3cold
[    0.237379] pci 0000:00:1c.0: Intel SPT PCH root port ACS workaround enabled
[    0.237892] pci 0000:00:1c.4: [8086:9d14] type 01 class 0x060400
[    0.237963] pci 0000:00:1c.4: PME# supported from D0 D3hot D3cold
[    0.237981] pci 0000:00:1c.4: Intel SPT PCH root port ACS workaround enabled
[    0.238433] pci 0000:00:1c.5: [8086:9d15] type 01 class 0x060400
[    0.238503] pci 0000:00:1c.5: PME# supported from D0 D3hot D3cold
[    0.238520] pci 0000:00:1c.5: Intel SPT PCH root port ACS workaround enabled
[    0.238976] pci 0000:00:1f.0: [8086:9d4e] type 00 class 0x060100
[    0.239259] pci 0000:00:1f.2: [8086:9d21] type 00 class 0x058000
[    0.239273] pci 0000:00:1f.2: reg 0x10: [mem 0xd232c000-0xd232ffff]
[    0.239536] pci 0000:00:1f.3: [8086:9d71] type 00 class 0x040300
[    0.239559] pci 0000:00:1f.3: reg 0x10: [mem 0xd2328000-0xd232bfff 64bit]
[    0.239591] pci 0000:00:1f.3: reg 0x20: [mem 0xd2300000-0xd230ffff 64bit]
[    0.239639] pci 0000:00:1f.3: PME# supported from D3hot D3cold
[    0.240361] pci 0000:00:1f.4: [8086:9d23] type 00 class 0x0c0500
[    0.240418] pci 0000:00:1f.4: reg 0x10: [mem 0xd2332000-0xd23320ff 64bit]
[    0.240487] pci 0000:00:1f.4: reg 0x20: [io  0xf040-0xf05f]
[    0.240812] pci 0000:01:00.0: [1002:6665] type 00 class 0x038000
[    0.240829] pci 0000:01:00.0: reg 0x10: [mem 0xc0000000-0xcfffffff 64bit pref]
[    0.240840] pci 0000:01:00.0: reg 0x18: [mem 0xd0000000-0xd003ffff 64bit]
[    0.240847] pci 0000:01:00.0: reg 0x20: [io  0xe000-0xe0ff]
[    0.240860] pci 0000:01:00.0: reg 0x30: [mem 0xd0040000-0xd005ffff pref]
[    0.240867] pci 0000:01:00.0: enabling Extended Tags
[    0.240919] pci 0000:01:00.0: supports D1 D2
[    0.240920] pci 0000:01:00.0: PME# supported from D1 D2 D3hot
[    0.240954] pci 0000:01:00.0: 31.504 Gb/s available PCIe bandwidth, limited by 8.0 GT/s PCIe x4 link at 0000:00:1c.0 (capable of 63.008 Gb/s with 8.0 GT/s PCIe x8 link)
[    0.241016] pci 0000:00:1c.0: PCI bridge to [bus 01]
[    0.241019] pci 0000:00:1c.0:   bridge window [io  0xe000-0xefff]
[    0.241021] pci 0000:00:1c.0:   bridge window [mem 0xc0000000-0xd00fffff]
[    0.241085] pci 0000:02:00.0: [10ec:8136] type 00 class 0x020000
[    0.241104] pci 0000:02:00.0: reg 0x10: [io  0xd000-0xd0ff]
[    0.241129] pci 0000:02:00.0: reg 0x18: [mem 0xd2204000-0xd2204fff 64bit]
[    0.241145] pci 0000:02:00.0: reg 0x20: [mem 0xd2200000-0xd2203fff 64bit pref]
[    0.241246] pci 0000:02:00.0: supports D1 D2
[    0.241247] pci 0000:02:00.0: PME# supported from D0 D1 D2 D3hot D3cold
[    0.241372] pci 0000:00:1c.4: PCI bridge to [bus 02]
[    0.241374] pci 0000:00:1c.4:   bridge window [io  0xd000-0xdfff]
[    0.241377] pci 0000:00:1c.4:   bridge window [mem 0xd2200000-0xd22fffff]
[    0.241679] pci 0000:03:00.0: [168c:0042] type 00 class 0x028000
[    0.242006] pci 0000:03:00.0: reg 0x10: [mem 0xd2000000-0xd21fffff 64bit]
[    0.243351] pci 0000:03:00.0: PME# supported from D0 D3hot D3cold
[    0.244499] pci 0000:00:1c.5: PCI bridge to [bus 03]
[    0.244503] pci 0000:00:1c.5:   bridge window [mem 0xd2000000-0xd21fffff]
[    0.246353] ACPI: PCI: Interrupt link LNKA configured for IRQ 11
[    0.246353] ACPI: PCI: Interrupt link LNKB configured for IRQ 10
[    0.246353] ACPI: PCI: Interrupt link LNKC configured for IRQ 11
[    0.246353] ACPI: PCI: Interrupt link LNKD configured for IRQ 11
[    0.246353] ACPI: PCI: Interrupt link LNKE configured for IRQ 11
[    0.246353] ACPI: PCI: Interrupt link LNKF configured for IRQ 11
[    0.246353] ACPI: PCI: Interrupt link LNKG configured for IRQ 11
[    0.246353] ACPI: PCI: Interrupt link LNKH configured for IRQ 11
[    0.249434] ACPI: EC: interrupt unblocked
[    0.249435] ACPI: EC: event unblocked
[    0.249442] ACPI: EC: EC_CMD/EC_SC=0x934, EC_DATA=0x930
[    0.249443] ACPI: EC: GPE=0x6e
[    0.249445] ACPI: \_SB_.PCI0.LPCB.ECDV: Boot DSDT EC initialization complete
[    0.249446] ACPI: \_SB_.PCI0.LPCB.ECDV: EC: Used to handle transactions and events
[    0.249500] iommu: Default domain type: Translated 
[    0.249501] iommu: DMA domain TLB invalidation policy: lazy mode 
[    0.249625] SCSI subsystem initialized
[    0.249633] libata version 3.00 loaded.
[    0.249633] ACPI: bus type USB registered
[    0.249633] usbcore: registered new interface driver usbfs
[    0.249633] usbcore: registered new interface driver hub
[    0.249633] usbcore: registered new device driver usb
[    0.249633] pps_core: LinuxPPS API ver. 1 registered
[    0.249633] pps_core: Software ver. 5.3.6 - Copyright 2005-2007 Rodolfo Giometti <giometti@linux.it>
[    0.249633] PTP clock support registered
[    0.249633] EDAC MC: Ver: 3.0.0
[    0.249633] NetLabel: Initializing
[    0.249633] NetLabel:  domain hash size = 128
[    0.249633] NetLabel:  protocols = UNLABELED CIPSOv4 CALIPSO
[    0.249633] NetLabel:  unlabeled traffic allowed by default
[    0.249633] mctp: management component transport protocol core
[    0.249633] NET: Registered PF_MCTP protocol family
[    0.249633] PCI: Using ACPI for IRQ routing
[    0.279109] PCI: pci_cache_line_size set to 64 bytes
[    0.279446] e820: reserve RAM buffer [mem 0x0009c400-0x0009ffff]
[    0.279448] e820: reserve RAM buffer [mem 0x90f52000-0x93ffffff]
[    0.279449] e820: reserve RAM buffer [mem 0x25f800000-0x25fffffff]
[    0.280816] pci 0000:00:02.0: vgaarb: setting as boot VGA device
[    0.280816] pci 0000:00:02.0: vgaarb: bridge control possible
[    0.280816] pci 0000:00:02.0: vgaarb: VGA device added: decodes=io+mem,owns=io+mem,locks=none
[    0.280816] vgaarb: loaded
[    0.280839] hpet0: at MMIO 0xfed00000, IRQs 2, 8, 0, 0, 0, 0, 0, 0
[    0.280845] hpet0: 8 comparators, 64-bit 24.000000 MHz counter
[    0.282889] clocksource: Switched to clocksource tsc-early
[    0.287989] VFS: Disk quotas dquot_6.6.0
[    0.288004] VFS: Dquot-cache hash table entries: 512 (order 0, 4096 bytes)
[    0.288075] pnp: PnP ACPI init
[    0.288390] system 00:00: [io  0x0680-0x069f] has been reserved
[    0.288394] system 00:00: [io  0xffff] has been reserved
[    0.288395] system 00:00: [io  0xffff] has been reserved
[    0.288397] system 00:00: [io  0xffff] has been reserved
[    0.288398] system 00:00: [io  0x1800-0x18fe] has been reserved
[    0.288399] system 00:00: [io  0x164e-0x164f] has been reserved
[    0.288527] system 00:02: [io  0x1854-0x1857] has been reserved
[    0.288844] system 00:05: [mem 0xfed10000-0xfed17fff] has been reserved
[    0.288846] system 00:05: [mem 0xfed18000-0xfed18fff] has been reserved
[    0.288848] system 00:05: [mem 0xfed19000-0xfed19fff] has been reserved
[    0.288849] system 00:05: [mem 0xe0000000-0xefffffff] has been reserved
[    0.288851] system 00:05: [mem 0xfed20000-0xfed3ffff] has been reserved
[    0.288852] system 00:05: [mem 0xfed90000-0xfed93fff] could not be reserved
[    0.288853] system 00:05: [mem 0xfed45000-0xfed8ffff] has been reserved
[    0.288855] system 00:05: [mem 0xff000000-0xffffffff] has been reserved
[    0.288856] system 00:05: [mem 0xfee00000-0xfeefffff] could not be reserved
[    0.288858] system 00:05: [mem 0xdffe0000-0xdfffffff] has been reserved
[    0.288894] system 00:06: [mem 0xfd000000-0xfdabffff] has been reserved
[    0.288896] system 00:06: [mem 0xfdad0000-0xfdadffff] has been reserved
[    0.288897] system 00:06: [mem 0xfdb00000-0xfdffffff] has been reserved
[    0.288899] system 00:06: [mem 0xfe000000-0xfe01ffff] could not be reserved
[    0.288900] system 00:06: [mem 0xfe036000-0xfe03bfff] has been reserved
[    0.288901] system 00:06: [mem 0xfe03d000-0xfe3fffff] has been reserved
[    0.288903] system 00:06: [mem 0xfe410000-0xfe7fffff] has been reserved
[    0.289195] system 00:07: [io  0xff00-0xfffe] has been reserved
[    0.290302] system 00:08: [mem 0xfe035000-0xfe035fff] has been reserved
[    0.290304] system 00:08: [mem 0xfe034008-0xfe034fff] has been reserved
[    0.290858] system 00:09: [mem 0xfe034000-0xfe034007] has been reserved
[    0.292445] pnp: PnP ACPI: found 10 devices
[    0.297842] clocksource: acpi_pm: mask: 0xffffff max_cycles: 0xffffff, max_idle_ns: 2085701024 ns
[    0.297887] NET: Registered PF_INET protocol family
[    0.297975] IP idents hash table entries: 131072 (order: 8, 1048576 bytes, linear)
[    0.298785] tcp_listen_portaddr_hash hash table entries: 4096 (order: 4, 65536 bytes, linear)
[    0.298838] TCP established hash table entries: 65536 (order: 7, 524288 bytes, linear)
[    0.298968] TCP bind hash table entries: 65536 (order: 8, 1048576 bytes, linear)
[    0.299035] TCP: Hash tables configured (established 65536 bind 65536)
[    0.299094] MPTCP token hash table entries: 8192 (order: 5, 196608 bytes, linear)
[    0.299127] UDP hash table entries: 4096 (order: 5, 131072 bytes, linear)
[    0.299153] UDP-Lite hash table entries: 4096 (order: 5, 131072 bytes, linear)
[    0.299193] NET: Registered PF_UNIX/PF_LOCAL protocol family
[    0.299197] NET: Registered PF_XDP protocol family
[    0.299214] pci 0000:00:1c.0: PCI bridge to [bus 01]
[    0.299218] pci 0000:00:1c.0:   bridge window [io  0xe000-0xefff]
[    0.299222] pci 0000:00:1c.0:   bridge window [mem 0xc0000000-0xd00fffff]
[    0.299228] pci 0000:00:1c.4: PCI bridge to [bus 02]
[    0.299230] pci 0000:00:1c.4:   bridge window [io  0xd000-0xdfff]
[    0.299233] pci 0000:00:1c.4:   bridge window [mem 0xd2200000-0xd22fffff]
[    0.299238] pci 0000:00:1c.5: PCI bridge to [bus 03]
[    0.299241] pci 0000:00:1c.5:   bridge window [mem 0xd2000000-0xd21fffff]
[    0.299246] pci_bus 0000:00: resource 4 [io  0x0000-0x0cf7 window]
[    0.299248] pci_bus 0000:00: resource 5 [io  0x0d00-0xffff window]
[    0.299249] pci_bus 0000:00: resource 6 [mem 0x000a0000-0x000bffff window]
[    0.299250] pci_bus 0000:00: resource 7 [mem 0x9f800000-0xdfffffff window]
[    0.299251] pci_bus 0000:00: resource 8 [mem 0xfd000000-0xfe7fffff window]
[    0.299253] pci_bus 0000:01: resource 0 [io  0xe000-0xefff]
[    0.299254] pci_bus 0000:01: resource 1 [mem 0xc0000000-0xd00fffff]
[    0.299255] pci_bus 0000:02: resource 0 [io  0xd000-0xdfff]
[    0.299256] pci_bus 0000:02: resource 1 [mem 0xd2200000-0xd22fffff]
[    0.299257] pci_bus 0000:03: resource 1 [mem 0xd2000000-0xd21fffff]
[    0.300396] PCI: CLS 0 bytes, default 64
[    0.300412] DMAR: ACPI device "device:6a" under DMAR at fed91000 as 00:15.0
[    0.300421] DMAR: No ATSR found
[    0.300422] DMAR: No SATC found
[    0.300424] DMAR: IOMMU feature fl1gp_support inconsistent
[    0.300425] DMAR: IOMMU feature pgsel_inv inconsistent
[    0.300426] DMAR: IOMMU feature nwfs inconsistent
[    0.300427] DMAR: IOMMU feature pasid inconsistent
[    0.300428] DMAR: IOMMU feature eafs inconsistent
[    0.300428] DMAR: IOMMU feature prs inconsistent
[    0.300429] DMAR: IOMMU feature nest inconsistent
[    0.300429] DMAR: IOMMU feature mts inconsistent
[    0.300430] DMAR: IOMMU feature sc_support inconsistent
[    0.300430] DMAR: IOMMU feature dev_iotlb_support inconsistent
[    0.300431] DMAR: dmar0: Using Queued invalidation
[    0.300435] DMAR: dmar1: Using Queued invalidation
[    0.300465] Unpacking initramfs...
[    0.300747] pci 0000:00:00.0: Adding to iommu group 0
[    0.300762] pci 0000:00:02.0: Adding to iommu group 1
[    0.300772] pci 0000:00:04.0: Adding to iommu group 2
[    0.300789] pci 0000:00:14.0: Adding to iommu group 3
[    0.300798] pci 0000:00:14.2: Adding to iommu group 3
[    0.300834] pci 0000:00:15.0: Adding to iommu group 4
[    0.300847] pci 0000:00:16.0: Adding to iommu group 5
[    0.300855] pci 0000:00:17.0: Adding to iommu group 6
[    0.300867] pci 0000:00:1c.0: Adding to iommu group 7
[    0.300877] pci 0000:00:1c.4: Adding to iommu group 8
[    0.300889] pci 0000:00:1c.5: Adding to iommu group 9
[    0.300906] pci 0000:00:1f.0: Adding to iommu group 10
[    0.300918] pci 0000:00:1f.2: Adding to iommu group 10
[    0.300927] pci 0000:00:1f.3: Adding to iommu group 10
[    0.300935] pci 0000:00:1f.4: Adding to iommu group 10
[    0.300946] pci 0000:01:00.0: Adding to iommu group 11
[    0.300957] pci 0000:02:00.0: Adding to iommu group 12
[    0.300967] pci 0000:03:00.0: Adding to iommu group 13
[    0.302792] DMAR: Intel(R) Virtualization Technology for Directed I/O
[    0.302795] PCI-DMA: Using software bounce buffering for IO (SWIOTLB)
[    0.302796] software IO TLB: mapped [mem 0x000000008cf52000-0x0000000090f52000] (64MB)
[    0.308048] Initialise system trusted keyrings
[    0.308057] Key type blacklist registered
[    0.308155] workingset: timestamp_bits=41 max_order=21 bucket_order=0
[    0.309918] zbud: loaded
[    0.310199] integrity: Platform Keyring initialized
[    0.317533] Key type asymmetric registered
[    0.317540] Asymmetric key parser 'x509' registered
[    0.344819] Freeing initrd memory: 9200K
[    0.346999] alg: self-tests for CTR-KDF (hmac(sha256)) passed
[    0.347021] Block layer SCSI generic (bsg) driver version 0.4 loaded (major 242)
[    0.347048] io scheduler mq-deadline registered
[    0.347050] io scheduler kyber registered
[    0.347076] io scheduler bfq registered
[    0.347500] pcieport 0000:00:1c.0: PME: Signaling with IRQ 122
[    0.347699] pcieport 0000:00:1c.4: PME: Signaling with IRQ 123
[    0.347859] pcieport 0000:00:1c.5: PME: Signaling with IRQ 124
[    0.347932] shpchp: Standard Hot Plug PCI Controller Driver version: 0.4
[    0.348824] ACPI: AC: AC Adapter [AC] (on-line)
[    0.348869] input: Lid Switch as /devices/LNXSYSTM:00/LNXSYBUS:00/PNP0C0D:00/input/input0
[    0.348892] ACPI: button: Lid Switch [LID0]
[    0.348913] input: Power Button as /devices/LNXSYSTM:00/LNXSYBUS:00/PNP0C0C:00/input/input1
[    0.348929] ACPI: button: Power Button [PBTN]
[    0.348946] input: Sleep Button as /devices/LNXSYSTM:00/LNXSYBUS:00/PNP0C0E:00/input/input2
[    0.348957] ACPI: button: Sleep Button [SBTN]
[    0.348975] input: Power Button as /devices/LNXSYSTM:00/LNXPWRBN:00/input/input3
[    0.348989] ACPI: button: Power Button [PWRF]
[    0.349105] smpboot: Estimated ratio of average max frequency by base frequency (times 1024): 1175
[    0.350962] thermal LNXTHERM:00: registered as thermal_zone0
[    0.350964] ACPI: thermal: Thermal Zone [THM] (25 C)
[    0.351126] Serial: 8250/16550 driver, 32 ports, IRQ sharing enabled
[    0.352757] Non-volatile memory driver v1.3
[    0.352759] Linux agpgart interface v0.103
[    0.352760] AMD-Vi: AMD IOMMUv2 functionality not available on this system - This is not a bug.
[    0.352775] ACPI: bus type drm_connector registered
[    0.354152] ahci 0000:00:17.0: version 3.0
[    0.354337] ahci 0000:00:17.0: SSS flag set, parallel bus scan disabled
[    0.354385] ahci 0000:00:17.0: AHCI 0001.0301 32 slots 2 ports 6 Gbps 0x3 impl SATA mode
[    0.354388] ahci 0000:00:17.0: flags: 64bit ncq stag pm led clo only pio slum part deso sadm sds apst 
[    0.354652] scsi host0: ahci
[    0.354758] scsi host1: ahci
[    0.354790] ata1: SATA max UDMA/133 abar m2048@0xd2333000 port 0xd2333100 irq 125
[    0.354793] ata2: SATA max UDMA/133 abar m2048@0xd2333000 port 0xd2333180 irq 125
[    0.354826] ehci_hcd: USB 2.0 'Enhanced' Host Controller (EHCI) Driver
[    0.354828] ehci-pci: EHCI PCI platform driver
[    0.354834] ohci_hcd: USB 1.1 'Open' Host Controller (OHCI) Driver
[    0.354836] ohci-pci: OHCI PCI platform driver
[    0.354840] uhci_hcd: USB Universal Host Controller Interface driver
[    0.354863] usbcore: registered new interface driver usbserial_generic
[    0.354866] usbserial: USB Serial support registered for generic
[    0.354978] rtc_cmos 00:01: RTC can wake from S4
[    0.355703] rtc_cmos 00:01: registered as rtc0
[    0.355850] rtc_cmos 00:01: setting system clock to 2022-07-08T12:30:05 UTC (1657283405)
[    0.355862] rtc_cmos 00:01: alarms up to one month, y3k, 242 bytes nvram, hpet irqs
[    0.356080] intel_pstate: Intel P-state driver initializing
[    0.356246] intel_pstate: HWP enabled
[    0.356263] ledtrig-cpu: registered to indicate activity on CPUs
[    0.356476] vesafb: mode is 1920x1080x32, linelength=7680, pages=0
[    0.356477] vesafb: scrolling: redraw
[    0.356478] vesafb: Truecolor: size=8:8:8:8, shift=24:16:8:0
[    0.356486] vesafb: framebuffer at 0xb0000000, mapped to 0x00000000c0b3a255, using 8128k, total 8128k
[    0.356512] fbcon: Deferring console take-over
[    0.356512] fb0: VESA VGA frame buffer device
[    0.356525] hid: raw HID events driver (C) Jiri Kosina
[    0.356660] intel_pmc_core INT33A1:00:  initialized
[    0.356743] drop_monitor: Initializing network drop monitor service
[    0.356836] Initializing XFRM netlink socket
[    0.356931] NET: Registered PF_INET6 protocol family
[    0.359299] Segment Routing with IPv6
[    0.359301] RPL Segment Routing with IPv6
[    0.359315] In-situ OAM (IOAM) with IPv6
[    0.359338] NET: Registered PF_PACKET protocol family
[    0.359576] microcode: sig=0x806e9, pf=0x80, revision=0xec
[    0.359588] microcode: Microcode Update Driver: v2.2.
[    0.359593] IPI shorthand broadcast: enabled
[    0.359604] sched_clock: Marking stable (358953377, 568184)->(365883794, -6362233)
[    0.359734] registered taskstats version 1
[    0.360202] Loading compiled-in X.509 certificates
[    0.363323] Loaded X.509 cert 'Build time autogenerated kernel key: 660ea857a76fbc7b77d5a539eca5f26c69d9f91e'
[    0.363523] zswap: loaded using pool lz4/z3fold
[    0.363853] Key type ._fscrypt registered
[    0.363855] Key type .fscrypt registered
[    0.363856] Key type fscrypt-provisioning registered
[    0.366081] PM:   Magic number: 14:356:531
[    0.366083] PM:   hash matches drivers/base/power/main.c:904
[    0.366094] tty ttyS11: hash matches
[    0.366488] RAS: Correctable Errors collector initialized.
[    0.375592] ACPI: battery: Slot [BAT0] (battery present)
[    0.668702] ata1: SATA link up 6.0 Gbps (SStatus 133 SControl 300)
[    0.670394] ata1.00: ACPI cmd f5/00:00:00:00:00:00(SECURITY FREEZE LOCK) filtered out
[    0.670404] ata1.00: ACPI cmd b1/c1:00:00:00:00:00(DEVICE CONFIGURATION OVERLAY) filtered out
[    0.670637] ata1.00: ATA-11: TOSHIBA KSG60ZMV256G M.2 2280 256GB, ABDA4102, max UDMA/100
[    0.670700] ata1.00: 500118192 sectors, multi 16: LBA48 NCQ (depth 32), AA
[    0.671305] ata1.00: Features: Dev-Sleep
[    0.672805] ata1.00: ACPI cmd f5/00:00:00:00:00:00(SECURITY FREEZE LOCK) filtered out
[    0.672813] ata1.00: ACPI cmd b1/c1:00:00:00:00:00(DEVICE CONFIGURATION OVERLAY) filtered out
[    0.673679] ata1.00: configured for UDMA/100
[    0.673952] scsi 0:0:0:0: Direct-Access     ATA      TOSHIBA KSG60ZMV 4102 PQ: 0 ANSI: 5
[    0.674576] sd 0:0:0:0: [sda] 500118192 512-byte logical blocks: (256 GB/238 GiB)
[    0.674581] sd 0:0:0:0: [sda] 4096-byte physical blocks
[    0.674601] sd 0:0:0:0: [sda] Write Protect is off
[    0.674607] sd 0:0:0:0: [sda] Mode Sense: 00 3a 00 00
[    0.674637] sd 0:0:0:0: [sda] Write cache: enabled, read cache: enabled, doesn't support DPO or FUA
[    0.691835]  sda: sda1 sda2 sda3 sda4
[    0.708164] sd 0:0:0:0: [sda] Attached SCSI disk
[    0.988771] ata2: SATA link up 6.0 Gbps (SStatus 133 SControl 300)
[    0.990815] ata2.00: ACPI cmd f5/00:00:00:00:00:00(SECURITY FREEZE LOCK) filtered out
[    0.990824] ata2.00: ACPI cmd b1/c1:00:00:00:00:00(DEVICE CONFIGURATION OVERLAY) filtered out
[    0.991725] ata2.00: ATA-8: HGST HTS545050A7E680, GG2OAF10, max UDMA/133
[    0.992201] ata2.00: 976773168 sectors, multi 16: LBA48 NCQ (depth 32), AA
[    0.994422] ata2.00: ACPI cmd f5/00:00:00:00:00:00(SECURITY FREEZE LOCK) filtered out
[    0.994431] ata2.00: ACPI cmd b1/c1:00:00:00:00:00(DEVICE CONFIGURATION OVERLAY) filtered out
[    0.995374] ata2.00: configured for UDMA/133
[    0.995544] scsi 1:0:0:0: Direct-Access     ATA      HGST HTS545050A7 AF10 PQ: 0 ANSI: 5
[    0.996039] sd 1:0:0:0: [sdb] 976773168 512-byte logical blocks: (500 GB/466 GiB)
[    0.996046] sd 1:0:0:0: [sdb] 4096-byte physical blocks
[    0.996067] sd 1:0:0:0: [sdb] Write Protect is off
[    0.996072] sd 1:0:0:0: [sdb] Mode Sense: 00 3a 00 00
[    0.996168] sd 1:0:0:0: [sdb] Write cache: enabled, read cache: enabled, doesn't support DPO or FUA
[    1.314256] tsc: Refined TSC clocksource calibration: 2711.989 MHz
[    1.314270] clocksource: tsc: mask: 0xffffffffffffffff max_cycles: 0x27177c1c581, max_idle_ns: 440795280022 ns
[    1.314307] clocksource: Switched to clocksource tsc
[    1.816898]  sdb: sdb1 sdb2
[    1.831068] sd 1:0:0:0: [sdb] Attached SCSI disk
[    1.833665] Freeing unused decrypted memory: 2036K
[    1.834321] Freeing unused kernel image (initmem) memory: 1776K
[    1.834416] Write protecting the kernel read-only data: 22528k
[    1.835454] Freeing unused kernel image (text/rodata gap) memory: 2040K
[    1.835624] Freeing unused kernel image (rodata/data gap) memory: 48K
[    1.885010] x86/mm: Checked W+X mappings: passed, no W+X pages found.
[    1.885014] rodata_test: all tests were successful
[    1.885015] x86/mm: Checking user space page tables
[    1.931659] x86/mm: Checked W+X mappings: passed, no W+X pages found.
[    1.931675] Run /init as init process
[    1.931676]   with arguments:
[    1.931677]     /init
[    1.931678]   with environment:
[    1.931679]     HOME=/
[    1.931679]     TERM=linux
[    1.931680]     BOOT_IMAGE=/vmlinuz-linux5.17.0
[    1.936537] fbcon: Taking over console
[    1.936597] Console: switching to colour frame buffer device 240x67
[    2.179267] i915 0000:00:02.0: [drm] VT-d active for gfx access
[    2.179271] checking generic (b0000000 7f0000) vs hw (d1000000 1000000)
[    2.179273] checking generic (b0000000 7f0000) vs hw (b0000000 10000000)
[    2.179274] fb0: switching to i915 from VESA VGA
[    2.179443] Console: switching to colour dummy device 80x25
[    2.179509] i915 0000:00:02.0: vgaarb: deactivate vga console
[    2.179537] i915 0000:00:02.0: [drm] Transparent Hugepage mode 'huge=within_size'
[    2.181852] i915 0000:00:02.0: vgaarb: changed VGA decodes: olddecodes=io+mem,decodes=io+mem:owns=io+mem
[    2.184297] i915 0000:00:02.0: [drm] Finished loading DMC firmware i915/kbl_dmc_ver1_04.bin (v1.4)
[    2.252770] [drm] Initialized i915 1.6.0 20201103 for 0000:00:02.0 on minor 0
[    2.255882] ACPI: video: Video Device [GFX0] (multi-head: yes  rom: no  post: no)
[    2.257292] input: Video Bus as /devices/LNXSYSTM:00/LNXSYBUS:00/PNP0A08:00/LNXVIDEO:00/input/input4
[    2.263657] fbcon: i915drmfb (fb0) is primary device
[    2.268677] Console: switching to colour frame buffer device 240x67
[    2.290021] i915 0000:00:02.0: [drm] fb0: i915drmfb frame buffer device
[    2.428998] i8042: PNP: PS/2 Controller [PNP0303:PS2K,PNP0f13:PS2M] at 0x60,0x64 irq 1,12
[    2.429282] i8042: Warning: Keylock active
[    2.430632] serio: i8042 KBD port at 0x60,0x64 irq 1
[    2.430675] serio: i8042 AUX port at 0x60,0x64 irq 12
[    2.438689] xhci_hcd 0000:00:14.0: xHCI Host Controller
[    2.438697] xhci_hcd 0000:00:14.0: new USB bus registered, assigned bus number 1
[    2.439835] xhci_hcd 0000:00:14.0: hcc params 0x200077c1 hci version 0x100 quirks 0x0000000081109810
[    2.440257] usb usb1: New USB device found, idVendor=1d6b, idProduct=0002, bcdDevice= 5.17
[    2.440261] usb usb1: New USB device strings: Mfr=3, Product=2, SerialNumber=1
[    2.440263] usb usb1: Product: xHCI Host Controller
[    2.440265] usb usb1: Manufacturer: Linux 5.17.0-12897-g9ae2a143081f xhci-hcd
[    2.440266] usb usb1: SerialNumber: 0000:00:14.0
[    2.440378] hub 1-0:1.0: USB hub found
[    2.440395] hub 1-0:1.0: 12 ports detected
[    2.449639] xhci_hcd 0000:00:14.0: xHCI Host Controller
[    2.449647] xhci_hcd 0000:00:14.0: new USB bus registered, assigned bus number 2
[    2.449651] xhci_hcd 0000:00:14.0: Host supports USB 3.0 SuperSpeed
[    2.449697] usb usb2: New USB device found, idVendor=1d6b, idProduct=0003, bcdDevice= 5.17
[    2.449700] usb usb2: New USB device strings: Mfr=3, Product=2, SerialNumber=1
[    2.449702] usb usb2: Product: xHCI Host Controller
[    2.449704] usb usb2: Manufacturer: Linux 5.17.0-12897-g9ae2a143081f xhci-hcd
[    2.449706] usb usb2: SerialNumber: 0000:00:14.0
[    2.450353] hub 2-0:1.0: USB hub found
[    2.450367] hub 2-0:1.0: 6 ports detected
[    2.466469] input: AT Translated Set 2 keyboard as /devices/platform/i8042/serio0/input/input5
[    2.690894] usb 1-5: new high-speed USB device number 2 using xhci_hcd
[    2.839446] usb 1-5: New USB device found, idVendor=1bcf, idProduct=28c0, bcdDevice=65.05
[    2.839458] usb 1-5: New USB device strings: Mfr=1, Product=2, SerialNumber=0
[    2.839463] usb 1-5: Product: Integrated_Webcam_HD
[    2.839466] usb 1-5: Manufacturer: CN0F08KGLOG00858B6HJA02
[    2.964254] usb 1-6: new high-speed USB device number 3 using xhci_hcd
[    3.107811] usb 1-6: New USB device found, idVendor=0bda, idProduct=0129, bcdDevice=39.60
[    3.107827] usb 1-6: New USB device strings: Mfr=1, Product=2, SerialNumber=3
[    3.107835] usb 1-6: Product: USB2.0-CRW
[    3.107841] usb 1-6: Manufacturer: Generic
[    3.107847] usb 1-6: SerialNumber: 20100201396000000
[    3.164354] EXT4-fs (sda3): mounted filesystem with ordered data mode. Quota mode: none.
[    3.230839] usb 1-7: new full-speed USB device number 4 using xhci_hcd
[    3.372376] usb 1-7: New USB device found, idVendor=0cf3, idProduct=e009, bcdDevice= 0.01
[    3.372383] usb 1-7: New USB device strings: Mfr=0, Product=0, SerialNumber=0
[    3.601297] EXT4-fs (sda3): re-mounted. Quota mode: none.
[    4.033134] acpi INT33D5:00: intel-hid: created platform device
[    4.035688] Userspace governor deprecated: use thermal netlink notification instead
[    4.040758] input: Intel HID events as /devices/platform/INT33D5:00/input/input7
[    4.064964] wmi_bus wmi_bus-PNP0C14:00: WQBC data block query control method not found
[    4.096306] intel-lpss 0000:00:15.0: enabling device (0000 -> 0002)
[    4.096945] idma64 idma64.0: Found Intel integrated DMA 64-bit
[    4.105403] input: PC Speaker as /devices/platform/pcspkr/input/input8
[    4.129478] mei_me 0000:00:16.0: enabling device (0004 -> 0006)
[    4.130875] sd 0:0:0:0: Attached scsi generic sg0 type 0
[    4.130920] sd 1:0:0:0: Attached scsi generic sg1 type 0
[    4.131040] i801_smbus 0000:00:1f.4: SPD Write Disable is set
[    4.131079] i801_smbus 0000:00:1f.4: SMBus using PCI interrupt
[    4.155567] ------------[ cut here ]------------
[    4.155571] xhci_hcd 0000:00:14.0: rejecting DMA map of vmalloc memory
[    4.155582] WARNING: CPU: 3 PID: 493 at include/linux/dma-mapping.h:326 usb_hcd_map_urb_for_dma+0x45b/0x480
[    4.155590] Modules linked in: mc(+) cfg80211(+) rtsx_usb(+) mdio_devres ecdh_generic irqbypass i2c_i801(+) snd psmouse processor_thermal_rapl mei_me sg pcspkr libphy crypto_user drm_ttm_helper intel_lpss_pci intel_xhci_usb_role_switch mei rfkill intel_lpss roles idma64 soundcore intel_pch_thermal intel_rapl_common i2c_smbus i2c_hid_acpi wmi i2c_hid intel_hid int3400_thermal int3403_thermal int3402_thermal mac_hid sparse_keymap int340x_thermal_zone acpi_thermal_rel acpi_pad ext4 crc32c_generic crc16 mbcache jbd2 serio_raw atkbd libps2 crc32c_intel xhci_pci xhci_pci_renesas i8042 serio i915 intel_gtt drm_buddy video drm_dp_helper ttm
[    4.155634] CPU: 3 PID: 493 Comm: udevd Not tainted 5.17.0-12897-g9ae2a143081f #2 ad54f11651c03b63d1f61e3fb0f3752635851a88
[    4.155638] Hardware name: Dell Inc. Inspiron 3576/0VD8XV, BIOS 1.16.0 12/16/2021
[    4.155639] RIP: 0010:usb_hcd_map_urb_for_dma+0x45b/0x480
[    4.155643] Code: 50 c6 05 a0 df fa 00 01 4d 85 e4 75 03 4d 8b 27 4c 89 ff e8 67 86 f4 ff 4c 89 e2 48 c7 c7 a0 12 ac ac 48 89 c6 e8 8e 89 2d 00 <0f> 0b e9 77 ff ff ff 48 8b 05 87 b1 e0 00 e9 e6 fe ff ff 48 8b 05
[    4.155646] RSP: 0018:ffffb86c80f7fa28 EFLAGS: 00010282
[    4.155648] RAX: 0000000000000000 RBX: ffff9b5945988600 RCX: c0000000ffffefff
[    4.155650] RDX: 0000000000000000 RSI: 00000000ffffefff RDI: 0000000000004ffb
[    4.155651] RBP: ffff9b5940c3e000 R08: 0000000000000000 R09: ffffb86c80f7f838
[    4.155653] R10: 0000000000000003 R11: ffffffffaccc9fe8 R12: ffff9b59413d7540
[    4.155654] R13: 000000000000000c R14: ffffb86c803c5000 R15: ffff9b5940d820d0
[    4.155876] FS:  00007fc63a2127c0(0000) GS:ffff9b5a97780000(0000) knlGS:0000000000000000
[    4.155879] CS:  0010 DS: 0000 ES: 0000 CR0: 0000000080050033
[    4.155880] CR2: 000056071b0470c8 CR3: 0000000100e3e003 CR4: 00000000003706e0
[    4.155882] Call Trace:
[    4.155885]  <TASK>
[    4.155887]  usb_hcd_submit_urb+0x7c/0xb30
[    4.155892]  ? __kmalloc+0x16d/0x370
[    4.155896]  usb_start_wait_urb+0x8a/0x180
[    4.155900]  rtsx_usb_send_cmd+0x58/0xa0 [rtsx_usb a989dcc4247852d419d89c90aa8a413a49a9f6f9]
[    4.155907]  rtsx_usb_probe+0x140/0x3a0 [rtsx_usb a989dcc4247852d419d89c90aa8a413a49a9f6f9]
[    4.155913]  usb_probe_interface+0xe2/0x2b0
[    4.155916]  really_probe+0x1a1/0x370
[    4.155920]  __driver_probe_device+0xfc/0x170
[    4.156140]  driver_probe_device+0x1f/0x90
[    4.156145]  __driver_attach+0xbb/0x190
[    4.156148]  ? __device_attach_driver+0xe0/0xe0
[    4.156151]  bus_for_each_dev+0x83/0xc0
[    4.156155]  bus_add_driver+0x14e/0x1f0
[    4.156158]  driver_register+0x89/0xd0
[    4.156161]  usb_register_driver+0x84/0x120
[    4.156165]  ? 0xffffffffc0568000
[    4.156168]  do_one_initcall+0x59/0x220
[    4.156172]  do_init_module+0x4a/0x230
[    4.156176]  __do_sys_init_module+0x138/0x1b0
[    4.156180]  do_syscall_64+0x5b/0x80
[    4.156184]  ? ksys_read+0x6b/0xf0
[    4.156187]  ? syscall_exit_to_user_mode+0x22/0x40
[    4.156190]  ? do_syscall_64+0x67/0x80
[    4.156192]  ? exc_page_fault+0x70/0x170
[    4.156196]  entry_SYSCALL_64_after_hwframe+0x44/0xae
[    4.156199] RIP: 0033:0x7fc63a11299e
[    4.156202] Code: 48 8b 0d fd a3 0e 00 f7 d8 64 89 01 48 83 c8 ff c3 66 2e 0f 1f 84 00 00 00 00 00 90 f3 0f 1e fa 49 89 ca b8 af 00 00 00 0f 05 <48> 3d 01 f0 ff ff 73 01 c3 48 8b 0d ca a3 0e 00 f7 d8 64 89 01 48
[    4.156204] RSP: 002b:00007ffedb1ea5e8 EFLAGS: 00000246 ORIG_RAX: 00000000000000af
[    4.156207] RAX: ffffffffffffffda RBX: 000056071b030d70 RCX: 00007fc63a11299e
[    4.156209] RDX: 00007fc63a2d8343 RSI: 000000000000926e RDI: 00007fc639b94010
[    4.156589] RBP: 00007fc63a2d8343 R08: 27d4eb2f165667c5 R09: 85ebca77c2b2ae63
[    4.156591] R10: 00007fc63a10768b R11: 0000000000000246 R12: 0000000000020000
[    4.156593] R13: 000056071b03cee0 R14: 000056071b030d70 R15: 000056071b03e9c0
[    4.156596]  </TASK>
[    4.156597] ---[ end trace 0000000000000000 ]---
[    4.161081] mc: Linux media interface: v0.10
[    4.161409] cfg80211: Loading compiled-in X.509 certificates for regulatory database
[    4.164159] rtsx_usb: probe of 1-6:1.0 failed with error -11
[    4.164189] usbcore: registered new interface driver rtsx_usb
[    4.171018] cfg80211: Loaded X.509 cert 'sforshee: 00b28ddf47aef9cea7'
[    4.171035] i2c i2c-5: 1/2 memory slots populated (from DMI)
[    4.171721] i2c i2c-5: Successfully instantiated SPD at 0x50
[    4.172131] platform regulatory.0: Direct firmware load for regulatory.db failed with error -2
[    4.172136] cfg80211: failed to load regulatory.db
[    4.228509] input: DELL083F:00 04F3:3088 Mouse as /devices/pci0000:00/0000:00:15.0/i2c_designware.0/i2c-4/i2c-DELL083F:00/0018:04F3:3088.0001/input/input10
[    4.228572] input: DELL083F:00 04F3:3088 Touchpad as /devices/pci0000:00/0000:00:15.0/i2c_designware.0/i2c-4/i2c-DELL083F:00/0018:04F3:3088.0001/input/input11
[    4.228626] hid-generic 0018:04F3:3088.0001: input,hidraw0: I2C HID v1.00 Mouse [DELL083F:00 04F3:3088] on i2c-DELL083F:00
[    4.248731] device-mapper: uevent: version 1.0.3
[    4.248793] device-mapper: ioctl: 4.46.0-ioctl (2022-02-22) initialised: dm-devel@redhat.com
[    4.259710] videodev: Linux video capture interface: v2.00
[    4.260083] RAPL PMU: API unit is 2^-32 Joules, 5 fixed counters, 655360 ms ovfl timer
[    4.260085] RAPL PMU: hw unit of domain pp0-core 2^-14 Joules
[    4.260087] RAPL PMU: hw unit of domain package 2^-14 Joules
[    4.260088] RAPL PMU: hw unit of domain dram 2^-14 Joules
[    4.260089] RAPL PMU: hw unit of domain pp1-gpu 2^-14 Joules
[    4.260090] RAPL PMU: hw unit of domain psys 2^-14 Joules
[    4.272267] intel_rapl_common: Found RAPL domain package
[    4.272271] intel_rapl_common: Found RAPL domain core
[    4.272272] intel_rapl_common: Found RAPL domain uncore
[    4.272273] intel_rapl_common: Found RAPL domain dram
[    4.272274] intel_rapl_common: Found RAPL domain psys
[    4.288912] Bluetooth: Core ver 2.22
[    4.288937] NET: Registered PF_BLUETOOTH protocol family
[    4.288938] Bluetooth: HCI device and connection manager initialized
[    4.288942] Bluetooth: HCI socket layer initialized
[    4.288946] Bluetooth: L2CAP socket layer initialized
[    4.288949] Bluetooth: SCO socket layer initialized
[    4.298485] VFIO - User Level meta-driver version: 0.3
[    4.322739] r8169 0000:02:00.0: can't disable ASPM; OS doesn't have ASPM control
[    4.337690] r8169 0000:02:00.0 eth0: RTL8106e, 54:48:10:c2:64:6b, XID 449, IRQ 129
[    4.339871] cryptd: max_cpu_qlen set to 1000
[    4.347896] iTCO_vendor_support: vendor-support=0
[    4.353951] intel_rapl_common: Found RAPL domain package
[    4.353955] intel_rapl_common: Found RAPL domain dram
[    4.365779] mei_hdcp 0000:00:16.0-b638ab7e-94e2-4ea2-a552-d1c54b627f04: bound 0000:00:02.0 (ops i915_hdcp_component_ops [i915])
[    4.381948] AVX2 version of gcm_enc/dec engaged.
[    4.381979] AES CTR mode by8 optimization enabled
[    4.383228] ee1004 5-0050: 512 byte EE1004-compliant SPD EEPROM, read-only
[    4.408970] iTCO_wdt iTCO_wdt: Found a Intel PCH TCO device (Version=4, TCOBASE=0x0400)
[    4.415985] usbcore: registered new interface driver btusb
[    4.417496] iTCO_wdt iTCO_wdt: initialized. heartbeat=30 sec (nowayout=0)
[    4.430320] input: Dell WMI hotkeys as /devices/platform/PNP0C14:00/wmi_bus/wmi_bus-PNP0C14:00/9DBB5994-A997-11DA-B012-B622A1EF5492/input/input13
[    4.437608] input: DELL083F:00 04F3:3088 Mouse as /devices/pci0000:00/0000:00:15.0/i2c_designware.0/i2c-4/i2c-DELL083F:00/0018:04F3:3088.0001/input/input14
[    4.437717] input: DELL083F:00 04F3:3088 Touchpad as /devices/pci0000:00/0000:00:15.0/i2c_designware.0/i2c-4/i2c-DELL083F:00/0018:04F3:3088.0001/input/input15
[    4.437850] hid-multitouch 0018:04F3:3088.0001: input,hidraw0: I2C HID v1.00 Mouse [DELL083F:00 04F3:3088] on i2c-DELL083F:00
[    4.444226] usb 1-5: Found UVC 1.00 device Integrated_Webcam_HD (1bcf:28c0)
[    4.462941] input: Integrated_Webcam_HD: Integrate as /devices/pci0000:00/0000:00:14.0/usb1/1-5/1-5:1.0/input/input17
[    4.463008] usbcore: registered new interface driver uvcvideo
[    4.483740] snd_hda_intel 0000:00:1f.3: bound 0000:00:02.0 (ops i915_audio_component_bind_ops [i915])
[    4.574583] mousedev: PS/2 mouse device common for all mice
[    4.586210] ath10k_pci 0000:03:00.0: pci irq msi oper_irq_mode 2 irq_mode 0 reset_mode 0
[    4.587579] vfio_pci: add [1002:6665[ffffffff:ffffffff]] class 0x000000/00000000
[    4.598155] psmouse serio1: elantech: assuming hardware version 4 (with firmware version 0x4f1001)
[    4.598363] psmouse serio1: elantech: elantech_send_cmd query 0x02 failed.
[    4.598365] psmouse serio1: elantech: failed to query capabilities.
[    4.653416] intel_tcc_cooling: Programmable TCC Offset detected
[    4.654515] snd_hda_codec_realtek hdaudioC0D0: autoconfig for ALC3204: line_outs=1 (0x14/0x0/0x0/0x0/0x0) type:speaker
[    4.654520] snd_hda_codec_realtek hdaudioC0D0:    speaker_outs=0 (0x0/0x0/0x0/0x0/0x0)
[    4.654523] snd_hda_codec_realtek hdaudioC0D0:    hp_outs=1 (0x21/0x0/0x0/0x0/0x0)
[    4.654525] snd_hda_codec_realtek hdaudioC0D0:    mono: mono_out=0x0
[    4.654527] snd_hda_codec_realtek hdaudioC0D0:    inputs:
[    4.654529] snd_hda_codec_realtek hdaudioC0D0:      Headset Mic=0x19
[    4.654531] snd_hda_codec_realtek hdaudioC0D0:      Headphone Mic=0x1a
[    4.654532] snd_hda_codec_realtek hdaudioC0D0:      Internal Mic=0x12
[    4.669463] [drm] radeon kernel modesetting enabled.
[    4.669482] vga_switcheroo: detected switching method \_SB_.PCI0.RP01.PEGP.ATPX handle
[    4.669598] ATPX version 1, functions 0x00000003
[    4.669672] ATPX Hybrid Graphics
[    4.723602] input: HDA Intel PCH Headphone Mic as /devices/pci0000:00/0000:00:1f.3/sound/card0/input18
[    4.723657] input: HDA Intel PCH HDMI/DP,pcm=3 as /devices/pci0000:00/0000:00:1f.3/sound/card0/input19
[    4.723699] input: HDA Intel PCH HDMI/DP,pcm=7 as /devices/pci0000:00/0000:00:1f.3/sound/card0/input20
[    4.723740] input: HDA Intel PCH HDMI/DP,pcm=8 as /devices/pci0000:00/0000:00:1f.3/sound/card0/input21
[    4.723778] input: HDA Intel PCH HDMI/DP,pcm=9 as /devices/pci0000:00/0000:00:1f.3/sound/card0/input22
[    4.723815] input: HDA Intel PCH HDMI/DP,pcm=10 as /devices/pci0000:00/0000:00:1f.3/sound/card0/input23
[    4.886639] ath10k_pci 0000:03:00.0: qca9377 hw1.1 target 0x05020001 chip_id 0x003821ff sub 1028:1810
[    4.886645] ath10k_pci 0000:03:00.0: kconfig debug 1 debugfs 1 tracing 1 dfs 0 testmode 0
[    4.887098] ath10k_pci 0000:03:00.0: firmware ver WLAN.TF.2.1-00021-QCARMSWP-1 api 6 features wowlan,ignore-otp crc32 42e41877
[    4.956184] ath10k_pci 0000:03:00.0: board_file api 2 bmi_id N/A crc32 8aedfa4a
[    5.092503] [drm] amdgpu kernel modesetting enabled.
[    5.092521] amdgpu: vga_switcheroo: detected switching method \_SB_.PCI0.RP01.PEGP.ATPX handle
[    5.092636] ATPX version 1, functions 0x00000003
[    5.092712] ATPX Hybrid Graphics
[    5.092940] amdgpu: CRAT table not found
[    5.092942] amdgpu: Virtual CRAT table created for CPU
[    5.092961] amdgpu: Topology: Add CPU node
[    5.109083] ath10k_pci 0000:03:00.0: htt-ver 3.56 wmi-op 4 htt-op 3 cal otp max-sta 32 raw 0 hwcrypto 1
[    5.180937] ath: EEPROM regdomain: 0x6c
[    5.180940] ath: EEPROM indicates we should expect a direct regpair map
[    5.180941] ath: Country alpha2 being used: 00
[    5.180941] ath: Regpair used: 0x6c
[    6.040795] psmouse serio1: Failed to enable mouse on isa0060/serio1
[    6.853260] input: ImPS/2 Logitech Wheel Mouse as /devices/platform/i8042/serio1/input/input9
[    6.984731] EXT4-fs (sda3): re-mounted. Quota mode: none.
[    7.037865] EXT4-fs (sda4): mounted filesystem with ordered data mode. Quota mode: none.
[    7.041411] EXT4-fs (sda1): mounted filesystem with ordered data mode. Quota mode: none.
[    7.041422] ext4 filesystem being mounted at /boot supports timestamps until 2038 (0x7fffffff)
[    7.143402] EXT4-fs (sdb1): mounted filesystem with ordered data mode. Quota mode: none.
[    7.234264] EXT4-fs (sdb2): mounted filesystem with ordered data mode. Quota mode: none.
[    7.261548] Adding 8388604k swap on /dev/sda2.  Priority:-2 extents:1 across:8388604k SSFS
[    7.638336] RTL8208 Fast Ethernet r8169-0-200:00: attached PHY driver (mii_bus:phy_addr=r8169-0-200:00, irq=MAC)
[    7.911765] r8169 0000:02:00.0 eth0: Link is Down
[    8.308671] wlan0: authenticate with 7c:9a:54:0f:43:a5
[    8.308710] wlan0: bad VHT capabilities, disabling VHT
[    8.308714] wlan0: 80 MHz not supported, disabling VHT
[    8.341737] wlan0: send auth to 7c:9a:54:0f:43:a5 (try 1/3)
[    8.343510] wlan0: authenticated
[    8.344160] wlan0: associate with 7c:9a:54:0f:43:a5 (try 1/3)
[    8.348192] wlan0: RX AssocResp from 7c:9a:54:0f:43:a5 (capab=0x1411 status=0 aid=2)
[    8.350826] wlan0: associated
[    8.461392] IPv6: ADDRCONF(NETDEV_CHANGE): wlan0: link becomes ready
[    8.571416] elogind[955]: New seat seat0.
[    8.575817] elogind[955]: Watching system buttons on /dev/input/event3 (Power Button)
[    8.576689] elogind[955]: Watching system buttons on /dev/input/event1 (Power Button)
[    8.579091] elogind[955]: Watching system buttons on /dev/input/event0 (Lid Switch)
[    8.579270] elogind[955]: Watching system buttons on /dev/input/event2 (Sleep Button)
[    8.580752] elogind[955]: Watching system buttons on /dev/input/event6 (Intel HID events)
[    8.581144] elogind[955]: Watching system buttons on /dev/input/event5 (AT Translated Set 2 keyboard)
[   10.328897] elogind[955]: New session 1 of user aleksa.
[   10.686261] r8169 0000:02:00.0: invalid VPD tag 0xff (size 0) at offset 0; assume missing optional EEPROM
[   10.694293] L1TF CPU bug present and SMT on, data leak possible. See CVE-2018-3646 and https://www.kernel.org/doc/html/latest/admin-guide/hw-vuln/l1tf.html for details.

--f3uetlu5s7siaz6g
Content-Type: text/plain; charset=us-ascii
Content-Disposition: attachment; filename="full_dmesg_good.log"

[    0.000000] Linux version 5.17.0-12883-g37fcacb50be7 (aleksa@artix) (gcc (GCC) 12.1.0, GNU ld (GNU Binutils) 2.38) #1 SMP PREEMPT_DYNAMIC Fri Jul 8 12:44:43 CEST 2022
[    0.000000] Command line: BOOT_IMAGE=/vmlinuz-linux5.17.0 root=UUID=d1b5bfc8-4be8-4d91-acd8-77673ad934a3 rw loglevel=3 pci=noaer intel_iommu=on vfio-pci.ids=1002:6665
[    0.000000] x86/fpu: Supporting XSAVE feature 0x001: 'x87 floating point registers'
[    0.000000] x86/fpu: Supporting XSAVE feature 0x002: 'SSE registers'
[    0.000000] x86/fpu: Supporting XSAVE feature 0x004: 'AVX registers'
[    0.000000] x86/fpu: Supporting XSAVE feature 0x008: 'MPX bounds registers'
[    0.000000] x86/fpu: Supporting XSAVE feature 0x010: 'MPX CSR'
[    0.000000] x86/fpu: xstate_offset[2]:  576, xstate_sizes[2]:  256
[    0.000000] x86/fpu: xstate_offset[3]:  832, xstate_sizes[3]:   64
[    0.000000] x86/fpu: xstate_offset[4]:  896, xstate_sizes[4]:   64
[    0.000000] x86/fpu: Enabled xstate features 0x1f, context size is 960 bytes, using 'compacted' format.
[    0.000000] signal: max sigframe size: 2032
[    0.000000] BIOS-provided physical RAM map:
[    0.000000] BIOS-e820: [mem 0x0000000000000000-0x000000000009c3ff] usable
[    0.000000] BIOS-e820: [mem 0x000000000009c400-0x000000000009ffff] reserved
[    0.000000] BIOS-e820: [mem 0x00000000000e0000-0x00000000000fffff] reserved
[    0.000000] BIOS-e820: [mem 0x0000000000100000-0x0000000090f51fff] usable
[    0.000000] BIOS-e820: [mem 0x0000000090f52000-0x0000000090f52fff] ACPI NVS
[    0.000000] BIOS-e820: [mem 0x0000000090f53000-0x000000009849cfff] reserved
[    0.000000] BIOS-e820: [mem 0x000000009849d000-0x00000000984dafff] ACPI data
[    0.000000] BIOS-e820: [mem 0x00000000984db000-0x0000000098e26fff] ACPI NVS
[    0.000000] BIOS-e820: [mem 0x0000000098e27000-0x000000009f7fffff] reserved
[    0.000000] BIOS-e820: [mem 0x00000000e0000000-0x00000000efffffff] reserved
[    0.000000] BIOS-e820: [mem 0x00000000fe000000-0x00000000fe010fff] reserved
[    0.000000] BIOS-e820: [mem 0x00000000fec00000-0x00000000fec00fff] reserved
[    0.000000] BIOS-e820: [mem 0x00000000fee00000-0x00000000fee00fff] reserved
[    0.000000] BIOS-e820: [mem 0x00000000ff000000-0x00000000ffffffff] reserved
[    0.000000] BIOS-e820: [mem 0x0000000100000000-0x000000025f7fffff] usable
[    0.000000] NX (Execute Disable) protection: active
[    0.000000] SMBIOS 3.1.1 present.
[    0.000000] DMI: Dell Inc. Inspiron 3576/0VD8XV, BIOS 1.16.0 12/16/2021
[    0.000000] tsc: Detected 2700.000 MHz processor
[    0.000000] tsc: Detected 2699.909 MHz TSC
[    0.000552] e820: update [mem 0x00000000-0x00000fff] usable ==> reserved
[    0.000555] e820: remove [mem 0x000a0000-0x000fffff] usable
[    0.000560] last_pfn = 0x25f800 max_arch_pfn = 0x400000000
[    0.000678] x86/PAT: Configuration [0-7]: WB  WC  UC- UC  WB  WP  UC- WT  
[    0.001336] last_pfn = 0x90f52 max_arch_pfn = 0x400000000
[    0.008036] found SMP MP-table at [mem 0x000fcf70-0x000fcf7f]
[    0.008051] Using GB pages for direct mapping
[    0.008358] RAMDISK: [mem 0x36df7000-0x376f2fff]
[    0.008361] ACPI: Early table checksum verification disabled
[    0.008364] ACPI: RSDP 0x00000000000EEBA0 000024 (v02 DELL  )
[    0.008368] ACPI: XSDT 0x00000000984A90B8 0000EC (v01 DELL   CBX3     01072009 AMI  00010013)
[    0.008374] ACPI: FACP 0x00000000984CDE90 00010C (v05 DELL   CBX3     01072009 AMI  00010013)
[    0.008378] ACPI: DSDT 0x00000000984A9230 024C5B (v02 DELL   CBX3     01072009 INTL 20160422)
[    0.008381] ACPI: FACS 0x0000000098E24180 000040
[    0.008384] ACPI: APIC 0x00000000984CDFA0 000084 (v03 DELL   CBX3     01072009 AMI  00010013)
[    0.008386] ACPI: FPDT 0x00000000984CE028 000044 (v01 DELL   CBX3     01072009 AMI  00010013)
[    0.008389] ACPI: FIDT 0x00000000984CE070 0000AC (v01 DELL   CBX3     01072009 AMI  00010013)
[    0.008391] ACPI: MCFG 0x00000000984CE120 00003C (v01 DELL   CBX3     01072009 MSFT 00000097)
[    0.008394] ACPI: HPET 0x00000000984CE160 000038 (v01 DELL   CBX3     01072009 AMI. 0005000B)
[    0.008396] ACPI: SSDT 0x00000000984CE198 00036E (v01 SataRe SataTabl 00001000 INTL 20160422)
[    0.008399] ACPI: BOOT 0x00000000984CE508 000028 (v01 DELL   CBX3     01072009 AMI  00010013)
[    0.008402] ACPI: SSDT 0x00000000984CE530 0012EA (v02 SaSsdt SaSsdt   00003000 INTL 20160422)
[    0.008404] ACPI: HPET 0x00000000984CF820 000038 (v01 INTEL  KBL-ULT  00000001 MSFT 0000005F)
[    0.008407] ACPI: SSDT 0x00000000984CF858 001176 (v02 INTEL  xh_OEMBD 00000000 INTL 20160422)
[    0.008409] ACPI: UEFI 0x00000000984D09D0 000042 (v01                 00000000      00000000)
[    0.008412] ACPI: SSDT 0x00000000984D0A18 0017AE (v02 CpuRef CpuSsdt  00003000 INTL 20160422)
[    0.008415] ACPI: LPIT 0x00000000984D21C8 000094 (v01 INTEL  KBL-ULT  00000000 MSFT 0000005F)
[    0.008417] ACPI: WSMT 0x00000000984D2260 000028 (v01 INTEL  KBL-ULT  00000000 MSFT 0000005F)
[    0.008419] ACPI: SSDT 0x00000000984D2288 00029F (v02 INTEL  sensrhub 00000000 INTL 20160422)
[    0.008422] ACPI: SSDT 0x00000000984D2528 000E3F (v02 INTEL  PtidDevc 00001000 INTL 20160422)
[    0.008425] ACPI: DBGP 0x00000000984D3368 000034 (v01 INTEL           00000002 MSFT 0000005F)
[    0.008427] ACPI: DBG2 0x00000000984D33A0 000061 (v00 INTEL           00000002 MSFT 0000005F)
[    0.008429] ACPI: SSDT 0x00000000984D3408 0049C1 (v02 DptfTa DptfTabl 00001000 INTL 20160422)
[    0.008432] ACPI: SLIC 0x00000000984D7DD0 000176 (v03 DELL   CBX3     01072009 MSFT 00010013)
[    0.008435] ACPI: SSDT 0x00000000984D7F48 00069A (v02 SgRef  SgPch    00001000 INTL 20160422)
[    0.008437] ACPI: SSDT 0x00000000984D85E8 000281 (v02 SgRef  SgUlx    00001000 INTL 20160422)
[    0.008440] ACPI: SSDT 0x00000000984D8870 0017FF (v01 AmdRef AmdTabl  00001000 INTL 20160422)
[    0.008442] ACPI: DMAR 0x00000000984DA070 0000EC (v01 INTEL  EDK2     00000001 INTL 00000001)
[    0.008444] ACPI: Reserving FACP table memory at [mem 0x984cde90-0x984cdf9b]
[    0.008446] ACPI: Reserving DSDT table memory at [mem 0x984a9230-0x984cde8a]
[    0.008447] ACPI: Reserving FACS table memory at [mem 0x98e24180-0x98e241bf]
[    0.008448] ACPI: Reserving APIC table memory at [mem 0x984cdfa0-0x984ce023]
[    0.008449] ACPI: Reserving FPDT table memory at [mem 0x984ce028-0x984ce06b]
[    0.008449] ACPI: Reserving FIDT table memory at [mem 0x984ce070-0x984ce11b]
[    0.008450] ACPI: Reserving MCFG table memory at [mem 0x984ce120-0x984ce15b]
[    0.008451] ACPI: Reserving HPET table memory at [mem 0x984ce160-0x984ce197]
[    0.008452] ACPI: Reserving SSDT table memory at [mem 0x984ce198-0x984ce505]
[    0.008453] ACPI: Reserving BOOT table memory at [mem 0x984ce508-0x984ce52f]
[    0.008454] ACPI: Reserving SSDT table memory at [mem 0x984ce530-0x984cf819]
[    0.008454] ACPI: Reserving HPET table memory at [mem 0x984cf820-0x984cf857]
[    0.008455] ACPI: Reserving SSDT table memory at [mem 0x984cf858-0x984d09cd]
[    0.008456] ACPI: Reserving UEFI table memory at [mem 0x984d09d0-0x984d0a11]
[    0.008457] ACPI: Reserving SSDT table memory at [mem 0x984d0a18-0x984d21c5]
[    0.008458] ACPI: Reserving LPIT table memory at [mem 0x984d21c8-0x984d225b]
[    0.008459] ACPI: Reserving WSMT table memory at [mem 0x984d2260-0x984d2287]
[    0.008460] ACPI: Reserving SSDT table memory at [mem 0x984d2288-0x984d2526]
[    0.008460] ACPI: Reserving SSDT table memory at [mem 0x984d2528-0x984d3366]
[    0.008461] ACPI: Reserving DBGP table memory at [mem 0x984d3368-0x984d339b]
[    0.008462] ACPI: Reserving DBG2 table memory at [mem 0x984d33a0-0x984d3400]
[    0.008463] ACPI: Reserving SSDT table memory at [mem 0x984d3408-0x984d7dc8]
[    0.008464] ACPI: Reserving SLIC table memory at [mem 0x984d7dd0-0x984d7f45]
[    0.008465] ACPI: Reserving SSDT table memory at [mem 0x984d7f48-0x984d85e1]
[    0.008466] ACPI: Reserving SSDT table memory at [mem 0x984d85e8-0x984d8868]
[    0.008466] ACPI: Reserving SSDT table memory at [mem 0x984d8870-0x984da06e]
[    0.008467] ACPI: Reserving DMAR table memory at [mem 0x984da070-0x984da15b]
[    0.008564] No NUMA configuration found
[    0.008564] Faking a node at [mem 0x0000000000000000-0x000000025f7fffff]
[    0.008567] NODE_DATA(0) allocated [mem 0x25f7fa000-0x25f7fdfff]
[    0.008587] Zone ranges:
[    0.008588]   DMA      [mem 0x0000000000001000-0x0000000000ffffff]
[    0.008590]   DMA32    [mem 0x0000000001000000-0x00000000ffffffff]
[    0.008591]   Normal   [mem 0x0000000100000000-0x000000025f7fffff]
[    0.008593]   Device   empty
[    0.008593] Movable zone start for each node
[    0.008594] Early memory node ranges
[    0.008595]   node   0: [mem 0x0000000000001000-0x000000000009bfff]
[    0.008596]   node   0: [mem 0x0000000000100000-0x0000000090f51fff]
[    0.008597]   node   0: [mem 0x0000000100000000-0x000000025f7fffff]
[    0.008599] Initmem setup node 0 [mem 0x0000000000001000-0x000000025f7fffff]
[    0.008603] On node 0, zone DMA: 1 pages in unavailable ranges
[    0.008648] On node 0, zone DMA: 100 pages in unavailable ranges
[    0.039710] On node 0, zone Normal: 28846 pages in unavailable ranges
[    0.039757] On node 0, zone Normal: 2048 pages in unavailable ranges
[    0.039771] Reserving Intel graphics memory at [mem 0x9b800000-0x9f7fffff]
[    0.039904] ACPI: PM-Timer IO Port: 0x1808
[    0.039911] ACPI: LAPIC_NMI (acpi_id[0x01] high edge lint[0x1])
[    0.039913] ACPI: LAPIC_NMI (acpi_id[0x02] high edge lint[0x1])
[    0.039913] ACPI: LAPIC_NMI (acpi_id[0x03] high edge lint[0x1])
[    0.039914] ACPI: LAPIC_NMI (acpi_id[0x04] high edge lint[0x1])
[    0.039940] IOAPIC[0]: apic_id 2, version 32, address 0xfec00000, GSI 0-119
[    0.039943] ACPI: INT_SRC_OVR (bus 0 bus_irq 0 global_irq 2 dfl dfl)
[    0.039945] ACPI: INT_SRC_OVR (bus 0 bus_irq 9 global_irq 9 high level)
[    0.039948] ACPI: Using ACPI (MADT) for SMP configuration information
[    0.039949] ACPI: HPET id: 0x8086a701 base: 0xfed00000
[    0.039952] TSC deadline timer available
[    0.039953] smpboot: Allowing 4 CPUs, 0 hotplug CPUs
[    0.039965] PM: hibernation: Registered nosave memory: [mem 0x00000000-0x00000fff]
[    0.039967] PM: hibernation: Registered nosave memory: [mem 0x0009c000-0x0009cfff]
[    0.039968] PM: hibernation: Registered nosave memory: [mem 0x0009d000-0x0009ffff]
[    0.039969] PM: hibernation: Registered nosave memory: [mem 0x000a0000-0x000dffff]
[    0.039970] PM: hibernation: Registered nosave memory: [mem 0x000e0000-0x000fffff]
[    0.039971] PM: hibernation: Registered nosave memory: [mem 0x90f52000-0x90f52fff]
[    0.039972] PM: hibernation: Registered nosave memory: [mem 0x90f53000-0x9849cfff]
[    0.039973] PM: hibernation: Registered nosave memory: [mem 0x9849d000-0x984dafff]
[    0.039973] PM: hibernation: Registered nosave memory: [mem 0x984db000-0x98e26fff]
[    0.039974] PM: hibernation: Registered nosave memory: [mem 0x98e27000-0x9f7fffff]
[    0.039975] PM: hibernation: Registered nosave memory: [mem 0x9f800000-0xdfffffff]
[    0.039975] PM: hibernation: Registered nosave memory: [mem 0xe0000000-0xefffffff]
[    0.039976] PM: hibernation: Registered nosave memory: [mem 0xf0000000-0xfdffffff]
[    0.039977] PM: hibernation: Registered nosave memory: [mem 0xfe000000-0xfe010fff]
[    0.039977] PM: hibernation: Registered nosave memory: [mem 0xfe011000-0xfebfffff]
[    0.039978] PM: hibernation: Registered nosave memory: [mem 0xfec00000-0xfec00fff]
[    0.039979] PM: hibernation: Registered nosave memory: [mem 0xfec01000-0xfedfffff]
[    0.039980] PM: hibernation: Registered nosave memory: [mem 0xfee00000-0xfee00fff]
[    0.039980] PM: hibernation: Registered nosave memory: [mem 0xfee01000-0xfeffffff]
[    0.039981] PM: hibernation: Registered nosave memory: [mem 0xff000000-0xffffffff]
[    0.039982] [mem 0x9f800000-0xdfffffff] available for PCI devices
[    0.039983] Booting paravirtualized kernel on bare hardware
[    0.039986] clocksource: refined-jiffies: mask: 0xffffffff max_cycles: 0xffffffff, max_idle_ns: 6370452778343963 ns
[    0.044789] setup_percpu: NR_CPUS:320 nr_cpumask_bits:320 nr_cpu_ids:4 nr_node_ids:1
[    0.045004] percpu: Embedded 62 pages/cpu s217088 r8192 d28672 u524288
[    0.045010] pcpu-alloc: s217088 r8192 d28672 u524288 alloc=1*2097152
[    0.045012] pcpu-alloc: [0] 0 1 2 3 
[    0.045045] Fallback order for Node 0: 0 
[    0.045048] Built 1 zonelists, mobility grouping on.  Total pages: 2001460
[    0.045049] Policy zone: Normal
[    0.045050] Kernel command line: BOOT_IMAGE=/vmlinuz-linux5.17.0 root=UUID=d1b5bfc8-4be8-4d91-acd8-77673ad934a3 rw loglevel=3 pci=noaer intel_iommu=on vfio-pci.ids=1002:6665
[    0.045114] DMAR: IOMMU enabled
[    0.045128] Unknown kernel command line parameters "BOOT_IMAGE=/vmlinuz-linux5.17.0", will be passed to user space.
[    0.045956] Dentry cache hash table entries: 1048576 (order: 11, 8388608 bytes, linear)
[    0.046385] Inode-cache hash table entries: 524288 (order: 10, 4194304 bytes, linear)
[    0.046670] mem auto-init: stack:all(zero), heap alloc:on, heap free:off
[    0.101888] Memory: 7877860K/8133556K available (14343K kernel code, 2059K rwdata, 6096K rodata, 1772K init, 3536K bss, 255436K reserved, 0K cma-reserved)
[    0.101896] random: get_random_u64 called from __kmem_cache_create+0x2a/0x500 with crng_init=0
[    0.102006] SLUB: HWalign=64, Order=0-3, MinObjects=0, CPUs=4, Nodes=1
[    0.102024] Kernel/User page tables isolation: enabled
[    0.102057] ftrace: allocating 43981 entries in 172 pages
[    0.109417] ftrace: allocated 172 pages with 4 groups
[    0.109524] Dynamic Preempt: full
[    0.109550] rcu: Preemptible hierarchical RCU implementation.
[    0.109551] rcu: 	RCU restricting CPUs from NR_CPUS=320 to nr_cpu_ids=4.
[    0.109552] rcu: 	RCU priority boosting: priority 1 delay 500 ms.
[    0.109553] 	Trampoline variant of Tasks RCU enabled.
[    0.109553] 	Rude variant of Tasks RCU enabled.
[    0.109554] 	Tracing variant of Tasks RCU enabled.
[    0.109555] rcu: RCU calculated value of scheduler-enlistment delay is 30 jiffies.
[    0.109556] rcu: Adjusting geometry for rcu_fanout_leaf=16, nr_cpu_ids=4
[    0.113090] NR_IRQS: 20736, nr_irqs: 1024, preallocated irqs: 16
[    0.113479] kfence: initialized - using 2097152 bytes for 255 objects at 0x(____ptrval____)-0x(____ptrval____)
[    0.113506] random: crng init done (trusting CPU's manufacturer)
[    0.113541] spurious 8259A interrupt: IRQ7.
[    0.113565] Console: colour dummy device 80x25
[    0.113577] printk: console [tty0] enabled
[    0.113595] ACPI: Core revision 20211217
[    0.113840] clocksource: hpet: mask: 0xffffffff max_cycles: 0xffffffff, max_idle_ns: 79635855245 ns
[    0.113943] APIC: Switch to symmetric I/O mode setup
[    0.113945] DMAR: Host address width 39
[    0.113946] DMAR: DRHD base: 0x000000fed90000 flags: 0x0
[    0.113951] DMAR: dmar0: reg_base_addr fed90000 ver 1:0 cap 1c0000c40660462 ecap 19e2ff0505e
[    0.113953] DMAR: DRHD base: 0x000000fed91000 flags: 0x1
[    0.113956] DMAR: dmar1: reg_base_addr fed91000 ver 1:0 cap d2008c40660462 ecap f050da
[    0.113958] DMAR: RMRR base: 0x000000981f1000 end: 0x00000098210fff
[    0.113961] DMAR: RMRR base: 0x00000098ff2000 end: 0x0000009923bfff
[    0.113962] DMAR: RMRR base: 0x0000009b000000 end: 0x0000009f7fffff
[    0.113962] DMAR: ANDD device: 1 name: \_SB.PCI0.I2C0
[    0.113965] DMAR-IR: IOAPIC id 2 under DRHD base  0xfed91000 IOMMU 1
[    0.113966] DMAR-IR: HPET id 0 under DRHD base 0xfed91000
[    0.113967] DMAR-IR: Queued invalidation will be enabled to support x2apic and Intr-remapping.
[    0.116128] DMAR-IR: Enabled IRQ remapping in x2apic mode
[    0.116130] x2apic enabled
[    0.116142] Switched APIC routing to cluster x2apic.
[    0.120208] ..TIMER: vector=0x30 apic1=0 pin1=2 apic2=-1 pin2=-1
[    0.133970] clocksource: tsc-early: mask: 0xffffffffffffffff max_cycles: 0x26eae8729ef, max_idle_ns: 440795235156 ns
[    0.133974] Calibrating delay loop (skipped), value calculated using timer frequency.. 5401.81 BogoMIPS (lpj=8999696)
[    0.133977] pid_max: default: 32768 minimum: 301
[    0.133998] LSM: Security Framework initializing
[    0.134004] landlock: Up and running.
[    0.134005] Yama: becoming mindful.
[    0.134013] LSM support for eBPF active
[    0.134054] Mount-cache hash table entries: 16384 (order: 5, 131072 bytes, linear)
[    0.134082] Mountpoint-cache hash table entries: 16384 (order: 5, 131072 bytes, linear)
[    0.134297] x86/cpu: SGX disabled by BIOS.
[    0.134303] CPU0: Thermal monitoring enabled (TM1)
[    0.134353] process: using mwait in idle threads
[    0.134361] Last level iTLB entries: 4KB 64, 2MB 8, 4MB 8
[    0.134362] Last level dTLB entries: 4KB 64, 2MB 0, 4MB 0, 1GB 4
[    0.134377] Spectre V1 : Mitigation: usercopy/swapgs barriers and __user pointer sanitization
[    0.134381] Spectre V2 : Mitigation: Retpolines
[    0.134381] Spectre V2 : Spectre v2 / SpectreRSB mitigation: Filling RSB on context switch
[    0.134382] Spectre V2 : Enabling Restricted Speculation for firmware calls
[    0.134383] Spectre V2 : mitigation: Enabling conditional Indirect Branch Prediction Barrier
[    0.134384] Spectre V2 : User space: Mitigation: STIBP via prctl
[    0.134385] Speculative Store Bypass: Mitigation: Speculative Store Bypass disabled via prctl
[    0.134391] SRBDS: Mitigation: Microcode
[    0.134392] MDS: Mitigation: Clear CPU buffers
[    0.136755] Freeing SMP alternatives memory: 36K
[    0.137306] smpboot: Estimated ratio of average max frequency by base frequency (times 1024): 1175
[    0.137306] smpboot: CPU0: Intel(R) Core(TM) i5-7200U CPU @ 2.50GHz (family: 0x6, model: 0x8e, stepping: 0x9)
[    0.137306] cblist_init_generic: Setting adjustable number of callback queues.
[    0.137306] cblist_init_generic: Setting shift to 2 and lim to 1.
[    0.137306] cblist_init_generic: Setting shift to 2 and lim to 1.
[    0.137306] cblist_init_generic: Setting shift to 2 and lim to 1.
[    0.137306] Performance Events: PEBS fmt3+, Skylake events, 32-deep LBR, full-width counters, Intel PMU driver.
[    0.137306] ... version:                4
[    0.137306] ... bit width:              48
[    0.137306] ... generic registers:      4
[    0.137306] ... value mask:             0000ffffffffffff
