Return-Path: <linux-kernel-owner@vger.kernel.org>
X-Original-To: lists+linux-kernel@lfdr.de
Delivered-To: lists+linux-kernel@lfdr.de
Received: from out1.vger.email (out1.vger.email [IPv6:2620:137:e000::1:20])
	by mail.lfdr.de (Postfix) with ESMTP id 37F06595EBF
	for <lists+linux-kernel@lfdr.de>; Tue, 16 Aug 2022 17:08:56 +0200 (CEST)
Received: (majordomo@vger.kernel.org) by vger.kernel.org via listexpand
        id S234511AbiHPPIl (ORCPT <rfc822;lists+linux-kernel@lfdr.de>);
        Tue, 16 Aug 2022 11:08:41 -0400
Received: from lindbergh.monkeyblade.net ([23.128.96.19]:50958 "EHLO
        lindbergh.monkeyblade.net" rhost-flags-OK-OK-OK-OK) by vger.kernel.org
        with ESMTP id S236033AbiHPPIM (ORCPT
        <rfc822;linux-kernel@vger.kernel.org>);
        Tue, 16 Aug 2022 11:08:12 -0400
Received: from NAM11-CO1-obe.outbound.protection.outlook.com (mail-co1nam11on2075.outbound.protection.outlook.com [40.107.220.75])
        by lindbergh.monkeyblade.net (Postfix) with ESMTPS id 10724B8
        for <linux-kernel@vger.kernel.org>; Tue, 16 Aug 2022 08:07:24 -0700 (PDT)
ARC-Seal: i=1; a=rsa-sha256; s=arcselector9901; d=microsoft.com; cv=none;
 b=A/r8p1R1Tnnot+w2ba/xhxj0J0xPosWpY8H13qc57giK8M2/f6zitjRAsW0CrRh7YzNC0s6nqrS1BZ84szovWHNoxnCfPps9sLaNG6VamE92UtgwRxcHHcXqGbITureuJLq6nmZ+bJDWWtZtgRnqUFZrNRQIZq0oI4fJ3LR6jHWZxawt/Q3uvs/A1fDc63H+T9zViu++f+4kJWhS3vJlF04foRqbKWx2xdvWSOgjGKsCiDEUEETHyX2+/RVHUyIaZVESuHemeLwFSLdMoH5ZMpCyyFq8FVQh0tTNTUKu4sUtNgSRRLqa3W/zWmN5MW/BijsgWJH/8Us2axmiHazjoA==
ARC-Message-Signature: i=1; a=rsa-sha256; c=relaxed/relaxed; d=microsoft.com;
 s=arcselector9901;
 h=From:Date:Subject:Message-ID:Content-Type:MIME-Version:X-MS-Exchange-AntiSpam-MessageData-ChunkCount:X-MS-Exchange-AntiSpam-MessageData-0:X-MS-Exchange-AntiSpam-MessageData-1;
 bh=UWeWgj72xO5DQzZh95lIR5IAGeFbhUNBbwjz61tuaJo=;
 b=R2Sc0NhD5DndrD1j9KK3+GdXx7bLhimx8l+RqRn2DQgX68EDVr8V3Hdbud/Z0+QJdtjf5Da2Jj4VJB3uaKjP9vQH/xx8WClYoV/baxXAMbUo06OZwyStOHAEMdcEgUv1ENBCfgu3hgHRndLV5Q7e2sdQ3npykj50tvehWb5JakFSLhVQ9Ojyl0eqvYgdmF9ZR3k8TJboNcOvs2x6QVqUlmte6nzrE5qArMubZJTCqA1+VCo1FA8fhEDL82f3KIGJxXHEMOpajtPCJNwg8nc1yZsmBg6J7tIokqREnB15Uagrp93D/5uKwj+6Eqm4ygxu68D84kkKx/hP8yT08zJtOw==
ARC-Authentication-Results: i=1; mx.microsoft.com 1; spf=pass (sender ip is
 165.204.84.17) smtp.rcpttodomain=linux.microsoft.com smtp.mailfrom=amd.com;
 dmarc=pass (p=quarantine sp=quarantine pct=100) action=none
 header.from=amd.com; dkim=none (message not signed); arc=none
DKIM-Signature: v=1; a=rsa-sha256; c=relaxed/relaxed; d=amd.com; s=selector1;
 h=From:Date:Subject:Message-ID:Content-Type:MIME-Version:X-MS-Exchange-SenderADCheck;
 bh=UWeWgj72xO5DQzZh95lIR5IAGeFbhUNBbwjz61tuaJo=;
 b=QPpEoKy0sfaLwAkJpHCeAGCyMLHt/V+9gC40Me9pV8hm24hdgGZnxgewid7Bb+vC7DYbvyqxixJJjg0MAxkK0AsGZ9WhpaPrZ8M9jmJtLxCwXRYbHguqOQSjZR6MKpPHmYG+NOADpqD6+N4V8swq4df0mEa53j3mFMfZelp56YM=
Received: from DS7PR05CA0023.namprd05.prod.outlook.com (2603:10b6:5:3b9::28)
 by BL0PR12MB4706.namprd12.prod.outlook.com (2603:10b6:208:82::25) with
 Microsoft SMTP Server (version=TLS1_2,
 cipher=TLS_ECDHE_RSA_WITH_AES_256_GCM_SHA384) id 15.20.5504.17; Tue, 16 Aug
 2022 15:07:12 +0000
Received: from DM6NAM11FT102.eop-nam11.prod.protection.outlook.com
 (2603:10b6:5:3b9:cafe::db) by DS7PR05CA0023.outlook.office365.com
 (2603:10b6:5:3b9::28) with Microsoft SMTP Server (version=TLS1_2,
 cipher=TLS_ECDHE_RSA_WITH_AES_256_GCM_SHA384) id 15.20.5525.10 via Frontend
 Transport; Tue, 16 Aug 2022 15:07:12 +0000
X-MS-Exchange-Authentication-Results: spf=pass (sender IP is 165.204.84.17)
 smtp.mailfrom=amd.com; dkim=none (message not signed)
 header.d=none;dmarc=pass action=none header.from=amd.com;
Received-SPF: Pass (protection.outlook.com: domain of amd.com designates
 165.204.84.17 as permitted sender) receiver=protection.outlook.com;
 client-ip=165.204.84.17; helo=SATLEXMB04.amd.com; pr=C
Received: from SATLEXMB04.amd.com (165.204.84.17) by
 DM6NAM11FT102.mail.protection.outlook.com (10.13.173.172) with Microsoft SMTP
 Server (version=TLS1_2, cipher=TLS_ECDHE_RSA_WITH_AES_128_GCM_SHA256) id
 15.20.5546.7 via Frontend Transport; Tue, 16 Aug 2022 15:07:11 +0000
Received: from localhost (10.180.168.240) by SATLEXMB04.amd.com
 (10.181.40.145) with Microsoft SMTP Server (version=TLS1_2,
 cipher=TLS_ECDHE_RSA_WITH_AES_128_GCM_SHA256) id 15.1.2375.28; Tue, 16 Aug
 2022 10:07:07 -0500
Date:   Tue, 16 Aug 2022 10:06:37 -0500
From:   Michael Roth <michael.roth@amd.com>
To:     Jeremi Piotrowski <jpiotrowski@linux.microsoft.com>
CC:     NOMURA =?utf-8?B?SlVOSUNISSjph47mnZHjgIDmt7PkuIAp?= 
        <junichi.nomura@nec.com>, LKML <linux-kernel@vger.kernel.org>,
        "x86@kernel.org" <x86@kernel.org>, "bp@suse.de" <bp@suse.de>
Subject: Re: [Regression v5.19-rc1] kernel fails to boot, no console output
 (Re: [PATCH v12 38/46] x86/sev: Add SEV-SNP feature detection/setup)
Message-ID: <20220816150637.lyfeirdebb7eetgf@amd.com>
References: <TYCPR01MB694815CD815E98945F63C99183B49@TYCPR01MB6948.jpnprd01.prod.outlook.com>
 <Yvuo2rtootBSlpfQ@jpiotrowski-Surface-Book-3>
MIME-Version: 1.0
Content-Type: text/plain; charset="utf-8"
Content-Disposition: inline
Content-Transfer-Encoding: 8bit
In-Reply-To: <Yvuo2rtootBSlpfQ@jpiotrowski-Surface-Book-3>
X-Originating-IP: [10.180.168.240]
X-ClientProxiedBy: SATLEXMB03.amd.com (10.181.40.144) To SATLEXMB04.amd.com
 (10.181.40.145)
X-EOPAttributedMessage: 0
X-MS-PublicTrafficType: Email
X-MS-Office365-Filtering-Correlation-Id: 04a77c8b-2dc7-49aa-631d-08da7f98ff43
X-MS-TrafficTypeDiagnostic: BL0PR12MB4706:EE_
X-MS-Exchange-SenderADCheck: 1
X-MS-Exchange-AntiSpam-Relay: 0
X-Microsoft-Antispam: BCL:0;
X-Microsoft-Antispam-Message-Info: JiCt7GzOElUYsBG/MwqdxyxGrdm4otUU5Voi6Swe81TN8/Cz5YdB0OrSt8JTPyXIvNKqE2w2whn3WNQEvkNnWrzfaXiHPu+L1l0IPC5xsxkPKiVGXvF7mrpSQR7Zj6mvxVQz61cU2+ytS9xh61eIBxpCP5qtuhnQnybkEsbsGUhYsuvFiUDhPeO+UP+DxNPx95JoguokH7lbQ3z+xOvHEIaE45YEkrm6pjUsa6WWEv75v/HgYl04K4VZnUtG+c3n7nC9y6j85D6uF1AnDy/gXVX1swfb+DHRJ+RzGMHRmmENS3bkRRFflqrjjpVols7sGeEFTnf8WxtN1VcFo3wh2DhqWk1MvE8HNedqPcKPSSQTATBv96uluU9RkaJZclRWrpOQrR3ptiaWXoQqCeqmLgkuX/mNmSYieqsKWr+hmcKizWo9IaFBrwbUQX/gJIsW/KaoAynxxn9ECGyv8eP9vJo0vdR7KjVQicLvWMwYx1n0A5q0C0vycJqZTk1GyzCwoUIY7kfqzoqOcu+IHHCeChEw4OzarAKpTEzjkkEtgaBj4HDU39s+ZDJY85cMeqJ9LeJ5+BpQVQ/aP37RbqdGUIT2nOTecT8mJgb/9PBaa77P4VkiWiLl8dl4fI3Qvqwby3R0XQTQxnLDul/twI9qgoc7sj80I/TFjTNFw/ICv4uIwOZsZGlWobXT2XD9JlW4OYd78U8YyuGDe1m+AhpC1ahTjpksR+3kAoVok6mJXS89vUfbcyhAoUVwpbKnJvDMc67OmBeXiLy37t3rg1s7hTTZnKRg5c4LvnP+EjI++/eW+uMzbJ09W+5xdnQcFc06854G7Dql/Iz1UpPp4UbyBTopGwU9Zek3tBqeggHckEY=
X-Forefront-Antispam-Report: CIP:165.204.84.17;CTRY:US;LANG:en;SCL:1;SRV:;IPV:CAL;SFV:NSPM;H:SATLEXMB04.amd.com;PTR:InfoDomainNonexistent;CAT:NONE;SFS:(13230016)(4636009)(396003)(376002)(346002)(39860400002)(136003)(46966006)(36840700001)(40470700004)(70586007)(70206006)(5660300002)(8676002)(316002)(6916009)(4326008)(54906003)(40480700001)(82310400005)(82740400003)(44832011)(40460700003)(8936002)(2906002)(356005)(81166007)(30864003)(36860700001)(36756003)(86362001)(15974865002)(41300700001)(478600001)(26005)(6666004)(45080400002)(83380400001)(16526019)(336012)(426003)(1076003)(2616005)(186003)(66574015)(47076005)(36900700001)(579004)(559001);DIR:OUT;SFP:1101;
X-OriginatorOrg: amd.com
X-MS-Exchange-CrossTenant-OriginalArrivalTime: 16 Aug 2022 15:07:11.8678
 (UTC)
X-MS-Exchange-CrossTenant-Network-Message-Id: 04a77c8b-2dc7-49aa-631d-08da7f98ff43
X-MS-Exchange-CrossTenant-Id: 3dd8961f-e488-4e60-8e11-a82d994e183d
X-MS-Exchange-CrossTenant-OriginalAttributedTenantConnectingIp: TenantId=3dd8961f-e488-4e60-8e11-a82d994e183d;Ip=[165.204.84.17];Helo=[SATLEXMB04.amd.com]
X-MS-Exchange-CrossTenant-AuthSource: DM6NAM11FT102.eop-nam11.prod.protection.outlook.com
X-MS-Exchange-CrossTenant-AuthAs: Anonymous
X-MS-Exchange-CrossTenant-FromEntityHeader: HybridOnPrem
X-MS-Exchange-Transport-CrossTenantHeadersStamped: BL0PR12MB4706
X-Spam-Status: No, score=-2.1 required=5.0 tests=BAYES_00,DKIM_SIGNED,
        DKIM_VALID,DKIM_VALID_AU,DKIM_VALID_EF,RCVD_IN_DNSWL_NONE,
        RCVD_IN_MSPIKE_H2,SPF_HELO_PASS,SPF_PASS,T_SCC_BODY_TEXT_LINE
        autolearn=ham autolearn_force=no version=3.4.6
X-Spam-Checker-Version: SpamAssassin 3.4.6 (2021-04-09) on
        lindbergh.monkeyblade.net
Precedence: bulk
List-ID: <linux-kernel.vger.kernel.org>
X-Mailing-List: linux-kernel@vger.kernel.org

On Tue, Aug 16, 2022 at 04:25:30PM +0200, Jeremi Piotrowski wrote:
> On Fri, Jun 24, 2022 at 12:44:52AM +0000, NOMURA JUNICHI(野村 淳一) wrote:
> > I found crash kexec fails to boot the 2nd kernel since v5.19-rc1 and
> > git bisect points to this as a bad commit:
> > 
> >   commit b190a043c49af4587f5e157053f909192820522a
> >   Author: Michael Roth <michael.roth@amd.com>
> >   Date:   Thu Feb 24 10:56:18 2022 -0600
> > 
> >     x86/sev: Add SEV-SNP feature detection/setup
> > 
> >     Initial/preliminary detection of SEV-SNP is done via the Confidential
> >     Computing blob. Check for it prior to the normal SEV/SME feature
> >     initialization, and add some sanity checks to confirm it agrees with
> >     SEV-SNP CPUID/MSR bits.
> > 
> 
> Hi Michael,
> 
> I too have bisected an issue to this commit and my issue is not fixed by
> b57feed2cc2622ae14b2fa62f19e973e5e0a60cf. I have a Dell R6515 with AMD EPYC
> 7513 that is supposed to act as an SNP host, but after v5.19-rc1 I don't get
> any console output and the machine resets shortly after grub loads the
> kernel.
> 
> The bisect was done on 5.18+SNP patches that were merged into 5.19-rc1, this
> is the full patch list:
> 
>   git log --oneline v5.18-rc1..eb39e37d5cebdf0f63ee2a315fc23b035d81b4b0^2
> 
> If I comment out the following lines, the machine boots correctly and if I also
> have the SNP host patches applied SNP guests work correctly. Applying

Hi Jeremi,

Can you retry with earlyprintk enabled via kernel cmdline? I'm trying to see
if you're getting these messages and making it past the boot/compressed kernel
(which has its own snp_init()):

  EFI stub: Loaded initrd from LINUX_EFI_INITRD_MEDIA_GUID device path^M
  early console in extract_kernel^M
  input_data: 0x00000000352fd4cc^M
  input_len: 0x0000000000c5adcb^M
  output: 0x0000000033000000^M
  output_len: 0x0000000002f07ec4^M
  kernel_total_size: 0x000000000242c000^M
  needed_size: 0x0000000003000000^M
  trampoline_32bit: 0x000000000009d000^M
  Physical KASLR using RDRAND RDTSC...^M
  Virtual KASLR using RDRAND RDTSC...^M
  ^M
  Decompressing Linux... Parsing ELF... Performing relocations... done.^M
  Booting the kernel.
  [    0.000000] Linux version ...

Also, instead of commenting out snp_init() below, can you retry with this
change instead?

  diff --git a/arch/x86/kernel/sev.c b/arch/x86/kernel/sev.c
  index 7b668f91c9ab..e9e55a99d60f 100644
  --- a/arch/x86/kernel/sev.c
  +++ b/arch/x86/kernel/sev.c
  @@ -2083,9 +2083,12 @@ static __init struct cc_blob_sev_info *find_cc_blob(struct boot_params *bp)
           * boot/decompression kernel, the CC blob may have been passed via
           * setup_data instead.
           */
  +#if 0
          cc_info = find_cc_blob_setup_data(bp);
          if (!cc_info)
                  return NULL;
  +#endif
  +       return NULL;
  
   found_cc_info:
          if (cc_info->magic != CC_BLOB_SEV_HDR_MAGIC)

And if that does not avoid the issue, can you retry with the below change
(without the above change in place)?

  diff --git a/arch/x86/kernel/sev.c b/arch/x86/kernel/sev.c
  index 7b668f91c9ab..0b430f98e053 100644
  --- a/arch/x86/kernel/sev.c
  +++ b/arch/x86/kernel/sev.c
  @@ -2073,10 +2073,12 @@ static __init struct cc_blob_sev_info *find_cc_blob(struct boot_params *bp)
          struct cc_blob_sev_info *cc_info;
  
          /* Boot kernel would have passed the CC blob via boot_params. */
  +#if 0
          if (bp->cc_blob_address) {
                  cc_info = (struct cc_blob_sev_info *)(unsigned long)bp->cc_blob_address;
                  goto found_cc_info;
          }
  +#endif
  
          /*
           * If kernel was booted directly, without the use of the
  @@ -2087,7 +2089,7 @@ static __init struct cc_blob_sev_info *find_cc_blob(struct boot_params *bp)
          if (!cc_info)
                  return NULL;
  
  -found_cc_info:
  +//found_cc_info:
          if (cc_info->magic != CC_BLOB_SEV_HDR_MAGIC)
                  snp_abort();

Trying to see if you're hitting a separate issue or not.

Thanks,

Mike


> have the SNP host patches applied SNP guests work correctly. Applying
> b57feed2cc2622ae14b2fa62f19e973e5e0a60cf instead does not change anything,
> there is still no console output and no boot.
> 
> Any further suggestions on how to debug this? Attached you'll find my dmesg and
> config.
> 
> diff --git a/arch/x86/mm/mem_encrypt_identity.c b/arch/x86/mm/mem_encrypt_identity.c
> index f415498d3175..7ffde3fa6be8 100644
> --- a/arch/x86/mm/mem_encrypt_identity.c
> +++ b/arch/x86/mm/mem_encrypt_identity.c
> @@ -510,10 +510,10 @@ void __init sme_enable(struct boot_params *bp)
>         bool active_by_default;
>         unsigned long me_mask;
>         char buffer[16];
> -       bool snp;
> +       //bool snp;
>         u64 msr;
>  
> -       snp = snp_init(bp);
> +       //snp = snp_init(bp);
>  
>         /* Check for the SME/SEV support leaf */
>         eax = 0x80000000;
> @@ -547,8 +547,10 @@ void __init sme_enable(struct boot_params *bp)
>         feature_mask = (sev_status & MSR_AMD64_SEV_ENABLED) ? AMD_SEV_BIT : AMD_SME_BIT;
>  
>         /* The SEV-SNP CC blob should never be present unless SEV-SNP is enabled. */
> +       /*
>         if (snp && !(sev_status & MSR_AMD64_SEV_SNP_ENABLED))
>                 snp_abort();
> +       */
>  
>         /* Check if memory encryption is enabled */
>         if (feature_mask == AMD_SME_BIT) {
> 

> [    0.000000] Linux version 5.18.0-snp-host+ (jeremi@amd-sev-reserved) (gcc (Ubuntu 11.2.0-19ubuntu1) 11.2.0, GNU ld (GNU Binutils for Ubuntu) 2.38) #18 SMP PREEMPT_DYNAMIC Tue Aug 16 08:27:29 UTC 2022
> [    0.000000] Command line: BOOT_IMAGE=/boot/vmlinuz-5.18.0-snp-host+ root=UUID=fe266f32-9e15-498c-9211-8f9d1a1a4c6e ro console=tty0 console=ttyS1,115200n8 systemd.unified_cgroup_hierarchy=0 earlyprintk=ttyS1 console=tty1 console=ttyS0
> [    0.000000] KERNEL supported cpus:
> [    0.000000]   Intel GenuineIntel
> [    0.000000]   AMD AuthenticAMD
> [    0.000000]   Hygon HygonGenuine
> [    0.000000]   Centaur CentaurHauls
> [    0.000000]   zhaoxin   Shanghai  
> [    0.000000] x86/fpu: Supporting XSAVE feature 0x001: 'x87 floating point registers'
> [    0.000000] x86/fpu: Supporting XSAVE feature 0x002: 'SSE registers'
> [    0.000000] x86/fpu: Supporting XSAVE feature 0x004: 'AVX registers'
> [    0.000000] x86/fpu: Supporting XSAVE feature 0x200: 'Protection Keys User registers'
> [    0.000000] x86/fpu: xstate_offset[2]:  576, xstate_sizes[2]:  256
> [    0.000000] x86/fpu: xstate_offset[9]:  832, xstate_sizes[9]:    8
> [    0.000000] x86/fpu: Enabled xstate features 0x207, context size is 840 bytes, using 'compacted' format.
> [    0.000000] signal: max sigframe size: 3376
> [    0.000000] BIOS-provided physical RAM map:
> [    0.000000] BIOS-e820: [mem 0x0000000000000000-0x000000000008efff] usable
> [    0.000000] BIOS-e820: [mem 0x000000000008f000-0x000000000008ffff] ACPI NVS
> [    0.000000] BIOS-e820: [mem 0x0000000000090000-0x000000000009ffff] usable
> [    0.000000] BIOS-e820: [mem 0x0000000000100000-0x0000000015ffffff] usable
> [    0.000000] BIOS-e820: [mem 0x0000000016000000-0x00000000568fffff] reserved
> [    0.000000] BIOS-e820: [mem 0x0000000056900000-0x00000000569fbfff] usable
> [    0.000000] BIOS-e820: [mem 0x00000000569fc000-0x00000000569fcfff] reserved
> [    0.000000] BIOS-e820: [mem 0x00000000569fd000-0x000000005a151fff] usable
> [    0.000000] BIOS-e820: [mem 0x000000005a152000-0x000000005a1d1fff] reserved
> [    0.000000] BIOS-e820: [mem 0x000000005a1d2000-0x0000000067acefff] usable
> [    0.000000] BIOS-e820: [mem 0x0000000067acf000-0x000000006dfcefff] reserved
> [    0.000000] BIOS-e820: [mem 0x000000006dfcf000-0x000000006edfefff] ACPI NVS
> [    0.000000] BIOS-e820: [mem 0x000000006edff000-0x000000006effefff] ACPI data
> [    0.000000] BIOS-e820: [mem 0x000000006efff000-0x000000006effffff] usable
> [    0.000000] BIOS-e820: [mem 0x000000006f000000-0x000000006f00afff] ACPI NVS
> [    0.000000] BIOS-e820: [mem 0x000000006f00b000-0x000000006fffffff] usable
> [    0.000000] BIOS-e820: [mem 0x0000000070000000-0x000000008fffffff] reserved
> [    0.000000] BIOS-e820: [mem 0x00000000aa000000-0x00000000aaffffff] reserved
> [    0.000000] BIOS-e820: [mem 0x00000000c5000000-0x00000000c5ffffff] reserved
> [    0.000000] BIOS-e820: [mem 0x00000000e0000000-0x00000000e0ffffff] reserved
> [    0.000000] BIOS-e820: [mem 0x00000000fd000000-0x00000000ffffffff] reserved
> [    0.000000] BIOS-e820: [mem 0x0000000100000000-0x000000407f0fffff] usable
> [    0.000000] BIOS-e820: [mem 0x000000407f100000-0x000000407fffffff] reserved
> [    0.000000] printk: bootconsole [earlyser0] enabled
> [    0.000000] NX (Execute Disable) protection: active
> [    0.000000] e820: update [mem 0x0c24b020-0x0c27e65f] usable ==> usable
> [    0.000000] e820: update [mem 0x0c24b020-0x0c27e65f] usable ==> usable
> [    0.000000] e820: update [mem 0x0c217020-0x0c24a65f] usable ==> usable
> [    0.000000] e820: update [mem 0x0c217020-0x0c24a65f] usable ==> usable
> [    0.000000] e820: update [mem 0x0c208020-0x0c21685f] usable ==> usable
> [    0.000000] e820: update [mem 0x0c208020-0x0c21685f] usable ==> usable
> [    0.000000] e820: update [mem 0x0c1f9020-0x0c20785f] usable ==> usable
> [    0.000000] e820: update [mem 0x0c1f9020-0x0c20785f] usable ==> usable
> [    0.000000] e820: update [mem 0x0c1cb020-0x0c1f8c5f] usable ==> usable
> [    0.000000] e820: update [mem 0x0c1cb020-0x0c1f8c5f] usable ==> usable
> [    0.000000] e820: update [mem 0x0c1c2020-0x0c1ca05f] usable ==> usable
> [    0.000000] e820: update [mem 0x0c1c2020-0x0c1ca05f] usable ==> usable
> [    0.000000] extended physical RAM map:
> [    0.000000] reserve setup_data: [mem 0x0000000000000000-0x000000000008efff] usable
> [    0.000000] reserve setup_data: [mem 0x000000000008f000-0x000000000008ffff] ACPI NVS
> [    0.000000] reserve setup_data: [mem 0x0000000000090000-0x000000000009ffff] usable
> [    0.000000] reserve setup_data: [mem 0x0000000000100000-0x000000000c1c201f] usable
> [    0.000000] reserve setup_data: [mem 0x000000000c1c2020-0x000000000c1ca05f] usable
> [    0.000000] reserve setup_data: [mem 0x000000000c1ca060-0x000000000c1cb01f] usable
> [    0.000000] reserve setup_data: [mem 0x000000000c1cb020-0x000000000c1f8c5f] usable
> [    0.000000] reserve setup_data: [mem 0x000000000c1f8c60-0x000000000c1f901f] usable
> [    0.000000] reserve setup_data: [mem 0x000000000c1f9020-0x000000000c20785f] usable
> [    0.000000] reserve setup_data: [mem 0x000000000c207860-0x000000000c20801f] usable
> [    0.000000] reserve setup_data: [mem 0x000000000c208020-0x000000000c21685f] usable
> [    0.000000] reserve setup_data: [mem 0x000000000c216860-0x000000000c21701f] usable
> [    0.000000] reserve setup_data: [mem 0x000000000c217020-0x000000000c24a65f] usable
> [    0.000000] reserve setup_data: [mem 0x000000000c24a660-0x000000000c24b01f] usable
> [    0.000000] reserve setup_data: [mem 0x000000000c24b020-0x000000000c27e65f] usable
> [    0.000000] reserve setup_data: [mem 0x000000000c27e660-0x0000000015ffffff] usable
> [    0.000000] reserve setup_data: [mem 0x0000000016000000-0x00000000568fffff] reserved
> [    0.000000] reserve setup_data: [mem 0x0000000056900000-0x00000000569fbfff] usable
> [    0.000000] reserve setup_data: [mem 0x00000000569fc000-0x00000000569fcfff] reserved
> [    0.000000] reserve setup_data: [mem 0x00000000569fd000-0x000000005a151fff] usable
> [    0.000000] reserve setup_data: [mem 0x000000005a152000-0x000000005a1d1fff] reserved
> [    0.000000] reserve setup_data: [mem 0x000000005a1d2000-0x0000000067acefff] usable
> [    0.000000] reserve setup_data: [mem 0x0000000067acf000-0x000000006dfcefff] reserved
> [    0.000000] reserve setup_data: [mem 0x000000006dfcf000-0x000000006edfefff] ACPI NVS
> [    0.000000] reserve setup_data: [mem 0x000000006edff000-0x000000006effefff] ACPI data
> [    0.000000] reserve setup_data: [mem 0x000000006efff000-0x000000006effffff] usable
> [    0.000000] reserve setup_data: [mem 0x000000006f000000-0x000000006f00afff] ACPI NVS
> [    0.000000] reserve setup_data: [mem 0x000000006f00b000-0x000000006fffffff] usable
> [    0.000000] reserve setup_data: [mem 0x0000000070000000-0x000000008fffffff] reserved
> [    0.000000] reserve setup_data: [mem 0x00000000aa000000-0x00000000aaffffff] reserved
> [    0.000000] reserve setup_data: [mem 0x00000000c5000000-0x00000000c5ffffff] reserved
> [    0.000000] reserve setup_data: [mem 0x00000000e0000000-0x00000000e0ffffff] reserved
> [    0.000000] reserve setup_data: [mem 0x00000000fd000000-0x00000000ffffffff] reserved
> [    0.000000] reserve setup_data: [mem 0x0000000100000000-0x000000407f0fffff] usable
> [    0.000000] reserve setup_data: [mem 0x000000407f100000-0x000000407fffffff] reserved
> [    0.000000] efi: EFI v2.70 by Dell Inc.
> [    0.000000] efi: ACPI=0x6effe000 ACPI 2.0=0x6effe014 MEMATTR=0x62d8f020 SMBIOS=0x697a0000 SMBIOS 3.0=0x6979e000 RNG=0x67bcdc20 TPMEventLog=0xc27f020 
> [    0.000000] efi: seeding entropy pool
> [    0.000000] random: crng init done
> [    0.000000] TPM Final Events table not present
> [    0.000000] SMBIOS 3.3.0 present.
> [    0.000000] DMI: Dell Inc. PowerEdge R6515/068NXX, BIOS 2.6.6 01/13/2022
> [    0.000000] tsc: Fast TSC calibration using PIT
> [    0.000000] tsc: Detected 2595.384 MHz processor
> [    0.000016] e820: update [mem 0x00000000-0x00000fff] usable ==> reserved
> [    0.000018] e820: remove [mem 0x000a0000-0x000fffff] usable
> [    0.000026] last_pfn = 0x407f100 max_arch_pfn = 0x400000000
> [    0.066696] x86/PAT: Configuration [0-7]: WB  WC  UC- UC  WB  WP  UC- WT  
> [    0.186134] x2apic: enabled by BIOS, switching to x2apic ops
> [    0.253725] last_pfn = 0x70000 max_arch_pfn = 0x400000000
> [    0.321764] Using GB pages for direct mapping
> [    0.372284] Secure boot disabled
> [    0.410222] RAMDISK: [mem 0x0c284000-0x0d899fff]
> [    0.465339] ACPI: Early table checksum verification disabled
> [    0.532927] ACPI: RSDP 0x000000006EFFE014 000024 (v02 DELL  )
> [    0.601556] ACPI: XSDT 0x000000006EFFD0E8 0000C4 (v01 DELL   PE_SC3   00000002 DELL 00000001)
> [    0.703464] ACPI: FACP 0x000000006EFF9000 000114 (v06 DELL   PE_SC3   00000002 DELL 00000001)
> [    0.805369] ACPI: DSDT 0x000000006EFDA000 019535 (v02 DELL   PE_SC3   00000002 DELL 00000001)
> [    0.907273] ACPI: FACS 0x000000006EDB9000 000040
> [    0.962385] ACPI: BERT 0x000000006EFFC000 000030 (v01 DELL   PE_SC3   00000001 DELL 00000001)
> [    1.064291] ACPI: ERST 0x000000006EFFB000 000230 (v01 DELL   PE_SC3   00000001 DELL 00000001)
> [    1.166197] ACPI: HEST 0x000000006EFFA000 0007F4 (v01 DELL   PE_SC3   00000001 DELL 00000001)
> [    1.268103] ACPI: HPET 0x000000006EFF8000 000038 (v01 DELL   PE_SC3   00000002 DELL 00000001)
> [    1.370008] ACPI: APIC 0x000000006EFF6000 0018BE (v05 DELL   PE_SC3   00000002 DELL 00000001)
> [    1.471913] ACPI: MCFG 0x000000006EFF5000 00003C (v01 DELL   PE_SC3   00000002 DELL 00000001)
> [    1.573819] ACPI: WSMT 0x000000006EFF4000 000028 (v01 DELL   PE_SC3   00000002 DELL 00000001)
> [    1.675725] ACPI: SSDT 0x000000006EFD9000 000629 (v02 DELL   xhc_port 00000001 INTL 20210331)
> [    1.777631] ACPI: SSDT 0x000000006EFD8000 000D7B (v02 AMD    CPMRAS   00000001 INTL 20210331)
> [    1.879536] ACPI: SSDT 0x000000006EFD7000 000623 (v02 DELL   Tpm2Tabl 00001000 INTL 20210331)
> [    1.981442] ACPI: TPM2 0x000000006EFD6000 00004C (v04 DELL   PE_SC3   00000002 DELL 00000001)
> [    2.083347] ACPI: EINJ 0x000000006EFD5000 000150 (v01 AMD    PE_SC3   00000001 AMD  00000001)
> [    2.185256] ACPI: SSDT 0x000000006EFD4000 000364 (v02 DELL   PE_SC3   00000001 AMD  00000001)
> [    2.287162] ACPI: CRAT 0x000000006EFD0000 0039D0 (v01 DELL   PE_SC3   00000001 AMD  00000001)
> [    2.389064] ACPI: CDIT 0x000000006EFCF000 000029 (v01 DELL   PE_SC3   00000001 AMD  00000001)
> [    2.490970] ACPI: IVRS 0x000000006EFCE000 0001F0 (v02 DELL   PE_SC3   00000001 AMD  00000001)
> [    2.592876] ACPI: SPCR 0x000000006EFCD000 000050 (v02 DELL   PE_SC3   00000002 DELL 00000001)
> [    2.694782] ACPI: SSDT 0x000000006EFCC000 000C7B (v02 DELL   PE_SC3   00000002 DELL 00000001)
> [    2.796688] ACPI: SSDT 0x000000006EFCA000 00193C (v02 AMD    CPMCMN   00000001 INTL 20210331)
> [    2.898592] ACPI: Reserving FACP table memory at [mem 0x6eff9000-0x6eff9113]
> [    2.982821] ACPI: Reserving DSDT table memory at [mem 0x6efda000-0x6eff3534]
> [    3.067050] ACPI: Reserving FACS table memory at [mem 0x6edb9000-0x6edb903f]
> [    3.151278] ACPI: Reserving BERT table memory at [mem 0x6effc000-0x6effc02f]
> [    3.235505] ACPI: Reserving ERST table memory at [mem 0x6effb000-0x6effb22f]
> [    3.319734] ACPI: Reserving HEST table memory at [mem 0x6effa000-0x6effa7f3]
> [    3.403961] ACPI: Reserving HPET table memory at [mem 0x6eff8000-0x6eff8037]
> [    3.488190] ACPI: Reserving APIC table memory at [mem 0x6eff6000-0x6eff78bd]
> [    3.572418] ACPI: Reserving MCFG table memory at [mem 0x6eff5000-0x6eff503b]
> [    3.656647] ACPI: Reserving WSMT table memory at [mem 0x6eff4000-0x6eff4027]
> [    3.740874] ACPI: Reserving SSDT table memory at [mem 0x6efd9000-0x6efd9628]
> [    3.825102] ACPI: Reserving SSDT table memory at [mem 0x6efd8000-0x6efd8d7a]
> [    3.909330] ACPI: Reserving SSDT table memory at [mem 0x6efd7000-0x6efd7622]
> [    3.993560] ACPI: Reserving TPM2 table memory at [mem 0x6efd6000-0x6efd604b]
> [    4.077787] ACPI: Reserving EINJ table memory at [mem 0x6efd5000-0x6efd514f]
> [    4.162015] ACPI: Reserving SSDT table memory at [mem 0x6efd4000-0x6efd4363]
> [    4.246245] ACPI: Reserving CRAT table memory at [mem 0x6efd0000-0x6efd39cf]
> [    4.330472] ACPI: Reserving CDIT table memory at [mem 0x6efcf000-0x6efcf028]
> [    4.414700] ACPI: Reserving IVRS table memory at [mem 0x6efce000-0x6efce1ef]
> [    4.498928] ACPI: Reserving SPCR table memory at [mem 0x6efcd000-0x6efcd04f]
> [    4.583157] ACPI: Reserving SSDT table memory at [mem 0x6efcc000-0x6efccc7a]
> [    4.667385] ACPI: Reserving SSDT table memory at [mem 0x6efca000-0x6efcb93b]
> [    4.751624] Setting APIC routing to cluster x2apic.
> [    4.809938] No NUMA configuration found
> [    4.855598] Faking a node at [mem 0x0000000000000000-0x000000407f0fffff]
> [    4.935672] NODE_DATA(0) allocated [mem 0x407f0d5000-0x407f0fffff]
> [    5.009838] Zone ranges:
> [    5.039652]   DMA      [mem 0x0000000000001000-0x0000000000ffffff]
> [    5.113482]   DMA32    [mem 0x0000000001000000-0x00000000ffffffff]
> [    5.187312]   Normal   [mem 0x0000000100000000-0x000000407f0fffff]
> [    5.261141]   Device   empty
> [    5.295456] Movable zone start for each node
> [    5.346411] Early memory node ranges
> [    5.389043]   node   0: [mem 0x0000000000001000-0x000000000008efff]
> [    5.463914]   node   0: [mem 0x0000000000090000-0x000000000009ffff]
> [    5.538782]   node   0: [mem 0x0000000000100000-0x0000000015ffffff]
> [    5.613652]   node   0: [mem 0x0000000056900000-0x00000000569fbfff]
> [    5.688522]   node   0: [mem 0x00000000569fd000-0x000000005a151fff]
> [    5.763390]   node   0: [mem 0x000000005a1d2000-0x0000000067acefff]
> [    5.838261]   node   0: [mem 0x000000006efff000-0x000000006effffff]
> [    5.913129]   node   0: [mem 0x000000006f00b000-0x000000006fffffff]
> [    5.988000]   node   0: [mem 0x0000000100000000-0x000000407f0fffff]
> [    6.062885] Initmem setup node 0 [mem 0x0000000000001000-0x000000407f0fffff]
> [    6.147100] On node 0, zone DMA: 1 pages in unavailable ranges
> [    6.147102] On node 0, zone DMA: 1 pages in unavailable ranges
> [    6.216778] On node 0, zone DMA: 96 pages in unavailable ranges
> [    6.286857] On node 0, zone DMA32: 35072 pages in unavailable ranges
> [    6.357189] On node 0, zone DMA32: 1 pages in unavailable ranges
> [    6.433198] On node 0, zone DMA32: 128 pages in unavailable ranges
> [    6.504979] On node 0, zone DMA32: 30000 pages in unavailable ranges
> [    6.578648] On node 0, zone DMA32: 11 pages in unavailable ranges
> [    6.841050] On node 0, zone Normal: 3840 pages in unavailable ranges
> [    6.911912] tboot: non-0 tboot_addr but it is not of type E820_TYPE_RESERVED
> [    7.072187] ACPI: PM-Timer IO Port: 0x408
> [    7.119894] ACPI: X2APIC_NMI (uid[0xffffffff] high edge lint[0x1])
> [    7.193711] ACPI: LAPIC_NMI (acpi_id[0xff] high edge lint[0x1])
> [    7.264434] IOAPIC[0]: apic_id 240, version 33, address 0xfec00000, GSI 0-23
> [    7.348653] IOAPIC[1]: apic_id 241, version 33, address 0xe0100000, GSI 120-151
> [    7.436000] IOAPIC[2]: apic_id 242, version 33, address 0xc5100000, GSI 88-119
> [    7.522309] IOAPIC[3]: apic_id 243, version 33, address 0xaa100000, GSI 56-87
> [    7.607576] IOAPIC[4]: apic_id 244, version 33, address 0xfd100000, GSI 24-55
> [    7.692842] ACPI: INT_SRC_OVR (bus 0 bus_irq 0 global_irq 2 dfl dfl)
> [    7.768751] ACPI: INT_SRC_OVR (bus 0 bus_irq 9 global_irq 9 low level)
> [    7.846744] ACPI: Using ACPI (MADT) for SMP configuration information
> [    7.923689] ACPI: HPET id: 0x10228201 base: 0xfed00000
> [    7.985043] ACPI: SPCR: console: uart,io,0x3f8,115200
> [    8.045352] smpboot: Allowing 64 CPUs, 0 hotplug CPUs
> [    8.105682] PM: hibernation: Registered nosave memory: [mem 0x00000000-0x00000fff]
> [    8.196133] PM: hibernation: Registered nosave memory: [mem 0x0008f000-0x0008ffff]
> [    8.286598] PM: hibernation: Registered nosave memory: [mem 0x000a0000-0x000fffff]
> [    8.377066] PM: hibernation: Registered nosave memory: [mem 0x0c1c2000-0x0c1c2fff]
> [    8.467533] PM: hibernation: Registered nosave memory: [mem 0x0c1ca000-0x0c1cafff]
> [    8.557999] PM: hibernation: Registered nosave memory: [mem 0x0c1cb000-0x0c1cbfff]
> [    8.648467] PM: hibernation: Registered nosave memory: [mem 0x0c1f8000-0x0c1f8fff]
> [    8.738934] PM: hibernation: Registered nosave memory: [mem 0x0c1f9000-0x0c1f9fff]
> [    8.829401] PM: hibernation: Registered nosave memory: [mem 0x0c207000-0x0c207fff]
> [    8.919869] PM: hibernation: Registered nosave memory: [mem 0x0c208000-0x0c208fff]
> [    9.010336] PM: hibernation: Registered nosave memory: [mem 0x0c216000-0x0c216fff]
> [    9.100803] PM: hibernation: Registered nosave memory: [mem 0x0c217000-0x0c217fff]
> [    9.191270] PM: hibernation: Registered nosave memory: [mem 0x0c24a000-0x0c24afff]
> [    9.281737] PM: hibernation: Registered nosave memory: [mem 0x0c24b000-0x0c24bfff]
> [    9.372206] PM: hibernation: Registered nosave memory: [mem 0x0c27e000-0x0c27efff]
> [    9.462672] PM: hibernation: Registered nosave memory: [mem 0x16000000-0x568fffff]
> [    9.553140] PM: hibernation: Registered nosave memory: [mem 0x569fc000-0x569fcfff]
> [    9.643608] PM: hibernation: Registered nosave memory: [mem 0x5a152000-0x5a1d1fff]
> [    9.734075] PM: hibernation: Registered nosave memory: [mem 0x67acf000-0x6dfcefff]
> [    9.824541] PM: hibernation: Registered nosave memory: [mem 0x6dfcf000-0x6edfefff]
> [    9.915009] PM: hibernation: Registered nosave memory: [mem 0x6edff000-0x6effefff]
> [   10.005477] PM: hibernation: Registered nosave memory: [mem 0x6f000000-0x6f00afff]
> [   10.095943] PM: hibernation: Registered nosave memory: [mem 0x70000000-0x8fffffff]
> [   10.186411] PM: hibernation: Registered nosave memory: [mem 0x90000000-0xa9ffffff]
> [   10.276877] PM: hibernation: Registered nosave memory: [mem 0xaa000000-0xaaffffff]
> [   10.367345] PM: hibernation: Registered nosave memory: [mem 0xab000000-0xc4ffffff]
> [   10.457813] PM: hibernation: Registered nosave memory: [mem 0xc5000000-0xc5ffffff]
> [   10.548281] PM: hibernation: Registered nosave memory: [mem 0xc6000000-0xdfffffff]
> [   10.638747] PM: hibernation: Registered nosave memory: [mem 0xe0000000-0xe0ffffff]
> [   10.729214] PM: hibernation: Registered nosave memory: [mem 0xe1000000-0xfcffffff]
> [   10.819682] PM: hibernation: Registered nosave memory: [mem 0xfd000000-0xffffffff]
> [   10.910151] [mem 0xe1000000-0xfcffffff] available for PCI devices
> [   10.982940] Booting paravirtualized kernel on bare hardware
> [   11.049492] clocksource: refined-jiffies: mask: 0xffffffff max_cycles: 0xffffffff, max_idle_ns: 7645519600211568 ns
> [   11.174280] setup_percpu: NR_CPUS:8192 nr_cpumask_bits:64 nr_cpu_ids:64 nr_node_ids:1
> [   11.268821] percpu: Embedded 61 pages/cpu s212992 r8192 d28672 u262144
> [   11.345855] pcpu-alloc: s212992 r8192 d28672 u262144 alloc=1*2097152
> [   11.345857] pcpu-alloc: [0] 00 01 02 03 04 05 06 07 [0] 08 09 10 11 12 13 14 15 
> [   11.345863] pcpu-alloc: [0] 16 17 18 19 20 21 22 23 [0] 24 25 26 27 28 29 30 31 
> [   11.345869] pcpu-alloc: [0] 32 33 34 35 36 37 38 39 [0] 40 41 42 43 44 45 46 47 
> [   11.345874] pcpu-alloc: [0] 48 49 50 51 52 53 54 55 [0] 56 57 58 59 60 61 62 63 
> [   11.345905] Fallback order for Node 0: 0 
> [   11.393685] Built 1 zonelists, mobility grouping on.  Total pages: 65700474
> [   11.476870] Policy zone: Normal
> [   11.514304] Kernel command line: BOOT_IMAGE=/boot/vmlinuz-5.18.0-snp-host+ root=UUID=fe266f32-9e15-498c-9211-8f9d1a1a4c6e ro console=tty0 console=ttyS1,115200n8 systemd.unified_cgroup_hierarchy=0 earlyprintk=ttyS1 console=tty1 console=ttyS0
> [   11.769132] Unknown kernel command line parameters "BOOT_IMAGE=/boot/vmlinuz-5.18.0-snp-host+", will be passed to user space.
> [   11.904250] printk: log_buf_len individual max cpu contribution: 4096 bytes
> [   11.987438] printk: log_buf_len total cpu_extra contributions: 258048 bytes
> [   12.070626] printk: log_buf_len min size: 262144 bytes
> [   12.132143] printk: log_buf_len: 524288 bytes
> [   12.183970] printk: early log buf free: 243840(93%)
> [   12.244463] Dentry cache hash table entries: 16777216 (order: 15, 134217728 bytes, linear)
> [   12.342430] Inode-cache hash table entries: 8388608 (order: 14, 67108864 bytes, linear)
> [   12.437192] mem auto-init: stack:off, heap alloc:on, heap free:off
> [   12.777804] Memory: 262368800K/266979208K available (16392K kernel code, 4524K rwdata, 5548K rodata, 2732K init, 4876K bss, 4610148K reserved, 0K cma-reserved)
> [   12.946514] SLUB: HWalign=64, Order=0-3, MinObjects=0, CPUs=64, Nodes=1
> [   13.025429] ftrace: allocating 47765 entries in 187 pages
> [   13.098377] ftrace: allocated 187 pages with 6 groups
> [   13.157402] Dynamic Preempt: voluntary
> [   13.201539] rcu: Preemptible hierarchical RCU implementation.
> [   13.270099] rcu: 	RCU restricting CPUs from NR_CPUS=8192 to nr_cpu_ids=64.
> [   13.352247] 	Trampoline variant of Tasks RCU enabled.
> [   13.412558] 	Rude variant of Tasks RCU enabled.
> [   13.466630] 	Tracing variant of Tasks RCU enabled.
> [   13.523822] rcu: RCU calculated value of scheduler-enlistment delay is 25 jiffies.
> [   13.614290] rcu: Adjusting geometry for rcu_fanout_leaf=16, nr_cpu_ids=64
> [   13.697908] NR_IRQS: 524544, nr_irqs: 3112, preallocated irqs: 16
> [   13.768965] Console: colour dummy device 80x25
> [   13.821979] printk: console [tty0] enabled
> [   15.591580] printk: console [ttyS1] enabled
> [   15.599945] ACPI: Core revision 20211217
> [   15.607881] clocksource: hpet: mask: 0xffffffff max_cycles: 0xffffffff, max_idle_ns: 133484873504 ns
> [   15.626110] APIC: Switch to symmetric I/O mode setup
> [   15.638346] ..TIMER: vector=0x30 apic1=0 pin1=2 apic2=-1 pin2=-1
> [   15.670107] clocksource: tsc-early: mask: 0xffffffffffffffff max_cycles: 0x2569339d3ba, max_idle_ns: 440795301522 ns
> [   15.691143] Calibrating delay loop (skipped), value calculated using timer frequency.. 5190.76 BogoMIPS (lpj=10381536)
> [   15.695140] pid_max: default: 65536 minimum: 512
> [   15.704406] LSM: Security Framework initializing
> [   15.707149] landlock: Up and running.
> [   15.711140] Yama: becoming mindful.
> [   15.715154] AppArmor: AppArmor initialized
> [   15.719247] Mount-cache hash table entries: 262144 (order: 9, 2097152 bytes, linear)
> [   15.723216] Mountpoint-cache hash table entries: 262144 (order: 9, 2097152 bytes, linear)
> [   15.731141] x86/cpu: User Mode Instruction Prevention (UMIP) activated
> [   15.735238] LVT offset 2 assigned for vector 0xf4
> [   15.739172] Last level iTLB entries: 4KB 512, 2MB 512, 4MB 256
> [   15.743140] Last level dTLB entries: 4KB 2048, 2MB 2048, 4MB 1024, 1GB 0
> [   15.747143] Spectre V1 : Mitigation: usercopy/swapgs barriers and __user pointer sanitization
> [   15.751141] Spectre V2 : Mitigation: Retpolines
> [   15.755140] Spectre V2 : Spectre v2 / SpectreRSB mitigation: Filling RSB on context switch
> [   15.759140] Spectre V2 : Enabling Restricted Speculation for firmware calls
> [   15.763141] Spectre V2 : mitigation: Enabling conditional Indirect Branch Prediction Barrier
> [   15.767140] Spectre V2 : User space: Mitigation: STIBP always-on protection
> [   15.771141] Speculative Store Bypass: Mitigation: Speculative Store Bypass disabled via prctl
> [   15.781202] Freeing SMP alternatives memory: 40K
> [   15.894697] smpboot: CPU0: AMD EPYC 7513 32-Core Processor (family: 0x19, model: 0x1, stepping: 0x1)
> [   15.895225] cblist_init_generic: Setting adjustable number of callback queues.
> [   15.899140] cblist_init_generic: Setting shift to 6 and lim to 1.
> [   15.903152] cblist_init_generic: Setting shift to 6 and lim to 1.
> [   15.907152] cblist_init_generic: Setting shift to 6 and lim to 1.
> [   15.911151] Performance Events: Fam17h+ core perfctr, AMD PMU driver.
> [   15.915141] ... version:                0
> [   15.919140] ... bit width:              48
> [   15.923140] ... generic registers:      6
> [   15.927140] ... value mask:             0000ffffffffffff
> [   15.931140] ... max period:             00007fffffffffff
> [   15.935140] ... fixed-purpose events:   0
> [   15.939140] ... event mask:             000000000000003f
> [   15.943193] rcu: Hierarchical SRCU implementation.
> [   15.947449] NMI watchdog: Enabled. Permanently consumes one hw-PMU counter.
> [   15.951423] smp: Bringing up secondary CPUs ...
> [   15.955211] x86: Booting SMP configuration:
> [   15.959142] .... node  #0, CPUs:        #1  #2  #3  #4  #5  #6  #7  #8  #9 #10 #11 #12 #13 #14 #15 #16 #17 #18 #19 #20 #21 #22 #23 #24 #25 #26 #27 #28 #29 #30 #31 #32
> [   16.035230] Spectre V2 : Update user space SMT mitigation: STIBP always-on
> [   16.043251]  #33 #34 #35 #36 #37 #38 #39 #40 #41 #42 #43 #44 #45 #46 #47 #48 #49 #50 #51 #52 #53 #54 #55 #56 #57 #58 #59 #60 #61 #62 #63
> [   16.113361] smp: Brought up 1 node, 64 CPUs
> [   16.119141] smpboot: Max logical packages: 1
> [   16.123141] smpboot: Total of 64 processors activated (332209.15 BogoMIPS)
> [   16.137134] devtmpfs: initialized
> [   16.139178] x86/mm: Memory block size: 2048MB
> [   16.143889] ACPI: PM: Registering ACPI NVS region [mem 0x0008f000-0x0008ffff] (4096 bytes)
> [   16.147142] ACPI: PM: Registering ACPI NVS region [mem 0x6dfcf000-0x6edfefff] (14876672 bytes)
> [   16.155198] ACPI: PM: Registering ACPI NVS region [mem 0x6f000000-0x6f00afff] (45056 bytes)
> [   16.159178] clocksource: jiffies: mask: 0xffffffff max_cycles: 0xffffffff, max_idle_ns: 7645041785100000 ns
> [   16.163185] futex hash table entries: 16384 (order: 8, 1048576 bytes, linear)
> [   16.167232] pinctrl core: initialized pinctrl subsystem
> [   16.171227] PM: RTC time: 08:33:22, date: 2022-08-16
> [   16.175395] NET: Registered PF_NETLINK/PF_ROUTE protocol family
> [   16.179379] DMA: preallocated 4096 KiB GFP_KERNEL pool for atomic allocations
> [   16.183313] DMA: preallocated 4096 KiB GFP_KERNEL|GFP_DMA pool for atomic allocations
> [   16.187312] DMA: preallocated 4096 KiB GFP_KERNEL|GFP_DMA32 pool for atomic allocations
> [   16.191145] audit: initializing netlink subsys (disabled)
> [   16.195163] audit: type=2000 audit(1660638799.536:1): state=initialized audit_enabled=0 res=1
> [   16.195214] thermal_sys: Registered thermal governor 'fair_share'
> [   16.199142] thermal_sys: Registered thermal governor 'bang_bang'
> [   16.203144] thermal_sys: Registered thermal governor 'step_wise'
> [   16.207140] thermal_sys: Registered thermal governor 'user_space'
> [   16.211140] thermal_sys: Registered thermal governor 'power_allocator'
> [   16.215144] EISA bus registered
> [   16.223162] cpuidle: using governor ladder
> [   16.231157] cpuidle: using governor menu
> [   16.235186] ACPI FADT declares the system doesn't support PCIe ASPM, so disable it
> [   16.239142] acpiphp: ACPI Hot Plug PCI Controller Driver version: 0.5
> [   16.243185] PCI: MMCONFIG for domain 0000 [bus 00-ff] at [mem 0x80000000-0x8fffffff] (base 0x80000000)
> [   16.247143] PCI: MMCONFIG at [mem 0x80000000-0x8fffffff] reserved in E820
> [   16.251156] PCI: Using configuration type 1 for base access
> [   16.255147] PCI: Dell System detected, enabling pci=bfsort.
> [   16.261075] kprobes: kprobe jump-optimization is enabled. All kprobes are optimized if possible.
> [   16.263177] HugeTLB registered 1.00 GiB page size, pre-allocated 0 pages
> [   16.267142] HugeTLB registered 2.00 MiB page size, pre-allocated 0 pages
> [   16.271183] fbcon: Taking over console
> [   16.275183] ACPI: Added _OSI(Module Device)
> [   16.279146] ACPI: Added _OSI(Processor Device)
> [   16.283141] ACPI: Added _OSI(3.0 _SCP Extensions)
> [   16.287140] ACPI: Added _OSI(Processor Aggregator Device)
> [   16.291141] ACPI: Added _OSI(Linux-Dell-Video)
> [   16.295140] ACPI: Added _OSI(Linux-Lenovo-NV-HDMI-Audio)
> [   16.299140] ACPI: Added _OSI(Linux-HPI-Hybrid-Graphics)
> [   16.315835] ACPI: 7 ACPI AML tables successfully acquired and loaded
> [   16.324306] ACPI: Interpreter enabled
> [   16.327148] ACPI: PM: (supports S0 S5)
> [   16.331140] ACPI: Using IOAPIC for interrupt routing
> [   16.335391] HEST: Table parsing has been initialized.
> [   16.339407] GHES: APEI firmware first mode is enabled by APEI bit and WHEA _OSC.
> [   16.343142] PCI: Using host bridge windows from ACPI; if necessary, use "pci=nocrs" and report a bug
> [   16.348154] ACPI: Enabled 1 GPEs in block 00 to 1F
> [   16.367133] ACPI: PCI: Interrupt link LNKA configured for IRQ 0
> [   16.367176] ACPI: PCI: Interrupt link LNKB configured for IRQ 0
> [   16.371175] ACPI: PCI: Interrupt link LNKC configured for IRQ 0
> [   16.375181] ACPI: PCI: Interrupt link LNKD configured for IRQ 0
> [   16.379175] ACPI: PCI: Interrupt link LNKE configured for IRQ 0
> [   16.383174] ACPI: PCI: Interrupt link LNKF configured for IRQ 0
> [   16.387174] ACPI: PCI: Interrupt link LNKG configured for IRQ 0
> [   16.391174] ACPI: PCI: Interrupt link LNKH configured for IRQ 0
> [   16.395352] ACPI: PCI Root Bridge [PC00] (domain 0000 [bus 00-3f])
> [   16.399143] acpi PNP0A08:00: _OSC: OS supports [ExtendedConfig ASPM ClockPM Segments MSI HPX-Type3]
> [   16.403200] acpi PNP0A08:00: _OSC: platform does not support [SHPCHotplug AER]
> [   16.407250] acpi PNP0A08:00: _OSC: OS now controls [PCIeHotplug PME PCIeCapability LTR]
> [   16.411141] acpi PNP0A08:00: FADT indicates ASPM is unsupported, using BIOS configuration
> [   16.415483] PCI host bridge to bus 0000:00
> [   16.419141] pci_bus 0000:00: root bus resource [io  0x0000-0x03af window]
> [   16.423140] pci_bus 0000:00: root bus resource [io  0x03e0-0x0cf7 window]
> [   16.427140] pci_bus 0000:00: root bus resource [mem 0x000c0000-0x000fffff window]
> [   16.431140] pci_bus 0000:00: root bus resource [io  0x0d00-0x3fff window]
> [   16.435140] pci_bus 0000:00: root bus resource [mem 0xe1000000-0xfebfffff window]
> [   16.439140] pci_bus 0000:00: root bus resource [mem 0x63dc0000000-0x7fcffffffff window]
> [   16.443141] pci_bus 0000:00: root bus resource [bus 00-3f]
> [   16.447150] pci 0000:00:00.0: [1022:1480] type 00 class 0x060000
> [   16.451217] pci 0000:00:00.2: [1022:164f] type 00 class 0x080600
> [   16.455212] pci 0000:00:01.0: [1022:1482] type 00 class 0x060000
> [   16.459192] pci 0000:00:02.0: [1022:1482] type 00 class 0x060000
> [   16.463191] pci 0000:00:03.0: [1022:1482] type 00 class 0x060000
> [   16.467190] pci 0000:00:04.0: [1022:1482] type 00 class 0x060000
> [   16.471191] pci 0000:00:05.0: [1022:1482] type 00 class 0x060000
> [   16.475191] pci 0000:00:07.0: [1022:1482] type 00 class 0x060000
> [   16.479185] pci 0000:00:07.1: [1022:1484] type 01 class 0x060400
> [   16.483164] pci 0000:00:07.1: enabling Extended Tags
> [   16.487179] pci 0000:00:07.1: PME# supported from D0 D3hot D3cold
> [   16.491212] pci 0000:00:08.0: [1022:1482] type 00 class 0x060000
> [   16.495188] pci 0000:00:08.1: [1022:1484] type 01 class 0x060400
> [   16.499164] pci 0000:00:08.1: enabling Extended Tags
> [   16.503180] pci 0000:00:08.1: PME# supported from D0 D3hot D3cold
> [   16.507226] pci 0000:00:14.0: [1022:790b] type 00 class 0x0c0500
> [   16.511229] pci 0000:00:14.3: [1022:790e] type 00 class 0x060100
> [   16.515247] pci 0000:00:18.0: [1022:1650] type 00 class 0x060000
> [   16.519177] pci 0000:00:18.1: [1022:1651] type 00 class 0x060000
> [   16.523166] pci 0000:00:18.2: [1022:1652] type 00 class 0x060000
> [   16.527166] pci 0000:00:18.3: [1022:1653] type 00 class 0x060000
> [   16.531167] pci 0000:00:18.4: [1022:1654] type 00 class 0x060000
> [   16.535169] pci 0000:00:18.5: [1022:1655] type 00 class 0x060000
> [   16.539167] pci 0000:00:18.6: [1022:1656] type 00 class 0x060000
> [   16.543166] pci 0000:00:18.7: [1022:1657] type 00 class 0x060000
> [   16.547216] pci 0000:01:00.0: [1022:148a] type 00 class 0x130000
> [   16.551177] pci 0000:01:00.0: enabling Extended Tags
> [   16.555236] pci 0000:01:00.2: [1022:1498] type 00 class 0x108000
> [   16.559157] pci 0000:01:00.2: reg 0x18: [mem 0xf7200000-0xf727ffff]
> [   16.563153] pci 0000:01:00.2: reg 0x24: [mem 0xf7280000-0xf7281fff]
> [   16.567148] pci 0000:01:00.2: enabling Extended Tags
> [   16.575153] pci 0000:00:07.1: PCI bridge to [bus 01]
> [   16.579144] pci 0000:00:07.1:   bridge window [mem 0xf7200000-0xf72fffff]
> [   16.583207] pci 0000:02:00.0: [1022:1485] type 00 class 0x130000
> [   16.587181] pci 0000:02:00.0: enabling Extended Tags
> [   16.591257] pci 0000:02:00.2: [1022:1498] type 00 class 0x108000
> [   16.595159] pci 0000:02:00.2: reg 0x18: [mem 0xf7100000-0xf717ffff]
> [   16.599154] pci 0000:02:00.2: reg 0x24: [mem 0xf7180000-0xf7181fff]
> [   16.603149] pci 0000:02:00.2: enabling Extended Tags
> [   16.607243] pci 0000:02:00.3: [1022:148c] type 00 class 0x0c0330
> [   16.611152] pci 0000:02:00.3: reg 0x10: [mem 0xf7000000-0xf70fffff 64bit]
> [   16.615168] pci 0000:02:00.3: enabling Extended Tags
> [   16.619183] pci 0000:02:00.3: PME# supported from D0 D3hot D3cold
> [   16.623217] pci 0000:00:08.1: PCI bridge to [bus 02]
> [   16.627144] pci 0000:00:08.1:   bridge window [mem 0xf7000000-0xf71fffff]
> [   16.635413] ACPI: PCI Root Bridge [PC01] (domain 0000 [bus 40-7f])
> [   16.639142] acpi PNP0A08:01: _OSC: OS supports [ExtendedConfig ASPM ClockPM Segments MSI HPX-Type3]
> [   16.643201] acpi PNP0A08:01: _OSC: platform does not support [SHPCHotplug AER]
> [   16.647249] acpi PNP0A08:01: _OSC: OS now controls [PCIeHotplug PME PCIeCapability LTR]
> [   16.651141] acpi PNP0A08:01: FADT indicates ASPM is unsupported, using BIOS configuration
> [   16.655465] PCI host bridge to bus 0000:40
> [   16.659141] pci_bus 0000:40: root bus resource [io  0x4000-0x6fff window]
> [   16.663140] pci_bus 0000:40: root bus resource [mem 0x90000000-0xaaffffff window]
> [   16.667140] pci_bus 0000:40: root bus resource [mem 0x47e80000000-0x63dbfffffff window]
> [   16.671140] pci_bus 0000:40: root bus resource [bus 40-7f]
> [   16.675147] pci 0000:40:00.0: [1022:1480] type 00 class 0x060000
> [   16.679195] pci 0000:40:00.2: [1022:164f] type 00 class 0x080600
> [   16.683205] pci 0000:40:01.0: [1022:1482] type 00 class 0x060000
> [   16.687185] pci 0000:40:01.1: [1022:1483] type 01 class 0x060400
> [   16.691210] pci 0000:40:01.1: PME# supported from D0 D3hot D3cold
> [   16.695644] pci 0000:40:02.0: [1022:1482] type 00 class 0x060000
> [   16.699195] pci 0000:40:03.0: [1022:1482] type 00 class 0x060000
> [   16.703195] pci 0000:40:03.1: [1022:1483] type 01 class 0x060400
> [   16.707214] pci 0000:40:03.1: PME# supported from D0 D3hot D3cold
> [   16.711718] pci 0000:40:03.2: [1022:1483] type 01 class 0x060400
> [   16.715211] pci 0000:40:03.2: PME# supported from D0 D3hot D3cold
> [   16.719629] pci 0000:40:03.3: [1022:1483] type 01 class 0x060400
> [   16.723211] pci 0000:40:03.3: PME# supported from D0 D3hot D3cold
> [   16.731587] pci 0000:40:03.4: [1022:1483] type 01 class 0x060400
> [   16.735211] pci 0000:40:03.4: PME# supported from D0 D3hot D3cold
> [   16.739626] pci 0000:40:04.0: [1022:1482] type 00 class 0x060000
> [   16.743188] pci 0000:40:05.0: [1022:1482] type 00 class 0x060000
> [   16.747186] pci 0000:40:07.0: [1022:1482] type 00 class 0x060000
> [   16.751184] pci 0000:40:07.1: [1022:1484] type 01 class 0x060400
> [   16.755163] pci 0000:40:07.1: enabling Extended Tags
> [   16.759178] pci 0000:40:07.1: PME# supported from D0 D3hot D3cold
> [   16.763204] pci 0000:40:08.0: [1022:1482] type 00 class 0x060000
> [   16.767185] pci 0000:40:08.1: [1022:1484] type 01 class 0x060400
> [   16.771164] pci 0000:40:08.1: enabling Extended Tags
> [   16.775179] pci 0000:40:08.1: PME# supported from D0 D3hot D3cold
> [   16.779271] pci 0000:41:00.0: [8086:159b] type 00 class 0x020000
> [   16.783154] pci 0000:41:00.0: reg 0x10: [mem 0x92000000-0x93ffffff 64bit pref]
> [   16.787155] pci 0000:41:00.0: reg 0x1c: [mem 0x94010000-0x9401ffff 64bit pref]
> [   16.791152] pci 0000:41:00.0: reg 0x30: [mem 0xfff00000-0xffffffff pref]
> [   16.795236] pci 0000:41:00.0: reg 0x184: [mem 0x00000000-0x0001ffff 64bit pref]
> [   16.799140] pci 0000:41:00.0: VF(n) BAR0 space: [mem 0x00000000-0x00ffffff 64bit pref] (contains BAR0 for 128 VFs)
> [   16.803153] pci 0000:41:00.0: reg 0x190: [mem 0x00000000-0x00003fff 64bit pref]
> [   16.807140] pci 0000:41:00.0: VF(n) BAR3 space: [mem 0x00000000-0x001fffff 64bit pref] (contains BAR3 for 128 VFs)
> [   16.811499] pci 0000:41:00.1: [8086:159b] type 00 class 0x020000
> [   16.815154] pci 0000:41:00.1: reg 0x10: [mem 0x90000000-0x91ffffff 64bit pref]
> [   16.819155] pci 0000:41:00.1: reg 0x1c: [mem 0x94000000-0x9400ffff 64bit pref]
> [   16.823152] pci 0000:41:00.1: reg 0x30: [mem 0xfff00000-0xffffffff pref]
> [   16.827222] pci 0000:41:00.1: reg 0x184: [mem 0x00000000-0x0001ffff 64bit pref]
> [   16.831141] pci 0000:41:00.1: VF(n) BAR0 space: [mem 0x00000000-0x00ffffff 64bit pref] (contains BAR0 for 128 VFs)
> [   16.835153] pci 0000:41:00.1: reg 0x190: [mem 0x00000000-0x00003fff 64bit pref]
> [   16.839141] pci 0000:41:00.1: VF(n) BAR3 space: [mem 0x00000000-0x001fffff 64bit pref] (contains BAR3 for 128 VFs)
> [   16.843457] pci 0000:40:01.1: PCI bridge to [bus 41]
> [   16.847146] pci 0000:40:01.1:   bridge window [mem 0x90000000-0x940fffff 64bit pref]
> [   16.851140] pci 0000:40:01.1: bridge has subordinate 41 but max busn 42
> [   16.855186] pci 0000:40:03.1: PCI bridge to [bus 42]
> [   16.859144] pci 0000:40:03.1:   bridge window [mem 0xa4400000-0xa47fffff]
> [   16.863187] pci 0000:40:03.2: PCI bridge to [bus 43]
> [   16.867144] pci 0000:40:03.2:   bridge window [mem 0xa4000000-0xa43fffff]
> [   16.871253] pci 0000:44:00.0: [1344:51b1] type 00 class 0x010802
> [   16.875271] pci 0000:44:00.0: reg 0x10: [mem 0xa4d00000-0xa4d03fff 64bit]
> [   16.879423] pci 0000:44:00.0: reg 0x30: [mem 0xfffe0000-0xffffffff pref]
> [   16.885097] pci 0000:40:03.3: PCI bridge to [bus 44]
> [   16.887148] pci 0000:40:03.3:   bridge window [mem 0xa4d00000-0xa4dfffff]
> [   16.891262] pci 0000:45:00.0: [1344:51b1] type 00 class 0x010802
> [   16.895271] pci 0000:45:00.0: reg 0x10: [mem 0xa4c00000-0xa4c03fff 64bit]
> [   16.903415] pci 0000:45:00.0: reg 0x30: [mem 0xfffe0000-0xffffffff pref]
> [   16.909046] pci 0000:40:03.4: PCI bridge to [bus 45]
> [   16.911144] pci 0000:40:03.4:   bridge window [mem 0xa4c00000-0xa4cfffff]
> [   16.915189] pci 0000:46:00.0: [1022:148a] type 00 class 0x130000
> [   16.919176] pci 0000:46:00.0: enabling Extended Tags
> [   16.923237] pci 0000:46:00.2: [1022:1498] type 00 class 0x108000
> [   16.927157] pci 0000:46:00.2: reg 0x18: [mem 0xa4b00000-0xa4b7ffff]
> [   16.931153] pci 0000:46:00.2: reg 0x24: [mem 0xa4b80000-0xa4b81fff]
> [   16.935148] pci 0000:46:00.2: enabling Extended Tags
> [   16.943226] pci 0000:40:07.1: PCI bridge to [bus 46]
> [   16.947143] pci 0000:40:07.1:   bridge window [mem 0xa4b00000-0xa4bfffff]
> [   16.951222] pci 0000:47:00.0: [1022:1485] type 00 class 0x130000
> [   16.955181] pci 0000:47:00.0: enabling Extended Tags
> [   16.959257] pci 0000:47:00.1: [1022:1486] type 00 class 0x108000
> [   16.963159] pci 0000:47:00.1: reg 0x18: [mem 0xa4900000-0xa49fffff]
> [   16.967155] pci 0000:47:00.1: reg 0x24: [mem 0xa4a82000-0xa4a83fff]
> [   16.971149] pci 0000:47:00.1: enabling Extended Tags
> [   16.975244] pci 0000:47:00.2: [1022:1498] type 00 class 0x108000
> [   16.979158] pci 0000:47:00.2: reg 0x18: [mem 0xa4a00000-0xa4a7ffff]
> [   16.983154] pci 0000:47:00.2: reg 0x24: [mem 0xa4a80000-0xa4a81fff]
> [   16.987150] pci 0000:47:00.2: enabling Extended Tags
> [   16.991246] pci 0000:47:00.3: [1022:148c] type 00 class 0x0c0330
> [   16.995152] pci 0000:47:00.3: reg 0x10: [mem 0xa4800000-0xa48fffff 64bit]
> [   16.999167] pci 0000:47:00.3: enabling Extended Tags
> [   17.003183] pci 0000:47:00.3: PME# supported from D0 D3hot D3cold
> [   17.007225] pci 0000:40:08.1: PCI bridge to [bus 47]
> [   17.011148] pci 0000:40:08.1:   bridge window [mem 0xa4800000-0xa4afffff]
> [   17.015503] ACPI: PCI Root Bridge [PC02] (domain 0000 [bus 80-bf])
> [   17.019157] acpi PNP0A08:02: _OSC: OS supports [ExtendedConfig ASPM ClockPM Segments MSI HPX-Type3]
> [   17.023204] acpi PNP0A08:02: _OSC: platform does not support [SHPCHotplug AER]
> [   17.027249] acpi PNP0A08:02: _OSC: OS now controls [PCIeHotplug PME PCIeCapability LTR]
> [   17.031140] acpi PNP0A08:02: FADT indicates ASPM is unsupported, using BIOS configuration
> [   17.035475] PCI host bridge to bus 0000:80
> [   17.039141] pci_bus 0000:80: root bus resource [io  0x7000-0x9fff window]
> [   17.043140] pci_bus 0000:80: root bus resource [mem 0xab000000-0xc5ffffff window]
> [   17.047140] pci_bus 0000:80: root bus resource [mem 0x2bf40000000-0x47e7fffffff window]
> [   17.051141] pci_bus 0000:80: root bus resource [bus 80-bf]
> [   17.055147] pci 0000:80:00.0: [1022:1480] type 00 class 0x060000
> [   17.059197] pci 0000:80:00.2: [1022:164f] type 00 class 0x080600
> [   17.063205] pci 0000:80:01.0: [1022:1482] type 00 class 0x060000
> [   17.067188] pci 0000:80:01.1: [1022:1483] type 01 class 0x060400
> [   17.071226] pci 0000:80:01.1: PME# supported from D0 D3hot D3cold
> [   17.075729] pci 0000:80:01.2: [1022:1483] type 01 class 0x060400
> [   17.079224] pci 0000:80:01.2: PME# supported from D0 D3hot D3cold
> [   17.083640] pci 0000:80:02.0: [1022:1482] type 00 class 0x060000
> [   17.087190] pci 0000:80:03.0: [1022:1482] type 00 class 0x060000
> [   17.091192] pci 0000:80:04.0: [1022:1482] type 00 class 0x060000
> [   17.095189] pci 0000:80:05.0: [1022:1482] type 00 class 0x060000
> [   17.099185] pci 0000:80:07.0: [1022:1482] type 00 class 0x060000
> [   17.103185] pci 0000:80:07.1: [1022:1484] type 01 class 0x060400
> [   17.107163] pci 0000:80:07.1: enabling Extended Tags
> [   17.111179] pci 0000:80:07.1: PME# supported from D0 D3hot D3cold
> [   17.115213] pci 0000:80:08.0: [1022:1482] type 00 class 0x060000
> [   17.119186] pci 0000:80:08.1: [1022:1484] type 01 class 0x060400
> [   17.123164] pci 0000:80:08.1: enabling Extended Tags
> [   17.127180] pci 0000:80:08.1: PME# supported from D0 D3hot D3cold
> [   17.131275] pci 0000:80:01.1: PCI bridge to [bus 81]
> [   17.135144] pci 0000:80:01.1:   bridge window [mem 0xbf400000-0xbf7fffff]
> [   17.139190] pci 0000:80:01.2: PCI bridge to [bus 82]
> [   17.143144] pci 0000:80:01.2:   bridge window [mem 0xbf000000-0xbf3fffff]
> [   17.147188] pci 0000:83:00.0: [1022:148a] type 00 class 0x130000
> [   17.151177] pci 0000:83:00.0: enabling Extended Tags
> [   17.155239] pci 0000:83:00.2: [1022:1498] type 00 class 0x108000
> [   17.159157] pci 0000:83:00.2: reg 0x18: [mem 0xbf900000-0xbf97ffff]
> [   17.163153] pci 0000:83:00.2: reg 0x24: [mem 0xbf980000-0xbf981fff]
> [   17.167148] pci 0000:83:00.2: enabling Extended Tags
> [   17.171246] pci 0000:80:07.1: PCI bridge to [bus 83]
> [   17.175143] pci 0000:80:07.1:   bridge window [mem 0xbf900000-0xbf9fffff]
> [   17.179205] pci 0000:84:00.0: [1022:1485] type 00 class 0x130000
> [   17.183180] pci 0000:84:00.0: enabling Extended Tags
> [   17.187256] pci 0000:84:00.2: [1022:1498] type 00 class 0x108000
> [   17.191159] pci 0000:84:00.2: reg 0x18: [mem 0xbf800000-0xbf87ffff]
> [   17.195154] pci 0000:84:00.2: reg 0x24: [mem 0xbf880000-0xbf881fff]
> [   17.199149] pci 0000:84:00.2: enabling Extended Tags
> [   17.203256] pci 0000:80:08.1: PCI bridge to [bus 84]
> [   17.207144] pci 0000:80:08.1:   bridge window [mem 0xbf800000-0xbf8fffff]
> [   17.211464] ACPI: PCI Root Bridge [PC03] (domain 0000 [bus c0-ff])
> [   17.215142] acpi PNP0A08:03: _OSC: OS supports [ExtendedConfig ASPM ClockPM Segments MSI HPX-Type3]
> [   17.219201] acpi PNP0A08:03: _OSC: platform does not support [SHPCHotplug AER]
> [   17.223249] acpi PNP0A08:03: _OSC: OS now controls [PCIeHotplug PME PCIeCapability LTR]
> [   17.227140] acpi PNP0A08:03: FADT indicates ASPM is unsupported, using BIOS configuration
> [   17.231511] PCI host bridge to bus 0000:c0
> [   17.235141] pci_bus 0000:c0: root bus resource [io  0xa000-0xffff window]
> [   17.239140] pci_bus 0000:c0: root bus resource [mem 0xc6000000-0xe0ffffff window]
> [   17.243141] pci_bus 0000:c0: root bus resource [mem 0x10000000000-0x2bf3fffffff window]
> [   17.247141] pci_bus 0000:c0: root bus resource [io  0x03b0-0x03df window]
> [   17.251141] pci_bus 0000:c0: root bus resource [mem 0x000a0000-0x000bffff window]
> [   17.255140] pci_bus 0000:c0: root bus resource [bus c0-ff]
> [   17.259147] pci 0000:c0:00.0: [1022:1480] type 00 class 0x060000
> [   17.263195] pci 0000:c0:00.2: [1022:164f] type 00 class 0x080600
> [   17.267201] pci 0000:c0:01.0: [1022:1482] type 00 class 0x060000
> [   17.271184] pci 0000:c0:01.1: [1022:1483] type 01 class 0x060400
> [   17.275209] pci 0000:c0:01.1: PME# supported from D0 D3hot D3cold
> [   17.279632] pci 0000:c0:02.0: [1022:1482] type 00 class 0x060000
> [   17.283188] pci 0000:c0:03.0: [1022:1482] type 00 class 0x060000
> [   17.287188] pci 0000:c0:03.1: [1022:1483] type 01 class 0x060400
> [   17.291220] pci 0000:c0:03.1: PME# supported from D0 D3hot D3cold
> [   17.295718] pci 0000:c0:03.2: [1022:1483] type 01 class 0x060400
> [   17.299221] pci 0000:c0:03.2: PME# supported from D0 D3hot D3cold
> [   17.303664] pci 0000:c0:03.3: [1022:1483] type 01 class 0x060400
> [   17.307220] pci 0000:c0:03.3: PME# supported from D0 D3hot D3cold
> [   17.311663] pci 0000:c0:03.4: [1022:1483] type 01 class 0x060400
> [   17.315221] pci 0000:c0:03.4: PME# supported from D0 D3hot D3cold
> [   17.323598] pci 0000:c0:04.0: [1022:1482] type 00 class 0x060000
> [   17.327186] pci 0000:c0:05.0: [1022:1482] type 00 class 0x060000
> [   17.331185] pci 0000:c0:05.2: [1022:149a] type 01 class 0x060400
> [   17.335195] pci 0000:c0:05.2: PME# supported from D0 D3hot D3cold
> [   17.339199] pci 0000:c0:07.0: [1022:1482] type 00 class 0x060000
> [   17.343185] pci 0000:c0:07.1: [1022:1484] type 01 class 0x060400
> [   17.347163] pci 0000:c0:07.1: enabling Extended Tags
> [   17.351177] pci 0000:c0:07.1: PME# supported from D0 D3hot D3cold
> [   17.355201] pci 0000:c0:08.0: [1022:1482] type 00 class 0x060000
> [   17.359187] pci 0000:c0:08.1: [1022:1484] type 01 class 0x060400
> [   17.363163] pci 0000:c0:08.1: enabling Extended Tags
> [   17.367178] pci 0000:c0:08.1: PME# supported from D0 D3hot D3cold
> [   17.371267] pci 0000:c3:00.0: [1b4b:9230] type 00 class 0x010601
> [   17.375151] pci 0000:c3:00.0: reg 0x10: [io  0xa028-0xa02f]
> [   17.379146] pci 0000:c3:00.0: reg 0x14: [io  0xa034-0xa037]
> [   17.383146] pci 0000:c3:00.0: reg 0x18: [io  0xa020-0xa027]
> [   17.387146] pci 0000:c3:00.0: reg 0x1c: [io  0xa030-0xa033]
> [   17.391146] pci 0000:c3:00.0: reg 0x20: [io  0xa000-0xa01f]
> [   17.395146] pci 0000:c3:00.0: reg 0x24: [mem 0xdbc00000-0xdbc007ff]
> [   17.399146] pci 0000:c3:00.0: reg 0x30: [mem 0xfffc0000-0xffffffff pref]
> [   17.403150] pci 0000:c3:00.0: Enabling fixed DMA alias to 00.1
> [   17.407168] pci 0000:c3:00.0: PME# supported from D3hot
> [   17.411233] pci 0000:c0:01.1: PCI bridge to [bus c3]
> [   17.415143] pci 0000:c0:01.1:   bridge window [io  0xa000-0xafff]
> [   17.419141] pci 0000:c0:01.1:   bridge window [mem 0xdbc00000-0xdbcfffff]
> [   17.423190] pci 0000:c0:03.1: PCI bridge to [bus c4]
> [   17.427144] pci 0000:c0:03.1:   bridge window [mem 0xdb600000-0xdb9fffff]
> [   17.431197] pci 0000:c0:03.2: PCI bridge to [bus c5]
> [   17.435144] pci 0000:c0:03.2:   bridge window [mem 0xdb200000-0xdb5fffff]
> [   17.439189] pci 0000:c0:03.3: PCI bridge to [bus c6]
> [   17.443144] pci 0000:c0:03.3:   bridge window [mem 0xdae00000-0xdb1fffff]
> [   17.447189] pci 0000:c0:03.4: PCI bridge to [bus c7]
> [   17.451144] pci 0000:c0:03.4:   bridge window [mem 0xdaa00000-0xdadfffff]
> [   17.455184] pci 0000:c1:00.0: [1556:be00] type 01 class 0x060400
> [   17.471159] pci 0000:c0:05.2: PCI bridge to [bus c1-c2]
> [   17.475144] pci 0000:c0:05.2:   bridge window [mem 0xda000000-0xda8fffff]
> [   17.479143] pci 0000:c0:05.2:   bridge window [mem 0xc6000000-0xc6ffffff 64bit pref]
> [   17.483181] pci_bus 0000:c2: extended config space not accessible
> [   17.495170] pci 0000:c2:00.0: [102b:0536] type 00 class 0x030000
> [   17.499156] pci 0000:c2:00.0: reg 0x10: [mem 0xc6000000-0xc6ffffff pref]
> [   17.503148] pci 0000:c2:00.0: reg 0x14: [mem 0xda808000-0xda80bfff]
> [   17.507148] pci 0000:c2:00.0: reg 0x18: [mem 0xda000000-0xda7fffff]
> [   17.511180] pci 0000:c2:00.0: BAR 0: assigned to efifb
> [   17.515146] pci 0000:c2:00.0: Video device with shadowed ROM at [mem 0x000c0000-0x000dffff]
> [   17.519223] pci 0000:c1:00.0: PCI bridge to [bus c2]
> [   17.523147] pci 0000:c1:00.0:   bridge window [mem 0xda000000-0xda8fffff]
> [   17.527144] pci 0000:c1:00.0:   bridge window [mem 0xc6000000-0xc6ffffff 64bit pref]
> [   17.535166] pci 0000:c8:00.0: [1022:148a] type 00 class 0x130000
> [   17.539176] pci 0000:c8:00.0: enabling Extended Tags
> [   17.543235] pci 0000:c8:00.2: [1022:1498] type 00 class 0x108000
> [   17.547156] pci 0000:c8:00.2: reg 0x18: [mem 0xdbb00000-0xdbb7ffff]
> [   17.551153] pci 0000:c8:00.2: reg 0x24: [mem 0xdbb80000-0xdbb81fff]
> [   17.555148] pci 0000:c8:00.2: enabling Extended Tags
> [   17.559244] pci 0000:c0:07.1: PCI bridge to [bus c8]
> [   17.563143] pci 0000:c0:07.1:   bridge window [mem 0xdbb00000-0xdbbfffff]
> [   17.567205] pci 0000:c9:00.0: [1022:1485] type 00 class 0x130000
> [   17.571179] pci 0000:c9:00.0: enabling Extended Tags
> [   17.575253] pci 0000:c9:00.2: [1022:1498] type 00 class 0x108000
> [   17.579158] pci 0000:c9:00.2: reg 0x18: [mem 0xdba00000-0xdba7ffff]
> [   17.583155] pci 0000:c9:00.2: reg 0x24: [mem 0xdba80000-0xdba81fff]
> [   17.587149] pci 0000:c9:00.2: enabling Extended Tags
> [   17.591249] pci 0000:c0:08.1: PCI bridge to [bus c9]
> [   17.595143] pci 0000:c0:08.1:   bridge window [mem 0xdba00000-0xdbafffff]
> [   17.604053] iommu: Default domain type: Translated 
> [   17.607141] iommu: DMA domain TLB invalidation policy: lazy mode 
> [   17.611255] SCSI subsystem initialized
> [   17.615153] libata version 3.00 loaded.
> [   17.615162] ACPI: bus type USB registered
> [   17.619148] usbcore: registered new interface driver usbfs
> [   17.623144] usbcore: registered new interface driver hub
> [   17.631145] usbcore: registered new device driver usb
> [   17.635175] pps_core: LinuxPPS API ver. 1 registered
> [   17.639140] pps_core: Software ver. 5.3.6 - Copyright 2005-2007 Rodolfo Giometti <giometti@linux.it>
> [   17.643142] PTP clock support registered
> [   17.647157] EDAC MC: Ver: 3.0.0
> [   17.651301] Registered efivars operations
> [   17.655251] NetLabel: Initializing
> [   17.659141] NetLabel:  domain hash size = 128
> [   17.663140] NetLabel:  protocols = UNLABELED CIPSOv4 CALIPSO
> [   17.667154] NetLabel:  unlabeled traffic allowed by default
> [   17.671165] PCI: Using ACPI for IRQ routing
> [   17.681629] PCI: pci_cache_line_size set to 64 bytes
> [   17.681786] Expanded resource Reserved due to conflict with PCI Bus 0000:00
> [   17.683142] e820: reserve RAM buffer [mem 0x0008f000-0x0008ffff]
> [   17.683144] e820: reserve RAM buffer [mem 0x0c1c2020-0x0fffffff]
> [   17.683145] e820: reserve RAM buffer [mem 0x0c1cb020-0x0fffffff]
> [   17.683146] e820: reserve RAM buffer [mem 0x0c1f9020-0x0fffffff]
> [   17.683147] e820: reserve RAM buffer [mem 0x0c208020-0x0fffffff]
> [   17.683148] e820: reserve RAM buffer [mem 0x0c217020-0x0fffffff]
> [   17.683148] e820: reserve RAM buffer [mem 0x0c24b020-0x0fffffff]
> [   17.683149] e820: reserve RAM buffer [mem 0x16000000-0x17ffffff]
> [   17.683150] e820: reserve RAM buffer [mem 0x569fc000-0x57ffffff]
> [   17.683150] e820: reserve RAM buffer [mem 0x5a152000-0x5bffffff]
> [   17.683151] e820: reserve RAM buffer [mem 0x67acf000-0x67ffffff]
> [   17.683152] e820: reserve RAM buffer [mem 0x6f000000-0x6fffffff]
> [   17.683152] e820: reserve RAM buffer [mem 0x407f100000-0x407fffffff]
> [   17.683202] pci 0000:c2:00.0: vgaarb: setting as boot VGA device
> [   17.687140] pci 0000:c2:00.0: vgaarb: bridge control possible
> [   17.687140] pci 0000:c2:00.0: vgaarb: VGA device added: decodes=io+mem,owns=io+mem,locks=none
> [   17.687141] vgaarb: loaded
> [   17.691194] hpet0: at MMIO 0xfed00000, IRQs 2, 8, 0
> [   17.695141] hpet0: 3 comparators, 32-bit 14.318180 MHz counter
> [   17.704166] SEV-SNP: RMP table physical address 0x0000000016000000 - 0x00000000568fffff
> [   17.728180] clocksource: Switched to clocksource tsc-early
> [   17.745151] VFS: Disk quotas dquot_6.6.0
> [   17.752990] VFS: Dquot-cache hash table entries: 512 (order 0, 4096 bytes)
> [   17.766799] AppArmor: AppArmor Filesystem Enabled
> [   17.776191] pnp: PnP ACPI init
> [   17.782480] system 00:00: [mem 0x80000000-0x8fffffff] has been reserved
> [   17.795715] system 00:01: [mem 0xff000000-0xffffffff] has been reserved
> [   17.809718] pnp: PnP ACPI: found 5 devices
> [   17.823870] clocksource: acpi_pm: mask: 0xffffff max_cycles: 0xffffff, max_idle_ns: 2085701024 ns
> [   17.841610] NET: Registered PF_INET protocol family
> [   17.851436] IP idents hash table entries: 262144 (order: 9, 2097152 bytes, linear)
> [   17.867484] tcp_listen_portaddr_hash hash table entries: 65536 (order: 8, 1048576 bytes, linear)
> [   17.885268] TCP established hash table entries: 524288 (order: 10, 4194304 bytes, linear)
> [   17.901917] TCP bind hash table entries: 65536 (order: 8, 1048576 bytes, linear)
> [   17.916738] TCP: Hash tables configured (established 524288 bind 65536)
> [   17.930088] MPTCP token hash table entries: 65536 (order: 8, 1572864 bytes, linear)
> [   17.945527] UDP hash table entries: 65536 (order: 9, 2097152 bytes, linear)
> [   17.959638] UDP-Lite hash table entries: 65536 (order: 9, 2097152 bytes, linear)
> [   17.974597] NET: Registered PF_UNIX/PF_LOCAL protocol family
> [   17.985886] NET: Registered PF_XDP protocol family
> [   17.995446] pci 0000:41:00.0: can't claim BAR 6 [mem 0xfff00000-0xffffffff pref]: no compatible bridge window
> [   18.015226] pci 0000:41:00.1: can't claim BAR 6 [mem 0xfff00000-0xffffffff pref]: no compatible bridge window
> [   18.035016] pci 0000:44:00.0: can't claim BAR 6 [mem 0xfffe0000-0xffffffff pref]: no compatible bridge window
> [   18.054792] pci 0000:45:00.0: can't claim BAR 6 [mem 0xfffe0000-0xffffffff pref]: no compatible bridge window
> [   18.074575] pci 0000:c3:00.0: can't claim BAR 6 [mem 0xfffc0000-0xffffffff pref]: no compatible bridge window
> [   18.094364] pci 0000:00:07.1: PCI bridge to [bus 01]
> [   18.104267] pci 0000:00:07.1:   bridge window [mem 0xf7200000-0xf72fffff]
> [   18.117810] pci 0000:00:08.1: PCI bridge to [bus 02]
> [   18.127712] pci 0000:00:08.1:   bridge window [mem 0xf7000000-0xf71fffff]
> [   18.141258] pci_bus 0000:00: resource 4 [io  0x0000-0x03af window]
> [   18.153604] pci_bus 0000:00: resource 5 [io  0x03e0-0x0cf7 window]
> [   18.165934] pci_bus 0000:00: resource 6 [mem 0x000c0000-0x000fffff window]
> [   18.179643] pci_bus 0000:00: resource 7 [io  0x0d00-0x3fff window]
> [   18.191966] pci_bus 0000:00: resource 8 [mem 0xe1000000-0xfebfffff window]
> [   18.205683] pci_bus 0000:00: resource 9 [mem 0x63dc0000000-0x7fcffffffff window]
> [   18.220432] pci_bus 0000:01: resource 1 [mem 0xf7200000-0xf72fffff]
> [   18.232935] pci_bus 0000:02: resource 1 [mem 0xf7000000-0xf71fffff]
> [   18.245492] pci_bus 0000:40: max bus depth: 1 pci_try_num: 2
> [   18.256792] pci 0000:40:01.1: BAR 14: assigned [mem 0x94100000-0x942fffff]
> [   18.270509] pci 0000:40:03.1: BAR 15: assigned [mem 0x47e80000000-0x47e801fffff 64bit pref]
> [   18.287165] pci 0000:40:03.2: BAR 15: assigned [mem 0x47e80200000-0x47e803fffff 64bit pref]
> [   18.303827] pci 0000:40:03.3: BAR 15: assigned [mem 0x47e80400000-0x47e805fffff 64bit pref]
> [   18.320484] pci 0000:40:03.4: BAR 15: assigned [mem 0x47e80600000-0x47e807fffff 64bit pref]
> [   18.337145] pci 0000:40:03.1: BAR 13: assigned [io  0x4000-0x4fff]
> [   18.349468] pci 0000:40:03.2: BAR 13: assigned [io  0x5000-0x5fff]
> [   18.361808] pci 0000:40:03.3: BAR 13: assigned [io  0x6000-0x6fff]
> [   18.374131] pci 0000:40:03.4: BAR 13: no space for [io  size 0x1000]
> [   18.386807] pci 0000:40:03.4: BAR 13: failed to assign [io  size 0x1000]
> [   18.400170] pci 0000:41:00.0: BAR 6: assigned [mem 0x94100000-0x941fffff pref]
> [   18.414573] pci 0000:41:00.1: BAR 6: assigned [mem 0x94200000-0x942fffff pref]
> [   18.428983] pci 0000:41:00.0: BAR 7: no space for [mem size 0x01000000 64bit pref]
> [   18.444087] pci 0000:41:00.0: BAR 7: failed to assign [mem size 0x01000000 64bit pref]
> [   18.459875] pci 0000:41:00.1: BAR 7: no space for [mem size 0x01000000 64bit pref]
> [   18.474969] pci 0000:41:00.1: BAR 7: failed to assign [mem size 0x01000000 64bit pref]
> [   18.490760] pci 0000:41:00.0: BAR 10: no space for [mem size 0x00200000 64bit pref]
> [   18.506035] pci 0000:41:00.0: BAR 10: failed to assign [mem size 0x00200000 64bit pref]
> [   18.521998] pci 0000:41:00.1: BAR 10: no space for [mem size 0x00200000 64bit pref]
> [   18.537266] pci 0000:41:00.1: BAR 10: failed to assign [mem size 0x00200000 64bit pref]
> [   18.553228] pci 0000:40:01.1: PCI bridge to [bus 41]
> [   18.563125] pci 0000:40:01.1:   bridge window [mem 0x94100000-0x942fffff]
> [   18.576668] pci 0000:40:01.1:   bridge window [mem 0x90000000-0x940fffff 64bit pref]
> [   18.592112] pci 0000:40:03.1: PCI bridge to [bus 42]
> [   18.602014] pci 0000:40:03.1:   bridge window [io  0x4000-0x4fff]
> [   18.614164] pci 0000:40:03.1:   bridge window [mem 0xa4400000-0xa47fffff]
> [   18.627707] pci 0000:40:03.1:   bridge window [mem 0x47e80000000-0x47e801fffff 64bit pref]
> [   18.644190] pci 0000:40:03.2: PCI bridge to [bus 43]
> [   18.654095] pci 0000:40:03.2:   bridge window [io  0x5000-0x5fff]
> [   18.666253] pci 0000:40:03.2:   bridge window [mem 0xa4000000-0xa43fffff]
> [   18.679805] pci 0000:40:03.2:   bridge window [mem 0x47e80200000-0x47e803fffff 64bit pref]
> [   18.696288] pci 0000:44:00.0: BAR 6: assigned [mem 0xa4d20000-0xa4d3ffff pref]
> [   18.710696] pci 0000:40:03.3: PCI bridge to [bus 44]
> [   18.720592] pci 0000:40:03.3:   bridge window [io  0x6000-0x6fff]
> [   18.732743] pci 0000:40:03.3:   bridge window [mem 0xa4d00000-0xa4dfffff]
> [   18.746284] pci 0000:40:03.3:   bridge window [mem 0x47e80400000-0x47e805fffff 64bit pref]
> [   18.762768] pci 0000:45:00.0: BAR 6: assigned [mem 0xa4c20000-0xa4c3ffff pref]
> [   18.777176] pci 0000:40:03.4: PCI bridge to [bus 45]
> [   18.787073] pci 0000:40:03.4:   bridge window [mem 0xa4c00000-0xa4cfffff]
> [   18.800610] pci 0000:40:03.4:   bridge window [mem 0x47e80600000-0x47e807fffff 64bit pref]
> [   18.817102] pci 0000:40:07.1: PCI bridge to [bus 46]
> [   18.827006] pci 0000:40:07.1:   bridge window [mem 0xa4b00000-0xa4bfffff]
> [   18.840553] pci 0000:40:08.1: PCI bridge to [bus 47]
> [   18.850453] pci 0000:40:08.1:   bridge window [mem 0xa4800000-0xa4afffff]
> [   18.863990] pci_bus 0000:40: No. 2 try to assign unassigned res
> [   18.875797] release child resource [mem 0x90000000-0x91ffffff 64bit pref]
> [   18.875798] release child resource [mem 0x92000000-0x93ffffff 64bit pref]
> [   18.875799] release child resource [mem 0x94000000-0x9400ffff 64bit pref]
> [   18.875799] release child resource [mem 0x94010000-0x9401ffff 64bit pref]
> [   18.875800] pci 0000:40:01.1: resource 15 [mem 0x90000000-0x940fffff 64bit pref] released
> [   18.892132] pci 0000:40:01.1: PCI bridge to [bus 41]
> [   18.902032] pci 0000:40:01.1: bridge window [mem 0x01000000-0x05ffffff 64bit pref] to [bus 41] add_size 2000000 add_align 1000000
> [   18.925280] pci 0000:40:01.1: BAR 15: assigned [mem 0x47e81000000-0x47e87ffffff 64bit pref]
> [   18.941943] pci 0000:40:03.4: BAR 13: no space for [io  size 0x1000]
> [   18.954612] pci 0000:40:03.4: BAR 13: failed to assign [io  size 0x1000]
> [   18.967974] pci 0000:40:03.4: BAR 13: no space for [io  size 0x1000]
> [   18.980640] pci 0000:40:03.4: BAR 13: failed to assign [io  size 0x1000]
> [   18.994006] pci 0000:41:00.0: BAR 0: assigned [mem 0x47e82000000-0x47e83ffffff 64bit pref]
> [   19.010499] pci 0000:41:00.1: BAR 0: assigned [mem 0x47e84000000-0x47e85ffffff 64bit pref]
> [   19.026990] pci 0000:41:00.0: BAR 7: assigned [mem 0x47e81000000-0x47e81ffffff 64bit pref]
> [   19.043479] pci 0000:41:00.1: BAR 7: assigned [mem 0x47e86000000-0x47e86ffffff 64bit pref]
> [   19.059969] pci 0000:41:00.0: BAR 3: assigned [mem 0x47e87000000-0x47e8700ffff 64bit pref]
> [   19.076463] pci 0000:41:00.1: BAR 3: assigned [mem 0x47e87010000-0x47e8701ffff 64bit pref]
> [   19.092953] pci 0000:41:00.0: BAR 10: assigned [mem 0x47e87020000-0x47e8721ffff 64bit pref]
> [   19.109612] pci 0000:41:00.1: BAR 10: assigned [mem 0x47e87220000-0x47e8741ffff 64bit pref]
> [   19.126275] pci 0000:40:01.1: PCI bridge to [bus 41]
> [   19.136172] pci 0000:40:01.1:   bridge window [mem 0x94100000-0x942fffff]
> [   19.149714] pci 0000:40:01.1:   bridge window [mem 0x47e81000000-0x47e87ffffff 64bit pref]
> [   19.166199] pci 0000:40:03.1: PCI bridge to [bus 42]
> [   19.176100] pci 0000:40:03.1:   bridge window [io  0x4000-0x4fff]
> [   19.188252] pci 0000:40:03.1:   bridge window [mem 0xa4400000-0xa47fffff]
> [   19.201812] pci 0000:40:03.1:   bridge window [mem 0x47e80000000-0x47e801fffff 64bit pref]
> [   19.218304] pci 0000:40:03.2: PCI bridge to [bus 43]
> [   19.228206] pci 0000:40:03.2:   bridge window [io  0x5000-0x5fff]
> [   19.240355] pci 0000:40:03.2:   bridge window [mem 0xa4000000-0xa43fffff]
> [   19.253889] pci 0000:40:03.2:   bridge window [mem 0x47e80200000-0x47e803fffff 64bit pref]
> [   19.270374] pci 0000:40:03.3: PCI bridge to [bus 44]
> [   19.280275] pci 0000:40:03.3:   bridge window [io  0x6000-0x6fff]
> [   19.292427] pci 0000:40:03.3:   bridge window [mem 0xa4d00000-0xa4dfffff]
> [   19.305970] pci 0000:40:03.3:   bridge window [mem 0x47e80400000-0x47e805fffff 64bit pref]
> [   19.322453] pci 0000:40:03.4: PCI bridge to [bus 45]
> [   19.332357] pci 0000:40:03.4:   bridge window [mem 0xa4c00000-0xa4cfffff]
> [   19.345900] pci 0000:40:03.4:   bridge window [mem 0x47e80600000-0x47e807fffff 64bit pref]
> [   19.362385] pci 0000:40:07.1: PCI bridge to [bus 46]
> [   19.372286] pci 0000:40:07.1:   bridge window [mem 0xa4b00000-0xa4bfffff]
> [   19.385824] pci 0000:40:08.1: PCI bridge to [bus 47]
> [   19.395727] pci 0000:40:08.1:   bridge window [mem 0xa4800000-0xa4afffff]
> [   19.409300] pci_bus 0000:40: Automatically enabled pci realloc, if you have problem, try booting with pci=realloc=off
> [   19.430464] pci_bus 0000:40: resource 4 [io  0x4000-0x6fff window]
> [   19.442788] pci_bus 0000:40: resource 5 [mem 0x90000000-0xaaffffff window]
> [   19.456497] pci_bus 0000:40: resource 6 [mem 0x47e80000000-0x63dbfffffff window]
> [   19.471245] pci_bus 0000:41: resource 1 [mem 0x94100000-0x942fffff]
> [   19.483740] pci_bus 0000:41: resource 2 [mem 0x47e81000000-0x47e87ffffff 64bit pref]
> [   19.499184] pci_bus 0000:42: resource 0 [io  0x4000-0x4fff]
> [   19.510362] pci_bus 0000:42: resource 1 [mem 0xa4400000-0xa47fffff]
> [   19.522856] pci_bus 0000:42: resource 2 [mem 0x47e80000000-0x47e801fffff 64bit pref]
> [   19.538297] pci_bus 0000:43: resource 0 [io  0x5000-0x5fff]
> [   19.549406] pci_bus 0000:43: resource 1 [mem 0xa4000000-0xa43fffff]
> [   19.561902] pci_bus 0000:43: resource 2 [mem 0x47e80200000-0x47e803fffff 64bit pref]
> [   19.577346] pci_bus 0000:44: resource 0 [io  0x6000-0x6fff]
> [   19.588454] pci_bus 0000:44: resource 1 [mem 0xa4d00000-0xa4dfffff]
> [   19.600948] pci_bus 0000:44: resource 2 [mem 0x47e80400000-0x47e805fffff 64bit pref]
> [   19.616391] pci_bus 0000:45: resource 1 [mem 0xa4c00000-0xa4cfffff]
> [   19.628887] pci_bus 0000:45: resource 2 [mem 0x47e80600000-0x47e807fffff 64bit pref]
> [   19.644329] pci_bus 0000:46: resource 1 [mem 0xa4b00000-0xa4bfffff]
> [   19.656824] pci_bus 0000:47: resource 1 [mem 0xa4800000-0xa4afffff]
> [   19.669352] pci 0000:80:01.1: bridge window [io  0x1000-0x0fff] to [bus 81] add_size 1000
> [   19.685663] pci 0000:80:01.1: bridge window [mem 0x00100000-0x000fffff 64bit pref] to [bus 81] add_size 200000 add_align 100000
> [   19.708559] pci 0000:80:01.2: bridge window [io  0x1000-0x0fff] to [bus 82] add_size 1000
> [   19.724873] pci 0000:80:01.2: bridge window [mem 0x00100000-0x000fffff 64bit pref] to [bus 82] add_size 200000 add_align 100000
> [   19.747773] pci 0000:80:01.1: BAR 15: assigned [mem 0x2bf40000000-0x2bf401fffff 64bit pref]
> [   19.764433] pci 0000:80:01.2: BAR 15: assigned [mem 0x2bf40200000-0x2bf403fffff 64bit pref]
> [   19.781086] pci 0000:80:01.1: BAR 13: assigned [io  0x7000-0x7fff]
> [   19.793410] pci 0000:80:01.2: BAR 13: assigned [io  0x8000-0x8fff]
> [   19.805731] pci 0000:80:01.1: PCI bridge to [bus 81]
> [   19.815631] pci 0000:80:01.1:   bridge window [io  0x7000-0x7fff]
> [   19.827787] pci 0000:80:01.1:   bridge window [mem 0xbf400000-0xbf7fffff]
> [   19.841330] pci 0000:80:01.1:   bridge window [mem 0x2bf40000000-0x2bf401fffff 64bit pref]
> [   19.857817] pci 0000:80:01.2: PCI bridge to [bus 82]
> [   19.867716] pci 0000:80:01.2:   bridge window [io  0x8000-0x8fff]
> [   19.879865] pci 0000:80:01.2:   bridge window [mem 0xbf000000-0xbf3fffff]
> [   19.893402] pci 0000:80:01.2:   bridge window [mem 0x2bf40200000-0x2bf403fffff 64bit pref]
> [   19.909894] pci 0000:80:07.1: PCI bridge to [bus 83]
> [   19.919796] pci 0000:80:07.1:   bridge window [mem 0xbf900000-0xbf9fffff]
> [   19.933370] pci 0000:80:08.1: PCI bridge to [bus 84]
> [   19.943271] pci 0000:80:08.1:   bridge window [mem 0xbf800000-0xbf8fffff]
> [   19.956817] pci_bus 0000:80: resource 4 [io  0x7000-0x9fff window]
> [   19.969147] pci_bus 0000:80: resource 5 [mem 0xab000000-0xc5ffffff window]
> [   19.982864] pci_bus 0000:80: resource 6 [mem 0x2bf40000000-0x47e7fffffff window]
> [   19.997622] pci_bus 0000:81: resource 0 [io  0x7000-0x7fff]
> [   20.008739] pci_bus 0000:81: resource 1 [mem 0xbf400000-0xbf7fffff]
> [   20.021243] pci_bus 0000:81: resource 2 [mem 0x2bf40000000-0x2bf401fffff 64bit pref]
> [   20.036713] pci_bus 0000:82: resource 0 [io  0x8000-0x8fff]
> [   20.047827] pci_bus 0000:82: resource 1 [mem 0xbf000000-0xbf3fffff]
> [   20.060323] pci_bus 0000:82: resource 2 [mem 0x2bf40200000-0x2bf403fffff 64bit pref]
> [   20.075768] pci_bus 0000:83: resource 1 [mem 0xbf900000-0xbf9fffff]
> [   20.088271] pci_bus 0000:84: resource 1 [mem 0xbf800000-0xbf8fffff]
> [   20.100863] pci 0000:c0:03.1: bridge window [io  0x1000-0x0fff] to [bus c4] add_size 1000
> [   20.117192] pci 0000:c0:03.1: bridge window [mem 0x00100000-0x000fffff 64bit pref] to [bus c4] add_size 200000 add_align 100000
> [   20.140091] pci 0000:c0:03.2: bridge window [io  0x1000-0x0fff] to [bus c5] add_size 1000
> [   20.156408] pci 0000:c0:03.2: bridge window [mem 0x00100000-0x000fffff 64bit pref] to [bus c5] add_size 200000 add_align 100000
> [   20.179308] pci 0000:c0:03.3: bridge window [io  0x1000-0x0fff] to [bus c6] add_size 1000
> [   20.195618] pci 0000:c0:03.3: bridge window [mem 0x00100000-0x000fffff 64bit pref] to [bus c6] add_size 200000 add_align 100000
> [   20.218529] pci 0000:c0:03.4: bridge window [io  0x1000-0x0fff] to [bus c7] add_size 1000
> [   20.234838] pci 0000:c0:03.4: bridge window [mem 0x00100000-0x000fffff 64bit pref] to [bus c7] add_size 200000 add_align 100000
> [   20.257756] pci 0000:c0:03.1: BAR 15: assigned [mem 0x10000000000-0x100001fffff 64bit pref]
> [   20.274413] pci 0000:c0:03.2: BAR 15: assigned [mem 0x10000200000-0x100003fffff 64bit pref]
> [   20.291083] pci 0000:c0:03.3: BAR 15: assigned [mem 0x10000400000-0x100005fffff 64bit pref]
> [   20.307740] pci 0000:c0:03.4: BAR 15: assigned [mem 0x10000600000-0x100007fffff 64bit pref]
> [   20.324405] pci 0000:c0:03.1: BAR 13: assigned [io  0xb000-0xbfff]
> [   20.336732] pci 0000:c0:03.2: BAR 13: assigned [io  0xc000-0xcfff]
> [   20.349067] pci 0000:c0:03.3: BAR 13: assigned [io  0xd000-0xdfff]
> [   20.361401] pci 0000:c0:03.4: BAR 13: assigned [io  0xe000-0xefff]
> [   20.373727] pci 0000:c3:00.0: BAR 6: assigned [mem 0xdbc40000-0xdbc7ffff pref]
> [   20.388139] pci 0000:c0:01.1: PCI bridge to [bus c3]
> [   20.398045] pci 0000:c0:01.1:   bridge window [io  0xa000-0xafff]
> [   20.410203] pci 0000:c0:01.1:   bridge window [mem 0xdbc00000-0xdbcfffff]
> [   20.423748] pci 0000:c0:03.1: PCI bridge to [bus c4]
> [   20.433649] pci 0000:c0:03.1:   bridge window [io  0xb000-0xbfff]
> [   20.445799] pci 0000:c0:03.1:   bridge window [mem 0xdb600000-0xdb9fffff]
> [   20.459342] pci 0000:c0:03.1:   bridge window [mem 0x10000000000-0x100001fffff 64bit pref]
> [   20.475835] pci 0000:c0:03.2: PCI bridge to [bus c5]
> [   20.485736] pci 0000:c0:03.2:   bridge window [io  0xc000-0xcfff]
> [   20.497885] pci 0000:c0:03.2:   bridge window [mem 0xdb200000-0xdb5fffff]
> [   20.511423] pci 0000:c0:03.2:   bridge window [mem 0x10000200000-0x100003fffff 64bit pref]
> [   20.527912] pci 0000:c0:03.3: PCI bridge to [bus c6]
> [   20.537817] pci 0000:c0:03.3:   bridge window [io  0xd000-0xdfff]
> [   20.549975] pci 0000:c0:03.3:   bridge window [mem 0xdae00000-0xdb1fffff]
> [   20.563542] pci 0000:c0:03.3:   bridge window [mem 0x10000400000-0x100005fffff 64bit pref]
> [   20.580027] pci 0000:c0:03.4: PCI bridge to [bus c7]
> [   20.589931] pci 0000:c0:03.4:   bridge window [io  0xe000-0xefff]
> [   20.602090] pci 0000:c0:03.4:   bridge window [mem 0xdaa00000-0xdadfffff]
> [   20.615630] pci 0000:c0:03.4:   bridge window [mem 0x10000600000-0x100007fffff 64bit pref]
> [   20.632117] pci 0000:c1:00.0: PCI bridge to [bus c2]
> [   20.642019] pci 0000:c1:00.0:   bridge window [mem 0xda000000-0xda8fffff]
> [   20.655564] pci 0000:c1:00.0:   bridge window [mem 0xc6000000-0xc6ffffff 64bit pref]
> [   20.671018] pci 0000:c0:05.2: PCI bridge to [bus c1-c2]
> [   20.681437] pci 0000:c0:05.2:   bridge window [mem 0xda000000-0xda8fffff]
> [   20.694972] pci 0000:c0:05.2:   bridge window [mem 0xc6000000-0xc6ffffff 64bit pref]
> [   20.710417] pci 0000:c0:07.1: PCI bridge to [bus c8]
> [   20.720320] pci 0000:c0:07.1:   bridge window [mem 0xdbb00000-0xdbbfffff]
> [   20.733867] pci 0000:c0:08.1: PCI bridge to [bus c9]
> [   20.743766] pci 0000:c0:08.1:   bridge window [mem 0xdba00000-0xdbafffff]
> [   20.757307] pci_bus 0000:c0: resource 4 [io  0xa000-0xffff window]
> [   20.769668] pci_bus 0000:c0: resource 5 [mem 0xc6000000-0xe0ffffff window]
> [   20.783375] pci_bus 0000:c0: resource 6 [mem 0x10000000000-0x2bf3fffffff window]
> [   20.798126] pci_bus 0000:c0: resource 7 [io  0x03b0-0x03df window]
> [   20.810448] pci_bus 0000:c0: resource 8 [mem 0x000a0000-0x000bffff window]
> [   20.824157] pci_bus 0000:c3: resource 0 [io  0xa000-0xafff]
> [   20.835264] pci_bus 0000:c3: resource 1 [mem 0xdbc00000-0xdbcfffff]
> [   20.847759] pci_bus 0000:c4: resource 0 [io  0xb000-0xbfff]
> [   20.858870] pci_bus 0000:c4: resource 1 [mem 0xdb600000-0xdb9fffff]
> [   20.871400] pci_bus 0000:c4: resource 2 [mem 0x10000000000-0x100001fffff 64bit pref]
> [   20.886843] pci_bus 0000:c5: resource 0 [io  0xc000-0xcfff]
> [   20.897949] pci_bus 0000:c5: resource 1 [mem 0xdb200000-0xdb5fffff]
> [   20.910447] pci_bus 0000:c5: resource 2 [mem 0x10000200000-0x100003fffff 64bit pref]
> [   20.925889] pci_bus 0000:c6: resource 0 [io  0xd000-0xdfff]
> [   20.936996] pci_bus 0000:c6: resource 1 [mem 0xdae00000-0xdb1fffff]
> [   20.949493] pci_bus 0000:c6: resource 2 [mem 0x10000400000-0x100005fffff 64bit pref]
> [   20.964936] pci_bus 0000:c7: resource 0 [io  0xe000-0xefff]
> [   20.976045] pci_bus 0000:c7: resource 1 [mem 0xdaa00000-0xdadfffff]
> [   20.988540] pci_bus 0000:c7: resource 2 [mem 0x10000600000-0x100007fffff 64bit pref]
> [   21.003983] pci_bus 0000:c1: resource 1 [mem 0xda000000-0xda8fffff]
> [   21.016477] pci_bus 0000:c1: resource 2 [mem 0xc6000000-0xc6ffffff 64bit pref]
> [   21.030880] pci_bus 0000:c2: resource 1 [mem 0xda000000-0xda8fffff]
> [   21.043374] pci_bus 0000:c2: resource 2 [mem 0xc6000000-0xc6ffffff 64bit pref]
> [   21.057776] pci_bus 0000:c8: resource 1 [mem 0xdbb00000-0xdbbfffff]
> [   21.070272] pci_bus 0000:c9: resource 1 [mem 0xdba00000-0xdbafffff]
> [   21.083246] PCI: CLS 0 bytes, default 64
> [   21.091119] pci 0000:c0:00.2: AMD-Vi: IOMMU performance counters supported
> [   21.091192] Unpacking initramfs...
> [   21.111617] pci 0000:80:00.2: AMD-Vi: IOMMU performance counters supported
> [   21.111634] pci 0000:40:00.2: AMD-Vi: IOMMU performance counters supported
> [   21.139065] pci 0000:00:00.2: AMD-Vi: IOMMU performance counters supported
> [   21.152805] pci 0000:00:01.0: Adding to iommu group 0
> [   21.162895] pci 0000:00:02.0: Adding to iommu group 1
> [   21.172979] pci 0000:00:03.0: Adding to iommu group 2
> [   21.183072] pci 0000:00:04.0: Adding to iommu group 3
> [   21.184419] Freeing initrd memory: 22616K
> [   21.193169] pci 0000:00:05.0: Adding to iommu group 4
> [   21.211244] pci 0000:00:07.0: Adding to iommu group 5
> [   21.221330] pci 0000:00:07.1: Adding to iommu group 6
> [   21.231424] pci 0000:00:08.0: Adding to iommu group 7
> [   21.241504] pci 0000:00:08.1: Adding to iommu group 8
> [   21.251599] pci 0000:00:14.0: Adding to iommu group 9
> [   21.261682] pci 0000:00:14.3: Adding to iommu group 9
> [   21.271800] pci 0000:00:18.0: Adding to iommu group 10
> [   21.282058] pci 0000:00:18.1: Adding to iommu group 10
> [   21.292325] pci 0000:00:18.2: Adding to iommu group 10
> [   21.302574] pci 0000:00:18.3: Adding to iommu group 10
> [   21.312828] pci 0000:00:18.4: Adding to iommu group 10
> [   21.323078] pci 0000:00:18.5: Adding to iommu group 10
> [   21.333330] pci 0000:00:18.6: Adding to iommu group 10
> [   21.343581] pci 0000:00:18.7: Adding to iommu group 10
> [   21.353835] pci 0000:01:00.0: Adding to iommu group 11
> [   21.364095] pci 0000:01:00.2: Adding to iommu group 12
> [   21.374355] pci 0000:02:00.0: Adding to iommu group 13
> [   21.384613] pci 0000:02:00.2: Adding to iommu group 14
> [   21.394899] pci 0000:02:00.3: Adding to iommu group 15
> [   21.405164] pci 0000:40:01.0: Adding to iommu group 16
> [   21.415417] pci 0000:40:01.1: Adding to iommu group 17
> [   21.425674] pci 0000:40:02.0: Adding to iommu group 18
> [   21.435948] pci 0000:40:03.0: Adding to iommu group 19
> [   21.446208] pci 0000:40:03.1: Adding to iommu group 19
> [   21.456466] pci 0000:40:03.2: Adding to iommu group 19
> [   21.466718] pci 0000:40:03.3: Adding to iommu group 20
> [   21.476967] pci 0000:40:03.4: Adding to iommu group 21
> [   21.487222] pci 0000:40:04.0: Adding to iommu group 22
> [   21.497485] pci 0000:40:05.0: Adding to iommu group 23
> [   21.507744] pci 0000:40:07.0: Adding to iommu group 24
> [   21.517998] pci 0000:40:07.1: Adding to iommu group 25
> [   21.528256] pci 0000:40:08.0: Adding to iommu group 26
> [   21.538512] pci 0000:40:08.1: Adding to iommu group 27
> [   21.548774] pci 0000:41:00.0: Adding to iommu group 28
> [   21.559032] pci 0000:41:00.1: Adding to iommu group 29
> [   21.569291] pci 0000:44:00.0: Adding to iommu group 30
> [   21.579541] pci 0000:45:00.0: Adding to iommu group 31
> [   21.589793] pci 0000:46:00.0: Adding to iommu group 32
> [   21.600043] pci 0000:46:00.2: Adding to iommu group 33
> [   21.610295] pci 0000:47:00.0: Adding to iommu group 34
> [   21.620546] pci 0000:47:00.1: Adding to iommu group 35
> [   21.630799] pci 0000:47:00.2: Adding to iommu group 36
> [   21.641056] pci 0000:47:00.3: Adding to iommu group 37
> [   21.651324] pci 0000:80:01.0: Adding to iommu group 38
> [   21.661581] pci 0000:80:01.1: Adding to iommu group 38
> [   21.671839] pci 0000:80:01.2: Adding to iommu group 38
> [   21.682102] pci 0000:80:02.0: Adding to iommu group 39
> [   21.692361] pci 0000:80:03.0: Adding to iommu group 40
> [   21.702646] pci 0000:80:04.0: Adding to iommu group 41
> [   21.712908] pci 0000:80:05.0: Adding to iommu group 42
> [   21.723169] pci 0000:80:07.0: Adding to iommu group 43
> [   21.733423] pci 0000:80:07.1: Adding to iommu group 44
> [   21.743680] pci 0000:80:08.0: Adding to iommu group 45
> [   21.753933] pci 0000:80:08.1: Adding to iommu group 46
> [   21.764185] pci 0000:83:00.0: Adding to iommu group 47
> [   21.774437] pci 0000:83:00.2: Adding to iommu group 48
> [   21.784696] pci 0000:84:00.0: Adding to iommu group 49
> [   21.794947] pci 0000:84:00.2: Adding to iommu group 50
> [   21.805218] pci 0000:c0:01.0: Adding to iommu group 51
> [   21.815533] pci 0000:c0:01.1: Adding to iommu group 52
> [   21.825796] pci 0000:c0:02.0: Adding to iommu group 53
> [   21.836076] pci 0000:c0:03.0: Adding to iommu group 54
> [   21.846336] pci 0000:c0:03.1: Adding to iommu group 54
> [   21.856598] pci 0000:c0:03.2: Adding to iommu group 54
> [   21.866858] pci 0000:c0:03.3: Adding to iommu group 54
> [   21.877115] pci 0000:c0:03.4: Adding to iommu group 54
> [   21.887375] pci 0000:c0:04.0: Adding to iommu group 55
> [   21.897641] pci 0000:c0:05.0: Adding to iommu group 56
> [   21.907896] pci 0000:c0:05.2: Adding to iommu group 56
> [   21.918158] pci 0000:c0:07.0: Adding to iommu group 57
> [   21.928411] pci 0000:c0:07.1: Adding to iommu group 58
> [   21.938668] pci 0000:c0:08.0: Adding to iommu group 59
> [   21.948923] pci 0000:c0:08.1: Adding to iommu group 60
> [   21.959169] pci 0000:c1:00.0: Adding to iommu group 56
> [   21.969420] pci 0000:c2:00.0: Adding to iommu group 56
> [   21.979678] pci 0000:c3:00.0: Adding to iommu group 61
> [   21.989939] pci 0000:c8:00.0: Adding to iommu group 62
> [   22.000199] pci 0000:c8:00.2: Adding to iommu group 63
> [   22.010458] pci 0000:c9:00.0: Adding to iommu group 64
> [   22.020719] pci 0000:c9:00.2: Adding to iommu group 65
> [   22.045882] pci 0000:c0:00.2: AMD-Vi: Found IOMMU cap 0x40
> [   22.056828] AMD-Vi: Extended features (0x841f77e022094ace): PPR X2APIC NX IA GA PC
> [   22.071930] pci 0000:80:00.2: AMD-Vi: Found IOMMU cap 0x40
> [   22.082874] AMD-Vi: Extended features (0x841f77e022094ace): PPR X2APIC NX IA GA PC
> [   22.097979] pci 0000:40:00.2: AMD-Vi: Found IOMMU cap 0x40
> [   22.108938] AMD-Vi: Extended features (0x841f77e022094ace): PPR X2APIC NX IA GA PC
> [   22.124033] pci 0000:00:00.2: AMD-Vi: Found IOMMU cap 0x40
> [   22.134972] AMD-Vi: Extended features (0x841f77e022094ace): PPR X2APIC NX IA GA PC
> [   22.150074] AMD-Vi: Interrupt remapping enabled
> [   22.159103] AMD-Vi: X2APIC enabled
> [   22.166155] software IO TLB: tearing down default memory pool
> [   22.178367] LVT offset 0 assigned for vector 0x400
> [   22.188731] perf: AMD IBS detected (0x000003ff)
> [   22.197772] amd_uncore: 4  amd_df counters detected
> [   22.207511] amd_uncore: 6  amd_l3 counters detected
> [   22.218436] perf/amd_iommu: Detected AMD IOMMU #0 (2 banks, 4 counters/bank).
> [   22.232672] perf/amd_iommu: Detected AMD IOMMU #1 (2 banks, 4 counters/bank).
> [   22.246909] perf/amd_iommu: Detected AMD IOMMU #2 (2 banks, 4 counters/bank).
> [   22.261145] perf/amd_iommu: Detected AMD IOMMU #3 (2 banks, 4 counters/bank).
> [   22.276079] Initialise system trusted keyrings
> [   22.284954] Key type blacklist registered
> [   22.292996] workingset: timestamp_bits=36 max_order=26 bucket_order=0
> [   22.306519] zbud: loaded
> [   22.311805] squashfs: version 4.0 (2009/01/31) Phillip Lougher
> [   22.323530] fuse: init (API version 7.36)
> [   22.331652] integrity: Platform Keyring initialized
> [   22.344306] Key type asymmetric registered
> [   22.352474] Asymmetric key parser 'x509' registered
> [   22.364853] alg: self-tests for CTR-KDF (hmac(sha256)) passed
> [   22.376327] Block layer SCSI generic (bsg) driver version 0.4 loaded (major 243)
> [   22.391132] io scheduler mq-deadline registered
> [   22.401390] pcieport 0000:00:07.1: PME: Signaling with IRQ 31
> [   22.412970] pcieport 0000:00:08.1: PME: Signaling with IRQ 32
> [   22.424563] pcieport 0000:40:01.1: PME: Signaling with IRQ 33
> [   22.436167] pcieport 0000:40:03.1: PME: Signaling with IRQ 34
> [   22.447655] pcieport 0000:40:03.1: pciehp: Slot #167 AttnBtn- PwrCtrl- MRL- AttnInd- PwrInd- HotPlug+ Surprise+ Interlock- NoCompl+ IbPresDis- LLActRep+
> [   22.475104] pcieport 0000:40:03.2: PME: Signaling with IRQ 35
> [   22.486592] pcieport 0000:40:03.2: pciehp: Slot #166 AttnBtn- PwrCtrl- MRL- AttnInd- PwrInd- HotPlug+ Surprise+ Interlock- NoCompl+ IbPresDis- LLActRep+
> [   22.514022] pcieport 0000:40:03.3: PME: Signaling with IRQ 36
> [   22.525540] pcieport 0000:40:03.3: pciehp: Slot #169 AttnBtn- PwrCtrl- MRL- AttnInd- PwrInd- HotPlug+ Surprise+ Interlock- NoCompl+ IbPresDis- LLActRep+
> [   22.552960] pcieport 0000:40:03.4: PME: Signaling with IRQ 37
> [   22.564456] pcieport 0000:40:03.4: pciehp: Slot #168 AttnBtn- PwrCtrl- MRL- AttnInd- PwrInd- HotPlug+ Surprise+ Interlock- NoCompl+ IbPresDis- LLActRep+
> [   22.591902] pcieport 0000:40:07.1: PME: Signaling with IRQ 39
> [   22.603465] pcieport 0000:40:08.1: PME: Signaling with IRQ 40
> [   22.615055] pcieport 0000:80:01.1: PME: Signaling with IRQ 41
> [   22.626548] pcieport 0000:80:01.1: pciehp: Slot #160 AttnBtn- PwrCtrl- MRL- AttnInd- PwrInd- HotPlug+ Surprise+ Interlock- NoCompl+ IbPresDis- LLActRep+
> [   22.653990] pcieport 0000:80:01.2: PME: Signaling with IRQ 42
> [   22.665481] pcieport 0000:80:01.2: pciehp: Slot #161 AttnBtn- PwrCtrl- MRL- AttnInd- PwrInd- HotPlug+ Surprise+ Interlock- NoCompl+ IbPresDis- LLActRep+
> [   22.692949] pcieport 0000:80:07.1: PME: Signaling with IRQ 44
> [   22.704551] pcieport 0000:80:08.1: PME: Signaling with IRQ 46
> [   22.716124] pcieport 0000:c0:01.1: PME: Signaling with IRQ 47
> [   22.727719] pcieport 0000:c0:03.1: PME: Signaling with IRQ 48
> [   22.739212] pcieport 0000:c0:03.1: pciehp: Slot #163 AttnBtn- PwrCtrl- MRL- AttnInd- PwrInd- HotPlug+ Surprise+ Interlock- NoCompl+ IbPresDis- LLActRep+
> [   22.766647] pcieport 0000:c0:03.2: PME: Signaling with IRQ 49
> [   22.778133] pcieport 0000:c0:03.2: pciehp: Slot #162 AttnBtn- PwrCtrl- MRL- AttnInd- PwrInd- HotPlug+ Surprise+ Interlock- NoCompl+ IbPresDis- LLActRep+
> [   22.805570] pcieport 0000:c0:03.3: PME: Signaling with IRQ 50
> [   22.817059] pcieport 0000:c0:03.3: pciehp: Slot #165 AttnBtn- PwrCtrl- MRL- AttnInd- PwrInd- HotPlug+ Surprise+ Interlock- NoCompl+ IbPresDis- LLActRep+
> [   22.844495] pcieport 0000:c0:03.4: PME: Signaling with IRQ 51
> [   22.855985] pcieport 0000:c0:03.4: pciehp: Slot #164 AttnBtn- PwrCtrl- MRL- AttnInd- PwrInd- HotPlug+ Surprise+ Interlock- NoCompl+ IbPresDis- LLActRep+
> [   22.883400] pcieport 0000:c0:05.2: PME: Signaling with IRQ 52
> [   22.895007] pcieport 0000:c0:07.1: PME: Signaling with IRQ 54
> [   22.906601] pcieport 0000:c0:08.1: PME: Signaling with IRQ 56
> [   22.918187] shpchp: Standard Hot Plug PCI Controller Driver version: 0.4
> [   22.931805] input: Power Button as /devices/LNXSYSTM:00/LNXPWRBN:00/input/input0
> [   22.946602] ACPI: button: Power Button [PWRF]
> [   22.956983] ERST: Error Record Serialization Table (ERST) support is initialized.
> [   22.971910] pstore: Registered erst as persistent store backend
> [   22.983868] Serial: 8250/16550 driver, 32 ports, IRQ sharing enabled
> [   23.017101] 00:03: ttyS0 at I/O 0x3f8 (irq = 4, base_baud = 115200) is a 16550A
> [   23.052507] 00:04: ttyS1 at I/O 0x2f8 (irq = 3, base_baud = 115200) is a 16550A
> [   23.068422] Linux agpgart interface v0.103
> [   23.088751] tpm_tis MSFT0101:00: 2.0 TPM (device-id 0xFE, rev-id 4)
> [   23.144184] loop: module loaded
> [   23.150661] tun: Universal TUN/TAP device driver, 1.6
> [   23.160762] PPP generic driver version 2.4.2
> [   23.169334] VFIO - User Level meta-driver version: 0.3
> [   23.179649] ehci_hcd: USB 2.0 'Enhanced' Host Controller (EHCI) Driver
> [   23.192670] ehci-pci: EHCI PCI platform driver
> [   23.201542] ehci-platform: EHCI generic platform driver
> [   23.211982] ohci_hcd: USB 1.1 'Open' Host Controller (OHCI) Driver
> [   23.224304] ohci-pci: OHCI PCI platform driver
> [   23.233166] ohci-platform: OHCI generic platform driver
> [   23.243599] uhci_hcd: USB Universal Host Controller Interface driver
> [   23.256293] i8042: PNP: No PS/2 controller found.
> [   23.265716] mousedev: PS/2 mouse device common for all mice
> [   23.276909] rtc_cmos 00:02: RTC can wake from S4
> [   23.286309] rtc_cmos 00:02: registered as rtc0
> [   23.295212] rtc_cmos 00:02: setting system clock to 2022-08-16T08:33:32 UTC (1660638812)
> [   23.303152] tsc: Refined TSC clocksource calibration: 2595.124 MHz
> [   23.311361] rtc_cmos 00:02: alarms up to one month, y3k, 114 bytes nvram, hpet irqs
> [   23.323699] clocksource: tsc: mask: 0xffffffffffffffff max_cycles: 0x25683d9e828, max_idle_ns: 440795202126 ns
> [   23.338958] i2c_dev: i2c /dev entries driver
> [   23.367448] clocksource: Switched to clocksource tsc
> [   23.367467] device-mapper: core: CONFIG_IMA_DISABLE_HTABLE is disabled. Duplicate IMA measurements will not be recorded in the IMA log.
> [   23.401668] device-mapper: uevent: version 1.0.3
> [   23.410923] device-mapper: ioctl: 4.46.0-ioctl (2022-02-22) initialised: dm-devel@redhat.com
> [   23.427770] platform eisa.0: Probing EISA bus 0
> [   23.436804] platform eisa.0: EISA: Cannot allocate resource for mainboard
> [   23.450342] platform eisa.0: Cannot allocate resource for EISA slot 1
> [   23.463193] platform eisa.0: Cannot allocate resource for EISA slot 2
> [   23.476040] platform eisa.0: Cannot allocate resource for EISA slot 3
> [   23.488890] platform eisa.0: Cannot allocate resource for EISA slot 4
> [   23.501743] platform eisa.0: Cannot allocate resource for EISA slot 5
> [   23.514585] platform eisa.0: Cannot allocate resource for EISA slot 6
> [   23.527430] platform eisa.0: Cannot allocate resource for EISA slot 7
> [   23.540272] platform eisa.0: Cannot allocate resource for EISA slot 8
> [   23.553117] platform eisa.0: EISA: Detected 0 cards
> [   23.563535] ledtrig-cpu: registered to indicate activity on CPUs
> [   23.575541] efifb: probing for efifb
> [   23.582680] efifb: No BGRT, not showing boot graphics
